
> qingyu-frontend@1.0.0 test:run
> vitest run


[1m[7m[36m RUN [39m[27m[22m [36mv2.1.9 [39m[90mE:/Github/Qingyu/Qingyu_fronted[39m

[90mstdout[2m | src/design-system/other/Transfer/__tests__/Transfer.test.ts
[22m[39m✅ Unit test setup completed

[90mstdout[2m | src/design-system/feedback/Popover/__tests__/Popover.test.ts
[22m[39m✅ Unit test setup completed

[90mstdout[2m | tests/unit/design-system/form/DatePicker.test.ts
[22m[39m✅ Unit test setup completed

[90mstdout[2m | tests/unit/design-system/other/TimePicker.test.ts
[22m[39m✅ Unit test setup completed

[90mstdout[2m | tests/unit/design-system/feedback/Tooltip.test.ts
[22m[39m✅ Unit test setup completed

[90mstdout[2m | tests/unit/design-system/data/Tabs.test.ts
[22m[39m✅ Unit test setup completed

[90mstdout[2m | tests/unit/design-system/form/Input.test.ts
[22m[39m✅ Unit test setup completed

[90mstdout[2m | src/design-system/feedback/Progress/__tests__/Progress.test.ts
[22m[39m✅ Unit test setup completed

[90mstdout[2m | src/design-system/feedback/Notification/__tests__/Notification.test.ts
[22m[39m✅ Unit test setup completed

[90mstdout[2m | tests/unit/design-system/other/Affix.test.ts
[22m[39m✅ Unit test setup completed

[90mstdout[2m | tests/unit/design-system/form/Form.test.ts
[22m[39m✅ Unit test setup completed

[90mstdout[2m | tests/unit/design-system/form/Switch.test.ts
[22m[39m✅ Unit test setup completed

[90mstdout[2m | tests/unit/design-system/feedback/Dialog.test.ts
[22m[39m✅ Unit test setup completed

[90mstdout[2m | tests/unit/design-system/feedback/Alert.test.ts
[22m[39m✅ Unit test setup completed

[90mstdout[2m | tests/unit/design-system/base/Image.test.ts
[22m[39m✅ Unit test setup completed

 [32m✓[39m src/design-system/feedback/Popover/__tests__/Popover.test.ts[2m > [22mPopover 组件[2m > [22m基础渲染[2m > [22m应该正确渲染默认的 Popover[33m 316[2mms[22m[39m
 [32m✓[39m src/design-system/feedback/Popover/__tests__/Popover.test.ts[2m > [22mPopover 组件[2m > [22m基础渲染[2m > [22m应该正确渲染 trigger 为 hover 的 Popover
 [32m✓[39m src/design-system/feedback/Popover/__tests__/Popover.test.ts[2m > [22mPopover 组件[2m > [22m基础渲染[2m > [22m应该正确渲染 trigger 为 focus 的 Popover
 [32m✓[39m src/design-system/feedback/Popover/__tests__/Popover.test.ts[2m > [22mPopover 组件[2m > [22m基础渲染[2m > [22m应该正确渲染 trigger 为 manual 的 Popover
 [32m✓[39m src/design-system/feedback/Popover/__tests__/Popover.test.ts[2m > [22mPopover 组件[2m > [22m触发方式[2m > [22m应该在 click 时切换显示状态（trigger=click）
 [32m✓[39m src/design-system/feedback/Popover/__tests__/Popover.test.ts[2m > [22mPopover 组件[2m > [22m触发方式[2m > [22m应该在 hover 模式下支持鼠标进入事件
 [32m✓[39m src/design-system/feedback/Popover/__tests__/Popover.test.ts[2m > [22mPopover 组件[2m > [22m触发方式[2m > [22m应该在 focus 模式下支持焦点事件
 [32m✓[39m src/design-system/feedback/Popover/__tests__/Popover.test.ts[2m > [22mPopover 组件[2m > [22m位置选项[2m > [22m应该正确设置 placement 为 top
 [32m✓[39m src/design-system/feedback/Popover/__tests__/Popover.test.ts[2m > [22mPopover 组件[2m > [22m位置选项[2m > [22m应该正确设置 placement 为 bottom
 [32m✓[39m src/design-system/feedback/Popover/__tests__/Popover.test.ts[2m > [22mPopover 组件[2m > [22m位置选项[2m > [22m应该正确设置 placement 为 left
 [32m✓[39m src/design-system/feedback/Popover/__tests__/Popover.test.ts[2m > [22mPopover 组件[2m > [22m位置选项[2m > [22m应该正确设置 placement 为 right
 [32m✓[39m src/design-system/feedback/Popover/__tests__/Popover.test.ts[2m > [22mPopover 组件[2m > [22m位置选项[2m > [22m应该正确设置 placement 为 top-start
 [32m✓[39m src/design-system/feedback/Popover/__tests__/Popover.test.ts[2m > [22mPopover 组件[2m > [22m位置选项[2m > [22m应该正确设置 placement 为 bottom-end
 [32m✓[39m src/design-system/feedback/Popover/__tests__/Popover.test.ts[2m > [22mPopover 组件[2m > [22m位置选项[2m > [22m应该正确设置 placement 为 top-end
 [32m✓[39m src/design-system/feedback/Popover/__tests__/Popover.test.ts[2m > [22mPopover 组件[2m > [22m位置选项[2m > [22m应该正确设置 placement 为 bottom-start
 [32m✓[39m src/design-system/feedback/Popover/__tests__/Popover.test.ts[2m > [22mPopover 组件[2m > [22m位置选项[2m > [22m应该正确设置 placement 为 left-start
 [32m✓[39m src/design-system/feedback/Popover/__tests__/Popover.test.ts[2m > [22mPopover 组件[2m > [22m位置选项[2m > [22m应该正确设置 placement 为 right-end
 [32m✓[39m src/design-system/feedback/Popover/__tests__/Popover.test.ts[2m > [22mPopover 组件[2m > [22m宽度设置[2m > [22m应该正确设置数字宽度
 [32m✓[39m src/design-system/feedback/Popover/__tests__/Popover.test.ts[2m > [22mPopover 组件[2m > [22m宽度设置[2m > [22m应该正确设置字符串宽度
 [32m✓[39m tests/unit/design-system/other/Affix.test.ts[2m > [22mAffix 组件[2m > [22m基础渲染[2m > [22m应该正确渲染组件
 [32m✓[39m tests/unit/design-system/other/Affix.test.ts[2m > [22mAffix 组件[2m > [22m基础渲染[2m > [22m应该有正确的默认属性
 [32m✓[39m tests/unit/design-system/other/Affix.test.ts[2m > [22mAffix 组件[2m > [22m基础渲染[2m > [22m应该应用正确的默认类名
 [31m×[39m tests/unit/design-system/other/Affix.test.ts[2m > [22mAffix 组件[2m > [22m固定状态[2m > [22m初始时不应该固定
[31m   → expected undefined to be false // Object.is equality[39m
 [31m×[39m tests/unit/design-system/other/Affix.test.ts[2m > [22mAffix 组件[2m > [22m固定状态[2m > [22m滚动后应该触发固定状态检查
[31m   → expected undefined to be truthy[39m
 [31m×[39m tests/unit/design-system/other/Affix.test.ts[2m > [22mAffix 组件[2m > [22m固定状态[2m > [22m应该通过 ref 访问 isFixed 状态
[31m   → expected undefined to be false // Object.is equality[39m
 [32m✓[39m tests/unit/design-system/other/Affix.test.ts[2m > [22mAffix 组件[2m > [22moffset 属性[2m > [22m应该正确设置 offset 为 0
 [32m✓[39m tests/unit/design-system/other/Affix.test.ts[2m > [22mAffix 组件[2m > [22moffset 属性[2m > [22m应该正确设置 offset 为 50
 [32m✓[39m tests/unit/design-system/other/Affix.test.ts[2m > [22mAffix 组件[2m > [22moffset 属性[2m > [22m应该正确设置 offset 为 100
 [32m✓[39m tests/unit/design-system/other/Affix.test.ts[2m > [22mAffix 组件[2m > [22moffset 属性[2m > [22moffset 变化时应该重新检查固定状态
 [32m✓[39m tests/unit/design-system/other/Affix.test.ts[2m > [22mAffix 组件[2m > [22mposition 属性[2m > [22m应该正确设置 position 为 top
 [32m✓[39m tests/unit/design-system/other/Affix.test.ts[2m > [22mAffix 组件[2m > [22mposition 属性[2m > [22m应该正确设置 position 为 bottom
 [32m✓[39m tests/unit/design-system/other/Affix.test.ts[2m > [22mAffix 组件[2m > [22mposition 属性[2m > [22mposition 变化时应该重新检查固定状态
 [32m✓[39m tests/unit/design-system/other/Affix.test.ts[2m > [22mAffix 组件[2m > [22mposition 属性[2m > [22m固定时应该应用正确的 position 样式
 [32m✓[39m tests/unit/design-system/other/Affix.test.ts[2m > [22mAffix 组件[2m > [22mzIndex 属性[2m > [22m应该正确设置默认 zIndex
 [32m✓[39m tests/unit/design-system/other/Affix.test.ts[2m > [22mAffix 组件[2m > [22mzIndex 属性[2m > [22m应该正确设置自定义 zIndex
 [32m✓[39m tests/unit/design-system/other/Affix.test.ts[2m > [22mAffix 组件[2m > [22mzIndex 属性[2m > [22m应该正确设置 zIndex 为 1000
 [32m✓[39m tests/unit/design-system/other/Affix.test.ts[2m > [22mAffix 组件[2m > [22mzIndex 属性[2m > [22m固定时应该应用正确的 zIndex 样式
 [31m×[39m tests/unit/design-system/other/Affix.test.ts[2m > [22mAffix 组件[2m > [22m事件触发[2m > [22m滚动时应该触发 scroll 事件
[31m   → expected undefined to be truthy[39m
 [31m×[39m tests/unit/design-system/other/Affix.test.ts[2m > [22mAffix 组件[2m > [22m事件触发[2m > [22mscroll 事件应该传递 event 对象
[31m   → expected undefined to be truthy[39m
 [32m✓[39m tests/unit/design-system/other/Affix.test.ts[2m > [22mAffix 组件[2m > [22mtarget 属性[2m > [22m默认 target 应该是 window
 [32m✓[39m tests/unit/design-system/other/Affix.test.ts[2m > [22mAffix 组件[2m > [22mtarget 属性[2m > [22m应该接受字符串形式的 target
 [31m×[39m tests/unit/design-system/other/Affix.test.ts[2m > [22mAffix 组件[2m > [22mtarget 属性[2m > [22m应该接受函数形式的 target
[31m   → Cannot read properties of null (reading 'removeEventListener')[39m
 [31m×[39m tests/unit/design-system/other/Affix.test.ts[2m > [22mAffix 组件[2m > [22mtarget 属性[2m > [22mtarget 变化时应该重新绑定滚动监听
[31m   → Cannot read properties of null (reading '$parent')[39m
[31m   → Cannot read properties of null (reading '$')[39m
 [31m×[39m tests/unit/design-system/other/Affix.test.ts[2m > [22mAffix 组件[2m > [22m样式计算[2m > [22m未固定时不应该应用 fixed 类
[31m   → Cannot read properties of null (reading '$')[39m
[31m   → Cannot read properties of null (reading '$')[39m
 [31m×[39m tests/unit/design-system/other/Affix.test.ts[2m > [22mAffix 组件[2m > [22m样式计算[2m > [22m固定时应该应用 fixed 类
[31m   → Cannot read properties of null (reading 'state')[39m
[31m   → Cannot read properties of null (reading '$')[39m
 [31m×[39m tests/unit/design-system/other/Affix.test.ts[2m > [22mAffix 组件[2m > [22m样式计算[2m > [22m应该应用自定义 class
[31m   → Cannot read properties of null (reading '$')[39m
[31m   → Cannot read properties of null (reading '$')[39m
 [31m×[39m tests/unit/design-system/other/Affix.test.ts[2m > [22mAffix 组件[2m > [22m样式计算[2m > [22m应该应用自定义 style
[31m   → Cannot read properties of null (reading '$')[39m
[31m   → Cannot read properties of null (reading '$')[39m
 [31m×[39m tests/unit/design-system/other/Affix.test.ts[2m > [22mAffix 组件[2m > [22m固定样式[2m > [22mposition 为 top 时应该设置 top 样式
[31m   → Cannot read properties of null (reading 'state')[39m
[31m   → Cannot read properties of null (reading '$')[39m
 [31m×[39m tests/unit/design-system/other/Affix.test.ts[2m > [22mAffix 组件[2m > [22m固定样式[2m > [22mposition 为 bottom 时应该设置 bottom 样式
[31m   → Cannot read properties of null (reading 'state')[39m
[31m   → Cannot read properties of null (reading '$')[39m
 [31m×[39m tests/unit/design-system/other/Affix.test.ts[2m > [22mAffix 组件[2m > [22m固定样式[2m > [22m固定时应该保持宽度
[31m   → Cannot read properties of null (reading 'state')[39m
[31m   → Cannot read properties of null (reading '$')[39m
 [31m×[39m tests/unit/design-system/other/Affix.test.ts[2m > [22mAffix 组件[2m > [22m暴露方法[2m > [22m应该暴露 isFixed 状态
[31m   → Cannot read properties of null (reading 'isFixed')[39m
[31m   → Cannot read properties of null (reading '$')[39m
 [31m×[39m tests/unit/design-system/other/Affix.test.ts[2m > [22mAffix 组件[2m > [22m暴露方法[2m > [22m应该暴露 checkFixed 方法
[31m   → Cannot read properties of null (reading 'checkFixed')[39m
[31m   → Cannot read properties of null (reading '$')[39m
 [31m×[39m tests/unit/design-system/other/Affix.test.ts[2m > [22mAffix 组件[2m > [22m暴露方法[2m > [22m调用 checkFixed 应该检查固定状态
[31m   → expected [Function] to not throw an error but 'TypeError: Cannot read properties of …' was thrown[39m
[31m   → Cannot read properties of null (reading '$')[39m
 [31m×[39m tests/unit/design-system/other/Affix.test.ts[2m > [22mAffix 组件[2m > [22m插槽[2m > [22m应该渲染默认插槽内容
[31m   → Cannot read properties of null (reading '$')[39m
[31m   → Cannot read properties of null (reading '$')[39m
 [31m×[39m tests/unit/design-system/other/Affix.test.ts[2m > [22mAffix 组件[2m > [22m插槽[2m > [22m应该渲染多个子元素
[31m   → Cannot read properties of null (reading '$')[39m
[31m   → Cannot read properties of null (reading '$')[39m
 [31m×[39m tests/unit/design-system/other/Affix.test.ts[2m > [22mAffix 组件[2m > [22m响应式更新[2m > [22moffset 变化应该响应式更新
[31m   → Cannot read properties of null (reading '$parent')[39m
[31m   → Cannot read properties of null (reading '$')[39m
 [31m×[39m tests/unit/design-system/other/Affix.test.ts[2m > [22mAffix 组件[2m > [22m响应式更新[2m > [22mposition 变化应该响应式更新
[31m   → Cannot read properties of null (reading '$parent')[39m
[31m   → Cannot read properties of null (reading '$')[39m
 [31m×[39m tests/unit/design-system/other/Affix.test.ts[2m > [22mAffix 组件[2m > [22m响应式更新[2m > [22mzIndex 变化应该响应式更新
[31m   → Cannot read properties of null (reading '$parent')[39m
[31m   → Cannot read properties of null (reading '$')[39m
 [31m×[39m tests/unit/design-system/other/Affix.test.ts[2m > [22mAffix 组件[2m > [22m组件卸载[2m > [22m卸载时应该移除滚动监听器
[31m   → Cannot read properties of null (reading '$')[39m
[31m   → Cannot read properties of null (reading '$')[39m
 [31m×[39m tests/unit/design-system/other/Affix.test.ts[2m > [22mAffix 组件[2m > [22m组件卸载[2m > [22m卸载时应该移除 resize 监听器
[31m   → Cannot read properties of null (reading '$')[39m
[31m   → Cannot read properties of null (reading '$')[39m
 [31m×[39m tests/unit/design-system/other/Affix.test.ts[2m > [22mAffix 组件[2m > [22m边界情况[2m > [22m应该处理 offset 为负数的情况
[31m   → Cannot read properties of null (reading 'offset')[39m
[31m   → Cannot read properties of null (reading '$')[39m
 [31m×[39m tests/unit/design-system/other/Affix.test.ts[2m > [22mAffix 组件[2m > [22m边界情况[2m > [22m应该处理 zIndex 为 0 的情况
[31m   → Cannot read properties of null (reading 'zIndex')[39m
[31m   → Cannot read properties of null (reading '$')[39m
 [31m×[39m tests/unit/design-system/other/Affix.test.ts[2m > [22mAffix 组件[2m > [22m边界情况[2m > [22m应该处理空内容的情况
[31m   → Cannot read properties of null (reading '$')[39m
[31m   → Cannot read properties of null (reading '$')[39m
 [31m×[39m tests/unit/design-system/other/Affix.test.ts[2m > [22mAffix 组件[2m > [22m边界情况[2m > [22m应该处理 target 选择器不存在的情况
[31m   → Cannot read properties of null (reading 'getScrollTarget')[39m
[31m   → Cannot read properties of null (reading '$')[39m
 [31m×[39m tests/unit/design-system/other/Affix.test.ts[2m > [22mAffix 组件[2m > [22m性能优化[2m > [22m滚动监听应该使用 passive 选项
[31m   → expected "spy" to be called with arguments: [ 'scroll', Any<Function>, …(1) ][90m

Received: 

[31m[90m

Number of calls: [1m0[22m
[31m[39m
[31m   → Cannot read properties of null (reading '$')[39m
 [31m×[39m tests/unit/design-system/other/Affix.test.ts[2m > [22mAffix 组件[2m > [22m性能优化[2m > [22m不应该在每次滚动时触发重绘
[31m   → Cannot read properties of null (reading '$')[39m
[31m   → Cannot read properties of null (reading '$')[39m
 [31m×[39m tests/unit/design-system/other/Affix.test.ts[2m > [22mAffix 组件[2m > [22m容器滚动[2m > [22m应该正确处理容器的 scrollTop
[31m   → Cannot read properties of null (reading 'target')[39m
[31m   → Cannot read properties of null (reading '$')[39m
 [32m✓[39m tests/unit/design-system/form/Switch.test.ts[2m > [22mSwitch[2m > [22m基础渲染[2m > [22m默认渲染为 unchecked 状态和 md size
 [32m✓[39m tests/unit/design-system/form/Switch.test.ts[2m > [22mSwitch[2m > [22m基础渲染[2m > [22m正确渲染所有尺寸
 [32m✓[39m tests/unit/design-system/form/Switch.test.ts[2m > [22mSwitch[2m > [22m基础渲染[2m > [22m正确渲染所有颜色
 [32m✓[39m tests/unit/design-system/form/Switch.test.ts[2m > [22mSwitch[2m > [22m基础渲染[2m > [22m未选中状态有正确的样式
 [32m✓[39m tests/unit/design-system/form/Switch.test.ts[2m > [22mSwitch[2m > [22m基础渲染[2m > [22m选中状态有正确的样式
 [32m✓[39m tests/unit/design-system/form/Switch.test.ts[2m > [22mSwitch[2m > [22mv-model 双向绑定[2m > [22m点击切换状态
 [32m✓[39m tests/unit/design-system/form/Switch.test.ts[2m > [22mSwitch[2m > [22mv-model 双向绑定[2m > [22m从选中到未选中
 [32m✓[39m tests/unit/design-system/form/Switch.test.ts[2m > [22mSwitch[2m > [22mv-model 双向绑定[2m > [22m响应 modelValue 的变化
 [32m✓[39m tests/unit/design-system/form/Switch.test.ts[2m > [22mSwitch[2m > [22m禁用状态[2m > [22m禁用状态下不可点击
 [32m✓[39m tests/unit/design-system/form/Switch.test.ts[2m > [22mSwitch[2m > [22m禁用状态[2m > [22m禁用状态有正确的样式
 [32m✓[39m tests/unit/design-system/form/Switch.test.ts[2m > [22mSwitch[2m > [22m加载状态[2m > [22m加载状态下不可点击
 [32m✓[39m tests/unit/design-system/form/Switch.test.ts[2m > [22mSwitch[2m > [22m加载状态[2m > [22m加载状态显示加载动画
 [32m✓[39m tests/unit/design-system/form/Switch.test.ts[2m > [22mSwitch[2m > [22m标签和文本[2m > [22m渲染标签文本
 [32m✓[39m tests/unit/design-system/form/Switch.test.ts[2m > [22mSwitch[2m > [22m标签和文本[2m > [22m渲染 activeText 和 inactiveText
 [32m✓[39m tests/unit/design-system/form/Switch.test.ts[2m > [22mSwitch[2m > [22m标签和文本[2m > [22m切换时文本会更新
 [32m✓[39m tests/unit/design-system/form/Switch.test.ts[2m > [22mSwitch[2m > [22mbeforeChange 回调[2m > [22m同步回调返回 true 时允许切换
 [32m✓[39m tests/unit/design-system/form/Switch.test.ts[2m > [22mSwitch[2m > [22mbeforeChange 回调[2m > [22m同步回调返回 false 时阻止切换
 [32m✓[39m src/design-system/feedback/Popover/__tests__/Popover.test.ts[2m > [22mPopover 组件[2m > [22m宽度设置[2m > [22m应该在没有设置宽度时使用默认宽度
 [32m✓[39m src/design-system/feedback/Popover/__tests__/Popover.test.ts[2m > [22mPopover 组件[2m > [22m禁用状态[2m > [22m应该在禁用状态下应用禁用样式
 [32m✓[39m src/design-system/feedback/Popover/__tests__/Popover.test.ts[2m > [22mPopover 组件[2m > [22m禁用状态[2m > [22m应该在非禁用状态下不应用禁用样式
 [32m✓[39m tests/unit/design-system/form/Switch.test.ts[2m > [22mSwitch[2m > [22mbeforeChange 回调[2m > [22m异步回调解析为 true 时允许切换
 [32m✓[39m src/design-system/feedback/Popover/__tests__/Popover.test.ts[2m > [22mPopover 组件[2m > [22m箭头显示[2m > [22m应该默认显示箭头
 [32m✓[39m tests/unit/design-system/form/Switch.test.ts[2m > [22mSwitch[2m > [22mbeforeChange 回调[2m > [22m异步回调解析为 false 时阻止切换
 [32m✓[39m tests/unit/design-system/feedback/Dialog.test.ts[2m > [22mDialog 组件[2m > [22m基础渲染[2m > [22m应该正确渲染默认状态的 Dialog
 [32m✓[39m tests/unit/design-system/feedback/Dialog.test.ts[2m > [22mDialog 组件[2m > [22m基础渲染[2m > [22mvisible 为 true 时应该显示对话框
 [32m✓[39m tests/unit/design-system/feedback/Dialog.test.ts[2m > [22mDialog 组件[2m > [22m基础渲染[2m > [22m应该正确显示标题
 [32m✓[39m tests/unit/design-system/feedback/Dialog.test.ts[2m > [22mDialog 组件[2m > [22m基础渲染[2m > [22m应该正确渲染默认内容
 [32m✓[39m tests/unit/design-system/feedback/Dialog.test.ts[2m > [22mDialog 组件[2m > [22m基础渲染[2m > [22m应该渲染遮罩层
 [32m✓[39m tests/unit/design-system/feedback/Dialog.test.ts[2m > [22mDialog 组件[2m > [22m基础渲染[2m > [22mmodal 为 false 时不应该渲染遮罩层
 [32m✓[39m tests/unit/design-system/data/Tabs.test.ts[2m > [22mTabs 组件[2m > [22m基础渲染[2m > [22m应该正确渲染 Tabs 组件
 [32m✓[39m tests/unit/design-system/data/Tabs.test.ts[2m > [22mTabs 组件[2m > [22m基础渲染[2m > [22m应该渲染所有子标签
 [32m✓[39m tests/unit/design-system/data/Tabs.test.ts[2m > [22mTabs 组件[2m > [22m基础渲染[2m > [22m应该应用正确的容器类名
 [32m✓[39m tests/unit/design-system/data/Tabs.test.ts[2m > [22mTabs 组件[2m > [22mv-model 双向绑定[2m > [22m应该支持 v-model 绑定
 [31m×[39m tests/unit/design-system/data/Tabs.test.ts[2m > [22mTabs 组件[2m > [22mv-model 双向绑定[2m > [22m应该正确更新 modelValue
[31m   → Cannot create property 'value' on string ''[39m
 [31m×[39m tests/unit/design-system/data/Tabs.test.ts[2m > [22mTabs 组件[2m > [22mv-model 双向绑定[2m > [22m应该触发 tabChange 事件
[31m   → Cannot create property 'value' on string ''[39m
 [31m×[39m tests/unit/design-system/data/Tabs.test.ts[2m > [22mTabs 组件[2m > [22m类型变体[2m > [22mline 类型应该应用正确的样式
[31m   → expected [ 'w-full', 'flex', …(2) ] to include 'border-b'[39m
 [31m×[39m tests/unit/design-system/data/Tabs.test.ts[2m > [22mTabs 组件[2m > [22m类型变体[2m > [22mcard 类型应该应用正确的样式
[31m   → expected [ 'w-full', 'flex', …(2) ] to include 'bg-slate-100'[39m
 [31m×[39m tests/unit/design-system/data/Tabs.test.ts[2m > [22mTabs 组件[2m > [22m类型变体[2m > [22mborder-card 类型应该应用正确的样式
[31m   → expected [ 'w-full', 'flex', …(2) ] to include 'border'[39m
 [32m✓[39m tests/unit/design-system/data/Tabs.test.ts[2m > [22mTabs 组件[2m > [22m标签位置[2m > [22mtop 位置应该应用正确的样式
 [32m✓[39m tests/unit/design-system/data/Tabs.test.ts[2m > [22mTabs 组件[2m > [22m标签位置[2m > [22mright 位置应该应用正确的样式
 [32m✓[39m tests/unit/design-system/data/Tabs.test.ts[2m > [22mTabs 组件[2m > [22m标签位置[2m > [22mbottom 位置应该应用正确的样式
 [32m✓[39m tests/unit/design-system/data/Tabs.test.ts[2m > [22mTabs 组件[2m > [22m标签位置[2m > [22mleft 位置应该应用正确的样式
 [32m✓[39m tests/unit/design-system/data/Tabs.test.ts[2m > [22mTabs 组件[2m > [22m标签管理[2m > [22m应该正确添加标签
 [32m✓[39m tests/unit/design-system/data/Tabs.test.ts[2m > [22mTabs 组件[2m > [22m标签管理[2m > [22m应该正确移除标签
 [32m✓[39m tests/unit/design-system/data/Tabs.test.ts[2m > [22mTabs 组件[2m > [22m标签点击[2m > [22m应该触发 tabClick 事件
 [32m✓[39m tests/unit/design-system/data/Tabs.test.ts[2m > [22mTabs 组件[2m > [22m标签点击[2m > [22m点击标签应该切换当前激活的标签
 [32m✓[39m tests/unit/design-system/data/Tabs.test.ts[2m > [22mTabs 组件[2m > [22m标签移除[2m > [22m应该触发 tabRemove 事件
 [32m✓[39m tests/unit/design-system/data/Tabs.test.ts[2m > [22mTabs 组件[2m > [22m标签移除[2m > [22m移除当前激活的标签应该激活前一个标签
 [32m✓[39m tests/unit/design-system/data/Tabs.test.ts[2m > [22mTabPane 组件[2m > [22m基础渲染[2m > [22m应该正确渲染 TabPane 组件
 [32m✓[39m tests/unit/design-system/data/Tabs.test.ts[2m > [22mTabPane 组件[2m > [22m基础渲染[2m > [22m应该显示标签文本
 [32m✓[39m tests/unit/design-system/data/Tabs.test.ts[2m > [22mTabPane 组件[2m > [22m基础渲染[2m > [22m没有 name 时应该使用 uid
 [31m×[39m tests/unit/design-system/data/Tabs.test.ts[2m > [22mTabPane 组件[2m > [22m激活状态[2m > [22m激活状态应该显示面板内容
[31m   → expected false to be true // Object.is equality[39m
 [32m✓[39m tests/unit/design-system/data/Tabs.test.ts[2m > [22mTabPane 组件[2m > [22m激活状态[2m > [22m非激活状态应该隐藏面板内容
 [32m✓[39m tests/unit/design-system/data/Tabs.test.ts[2m > [22mTabPane 组件[2m > [22m禁用状态[2m > [22m禁用的标签应该有正确的样式
 [32m✓[39m tests/unit/design-system/data/Tabs.test.ts[2m > [22mTabPane 组件[2m > [22m禁用状态[2m > [22m禁用的标签不应该响应点击
 [32m✓[39m tests/unit/design-system/data/Tabs.test.ts[2m > [22mTabPane 组件[2m > [22m禁用状态[2m > [22m未禁用的标签应该响应点击
 [32m✓[39m tests/unit/design-system/data/Tabs.test.ts[2m > [22mTabPane 组件[2m > [22m可关闭状态[2m > [22mclosable 为 true 时应该显示关闭按钮
 [31m×[39m tests/unit/design-system/data/Tabs.test.ts[2m > [22mTabPane 组件[2m > [22m可关闭状态[2m > [22m应该继承父组件的 closable 属性
[31m   → expected false to be true // Object.is equality[39m
 [32m✓[39m tests/unit/design-system/data/Tabs.test.ts[2m > [22mTabPane 组件[2m > [22m可关闭状态[2m > [22m自身的 closable 属性应该优先于父组件
 [32m✓[39m tests/unit/design-system/data/Tabs.test.ts[2m > [22mTabPane 组件[2m > [22m插槽[2m > [22m应该支持自定义标签插槽
 [31m×[39m tests/unit/design-system/data/Tabs.test.ts[2m > [22mTabPane 组件[2m > [22m插槽[2m > [22m应该支持默认内容插槽
[31m   → expected '<!-- 标签头 -->\n<div class="relative fl…' to contain '自定义内容'[39m
 [32m✓[39m tests/unit/design-system/data/Tabs.test.ts[2m > [22mTabPane 组件[2m > [22m样式类名[2m > [22m应该应用正确的标签类名
 [32m✓[39m tests/unit/design-system/data/Tabs.test.ts[2m > [22mTabPane 组件[2m > [22m样式类名[2m > [22m应该支持自定义类名
 [32m✓[39m tests/unit/design-system/data/Tabs.test.ts[2m > [22mTabPane 组件[2m > [22m生命周期[2m > [22m组件挂载时应该注册到 Tabs
 [32m✓[39m tests/unit/design-system/data/Tabs.test.ts[2m > [22mTabPane 组件[2m > [22m生命周期[2m > [22m组件卸载时应该从 Tabs 移除
 [31m×[39m tests/unit/design-system/data/Tabs.test.ts[2m > [22mTabPane 组件[2m > [22m边缘情况[2m > [22m数字类型的 name 应该正常工作
[31m   → expected false to be true // Object.is equality[39m
 [32m✓[39m tests/unit/design-system/data/Tabs.test.ts[2m > [22mTabPane 组件[2m > [22m边缘情况[2m > [22m空标签应该使用插槽内容
 [32m✓[39m tests/unit/design-system/other/TimePicker.test.ts[2m > [22mTimePicker 组件[2m > [22m渲染测试[2m > [22m应该正确渲染单时间选择器
 [32m✓[39m tests/unit/design-system/other/TimePicker.test.ts[2m > [22mTimePicker 组件[2m > [22m渲染测试[2m > [22m应该正确渲染时间范围选择器
 [32m✓[39m tests/unit/design-system/other/TimePicker.test.ts[2m > [22mTimePicker 组件[2m > [22m渲染测试[2m > [22m应该显示前缀图标
 [32m✓[39m tests/unit/design-system/other/TimePicker.test.ts[2m > [22mTimePicker 组件[2m > [22m渲染测试[2m > [22m应该正确显示绑定的值
 [32m✓[39m tests/unit/design-system/other/TimePicker.test.ts[2m > [22mTimePicker 组件[2m > [22m渲染测试[2m > [22m应该正确显示范围值
 [32m✓[39m tests/unit/design-system/other/TimePicker.test.ts[2m > [22mTimePicker 组件[2m > [22m尺寸测试[2m > [22m应该正确应用小尺寸样式
 [32m✓[39m tests/unit/design-system/other/TimePicker.test.ts[2m > [22mTimePicker 组件[2m > [22m尺寸测试[2m > [22m应该正确应用中尺寸样式
 [32m✓[39m tests/unit/design-system/other/TimePicker.test.ts[2m > [22mTimePicker 组件[2m > [22m尺寸测试[2m > [22m应该正确应用大尺寸样式
 [32m✓[39m tests/unit/design-system/other/TimePicker.test.ts[2m > [22mTimePicker 组件[2m > [22m状态测试[2m > [22m应该正确应用禁用状态
 [32m✓[39m tests/unit/design-system/other/TimePicker.test.ts[2m > [22mTimePicker 组件[2m > [22m状态测试[2m > [22m应该正确应用只读状态
 [32m✓[39m tests/unit/design-system/other/TimePicker.test.ts[2m > [22mTimePicker 组件[2m > [22m状态测试[2m > [22m应该正确应用不可编辑状态
 [32m✓[39m tests/unit/design-system/other/TimePicker.test.ts[2m > [22mTimePicker 组件[2m > [22m状态测试[2m > [22m应该在有值且可清空时显示清空按钮
 [32m✓[39m tests/unit/design-system/other/TimePicker.test.ts[2m > [22mTimePicker 组件[2m > [22m状态测试[2m > [22m应该在无值时不显示清空按钮
 [32m✓[39m tests/unit/design-system/other/TimePicker.test.ts[2m > [22mTimePicker 组件[2m > [22m状态测试[2m > [22m应该在禁用时不显示清空按钮
 [32m✓[39m tests/unit/design-system/other/TimePicker.test.ts[2m > [22mTimePicker 组件[2m > [22m交互测试[2m > [22m应该在输入时触发 update:modelValue 和 change 事件
 [32m✓[39m tests/unit/design-system/other/TimePicker.test.ts[2m > [22mTimePicker 组件[2m > [22m交互测试[2m > [22m应该在聚焦时触发 focus 事件
 [32m✓[39m tests/unit/design-system/other/TimePicker.test.ts[2m > [22mTimePicker 组件[2m > [22m交互测试[2m > [22m应该在失焦时触发 blur 事件
 [32m✓[39m tests/unit/design-system/other/TimePicker.test.ts[2m > [22mTimePicker 组件[2m > [22m交互测试[2m > [22m应该在点击清空按钮时触发 clear 事件
 [32m✓[39m tests/unit/design-system/other/TimePicker.test.ts[2m > [22mTimePicker 组件[2m > [22m交互测试[2m > [22m应该正确更新范围选择器的值
 [32m✓[39m tests/unit/design-system/other/TimePicker.test.ts[2m > [22mTimePicker 组件[2m > [22m时间格式测试[2m > [22m应该正确处理 HH:mm:ss 格式
 [32m✓[39m tests/unit/design-system/other/TimePicker.test.ts[2m > [22mTimePicker 组件[2m > [22m时间格式测试[2m > [22m应该正确处理 HH:mm 格式
 [32m✓[39m tests/unit/design-system/other/TimePicker.test.ts[2m > [22mTimePicker 组件[2m > [22m时间格式测试[2m > [22m应该正确处理 HHmmss 格式
 [32m✓[39m tests/unit/design-system/other/TimePicker.test.ts[2m > [22mTimePicker 组件[2m > [22m时间格式测试[2m > [22m应该正确处理 HHmm 格式
 [32m✓[39m tests/unit/design-system/other/TimePicker.test.ts[2m > [22mTimePicker 组件[2m > [22m范围分隔符测试[2m > [22m应该使用默认的分隔符
 [32m✓[39m tests/unit/design-system/other/TimePicker.test.ts[2m > [22mTimePicker 组件[2m > [22m范围分隔符测试[2m > [22m应该使用自定义的分隔符
 [32m✓[39m tests/unit/design-system/other/TimePicker.test.ts[2m > [22mTimePicker 组件[2m > [22m暴露方法测试[2m > [22m应该暴露 focus 方法
 [32m✓[39m tests/unit/design-system/other/TimePicker.test.ts[2m > [22mTimePicker 组件[2m > [22m暴露方法测试[2m > [22m应该暴露 blur 方法
 [32m✓[39m tests/unit/design-system/other/TimePicker.test.ts[2m > [22mTimePicker 组件[2m > [22m暴露方法测试[2m > [22m应该暴露 getCurrentTime 方法
 [32m✓[39m tests/unit/design-system/other/TimePicker.test.ts[2m > [22mTimePicker 组件[2m > [22m占位符测试[2m > [22m应该使用自定义占位符
 [32m✓[39m tests/unit/design-system/other/TimePicker.test.ts[2m > [22mTimePicker 组件[2m > [22m占位符测试[2m > [22m应该使用默认占位符
 [32m✓[39m tests/unit/design-system/other/TimePicker.test.ts[2m > [22mTimePicker 组件[2m > [22m占位符测试[2m > [22m应该使用范围的默认占位符
 [32m✓[39m tests/unit/design-system/other/TimePicker.test.ts[2m > [22mTimePicker 组件[2m > [22m样式类名测试[2m > [22m应该正确应用自定义类名
 [32m✓[39m tests/unit/design-system/other/TimePicker.test.ts[2m > [22mTimePicker 组件[2m > [22m样式类名测试[2m > [22m应该有正确的基础样式类
 [32m✓[39m tests/unit/design-system/other/TimePicker.test.ts[2m > [22mTimePicker 工具函数测试[2m > [22mformatTime[2m > [22m应该正确格式化为 HH:mm:ss
 [32m✓[39m tests/unit/design-system/other/TimePicker.test.ts[2m > [22mTimePicker 工具函数测试[2m > [22mformatTime[2m > [22m应该正确格式化为 HH:mm
 [32m✓[39m tests/unit/design-system/other/TimePicker.test.ts[2m > [22mTimePicker 工具函数测试[2m > [22mformatTime[2m > [22m应该正确格式化为 HHmmss
 [32m✓[39m tests/unit/design-system/other/TimePicker.test.ts[2m > [22mTimePicker 工具函数测试[2m > [22mformatTime[2m > [22m应该正确格式化为 HHmm
 [32m✓[39m tests/unit/design-system/other/TimePicker.test.ts[2m > [22mTimePicker 工具函数测试[2m > [22mparseTime[2m > [22m应该正确解析 HH:mm:ss 格式
 [32m✓[39m tests/unit/design-system/other/TimePicker.test.ts[2m > [22mTimePicker 工具函数测试[2m > [22mparseTime[2m > [22m应该正确解析 HH:mm 格式
 [32m✓[39m tests/unit/design-system/other/TimePicker.test.ts[2m > [22mTimePicker 工具函数测试[2m > [22mparseTime[2m > [22m应该正确解析 HHmmss 格式
 [32m✓[39m tests/unit/design-system/other/TimePicker.test.ts[2m > [22mTimePicker 工具函数测试[2m > [22mparseTime[2m > [22m应该对无效时间返回 null
 [32m✓[39m tests/unit/design-system/other/TimePicker.test.ts[2m > [22mTimePicker 工具函数测试[2m > [22mparseTime[2m > [22m应该对超出范围的小时返回 null
 [32m✓[39m tests/unit/design-system/other/TimePicker.test.ts[2m > [22mTimePicker 工具函数测试[2m > [22mparseTime[2m > [22m应该对超出范围的分钟返回 null
 [32m✓[39m tests/unit/design-system/other/TimePicker.test.ts[2m > [22mTimePicker 工具函数测试[2m > [22mparseTime[2m > [22m应该对超出范围的秒返回 null
 [32m✓[39m tests/unit/design-system/other/TimePicker.test.ts[2m > [22mTimePicker 工具函数测试[2m > [22misValidTime[2m > [22m应该对有效时间返回 true
 [32m✓[39m tests/unit/design-system/other/TimePicker.test.ts[2m > [22mTimePicker 工具函数测试[2m > [22misValidTime[2m > [22m应该对无效时间返回 false
 [32m✓[39m tests/unit/design-system/other/TimePicker.test.ts[2m > [22mTimePicker 工具函数测试[2m > [22misValidTime[2m > [22m应该对空字符串返回 false
 [32m✓[39m tests/unit/design-system/other/TimePicker.test.ts[2m > [22mTimePicker 工具函数测试[2m > [22mcompareTimes[2m > [22m应该在 time1 < time2 时返回 -1
 [32m✓[39m tests/unit/design-system/other/TimePicker.test.ts[2m > [22mTimePicker 工具函数测试[2m > [22mcompareTimes[2m > [22m应该在 time1 = time2 时返回 0
 [32m✓[39m tests/unit/design-system/other/TimePicker.test.ts[2m > [22mTimePicker 工具函数测试[2m > [22mcompareTimes[2m > [22m应该在 time1 > time2 时返回 1
 [32m✓[39m tests/unit/design-system/other/TimePicker.test.ts[2m > [22mTimePicker 工具函数测试[2m > [22misTimeInRange[2m > [22m应该在时间范围内返回 true
 [32m✓[39m tests/unit/design-system/other/TimePicker.test.ts[2m > [22mTimePicker 工具函数测试[2m > [22misTimeInRange[2m > [22m应该在时间范围外返回 false
 [32m✓[39m tests/unit/design-system/other/TimePicker.test.ts[2m > [22mTimePicker 工具函数测试[2m > [22misTimeInRange[2m > [22m应该在边界时间返回 true
 [32m✓[39m tests/unit/design-system/other/TimePicker.test.ts[2m > [22mTimePicker 工具函数测试[2m > [22misTimeInDisabledRanges[2m > [22m应该在禁用范围内返回 true
 [32m✓[39m tests/unit/design-system/other/TimePicker.test.ts[2m > [22mTimePicker 工具函数测试[2m > [22misTimeInDisabledRanges[2m > [22m应该在禁用范围外返回 false
 [32m✓[39m tests/unit/design-system/other/TimePicker.test.ts[2m > [22mTimePicker 工具函数测试[2m > [22mgetCurrentTime[2m > [22m应该返回当前时间字符串
 [32m✓[39m tests/unit/design-system/other/TimePicker.test.ts[2m > [22mTimePicker 工具函数测试[2m > [22mgenerateHours[2m > [22m应该生成正确的小时列表
 [32m✓[39m tests/unit/design-system/other/TimePicker.test.ts[2m > [22mTimePicker 工具函数测试[2m > [22mgenerateHours[2m > [22m应该根据步长生成小时列表
 [32m✓[39m tests/unit/design-system/other/TimePicker.test.ts[2m > [22mTimePicker 工具函数测试[2m > [22mgenerateMinutes[2m > [22m应该生成正确的分钟列表
 [32m✓[39m tests/unit/design-system/other/TimePicker.test.ts[2m > [22mTimePicker 工具函数测试[2m > [22mgenerateMinutes[2m > [22m应该根据步长生成分钟列表
 [32m✓[39m tests/unit/design-system/other/TimePicker.test.ts[2m > [22mTimePicker 工具函数测试[2m > [22mgenerateSeconds[2m > [22m应该生成正确的秒列表
 [32m✓[39m tests/unit/design-system/other/TimePicker.test.ts[2m > [22mTimePicker 工具函数测试[2m > [22mgenerateSeconds[2m > [22m应该根据步长生成秒列表
 [32m✓[39m tests/unit/design-system/other/TimePicker.test.ts[2m > [22mTimePicker 工具函数测试[2m > [22mconvertTimeFormat[2m > [22m应该正确转换时间格式
 [32m✓[39m tests/unit/design-system/other/TimePicker.test.ts[2m > [22mTimePicker 工具函数测试[2m > [22mconvertTimeFormat[2m > [22m应该对无效时间返回 null
 [32m✓[39m tests/unit/design-system/other/TimePicker.test.ts[2m > [22mTimePicker 工具函数测试[2m > [22misValidTimeRange[2m > [22m应该对有效时间范围返回 true
 [32m✓[39m tests/unit/design-system/other/TimePicker.test.ts[2m > [22mTimePicker 工具函数测试[2m > [22misValidTimeRange[2m > [22m应该对无效时间范围返回 false
 [32m✓[39m tests/unit/design-system/other/TimePicker.test.ts[2m > [22mTimePicker 工具函数测试[2m > [22misValidTimeRange[2m > [22m应该对相等时间返回 true
 [32m✓[39m tests/unit/design-system/other/TimePicker.test.ts[2m > [22mTimePicker 工具函数测试[2m > [22mformatTimeRange[2m > [22m应该正确格式化时间范围
 [32m✓[39m tests/unit/design-system/other/TimePicker.test.ts[2m > [22mTimePicker 工具函数测试[2m > [22mformatTimeRange[2m > [22m应该使用自定义分隔符
 [32m✓[39m tests/unit/design-system/other/TimePicker.test.ts[2m > [22mTimePicker 工具函数测试[2m > [22mparseTimeRange[2m > [22m应该正确解析时间范围
 [32m✓[39m tests/unit/design-system/other/TimePicker.test.ts[2m > [22mTimePicker 工具函数测试[2m > [22mparseTimeRange[2m > [22m应该对无效格式返回 null
 [32m✓[39m tests/unit/design-system/other/TimePicker.test.ts[2m > [22mTimePicker 工具函数测试[2m > [22mgetTimeDifferenceInSeconds[2m > [22m应该正确计算时间差
 [32m✓[39m tests/unit/design-system/other/TimePicker.test.ts[2m > [22mTimePicker 工具函数测试[2m > [22mgetTimeDifferenceInSeconds[2m > [22m应该对相同时间返回 0
 [32m✓[39m tests/unit/design-system/other/TimePicker.test.ts[2m > [22mTimePicker 工具函数测试[2m > [22maddTime[2m > [22m应该正确添加时间
 [32m✓[39m tests/unit/design-system/other/TimePicker.test.ts[2m > [22mTimePicker 工具函数测试[2m > [22maddTime[2m > [22m应该正确处理跨天
 [32m✓[39m tests/unit/design-system/other/TimePicker.test.ts[2m > [22mTimePicker 工具函数测试[2m > [22maddTime[2m > [22m应该对无效时间返回 null
 [32m✓[39m tests/unit/design-system/form/Input.test.ts[2m > [22mInput[2m > [22m基础渲染[2m > [22m默认渲染为 text 类型和 md 尺寸
 [32m✓[39m tests/unit/design-system/form/Input.test.ts[2m > [22mInput[2m > [22m基础渲染[2m > [22m正确渲染所有尺寸
 [32m✓[39m tests/unit/design-system/form/Input.test.ts[2m > [22mInput[2m > [22m基础渲染[2m > [22m正确渲染所有输入类型
 [32m✓[39m tests/unit/design-system/form/Input.test.ts[2m > [22mInput[2m > [22mProps 测试[2m > [22m正确设置 placeholder
 [32m✓[39m tests/unit/design-system/form/Input.test.ts[2m > [22mInput[2m > [22mProps 测试[2m > [22m正确设置禁用状态
 [32m✓[39m tests/unit/design-system/form/Input.test.ts[2m > [22mInput[2m > [22mProps 测试[2m > [22m正确设置只读状态
 [32m✓[39m tests/unit/design-system/form/Input.test.ts[2m > [22mInput[2m > [22mProps 测试[2m > [22m正确设置错误状态
 [32m✓[39m tests/unit/design-system/form/Input.test.ts[2m > [22mInput[2m > [22mProps 测试[2m > [22m正确设置 maxlength
 [32m✓[39m tests/unit/design-system/form/Input.test.ts[2m > [22mInput[2m > [22mv-model 绑定测试[2m > [22m正确绑定 string 类型值
 [32m✓[39m tests/unit/design-system/form/Input.test.ts[2m > [22mInput[2m > [22mv-model 绑定测试[2m > [22m正确绑定 number 类型值
 [32m✓[39m tests/unit/design-system/form/Input.test.ts[2m > [22mInput[2m > [22mv-model 绑定测试[2m > [22m正确更新 modelValue
 [32m✓[39m tests/unit/design-system/form/Input.test.ts[2m > [22mInput[2m > [22mv-model 绑定测试[2m > [22m数字类型正确转换为数字
 [32m✓[39m tests/unit/design-system/form/Input.test.ts[2m > [22mInput[2m > [22m前缀/后缀图标测试[2m > [22m显示前缀图标
 [32m✓[39m tests/unit/design-system/form/Input.test.ts[2m > [22mInput[2m > [22m前缀/后缀图标测试[2m > [22m显示后缀图标
 [32m✓[39m tests/unit/design-system/form/Input.test.ts[2m > [22mInput[2m > [22m前缀/后缀图标测试[2m > [22m同时显示前缀和后缀图标
 [32m✓[39m tests/unit/design-system/form/Input.test.ts[2m > [22mInput[2m > [22m前缀/后缀图标测试[2m > [22m前缀图标时输入框有正确的左侧内边距
 [32m✓[39m tests/unit/design-system/form/Input.test.ts[2m > [22mInput[2m > [22m前缀/后缀图标测试[2m > [22m后缀图标时输入框有正确的右侧内边距
 [32m✓[39m tests/unit/design-system/form/Input.test.ts[2m > [22mInput[2m > [22m插槽测试[2m > [22m渲染 prepend 插槽内容
 [32m✓[39m tests/unit/design-system/form/Input.test.ts[2m > [22mInput[2m > [22m插槽测试[2m > [22m渲染 append 插槽内容
 [32m✓[39m tests/unit/design-system/form/Input.test.ts[2m > [22mInput[2m > [22m插槽测试[2m > [22m同时渲染 prepend 和 append 插槽
 [32m✓[39m tests/unit/design-system/form/Input.test.ts[2m > [22mInput[2m > [22m插槽测试[2m > [22mprefix 插槽覆盖 prefix 属性
 [32m✓[39m tests/unit/design-system/form/Input.test.ts[2m > [22mInput[2m > [22m插槽测试[2m > [22msuffix 插槽覆盖 suffix 属性
 [32m✓[39m tests/unit/design-system/form/Input.test.ts[2m > [22mInput[2m > [22m可清空功能测试[2m > [22m有值时显示清空按钮
 [32m✓[39m tests/unit/design-system/form/Input.test.ts[2m > [22mInput[2m > [22m可清空功能测试[2m > [22m无值时不显示清空按钮
 [32m✓[39m tests/unit/design-system/form/Input.test.ts[2m > [22mInput[2m > [22m可清空功能测试[2m > [22m禁用状态不显示清空按钮
 [32m✓[39m tests/unit/design-system/form/Input.test.ts[2m > [22mInput[2m > [22m可清空功能测试[2m > [22m只读状态不显示清空按钮
 [32m✓[39m tests/unit/design-system/form/Input.test.ts[2m > [22mInput[2m > [22m可清空功能测试[2m > [22m点击清空按钮触发 clear 事件
 [32m✓[39m tests/unit/design-system/form/Input.test.ts[2m > [22mInput[2m > [22m可清空功能测试[2m > [22m清空后重新聚焦输入框
 [32m✓[39m tests/unit/design-system/form/Input.test.ts[2m > [22mInput[2m > [22m字数统计测试[2m > [22mshowCount 和 maxlength 都设置时显示字数统计
 [32m✓[39m tests/unit/design-system/form/Input.test.ts[2m > [22mInput[2m > [22m字数统计测试[2m > [22m正确计算字符长度
 [32m✓[39m tests/unit/design-system/form/Input.test.ts[2m > [22mInput[2m > [22m字数统计测试[2m > [22m空值显示为 0
 [32m✓[39m tests/unit/design-system/form/Input.test.ts[2m > [22mInput[2m > [22m字数统计测试[2m > [22m超出长度时显示红色
 [32m✓[39m tests/unit/design-system/form/Input.test.ts[2m > [22mInput[2m > [22m事件测试[2m > [22m触发 focus 事件
 [32m✓[39m tests/unit/design-system/form/Input.test.ts[2m > [22mInput[2m > [22m事件测试[2m > [22m触发 blur 事件
 [32m✓[39m tests/unit/design-system/form/Input.test.ts[2m > [22mInput[2m > [22m事件测试[2m > [22m触发 change 事件
 [32m✓[39m tests/unit/design-system/form/Input.test.ts[2m > [22mInput[2m > [22m事件测试[2m > [22mchange 事件传递正确的值
 [32m✓[39m tests/unit/design-system/form/Input.test.ts[2m > [22mInput[2m > [22m事件测试[2m > [22m数字类型 change 事件传递数字值
 [32m✓[39m tests/unit/design-system/form/Input.test.ts[2m > [22mInput[2m > [22m错误状态测试[2m > [22merror 为 true 时应用错误样式
 [32m✓[39m tests/unit/design-system/form/Input.test.ts[2m > [22mInput[2m > [22m错误状态测试[2m > [22merror 为 false 时应用默认样式
 [32m✓[39m tests/unit/design-system/form/Input.test.ts[2m > [22mInput[2m > [22m边角情况测试[2m > [22mmodelValue 为 null 时不报错
 [32m✓[39m tests/unit/design-system/form/Input.test.ts[2m > [22mInput[2m > [22m边角情况测试[2m > [22mmodelValue 为 undefined 时不报错
 [32m✓[39m tests/unit/design-system/form/Input.test.ts[2m > [22mInput[2m > [22m边角情况测试[2m > [22m数字类型输入空值时返回空字符串
 [32m✓[39m tests/unit/design-system/form/Input.test.ts[2m > [22mInput[2m > [22m边角情况测试[2m > [22m同时有 suffix 和 clearable 时右侧内边距正确
 [32m✓[39m tests/unit/design-system/form/Input.test.ts[2m > [22mInput[2m > [22m边角情况测试[2m > [22m自定义 class 正确应用
 [32m✓[39m tests/unit/design-system/form/Input.test.ts[2m > [22mInput[2m > [22m边角情况测试[2m > [22m所有尺寸的清空按钮都正确渲染
 [32m✓[39m tests/unit/design-system/form/Input.test.ts[2m > [22mInput[2m > [22m暴露方法测试[2m > [22m暴露 focus 方法
 [32m✓[39m tests/unit/design-system/form/Input.test.ts[2m > [22mInput[2m > [22m暴露方法测试[2m > [22m暴露 blur 方法
 [32m✓[39m src/design-system/feedback/Popover/__tests__/Popover.test.ts[2m > [22mPopover 组件[2m > [22m箭头显示[2m > [22m应该在 showArrow 为 false 时不显示箭头
 [32m✓[39m src/design-system/feedback/Popover/__tests__/Popover.test.ts[2m > [22mPopover 组件[2m > [22m延迟控制[2m > [22m应该支持 openDelay 属性
 [32m✓[39m src/design-system/feedback/Popover/__tests__/Popover.test.ts[2m > [22mPopover 组件[2m > [22m延迟控制[2m > [22m应该支持 closeDelay 属性
 [32m✓[39m src/design-system/feedback/Popover/__tests__/Popover.test.ts[2m > [22mPopover 组件[2m > [22m延迟控制[2m > [22m应该支持同时设置 openDelay 和 closeDelay
 [32m✓[39m src/design-system/feedback/Popover/__tests__/Popover.test.ts[2m > [22mPopover 组件[2m > [22m自定义样式[2m > [22m应该支持 popperClass 属性
 [32m✓[39m src/design-system/feedback/Popover/__tests__/Popover.test.ts[2m > [22mPopover 组件[2m > [22m自定义样式[2m > [22m应该支持 popperStyle 属性
 [32m✓[39m src/design-system/feedback/Popover/__tests__/Popover.test.ts[2m > [22mPopover 组件[2m > [22m插槽内容[2m > [22m应该渲染默认插槽的触发元素
 [32m✓[39m src/design-system/feedback/Popover/__tests__/Popover.test.ts[2m > [22mPopover 组件[2m > [22m插槽内容[2m > [22m应该支持 content 插槽
 [32m✓[39m src/design-system/feedback/Popover/__tests__/Popover.test.ts[2m > [22mPopover 组件[2m > [22m事件触发[2m > [22m应该支持 beforeEnter 事件
 [32m✓[39m src/design-system/feedback/Popover/__tests__/Popover.test.ts[2m > [22mPopover 组件[2m > [22m事件触发[2m > [22m应该支持 afterEnter 事件
 [32m✓[39m src/design-system/feedback/Popover/__tests__/Popover.test.ts[2m > [22mPopover 组件[2m > [22m事件触发[2m > [22m应该支持 beforeLeave 事件
 [32m✓[39m src/design-system/feedback/Popover/__tests__/Popover.test.ts[2m > [22mPopover 组件[2m > [22m事件触发[2m > [22m应该支持 afterLeave 事件
 [32m✓[39m src/design-system/feedback/Popover/__tests__/Popover.test.ts[2m > [22mPopover 组件[2m > [22m点击外部关闭[2m > [22m应该支持 closeOnClickOutside 属性
 [32m✓[39m src/design-system/feedback/Popover/__tests__/Popover.test.ts[2m > [22mPopover 组件[2m > [22m点击外部关闭[2m > [22m应该在 closeOnClickOutside 为 false 时不关闭
 [32m✓[39m src/design-system/feedback/Popover/__tests__/Popover.test.ts[2m > [22mPopover 组件[2m > [22m手动控制模式[2m > [22m应该在 manual 模式下支持 visible prop
 [32m✓[39m src/design-system/feedback/Popover/__tests__/Popover.test.ts[2m > [22mPopover 组件[2m > [22m样式类名[2m > [22m应该应用正确的基础样式类名
 [32m✓[39m src/design-system/feedback/Popover/__tests__/Popover.test.ts[2m > [22mPopover 组件[2m > [22m样式类名[2m > [22m应该在触发元素上应用正确的类名
 [32m✓[39m src/design-system/feedback/Popover/__tests__/Popover.test.ts[2m > [22mPopover 组件[2m > [22m样式类名[2m > [22m应该在禁用时应用禁用类名
 [32m✓[39m tests/unit/design-system/form/DatePicker.test.ts[2m > [22mDatePicker[2m > [22m基础渲染[2m > [22m默认渲染为 date 类型和 md 尺寸
 [32m✓[39m tests/unit/design-system/form/DatePicker.test.ts[2m > [22mDatePicker[2m > [22m基础渲染[2m > [22m正确渲染所有尺寸
 [32m✓[39m tests/unit/design-system/form/DatePicker.test.ts[2m > [22mDatePicker[2m > [22m基础渲染[2m > [22m正确渲染所有类型
 [32m✓[39m tests/unit/design-system/form/DatePicker.test.ts[2m > [22mDatePicker[2m > [22mProps 测试[2m > [22m正确设置 placeholder
 [32m✓[39m tests/unit/design-system/form/DatePicker.test.ts[2m > [22mDatePicker[2m > [22mProps 测试[2m > [22m正确设置禁用状态
 [32m✓[39m tests/unit/design-system/form/DatePicker.test.ts[2m > [22mDatePicker[2m > [22mProps 测试[2m > [22m正确设置只读状态
 [32m✓[39m tests/unit/design-system/form/DatePicker.test.ts[2m > [22mDatePicker[2m > [22mProps 测试[2m > [22m正确设置错误状态
 [32m✓[39m tests/unit/design-system/form/DatePicker.test.ts[2m > [22mDatePicker[2m > [22mProps 测试[2m > [22m正确设置最小日期
 [32m✓[39m tests/unit/design-system/form/DatePicker.test.ts[2m > [22mDatePicker[2m > [22mProps 测试[2m > [22m正确设置最大日期
 [32m✓[39m tests/unit/design-system/form/DatePicker.test.ts[2m > [22mDatePicker[2m > [22mv-model 绑定测试[2m > [22m正确绑定单日期值
 [32m✓[39m tests/unit/design-system/form/DatePicker.test.ts[2m > [22mDatePicker[2m > [22mv-model 绑定测试[2m > [22m正确更新单日期值
 [32m✓[39m tests/unit/design-system/form/DatePicker.test.ts[2m > [22mDatePicker[2m > [22mv-model 绑定测试[2m > [22m正确绑定日期范围值
 [32m✓[39m tests/unit/design-system/form/DatePicker.test.ts[2m > [22mDatePicker[2m > [22mv-model 绑定测试[2m > [22m正确更新日期范围值
 [32m✓[39m tests/unit/design-system/form/DatePicker.test.ts[2m > [22mDatePicker[2m > [22mv-model 绑定测试[2m > [22m空值时正确处理
 [32m✓[39m tests/unit/design-system/form/DatePicker.test.ts[2m > [22mDatePicker[2m > [22m快捷选项测试[2m > [22m渲染快捷选项
 [32m✓[39m tests/unit/design-system/form/DatePicker.test.ts[2m > [22mDatePicker[2m > [22m快捷选项测试[2m > [22m点击快捷选项触发更新
 [31m×[39m tests/unit/design-system/form/DatePicker.test.ts[2m > [22mDatePicker[2m > [22m快捷选项测试[2m > [22m快捷选项禁用时不可点击
[31m   → expected "spy" to not be called at all, but actually been called 1 times[90m

Received: 

[1m  1st spy call:

[22m    Array [
      2026-01-24T11:27:51.065Z,
    ]
[31m[90m

Number of calls: [1m1[22m
[31m[39m
 [32m✓[39m tests/unit/design-system/form/DatePicker.test.ts[2m > [22mDatePicker[2m > [22m前缀图标测试[2m > [22m显示前缀图标
 [32m✓[39m tests/unit/design-system/form/DatePicker.test.ts[2m > [22mDatePicker[2m > [22m前缀图标测试[2m > [22mshowPrefix 为 false 时不显示前缀图标
 [32m✓[39m tests/unit/design-system/form/DatePicker.test.ts[2m > [22mDatePicker[2m > [22m前缀图标测试[2m > [22m前缀图标时输入框有正确的左侧内边距
 [32m✓[39m tests/unit/design-system/form/DatePicker.test.ts[2m > [22mDatePicker[2m > [22m可清空功能测试[2m > [22m有值时显示清空按钮
 [32m✓[39m tests/unit/design-system/form/DatePicker.test.ts[2m > [22mDatePicker[2m > [22m可清空功能测试[2m > [22m无值时不显示清空按钮
 [32m✓[39m tests/unit/design-system/form/DatePicker.test.ts[2m > [22mDatePicker[2m > [22m可清空功能测试[2m > [22m禁用状态不显示清空按钮
 [32m✓[39m tests/unit/design-system/form/DatePicker.test.ts[2m > [22mDatePicker[2m > [22m可清空功能测试[2m > [22m只读状态不显示清空按钮
 [32m✓[39m tests/unit/design-system/form/DatePicker.test.ts[2m > [22mDatePicker[2m > [22m可清空功能测试[2m > [22m点击清空按钮触发 clear 事件
 [32m✓[39m tests/unit/design-system/form/DatePicker.test.ts[2m > [22mDatePicker[2m > [22m日期时间类型测试[2m > [22mdatetime 类型使用 datetime-local 输入
 [32m✓[39m tests/unit/design-system/form/DatePicker.test.ts[2m > [22mDatePicker[2m > [22m日期时间类型测试[2m > [22mdatetimerange 类型使用两个 datetime-local 输入
 [32m✓[39m tests/unit/design-system/form/DatePicker.test.ts[2m > [22mDatePicker[2m > [22m日期时间类型测试[2m > [22mdatetime 类型正确格式化值
 [32m✓[39m tests/unit/design-system/form/DatePicker.test.ts[2m > [22mDatePicker[2m > [22m事件测试[2m > [22m触发 focus 事件
 [32m✓[39m tests/unit/design-system/form/DatePicker.test.ts[2m > [22mDatePicker[2m > [22m事件测试[2m > [22m触发 blur 事件
 [32m✓[39m tests/unit/design-system/form/DatePicker.test.ts[2m > [22mDatePicker[2m > [22m事件测试[2m > [22m输入改变时触发 update 和 change 事件
 [32m✓[39m tests/unit/design-system/form/DatePicker.test.ts[2m > [22mDatePicker[2m > [22m错误状态测试[2m > [22merror 为 true 时应用错误样式
 [32m✓[39m tests/unit/design-system/form/DatePicker.test.ts[2m > [22mDatePicker[2m > [22m错误状态测试[2m > [22merror 为 false 时应用默认样式
 [32m✓[39m tests/unit/design-system/form/DatePicker.test.ts[2m > [22mDatePicker[2m > [22m日期范围选择器测试[2m > [22mdaterange 类型渲染两个输入框
 [32m✓[39m tests/unit/design-system/form/DatePicker.test.ts[2m > [22mDatePicker[2m > [22m日期范围选择器测试[2m > [22mdaterange 类型有分隔符
 [32m✓[39m tests/unit/design-system/form/DatePicker.test.ts[2m > [22mDatePicker[2m > [22m日期范围选择器测试[2m > [22mdaterange 类型使用默认占位符
 [32m✓[39m tests/unit/design-system/form/DatePicker.test.ts[2m > [22mDatePicker[2m > [22m日期范围选择器测试[2m > [22mdatetimerange 类型正确渲染
 [32m✓[39m tests/unit/design-system/form/DatePicker.test.ts[2m > [22mDatePicker[2m > [22m插槽测试[2m > [22m渲染 prefix 插槽内容
 [32m✓[39m tests/unit/design-system/form/DatePicker.test.ts[2m > [22mDatePicker[2m > [22m插槽测试[2m > [22mprefix 插槽覆盖 prefix 属性
 [31m×[39m tests/unit/design-system/form/DatePicker.test.ts[2m > [22mDatePicker[2m > [22m插槽测试[2m > [22m渲染 suffix 插槽内容
[31m   → the given combination of arguments (undefined and string) is invalid for this assertion. You can use an array, a map, an object, a set, a string, or a weakset instead of a string[39m
 [32m✓[39m tests/unit/design-system/form/DatePicker.test.ts[2m > [22mDatePicker[2m > [22m边角情况测试[2m > [22mmodelValue 为 null 时不报错
 [32m✓[39m tests/unit/design-system/form/DatePicker.test.ts[2m > [22mDatePicker[2m > [22m边角情况测试[2m > [22mmodelValue 为 undefined 时不报错
 [32m✓[39m tests/unit/design-system/form/DatePicker.test.ts[2m > [22mDatePicker[2m > [22m边角情况测试[2m > [22m字符串日期值正确处理
 [32m✓[39m tests/unit/design-system/form/DatePicker.test.ts[2m > [22mDatePicker[2m > [22m边角情况测试[2m > [22m自定义 class 正确应用
 [32m✓[39m tests/unit/design-system/form/DatePicker.test.ts[2m > [22mDatePicker[2m > [22m边角情况测试[2m > [22m日期范围的数组为空时正确处理
 [32m✓[39m tests/unit/design-system/form/DatePicker.test.ts[2m > [22mDatePicker[2m > [22m暴露方法测试[2m > [22m暴露 focus 方法
 [32m✓[39m tests/unit/design-system/form/DatePicker.test.ts[2m > [22mDatePicker[2m > [22m暴露方法测试[2m > [22m暴露 blur 方法
 [32m✓[39m tests/unit/design-system/form/DatePicker.test.ts[2m > [22mDatePicker[2m > [22m响应式测试[2m > [22m输入框宽度自适应
 [32m✓[39m src/design-system/feedback/Popover/__tests__/Popover.test.ts[2m > [22mPopover 组件[2m > [22m可访问性[2m > [22m应该在弹出框显示时设置正确的 role 属性
 [32m✓[39m src/design-system/feedback/Notification/__tests__/Notification.test.ts[2m > [22mNotification 组件[2m > [22m基础渲染[2m > [22m应该正确渲染组件[33m 312[2mms[22m[39m
 [32m✓[39m src/design-system/feedback/Notification/__tests__/Notification.test.ts[2m > [22mNotification 组件[2m > [22m基础渲染[2m > [22m应该显示默认类型为 info
 [32m✓[39m src/design-system/feedback/Notification/__tests__/Notification.test.ts[2m > [22mNotification 组件[2m > [22m基础渲染[2m > [22m应该显示标题
 [32m✓[39m src/design-system/feedback/Notification/__tests__/Notification.test.ts[2m > [22mNotification 组件[2m > [22m基础渲染[2m > [22m应该显示正确的图标
 [32m✓[39m src/design-system/feedback/Notification/__tests__/Notification.test.ts[2m > [22mNotification 组件[2m > [22m类型变体[2m > [22m应该渲染 success 类型
 [32m✓[39m src/design-system/feedback/Notification/__tests__/Notification.test.ts[2m > [22mNotification 组件[2m > [22m类型变体[2m > [22m应该渲染 info 类型
 [32m✓[39m src/design-system/feedback/Notification/__tests__/Notification.test.ts[2m > [22mNotification 组件[2m > [22m类型变体[2m > [22m应该渲染 warning 类型
 [32m✓[39m src/design-system/feedback/Notification/__tests__/Notification.test.ts[2m > [22mNotification 组件[2m > [22m类型变体[2m > [22m应该渲染 error 类型
 [32m✓[39m src/design-system/feedback/Notification/__tests__/Notification.test.ts[2m > [22mNotification 组件[2m > [22m类型变体[2m > [22msuccess 类型应该有正确的图标颜色
 [32m✓[39m src/design-system/feedback/Notification/__tests__/Notification.test.ts[2m > [22mNotification 组件[2m > [22m类型变体[2m > [22minfo 类型应该有正确的图标颜色
 [32m✓[39m src/design-system/feedback/Notification/__tests__/Notification.test.ts[2m > [22mNotification 组件[2m > [22m类型变体[2m > [22mwarning 类型应该有正确的图标颜色
 [32m✓[39m src/design-system/feedback/Notification/__tests__/Notification.test.ts[2m > [22mNotification 组件[2m > [22m类型变体[2m > [22merror 类型应该有正确的图标颜色
 [32m✓[39m src/design-system/feedback/Notification/__tests__/Notification.test.ts[2m > [22mNotification 组件[2m > [22m关闭按钮[2m > [22m默认应该显示关闭按钮
 [32m✓[39m src/design-system/feedback/Notification/__tests__/Notification.test.ts[2m > [22mNotification 组件[2m > [22m关闭按钮[2m > [22mshowClose 为 false 时不显示关闭按钮
 [32m✓[39m src/design-system/feedback/Notification/__tests__/Notification.test.ts[2m > [22mNotification 组件[2m > [22m关闭按钮[2m > [22m点击关闭按钮应该触发 close 事件
 [32m✓[39m tests/unit/design-system/feedback/Alert.test.ts[2m > [22mAlert[2m > [22m基础渲染[2m > [22m默认渲染为 info 类型
 [32m✓[39m tests/unit/design-system/feedback/Alert.test.ts[2m > [22mAlert[2m > [22m基础渲染[2m > [22m正确渲染 success 类型
 [32m✓[39m tests/unit/design-system/feedback/Alert.test.ts[2m > [22mAlert[2m > [22m基础渲染[2m > [22m正确渲染 info 类型
 [32m✓[39m tests/unit/design-system/feedback/Alert.test.ts[2m > [22mAlert[2m > [22m基础渲染[2m > [22m正确渲染 warning 类型
 [32m✓[39m tests/unit/design-system/feedback/Alert.test.ts[2m > [22mAlert[2m > [22m基础渲染[2m > [22m正确渲染 error 类型
 [32m✓[39m tests/unit/design-system/feedback/Alert.test.ts[2m > [22mAlert[2m > [22m基础渲染[2m > [22m正确渲染描述内容
 [32m✓[39m tests/unit/design-system/feedback/Alert.test.ts[2m > [22mAlert[2m > [22m基础渲染[2m > [22m正确渲染标题
 [32m✓[39m tests/unit/design-system/feedback/Alert.test.ts[2m > [22mAlert[2m > [22m基础渲染[2m > [22m有正确的 role 属性
 [32m✓[39m tests/unit/design-system/feedback/Alert.test.ts[2m > [22mAlert[2m > [22m基础渲染[2m > [22m有正确的 aria-live 属性
 [32m✓[39m tests/unit/design-system/feedback/Alert.test.ts[2m > [22mAlert[2m > [22m基础渲染[2m > [22merror 类型有 aria-live="assertive"
 [32m✓[39m tests/unit/design-system/feedback/Alert.test.ts[2m > [22mAlert[2m > [22m基础渲染[2m > [22mwarning 类型有 aria-live="assertive"
 [32m✓[39m tests/unit/design-system/feedback/Alert.test.ts[2m > [22mAlert[2m > [22m图标功能[2m > [22m默认显示图标
 [32m✓[39m tests/unit/design-system/feedback/Alert.test.ts[2m > [22mAlert[2m > [22m图标功能[2m > [22mshowIcon 为 false 时不显示图标
 [32m✓[39m tests/unit/design-system/feedback/Alert.test.ts[2m > [22mAlert[2m > [22m图标功能[2m > [22msuccess 类型显示 check 图标
 [32m✓[39m tests/unit/design-system/feedback/Alert.test.ts[2m > [22mAlert[2m > [22m图标功能[2m > [22minfo 类型显示 information-circle 图标
 [32m✓[39m tests/unit/design-system/feedback/Alert.test.ts[2m > [22mAlert[2m > [22m图标功能[2m > [22mwarning 类型显示图标
 [32m✓[39m tests/unit/design-system/feedback/Alert.test.ts[2m > [22mAlert[2m > [22m图标功能[2m > [22merror 类型显示图标
 [32m✓[39m tests/unit/design-system/feedback/Alert.test.ts[2m > [22mAlert[2m > [22m关闭功能[2m > [22mclosable 为 false 时不显示关闭按钮
 [32m✓[39m tests/unit/design-system/feedback/Alert.test.ts[2m > [22mAlert[2m > [22m关闭功能[2m > [22mclosable 为 true 时显示关闭按钮
 [32m✓[39m tests/unit/design-system/feedback/Alert.test.ts[2m > [22mAlert[2m > [22m关闭功能[2m > [22m点击关闭按钮触发 close 事件
 [32m✓[39m src/design-system/feedback/Popover/__tests__/Popover.test.ts[2m > [22mPopover 组件[2m > [22m可访问性[2m > [22m应该在弹出框上设置 aria-hidden 属性
 [32m✓[39m src/design-system/feedback/Popover/__tests__/Popover.test.ts[2m > [22mPopover 组件[2m > [22m边界情况[2m > [22m应该处理空内容
 [32m✓[39m src/design-system/feedback/Popover/__tests__/Popover.test.ts[2m > [22mPopover 组件[2m > [22m边界情况[2m > [22m应该处理很长的内容
 [32m✓[39m src/design-system/feedback/Popover/__tests__/Popover.test.ts[2m > [22mPopover 组件[2m > [22m边界情况[2m > [22m应该处理零偏移量
 [32m✓[39m src/design-system/feedback/Popover/__tests__/Popover.test.ts[2m > [22mPopover 组件[2m > [22m边界情况[2m > [22m应该处理很大的偏移量
 [32m✓[39m src/design-system/feedback/Popover/__tests__/Popover.test.ts[2m > [22mPopover 组件[2m > [22m边界情况[2m > [22m应该处理零延迟
 [32m✓[39m tests/unit/design-system/form/Switch.test.ts[2m > [22mSwitch[2m > [22mbeforeChange 回调[2m > [22m异步回调被拒绝时阻止切换
 [32m✓[39m tests/unit/design-system/form/Switch.test.ts[2m > [22mSwitch[2m > [22m自定义值[2m > [22m使用自定义 activeValue 和 inactiveValue（反向）
 [32m✓[39m tests/unit/design-system/form/Switch.test.ts[2m > [22mSwitch[2m > [22m自定义值[2m > [22m点击两次恢复到初始值（反向值）
 [32m✓[39m tests/unit/design-system/form/Switch.test.ts[2m > [22mSwitch[2m > [22m插槽[2m > [22m渲染 label 插槽内容
 [32m✓[39m tests/unit/design-system/form/Switch.test.ts[2m > [22mSwitch[2m > [22m插槽[2m > [22m渲染 active 插槽内容
 [32m✓[39m tests/unit/design-system/form/Switch.test.ts[2m > [22mSwitch[2m > [22m插槽[2m > [22m渲染 inactive 插槽内容
 [32m✓[39m tests/unit/design-system/form/Switch.test.ts[2m > [22mSwitch[2m > [22m点击事件[2m > [22m触发 click 事件
 [32m✓[39m tests/unit/design-system/form/Switch.test.ts[2m > [22mSwitch[2m > [22m点击事件[2m > [22mclick 事件包含 MouseEvent
 [32m✓[39m tests/unit/design-system/form/Switch.test.ts[2m > [22mSwitch[2m > [22m点击事件[2m > [22m禁用状态不触发 click 事件
 [32m✓[39m tests/unit/design-system/form/Switch.test.ts[2m > [22mSwitch[2m > [22m样式[2m > [22m接受自定义 class
 [32m✓[39m tests/unit/design-system/form/Switch.test.ts[2m > [22mSwitch[2m > [22m样式[2m > [22m保持基础类名
 [32m✓[39m tests/unit/design-system/form/Switch.test.ts[2m > [22mSwitch[2m > [22m样式[2m > [22m包含过渡动画类
 [32m✓[39m tests/unit/design-system/form/Switch.test.ts[2m > [22mSwitch[2m > [22m滑块[2m > [22m未选中时滑块在左侧
 [32m✓[39m tests/unit/design-system/form/Switch.test.ts[2m > [22mSwitch[2m > [22m滑块[2m > [22m选中时滑块向右移动
 [32m✓[39m tests/unit/design-system/form/Switch.test.ts[2m > [22mSwitch[2m > [22m滑块[2m > [22m不同尺寸有不同的滑块大小
 [32m✓[39m tests/unit/design-system/form/Switch.test.ts[2m > [22mSwitch[2m > [22m可访问性[2m > [22m有正确的 role 属性
 [32m✓[39m tests/unit/design-system/form/Switch.test.ts[2m > [22mSwitch[2m > [22m可访问性[2m > [22m有正确的 aria-checked 属性
 [32m✓[39m tests/unit/design-system/form/Switch.test.ts[2m > [22mSwitch[2m > [22m可访问性[2m > [22m有正确的 aria-disabled 属性
 [32m✓[39m tests/unit/design-system/form/Switch.test.ts[2m > [22mSwitch[2m > [22m可访问性[2m > [22m有正确的 aria-label 属性
 [32m✓[39m tests/unit/design-system/form/Switch.test.ts[2m > [22mSwitch[2m > [22m可访问性[2m > [22m包含 focus-visible 样式
 [32m✓[39m tests/unit/design-system/form/Switch.test.ts[2m > [22mSwitch[2m > [22m边角情况[2m > [22m处理没有 props 的情况
 [32m✓[39m tests/unit/design-system/form/Switch.test.ts[2m > [22mSwitch[2m > [22m边角情况[2m > [22m处理同时有 beforeChange 和 loading
 [32m✓[39m tests/unit/design-system/form/Switch.test.ts[2m > [22mSwitch[2m > [22m边角情况[2m > [22m处理同时有 disabled 和 loading
 [32m✓[39m tests/unit/design-system/form/Switch.test.ts[2m > [22mSwitch[2m > [22m边角情况[2m > [22m处理最小尺寸 sm
 [32m✓[39m tests/unit/design-system/form/Switch.test.ts[2m > [22mSwitch[2m > [22m边角情况[2m > [22m处理最大尺寸 lg
 [32m✓[39m tests/unit/design-system/form/Switch.test.ts[2m > [22mSwitch[2m > [22m颜色和状态组合[2m > [22mprimary 颜色选中状态
 [32m✓[39m tests/unit/design-system/form/Switch.test.ts[2m > [22mSwitch[2m > [22m颜色和状态组合[2m > [22msuccess 颜色选中状态
 [32m✓[39m tests/unit/design-system/form/Switch.test.ts[2m > [22mSwitch[2m > [22m颜色和状态组合[2m > [22mwarning 颜色选中状态
 [32m✓[39m tests/unit/design-system/form/Switch.test.ts[2m > [22mSwitch[2m > [22m颜色和状态组合[2m > [22mdanger 颜色选中状态
 [32m✓[39m src/design-system/feedback/Popover/__tests__/Popover.test.ts[2m > [22mPopover 组件[2m > [22m不同触发方式组合测试[2m > [22mclick + bottom + 有箭头
 [32m✓[39m src/design-system/feedback/Popover/__tests__/Popover.test.ts[2m > [22mPopover 组件[2m > [22m不同触发方式组合测试[2m > [22mhover + top + 无箭头 + 延迟
 [32m✓[39m src/design-system/feedback/Popover/__tests__/Popover.test.ts[2m > [22mPopover 组件[2m > [22m不同触发方式组合测试[2m > [22mfocus + right + 自定义宽度
 [32m✓[39m src/design-system/feedback/Popover/__tests__/Popover.test.ts[2m > [22mPopover 组件[2m > [22m不同触发方式组合测试[2m > [22mmanual + left + 自定义样式
 [32m✓[39m src/design-system/feedback/Popover/__tests__/Popover.test.ts[2m > [22mPopover 组件[2m > [22m不同触发方式组合测试[2m > [22mclick + top-start + 延迟 + 禁用外部点击
 [32m✓[39m src/design-system/feedback/Popover/__tests__/Popover.test.ts[2m > [22mPopover 组件[2m > [22m属性默认值[2m > [22m应该使用默认的 trigger 值（click）
 [32m✓[39m src/design-system/feedback/Popover/__tests__/Popover.test.ts[2m > [22mPopover 组件[2m > [22m属性默认值[2m > [22m应该使用默认的 placement 值（bottom）
 [32m✓[39m src/design-system/feedback/Popover/__tests__/Popover.test.ts[2m > [22mPopover 组件[2m > [22m属性默认值[2m > [22m应该使用默认的 disabled 值（false）
 [32m✓[39m src/design-system/feedback/Popover/__tests__/Popover.test.ts[2m > [22mPopover 组件[2m > [22m属性默认值[2m > [22m应该使用默认的 showArrow 值（true）
 [32m✓[39m src/design-system/feedback/Popover/__tests__/Popover.test.ts[2m > [22mPopover 组件[2m > [22m属性默认值[2m > [22m应该使用默认的 closeOnClickOutside 值（true）
 [32m✓[39m src/design-system/feedback/Popover/__tests__/Popover.test.ts[2m > [22mPopover 组件[2m > [22m属性默认值[2m > [22m应该使用默认的 offset 值（0）
 [32m✓[39m src/design-system/feedback/Popover/__tests__/Popover.test.ts[2m > [22mPopover 组件[2m > [22m属性默认值[2m > [22m应该使用默认的 openDelay 值（0）
 [32m✓[39m src/design-system/feedback/Popover/__tests__/Popover.test.ts[2m > [22mPopover 组件[2m > [22m属性默认值[2m > [22m应该使用默认的 closeDelay 值（200）
 [32m✓[39m src/design-system/feedback/Popover/__tests__/Popover.test.ts[2m > [22mPopover 组件[2m > [22m交互行为[2m > [22m应该支持多次点击切换
 [32m✓[39m src/design-system/feedback/Popover/__tests__/Popover.test.ts[2m > [22mPopover 组件[2m > [22m交互行为[2m > [22m应该在悬停时保持显示状态
 [32m✓[39m tests/unit/design-system/feedback/Alert.test.ts[2m > [22mAlert[2m > [22m关闭功能[2m > [22m点击关闭按钮后触发 afterClose 事件[33m 340[2mms[22m[39m
 [32m✓[39m tests/unit/design-system/form/Form.test.ts[2m > [22mForm 组件[2m > [22m基础渲染[2m > [22m应该正确渲染 Form 组件
 [32m✓[39m tests/unit/design-system/form/Form.test.ts[2m > [22mForm 组件[2m > [22m基础渲染[2m > [22m应该渲染子组件
 [32m✓[39m tests/unit/design-system/form/Form.test.ts[2m > [22mForm 组件[2m > [22m基础渲染[2m > [22m应该应用自定义类名
 [32m✓[39m tests/unit/design-system/form/Form.test.ts[2m > [22mForm 组件[2m > [22mProps 测试[2m > [22m应该正确设置 labelWidth
 [32m✓[39m tests/unit/design-system/form/Form.test.ts[2m > [22mForm 组件[2m > [22mProps 测试[2m > [22m应该正确设置 labelPosition
 [32m✓[39m tests/unit/design-system/form/Form.test.ts[2m > [22mForm 组件[2m > [22mProps 测试[2m > [22m应该正确设置 size
 [32m✓[39m tests/unit/design-system/form/Form.test.ts[2m > [22mForm 组件[2m > [22mProps 测试[2m > [22m应该正确设置 disabled
 [32m✓[39m tests/unit/design-system/form/Form.test.ts[2m > [22mForm 组件[2m > [22mProps 测试[2m > [22m应该正确设置 showColon
 [32m✓[39m tests/unit/design-system/form/Form.test.ts[2m > [22mForm 组件[2m > [22mProps 测试[2m > [22m应该正确设置 requireAsterisk
 [31m×[39m tests/unit/design-system/form/Form.test.ts[2m > [22mForm 组件[2m > [22m表单验证[2m > [22m应该验证整个表单
[31m   → Cannot read properties of undefined (reading 'username')[39m
 [31m×[39m tests/unit/design-system/form/Form.test.ts[2m > [22mForm 组件[2m > [22m表单验证[2m > [22m应该在所有字段有效时返回 true
[31m   → Cannot read properties of undefined (reading 'username')[39m
 [31m×[39m tests/unit/design-system/form/Form.test.ts[2m > [22mForm 组件[2m > [22m表单验证[2m > [22m应该验证指定字段
[31m   → Cannot read properties of undefined (reading 'username')[39m
 [31m×[39m tests/unit/design-system/form/Form.test.ts[2m > [22mForm 组件[2m > [22m表单验证[2m > [22m应该验证多个指定字段
[31m   → Cannot read properties of undefined (reading 'username')[39m
 [31m×[39m tests/unit/design-system/form/Form.test.ts[2m > [22mForm 组件[2m > [22m表单重置[2m > [22m应该重置所有字段
[31m   → Cannot read properties of undefined (reading 'username')[39m
 [31m×[39m tests/unit/design-system/form/Form.test.ts[2m > [22mForm 组件[2m > [22m清除验证[2m > [22m应该清除所有验证
[31m   → Cannot read properties of undefined (reading 'username')[39m
 [31m×[39m tests/unit/design-system/form/Form.test.ts[2m > [22mForm 组件[2m > [22m清除验证[2m > [22m应该清除指定字段验证
[31m   → Cannot read properties of undefined (reading 'username')[39m
 [32m✓[39m tests/unit/design-system/form/Form.test.ts[2m > [22mForm 组件[2m > [22m表单数据[2m > [22m应该获取表单数据
 [32m✓[39m tests/unit/design-system/form/Form.test.ts[2m > [22mForm 组件[2m > [22m表单数据[2m > [22m应该设置表单数据
 [31m×[39m tests/unit/design-system/form/Form.test.ts[2m > [22mForm 组件[2m > [22m事件触发[2m > [22m应该在验证成功时触发 validate 事件
[31m   → Cannot read properties of undefined (reading 'username')[39m
 [31m×[39m tests/unit/design-system/form/Form.test.ts[2m > [22mForm 组件[2m > [22m事件触发[2m > [22m应该在验证失败时触发 validate-failed 事件
[31m   → Cannot read properties of undefined (reading 'username')[39m
 [32m✓[39m tests/unit/design-system/form/Form.test.ts[2m > [22mFormItem 组件[2m > [22m基础渲染[2m > [22m应该正确渲染 FormItem 组件
 [32m✓[39m tests/unit/design-system/form/Form.test.ts[2m > [22mFormItem 组件[2m > [22m基础渲染[2m > [22m应该渲染标签文本
 [32m✓[39m tests/unit/design-system/form/Form.test.ts[2m > [22mFormItem 组件[2m > [22m基础渲染[2m > [22m应该渲染自定义标签插槽
 [32m✓[39m tests/unit/design-system/form/Form.test.ts[2m > [22mFormItem 组件[2m > [22m基础渲染[2m > [22m应该渲染内容插槽
 [32m✓[39m tests/unit/design-system/form/Form.test.ts[2m > [22mFormItem 组件[2m > [22m基础渲染[2m > [22m应该应用自定义类名
 [32m✓[39m tests/unit/design-system/form/Form.test.ts[2m > [22mFormItem 组件[2m > [22mProps 测试[2m > [22m应该显示必填星号
 [32m✓[39m tests/unit/design-system/form/Form.test.ts[2m > [22mFormItem 组件[2m > [22mProps 测试[2m > [22m应该显示错误信息
 [31m×[39m tests/unit/design-system/form/Form.test.ts[2m > [22mFormItem 组件[2m > [22mProps 测试[2m > [22m应该在 showMessage 为 false 时不显示错误信息
[31m   → expected true to be false // Object.is equality[39m
 [32m✓[39m tests/unit/design-system/form/Form.test.ts[2m > [22mFormItem 组件[2m > [22mProps 测试[2m > [22m应该在 inline 为 true 时应用行内样式
 [32m✓[39m tests/unit/design-system/form/Form.test.ts[2m > [22mFormItem 组件[2m > [22m验证功能[2m > [22m应该验证必填规则
 [32m✓[39m tests/unit/design-system/form/Form.test.ts[2m > [22mFormItem 组件[2m > [22m验证功能[2m > [22m应该在有值时验证通过
 [32m✓[39m tests/unit/design-system/form/Form.test.ts[2m > [22mFormItem 组件[2m > [22m验证功能[2m > [22m应该验证长度规则
 [32m✓[39m tests/unit/design-system/form/Form.test.ts[2m > [22mFormItem 组件[2m > [22m验证功能[2m > [22m应该验证正则规则
 [32m✓[39m tests/unit/design-system/form/Form.test.ts[2m > [22mFormItem 组件[2m > [22m验证功能[2m > [22m应该验证自定义验证器
 [31m×[39m tests/unit/design-system/form/Form.test.ts[2m > [22mFormItem 组件[2m > [22m方法测试[2m > [22m应该清除验证
[31m   → expected true to be false // Object.is equality[39m
 [32m✓[39m tests/unit/design-system/form/Form.test.ts[2m > [22mFormItem 组件[2m > [22m方法测试[2m > [22m应该设置错误信息
 [32m✓[39m tests/unit/design-system/form/Form.test.ts[2m > [22mFormItem 组件[2m > [22m方法测试[2m > [22m应该获取当前值
 [32m✓[39m tests/unit/design-system/form/Form.test.ts[2m > [22mFormItem 组件[2m > [22m方法测试[2m > [22m应该设置值
 [32m✓[39m tests/unit/design-system/form/Form.test.ts[2m > [22mFormItem 组件[2m > [22m方法测试[2m > [22m应该重置字段
 [31m×[39m tests/unit/design-system/form/Form.test.ts[2m > [22mFormItem 组件[2m > [22m事件触发[2m > [22m应该在值改变时触发 change 事件
[31m   → expected undefined to be truthy[39m
 [32m✓[39m tests/unit/design-system/form/Form.test.ts[2m > [22mFormItem 组件[2m > [22m事件触发[2m > [22m应该在验证通过时触发 validate 事件
 [32m✓[39m tests/unit/design-system/form/Form.test.ts[2m > [22mFormItem 组件[2m > [22m事件触发[2m > [22m应该在验证失败时触发 validate-failed 事件
 [31m×[39m tests/unit/design-system/form/Form.test.ts[2m > [22mForm 和 FormItem 集成测试[2m > [22m应该正确集成 Form 和 FormItem
[31m   → Cannot read properties of undefined (reading 'username')[39m
 [31m×[39m tests/unit/design-system/form/Form.test.ts[2m > [22mForm 和 FormItem 集成测试[2m > [22m应该在整个表单验证失败时显示错误信息
[31m   → Cannot read properties of undefined (reading 'username')[39m
 [31m×[39m tests/unit/design-system/form/Form.test.ts[2m > [22mForm 和 FormItem 集成测试[2m > [22m应该在表单重置时清除所有错误信息
[31m   → Cannot read properties of undefined (reading 'username')[39m
 [32m✓[39m src/design-system/feedback/Popover/__tests__/Popover.test.ts[2m > [22mPopover 组件[2m > [22m所有位置变体[2m > [22m应该支持 top 位置
 [32m✓[39m src/design-system/feedback/Popover/__tests__/Popover.test.ts[2m > [22mPopover 组件[2m > [22m所有位置变体[2m > [22m应该支持 top-start 位置
 [32m✓[39m src/design-system/feedback/Popover/__tests__/Popover.test.ts[2m > [22mPopover 组件[2m > [22m所有位置变体[2m > [22m应该支持 top-end 位置
 [32m✓[39m src/design-system/feedback/Popover/__tests__/Popover.test.ts[2m > [22mPopover 组件[2m > [22m所有位置变体[2m > [22m应该支持 bottom 位置
 [32m✓[39m src/design-system/feedback/Popover/__tests__/Popover.test.ts[2m > [22mPopover 组件[2m > [22m所有位置变体[2m > [22m应该支持 bottom-start 位置
 [32m✓[39m src/design-system/feedback/Popover/__tests__/Popover.test.ts[2m > [22mPopover 组件[2m > [22m所有位置变体[2m > [22m应该支持 bottom-end 位置
 [32m✓[39m src/design-system/feedback/Popover/__tests__/Popover.test.ts[2m > [22mPopover 组件[2m > [22m所有位置变体[2m > [22m应该支持 left 位置
 [32m✓[39m src/design-system/feedback/Popover/__tests__/Popover.test.ts[2m > [22mPopover 组件[2m > [22m所有位置变体[2m > [22m应该支持 left-start 位置
 [32m✓[39m src/design-system/feedback/Popover/__tests__/Popover.test.ts[2m > [22mPopover 组件[2m > [22m所有位置变体[2m > [22m应该支持 left-end 位置
 [32m✓[39m src/design-system/feedback/Popover/__tests__/Popover.test.ts[2m > [22mPopover 组件[2m > [22m所有位置变体[2m > [22m应该支持 right 位置
 [32m✓[39m src/design-system/feedback/Popover/__tests__/Popover.test.ts[2m > [22mPopover 组件[2m > [22m所有位置变体[2m > [22m应该支持 right-start 位置
 [32m✓[39m tests/unit/design-system/feedback/Tooltip.test.ts[2m > [22mTooltip 组件[2m > [22m基础功能[2m > [22m应该正确渲染组件[33m 333[2mms[22m[39m
 [32m✓[39m tests/unit/design-system/feedback/Tooltip.test.ts[2m > [22mTooltip 组件[2m > [22m基础功能[2m > [22m应该包含触发元素
 [32m✓[39m tests/unit/design-system/feedback/Tooltip.test.ts[2m > [22mTooltip 组件[2m > [22m基础功能[2m > [22m应该渲染默认内容
 [32m✓[39m tests/unit/design-system/feedback/Tooltip.test.ts[2m > [22mTooltip 组件[2m > [22m基础功能[2m > [22m应该渲染自定义内容插槽
 [32m✓[39m tests/unit/design-system/feedback/Tooltip.test.ts[2m > [22mTooltip 组件[2m > [22m触发方式[2m > [22m应该在鼠标悬停时显示提示 (hover)
 [32m✓[39m tests/unit/design-system/feedback/Tooltip.test.ts[2m > [22mTooltip 组件[2m > [22m触发方式[2m > [22m应该在鼠标离开时隐藏提示 (hover)
 [32m✓[39m tests/unit/design-system/feedback/Tooltip.test.ts[2m > [22mTooltip 组件[2m > [22m触发方式[2m > [22m应该在点击时切换显示状态 (click)
 [32m✓[39m tests/unit/design-system/feedback/Tooltip.test.ts[2m > [22mTooltip 组件[2m > [22m触发方式[2m > [22m应该在获得焦点时显示提示 (focus)[33m 441[2mms[22m[39m
 [32m✓[39m tests/unit/design-system/feedback/Tooltip.test.ts[2m > [22mTooltip 组件[2m > [22m触发方式[2m > [22m应该在失去焦点时隐藏提示 (focus)
 [32m✓[39m tests/unit/design-system/feedback/Tooltip.test.ts[2m > [22mTooltip 组件[2m > [22m位置选项[2m > [22m应该支持 top 位置
 [32m✓[39m tests/unit/design-system/feedback/Tooltip.test.ts[2m > [22mTooltip 组件[2m > [22m位置选项[2m > [22m应该支持 top-start 位置
 [32m✓[39m tests/unit/design-system/feedback/Tooltip.test.ts[2m > [22mTooltip 组件[2m > [22m位置选项[2m > [22m应该支持 top-end 位置
 [32m✓[39m tests/unit/design-system/feedback/Tooltip.test.ts[2m > [22mTooltip 组件[2m > [22m位置选项[2m > [22m应该支持 bottom 位置
 [32m✓[39m tests/unit/design-system/feedback/Tooltip.test.ts[2m > [22mTooltip 组件[2m > [22m位置选项[2m > [22m应该支持 bottom-start 位置
 [32m✓[39m tests/unit/design-system/feedback/Tooltip.test.ts[2m > [22mTooltip 组件[2m > [22m位置选项[2m > [22m应该支持 bottom-end 位置
 [32m✓[39m tests/unit/design-system/feedback/Tooltip.test.ts[2m > [22mTooltip 组件[2m > [22m位置选项[2m > [22m应该支持 left 位置
 [32m✓[39m tests/unit/design-system/feedback/Tooltip.test.ts[2m > [22mTooltip 组件[2m > [22m位置选项[2m > [22m应该支持 left-start 位置
 [32m✓[39m tests/unit/design-system/feedback/Tooltip.test.ts[2m > [22mTooltip 组件[2m > [22m位置选项[2m > [22m应该支持 left-end 位置
 [32m✓[39m tests/unit/design-system/feedback/Tooltip.test.ts[2m > [22mTooltip 组件[2m > [22m位置选项[2m > [22m应该支持 right 位置
 [32m✓[39m tests/unit/design-system/feedback/Tooltip.test.ts[2m > [22mTooltip 组件[2m > [22m位置选项[2m > [22m应该支持 right-start 位置
 [32m✓[39m tests/unit/design-system/feedback/Tooltip.test.ts[2m > [22mTooltip 组件[2m > [22m位置选项[2m > [22m应该支持 right-end 位置
 [32m✓[39m tests/unit/design-system/feedback/Tooltip.test.ts[2m > [22mTooltip 组件[2m > [22m主题[2m > [22m应该应用暗色主题样式
 [32m✓[39m tests/unit/design-system/feedback/Tooltip.test.ts[2m > [22mTooltip 组件[2m > [22m主题[2m > [22m应该应用亮色主题样式
 [32m✓[39m tests/unit/design-system/feedback/Tooltip.test.ts[2m > [22mTooltip 组件[2m > [22m箭头显示[2m > [22m应该默认显示箭头
 [32m✓[39m tests/unit/design-system/feedback/Tooltip.test.ts[2m > [22mTooltip 组件[2m > [22m箭头显示[2m > [22m应该支持隐藏箭头
 [32m✓[39m tests/unit/design-system/feedback/Tooltip.test.ts[2m > [22mTooltip 组件[2m > [22m偏移量[2m > [22m应该支持自定义偏移量
 [32m✓[39m tests/unit/design-system/feedback/Tooltip.test.ts[2m > [22mTooltip 组件[2m > [22m延迟控制[2m > [22m应该支持显示延迟
 [32m✓[39m tests/unit/design-system/feedback/Tooltip.test.ts[2m > [22mTooltip 组件[2m > [22m延迟控制[2m > [22m应该支持隐藏延迟
 [32m✓[39m tests/unit/design-system/feedback/Tooltip.test.ts[2m > [22mTooltip 组件[2m > [22m禁用状态[2m > [22m应该在禁用状态下不显示提示
 [32m✓[39m tests/unit/design-system/feedback/Tooltip.test.ts[2m > [22mTooltip 组件[2m > [22m事件回调[2m > [22m应该支持事件回调属性
 [32m✓[39m tests/unit/design-system/feedback/Tooltip.test.ts[2m > [22mTooltip 组件[2m > [22m可访问性[2m > [22m应该设置正确的 role 属性
 [32m✓[39m tests/unit/design-system/feedback/Tooltip.test.ts[2m > [22mTooltip 组件[2m > [22m可访问性[2m > [22m应该支持键盘焦点
 [32m✓[39m tests/unit/design-system/feedback/Tooltip.test.ts[2m > [22mTooltip 组件[2m > [22m自定义类名[2m > [22m应该支持自定义触发器类名
 [32m✓[39m tests/unit/design-system/feedback/Tooltip.test.ts[2m > [22mTooltip 组件[2m > [22m自定义类名[2m > [22m应该支持自定义 popper 类名
 [32m✓[39m tests/unit/design-system/feedback/Tooltip.test.ts[2m > [22mTooltip 组件[2m > [22m过渡动画[2m > [22m应该使用默认过渡动画
 [32m✓[39m tests/unit/design-system/feedback/Tooltip.test.ts[2m > [22mTooltip 组件[2m > [22m过渡动画[2m > [22m应该支持自定义过渡动画
 [32m✓[39m tests/unit/design-system/feedback/Tooltip.test.ts[2m > [22mTooltip 组件[2m > [22m销毁行为[2m > [22m应该在关闭后保留 DOM (destroyOnClose = false)
 [32m✓[39m tests/unit/design-system/feedback/Tooltip.test.ts[2m > [22mTooltip 组件[2m > [22mProps 默认值[2m > [22m应该使用默认的 trigger 值
 [32m✓[39m tests/unit/design-system/feedback/Tooltip.test.ts[2m > [22mTooltip 组件[2m > [22mProps 默认值[2m > [22m应该使用默认的 placement 值
 [32m✓[39m tests/unit/design-system/feedback/Tooltip.test.ts[2m > [22mTooltip 组件[2m > [22mProps 默认值[2m > [22m应该使用默认的 effect 值
 [32m✓[39m tests/unit/design-system/feedback/Tooltip.test.ts[2m > [22mTooltip 组件[2m > [22mProps 默认值[2m > [22m应该使用默认的 showArrow 值
 [31m×[39m tests/unit/design-system/feedback/Dialog.test.ts[2m > [22mDialog 组件[2m > [22m基础渲染[2m > [22m应该显示关闭按钮[33m 1116[2mms[22m[39m
[31m   → [2mexpect([22m[31mreceived[31m[2m).toBeInTheDocument()[22m

[31mreceived[31m value must be an HTMLElement or an SVGElement.


Ignored nodes: comments, script, style
[36m<html>[31m
  [36m<head />[31m
  [36m<body>[31m
    [36m<div />[31m
    [0m[0m
    [36m<transition-stub[31m
      [33mappear[31m=[32m"false"[31m
      [33mcss[31m=[32m"true"[31m
      [33mdata-v-65a60499[31m=[32m""[31m
      [33menteractiveclass[31m=[32m"transition-opacity duration-300"[31m
      [33menterfromclass[31m=[32m"opacity-0"[31m
      [33mentertoclass[31m=[32m"opacity-100"[31m
      [33mleaveactiveclass[31m=[32m"transition-opacity duration-300"[31m
      [33mleavefromclass[31m=[32m"opacity-100"[31m
      [33mleavetoclass[31m=[32m"opacity-0"[31m
      [33mpersisted[31m=[32m"false"[31m
    [36m>[31m
      [36m<div[31m
        [33maria-hidden[31m=[32m"true"[31m
        [33mclass[31m=[32m"fixed inset-0 bg-black/50 z-40 transition-opacity duration-300"[31m
        [33mdata-v-65a60499[31m=[32m""[31m
      [36m/>[31m
    [36m</transition-stub>[31m
    [36m<transition-stub[31m
      [33mappear[31m=[32m"false"[31m
      [33mcss[31m=[32m"true"[31m
      [33mdata-v-65a60499[31m=[32m""[31m
      [33menteractiveclass[31m=[32m"transition-all duration-300 ease-out"[31m
      [33menterfromclass[31m=[32m"opacity-0 scale-95"[31m
      [33mentertoclass[31m=[32m"opacity-100 scale-100"[31m
      [33mleaveactiveclass[31m=[32m"transition-all duration-300 ease-in"[31m
      [33mleavefromclass[31m=[32m"opacity-100 scale-100"[31m
      [33mleavetoclass[31m=[32m"opacity-0 scale-95"[31m
      [33mpersisted[31m=[32m"false"[31m
    [36m>[31m
      [36m<div[31m
        [33maria-modal[31m=[32m"true"[31m
        [33mclass[31m=[32m"fixed z-50 bg-white dark:bg-neutral-800 rounded-lg shadow-xl flex flex-col max-h-[90vh] w-full max-w-md top-20 left-1/2 -translate-x-1/2 transition-all duration-300 ease-in-out"[31m
        [33mdata-v-65a60499[31m=[32m""[31m
        [33mrole[31m=[32m"dialog"[31m
      [36m>[31m
        [36m<div[31m
          [33mclass[31m=[32m"flex-1 overflow-auto px-6 py-4"[31m
          [33mdata-v-65a60499[31m=[32m""[31m
        [36m>[31m
          [0m[0m
          [36m<p[31m
            [33mclass[31m=[32m"text-neutral-600 dark:text-neutral-400"[31m
            [33mdata-v-65a60499[31m=[32m""[31m
          [36m>[31m
            [0m 对话框内容 [0m
          [36m</p>[31m
          [0m[0m
        [36m</div>[31m
      [36m</div>[31m
    [36m</transition-stub>[31m
    [0m[0m
  [36m</body>[31m
[36m</html>[31m[39m
 [32m✓[39m tests/unit/design-system/feedback/Dialog.test.ts[2m > [22mDialog 组件[2m > [22m基础渲染[2m > [22mshowClose 为 false 时不应该显示关闭按钮
 [32m✓[39m src/design-system/feedback/Popover/__tests__/Popover.test.ts[2m > [22mPopover 组件[2m > [22m所有位置变体[2m > [22m应该支持 right-end 位置
 [32m✓[39m src/design-system/feedback/Popover/__tests__/Popover.test.ts[2m > [22mPopover 组件[2m > [22m所有触发方式[2m > [22m应该支持 click 触发方式
 [32m✓[39m src/design-system/feedback/Popover/__tests__/Popover.test.ts[2m > [22mPopover 组件[2m > [22m所有触发方式[2m > [22m应该支持 hover 触发方式
 [32m✓[39m src/design-system/feedback/Popover/__tests__/Popover.test.ts[2m > [22mPopover 组件[2m > [22m所有触发方式[2m > [22m应该支持 focus 触发方式
 [32m✓[39m src/design-system/feedback/Popover/__tests__/Popover.test.ts[2m > [22mPopover 组件[2m > [22m所有触发方式[2m > [22m应该支持 manual 触发方式
 [32m✓[39m src/design-system/feedback/Popover/__tests__/Popover.test.ts[2m > [22mPopover 组件[2m > [22mDOM 结构[2m > [22m应该正确渲染包装器元素
 [32m✓[39m src/design-system/feedback/Popover/__tests__/Popover.test.ts[2m > [22mPopover 组件[2m > [22mDOM 结构[2m > [22m应该正确渲染触发元素
 [32m✓[39m src/design-system/feedback/Popover/__tests__/Popover.test.ts[2m > [22mPopover 组件[2m > [22m事件监听器[2m > [22m应该在触发元素上绑定正确的事件监听器
 [32m✓[39m src/design-system/feedback/Popover/__tests__/Popover.test.ts[2m > [22mPopover 组件[2m > [22m事件监听器[2m > [22m应该在 hover 模式下绑定鼠标事件
 [32m✓[39m src/design-system/feedback/Popover/__tests__/Popover.test.ts[2m > [22mPopover 组件[2m > [22m事件监听器[2m > [22m应该在 focus 模式下绑定焦点事件
 [32m✓[39m src/design-system/feedback/Notification/__tests__/Notification.test.ts[2m > [22mNotification 组件[2m > [22m自动关闭[2m > [22m应该在指定时长后自动关闭[33m 1081[2mms[22m[39m
 [32m✓[39m tests/unit/design-system/feedback/Dialog.test.ts[2m > [22mDialog 组件[2m > [22m显示/隐藏[2m > [22m点击关闭按钮应该关闭对话框[33m 422[2mms[22m[39m
 [32m✓[39m tests/unit/design-system/base/Image.test.ts[2m > [22mImage.vue[2m > [22m基础渲染[2m > [22m应该正确渲染组件
 [32m✓[39m tests/unit/design-system/base/Image.test.ts[2m > [22mImage.vue[2m > [22m基础渲染[2m > [22m应该设置正确的 aria-label
 [32m✓[39m tests/unit/design-system/base/Image.test.ts[2m > [22mImage.vue[2m > [22m基础渲染[2m > [22m应该在加载时显示骨架屏
 [32m✓[39m tests/unit/design-system/base/Image.test.ts[2m > [22mImage.vue[2m > [22m图片渲染[2m > [22m应该渲染图片元素
 [32m✓[39m tests/unit/design-system/base/Image.test.ts[2m > [22mImage.vue[2m > [22m图片渲染[2m > [22m应该在图片加载完成后隐藏骨架屏[33m 903[2mms[22m[39m
 [32m✓[39m tests/unit/design-system/base/Image.test.ts[2m > [22mImage.vue[2m > [22m图片渲染[2m > [22m应该在图片加载失败时显示错误状态
 [32m✓[39m tests/unit/design-system/base/Image.test.ts[2m > [22mImage.vue[2m > [22m图片渲染[2m > [22m应该在没有 src 时显示错误状态
 [32m✓[39m tests/unit/design-system/base/Image.test.ts[2m > [22mImage.vue[2m > [22m懒加载[2m > [22m应该默认启用懒加载
 [32m✓[39m tests/unit/design-system/base/Image.test.ts[2m > [22mImage.vue[2m > [22m懒加载[2m > [22m应该支持禁用懒加载
 [32m✓[39m tests/unit/design-system/base/Image.test.ts[2m > [22mImage.vue[2m > [22m尺寸变体[2m > [22m应该正确应用 xs 尺寸
 [32m✓[39m tests/unit/design-system/base/Image.test.ts[2m > [22mImage.vue[2m > [22m尺寸变体[2m > [22m应该正确应用 md 尺寸
 [32m✓[39m tests/unit/design-system/base/Image.test.ts[2m > [22mImage.vue[2m > [22m尺寸变体[2m > [22m应该正确应用 full 尺寸
 [32m✓[39m tests/unit/design-system/base/Image.test.ts[2m > [22mImage.vue[2m > [22m形状变体[2m > [22m应该正确应用 rect 形状
 [32m✓[39m tests/unit/design-system/base/Image.test.ts[2m > [22mImage.vue[2m > [22m形状变体[2m > [22m应该正确应用 circle 形状
 [32m✓[39m tests/unit/design-system/base/Image.test.ts[2m > [22mImage.vue[2m > [22m形状变体[2m > [22m应该正确应用 rounded 形状
 [32m✓[39m tests/unit/design-system/base/Image.test.ts[2m > [22mImage.vue[2m > [22m对象填充方式[2m > [22m应该正确应用 cover 填充
 [32m✓[39m tests/unit/design-system/base/Image.test.ts[2m > [22mImage.vue[2m > [22m对象填充方式[2m > [22m应该正确应用 contain 填充
 [32m✓[39m tests/unit/design-system/base/Image.test.ts[2m > [22mImage.vue[2m > [22m对象填充方式[2m > [22m应该正确应用 fill 填充
 [32m✓[39m tests/unit/design-system/base/Image.test.ts[2m > [22mImage.vue[2m > [22m对象填充方式[2m > [22m应该默认使用 cover 填充
 [32m✓[39m tests/unit/design-system/base/Image.test.ts[2m > [22mImage.vue[2m > [22m自定义尺寸[2m > [22m应该支持自定义宽度
 [32m✓[39m tests/unit/design-system/base/Image.test.ts[2m > [22mImage.vue[2m > [22m自定义尺寸[2m > [22m应该支持自定义高度
 [32m✓[39m tests/unit/design-system/base/Image.test.ts[2m > [22mImage.vue[2m > [22m自定义尺寸[2m > [22m应该同时支持自定义宽高
 [32m✓[39m tests/unit/design-system/base/Image.test.ts[2m > [22mImage.vue[2m > [22m自定义尺寸[2m > [22m自定义尺寸应该覆盖预设尺寸
 [32m✓[39m tests/unit/design-system/base/Image.test.ts[2m > [22mImage.vue[2m > [22m骨架屏[2m > [22m应该默认显示骨架屏
 [32m✓[39m tests/unit/design-system/base/Image.test.ts[2m > [22mImage.vue[2m > [22m骨架屏[2m > [22m应该支持禁用骨架屏
 [32m✓[39m tests/unit/design-system/base/Image.test.ts[2m > [22mImage.vue[2m > [22mFallback 图标[2m > [22m应该支持自定义 fallback 图标
 [32m✓[39m tests/unit/design-system/base/Image.test.ts[2m > [22mImage.vue[2m > [22mFallback 图标[2m > [22m应该默认使用 document 图标
 [32m✓[39m tests/unit/design-system/base/Image.test.ts[2m > [22mImage.vue[2m > [22m事件处理[2m > [22m应该正确触发 load 事件
 [32m✓[39m tests/unit/design-system/base/Image.test.ts[2m > [22mImage.vue[2m > [22m事件处理[2m > [22m应该正确触发 error 事件
 [32m✓[39m tests/unit/design-system/base/Image.test.ts[2m > [22mImage.vue[2m > [22m事件处理[2m > [22m应该正确触发 click 事件
 [32m✓[39m tests/unit/design-system/base/Image.test.ts[2m > [22mImage.vue[2m > [22m自定义类名[2m > [22m应该正确应用自定义类名
 [32m✓[39m tests/unit/design-system/base/Image.test.ts[2m > [22mImage.vue[2m > [22m默认属性[2m > [22m应该使用默认尺寸 md
 [32m✓[39m tests/unit/design-system/base/Image.test.ts[2m > [22mImage.vue[2m > [22m默认属性[2m > [22m应该使用默认形状 rect
 [32m✓[39m tests/unit/design-system/base/Image.test.ts[2m > [22mImage.vue[2m > [22m默认属性[2m > [22m应该使用默认填充方式 cover
 [32m✓[39m tests/unit/design-system/base/Image.test.ts[2m > [22mImage.vue[2m > [22m默认属性[2m > [22m应该默认启用懒加载
 [32m✓[39m tests/unit/design-system/base/Image.test.ts[2m > [22mImage.vue[2m > [22m默认属性[2m > [22m应该默认显示骨架屏
 [32m✓[39m tests/unit/design-system/base/Image.test.ts[2m > [22mImage.vue[2m > [22m可访问性[2m > [22m应该设置正确的 role 属性
 [32m✓[39m tests/unit/design-system/base/Image.test.ts[2m > [22mImage.vue[2m > [22m可访问性[2m > [22m应该设置 aria-label
 [32m✓[39m tests/unit/design-system/base/Image.test.ts[2m > [22mImage.vue[2m > [22m可访问性[2m > [22m应该为图片设置 alt 属性
 [32m✓[39m tests/unit/design-system/base/Image.test.ts[2m > [22mImage.vue[2m > [22m响应式[2m > [22m应该在 src prop 变化时重置加载状态
 [32m✓[39m tests/unit/design-system/base/Image.test.ts[2m > [22mImage.vue[2m > [22m响应式[2m > [22m应该在 size prop 变化时更新尺寸类
 [32m✓[39m tests/unit/design-system/base/Image.test.ts[2m > [22mImage.vue[2m > [22m响应式[2m > [22m应该在 shape prop 变化时更新形状类
 [32m✓[39m tests/unit/design-system/base/Image.test.ts[2m > [22mImage.vue[2m > [22m容器样式[2m > [22m应该有正确的背景色
 [32m✓[39m tests/unit/design-system/base/Image.test.ts[2m > [22mImage.vue[2m > [22m容器样式[2m > [22m应该有 overflow-hidden
 [32m✓[39m tests/unit/design-system/base/Image.test.ts[2m > [22mImage.vue[2m > [22m容器样式[2m > [22m应该是 inline-flex
 [32m✓[39m tests/unit/design-system/base/Image.test.ts[2m > [22mImage.vue[2m > [22m图片样式[2m > [22m应该有 block 和 w-full h-full
 [32m✓[39m src/design-system/feedback/Progress/__tests__/Progress.test.ts[2m > [22mProgress 组件[2m > [22m基础渲染[2m > [22m应该正确渲染默认进度条
 [32m✓[39m src/design-system/feedback/Progress/__tests__/Progress.test.ts[2m > [22mProgress 组件[2m > [22m基础渲染[2m > [22m应该渲染 line 类型的进度条
 [32m✓[39m src/design-system/feedback/Progress/__tests__/Progress.test.ts[2m > [22mProgress 组件[2m > [22m基础渲染[2m > [22m应该渲染 circle 类型的进度条
 [32m✓[39m src/design-system/feedback/Progress/__tests__/Progress.test.ts[2m > [22mProgress 组件[2m > [22m基础渲染[2m > [22m应该渲染 dashboard 类型的进度条
 [32m✓[39m src/design-system/feedback/Progress/__tests__/Progress.test.ts[2m > [22mProgress 组件[2m > [22m百分比显示[2m > [22m应该正确显示 0%
 [32m✓[39m src/design-system/feedback/Progress/__tests__/Progress.test.ts[2m > [22mProgress 组件[2m > [22m百分比显示[2m > [22m应该正确显示 50%
 [32m✓[39m src/design-system/feedback/Progress/__tests__/Progress.test.ts[2m > [22mProgress 组件[2m > [22m百分比显示[2m > [22m应该正确显示 100%
 [32m✓[39m src/design-system/feedback/Progress/__tests__/Progress.test.ts[2m > [22mProgress 组件[2m > [22m百分比显示[2m > [22m应该正确限制超出范围的百分比
 [32m✓[39m src/design-system/feedback/Progress/__tests__/Progress.test.ts[2m > [22mProgress 组件[2m > [22m百分比显示[2m > [22m应该应用自定义格式
 [32m✓[39m src/design-system/feedback/Progress/__tests__/Progress.test.ts[2m > [22mProgress 组件[2m > [22m进度条宽度[2m > [22mline 类型应该正确应用宽度百分比[33m 649[2mms[22m[39m
 [32m✓[39m src/design-system/feedback/Progress/__tests__/Progress.test.ts[2m > [22mProgress 组件[2m > [22m进度条宽度[2m > [22mline 类型应该正确应用 0% 宽度
 [32m✓[39m src/design-system/feedback/Progress/__tests__/Progress.test.ts[2m > [22mProgress 组件[2m > [22m进度条宽度[2m > [22mline 类型应该正确应用 100% 宽度
 [32m✓[39m src/design-system/feedback/Progress/__tests__/Progress.test.ts[2m > [22mProgress 组件[2m > [22m状态样式[2m > [22m应该正确应用 success 状态
 [32m✓[39m src/design-system/feedback/Progress/__tests__/Progress.test.ts[2m > [22mProgress 组件[2m > [22m状态样式[2m > [22m应该正确应用 exception 状态
 [32m✓[39m src/design-system/feedback/Progress/__tests__/Progress.test.ts[2m > [22mProgress 组件[2m > [22m状态样式[2m > [22m应该正确应用 warning 状态
 [32m✓[39m src/design-system/feedback/Progress/__tests__/Progress.test.ts[2m > [22mProgress 组件[2m > [22m状态样式[2m > [22m应该正确应用 active 状态
 [32m✓[39m src/design-system/feedback/Progress/__tests__/Progress.test.ts[2m > [22mProgress 组件[2m > [22m状态样式[2m > [22m当百分比达到 100 时应该自动应用 success 状态
 [32m✓[39m src/design-system/feedback/Progress/__tests__/Progress.test.ts[2m > [22mProgress 组件[2m > [22m文字显示[2m > [22m应该默认显示文字
 [32m✓[39m src/design-system/feedback/Progress/__tests__/Progress.test.ts[2m > [22mProgress 组件[2m > [22m文字显示[2m > [22m当 showText 为 false 时应该隐藏文字
 [32m✓[39m src/design-system/feedback/Progress/__tests__/Progress.test.ts[2m > [22mProgress 组件[2m > [22m文字显示[2m > [22mline 类型应该支持文字在内部显示
 [32m✓[39m src/design-system/feedback/Progress/__tests__/Progress.test.ts[2m > [22mProgress 组件[2m > [22m文字显示[2m > [22mcircle 类型应该正确显示中心文字
 [32m✓[39m src/design-system/feedback/Progress/__tests__/Progress.test.ts[2m > [22mProgress 组件[2m > [22m文字显示[2m > [22mdashboard 类型应该正确显示中心文字
 [32m✓[39m src/design-system/feedback/Progress/__tests__/Progress.test.ts[2m > [22mProgress 组件[2m > [22m条纹动画[2m > [22m当 striped 为 true 时应该显示条纹
 [32m✓[39m src/design-system/feedback/Progress/__tests__/Progress.test.ts[2m > [22mProgress 组件[2m > [22m条纹动画[2m > [22m当 flow 为 true 时应该显示流动动画
 [32m✓[39m src/design-system/feedback/Progress/__tests__/Progress.test.ts[2m > [22mProgress 组件[2m > [22m条纹动画[2m > [22m当 striped 为 false 时 flow 不应该生效
 [32m✓[39m src/design-system/feedback/Progress/__tests__/Progress.test.ts[2m > [22mProgress 组件[2m > [22m自定义颜色[2m > [22m应该正确应用单一颜色
 [32m✓[39m src/design-system/feedback/Progress/__tests__/Progress.test.ts[2m > [22mProgress 组件[2m > [22m自定义颜色[2m > [22m应该正确应用颜色数组（渐变）
 [32m✓[39m src/design-system/feedback/Progress/__tests__/Progress.test.ts[2m > [22mProgress 组件[2m > [22m自定义颜色[2m > [22m应该正确应用函数颜色
 [32m✓[39m src/design-system/feedback/Progress/__tests__/Progress.test.ts[2m > [22mProgress 组件[2m > [22m线条粗细[2m > [22m应该正确应用自定义线条粗细（line 类型）
 [32m✓[39m src/design-system/feedback/Progress/__tests__/Progress.test.ts[2m > [22mProgress 组件[2m > [22m容器尺寸[2m > [22mcircle 类型应该正确应用宽度
 [32m✓[39m src/design-system/feedback/Progress/__tests__/Progress.test.ts[2m > [22mProgress 组件[2m > [22m容器尺寸[2m > [22mdashboard 类型应该正确应用宽度
 [32m✓[39m src/design-system/feedback/Progress/__tests__/Progress.test.ts[2m > [22mProgress 组件[2m > [22m容器尺寸[2m > [22mcircle 类型应该使用默认宽度 126px
 [32m✓[39m src/design-system/feedback/Progress/__tests__/Progress.test.ts[2m > [22mProgress 组件[2m > [22m仪表盘配置[2m > [22m应该正确应用 gapDegree
 [32m✓[39m src/design-system/feedback/Progress/__tests__/Progress.test.ts[2m > [22mProgress 组件[2m > [22m仪表盘配置[2m > [22m应该正确应用 gapPosition top
 [32m✓[39m src/design-system/feedback/Progress/__tests__/Progress.test.ts[2m > [22mProgress 组件[2m > [22m仪表盘配置[2m > [22m应该正确应用 gapPosition bottom
 [32m✓[39m src/design-system/feedback/Progress/__tests__/Progress.test.ts[2m > [22mProgress 组件[2m > [22m动画[2m > [22m当 animated 为 false 时应该禁用动画
 [32m✓[39m src/design-system/feedback/Progress/__tests__/Progress.test.ts[2m > [22mProgress 组件[2m > [22m动画[2m > [22m当 animated 为 true 时应该启用动画
 [32m✓[39m src/design-system/feedback/Progress/__tests__/Progress.test.ts[2m > [22mProgress 组件[2m > [22m事件[2m > [22m百分比变化时应该触发 change 事件
 [32m✓[39m src/design-system/feedback/Progress/__tests__/Progress.test.ts[2m > [22mProgress 组件[2m > [22m自定义类名和样式[2m > [22m应该正确应用自定义类名
 [32m✓[39m src/design-system/feedback/Progress/__tests__/Progress.test.ts[2m > [22mProgress 组件[2m > [22m自定义类名和样式[2m > [22m应该正确应用自定义样式
 [32m✓[39m src/design-system/feedback/Progress/__tests__/Progress.test.ts[2m > [22mProgress 组件[2m > [22m圆形进度条 SVG[2m > [22m应该正确渲染 SVG 元素
 [32m✓[39m src/design-system/feedback/Progress/__tests__/Progress.test.ts[2m > [22mProgress 组件[2m > [22m圆形进度条 SVG[2m > [22m应该正确渲染背景圆和进度圆
 [32m✓[39m src/design-system/feedback/Progress/__tests__/Progress.test.ts[2m > [22mProgress 组件[2m > [22m圆形进度条 SVG[2m > [22m应该正确应用 stroke-dasharray 和 stroke-dashoffset
 [32m✓[39m src/design-system/feedback/Progress/__tests__/Progress.test.ts[2m > [22mProgress 组件[2m > [22m仪表盘 SVG[2m > [22m应该正确渲染 SVG 元素
 [32m✓[39m src/design-system/feedback/Progress/__tests__/Progress.test.ts[2m > [22mProgress 组件[2m > [22m仪表盘 SVG[2m > [22m应该正确渲染背景圆弧和进度圆弧
 [32m✓[39m src/design-system/feedback/Progress/__tests__/Progress.test.ts[2m > [22mProgress 组件[2m > [22m插槽[2m > [22m应该支持默认插槽
 [32m✓[39m src/design-system/feedback/Progress/__tests__/Progress.test.ts[2m > [22mProgress 组件[2m > [22m边界情况[2m > [22m应该处理负百分比
 [32m✓[39m src/design-system/feedback/Progress/__tests__/Progress.test.ts[2m > [22mProgress 组件[2m > [22m边界情况[2m > [22m应该处理超过 100 的百分比
 [32m✓[39m src/design-system/feedback/Progress/__tests__/Progress.test.ts[2m > [22mProgress 组件[2m > [22m边界情况[2m > [22m应该处理空百分比（0）
 [32m✓[39m src/design-system/feedback/Progress/__tests__/Progress.test.ts[2m > [22mProgress 组件[2m > [22m边界情况[2m > [22m应该处理非常大的 strokeWidth
 [32m✓[39m src/design-system/feedback/Progress/__tests__/Progress.test.ts[2m > [22mProgress 组件[2m > [22m响应式更新[2m > [22m应该正确响应百分比变化
 [32m✓[39m src/design-system/feedback/Progress/__tests__/Progress.test.ts[2m > [22mProgress 组件[2m > [22m响应式更新[2m > [22m应该正确响应状态变化
 [32m✓[39m src/design-system/feedback/Progress/__tests__/Progress.test.ts[2m > [22mProgress 组件[2m > [22m样式类名组合[2m > [22m应该正确组合多个状态类名
 [32m✓[39m src/design-system/feedback/Progress/__tests__/Progress.test.ts[2m > [22mProgress 组件[2m > [22m样式类名组合[2m > [22mcircle 类型应该正确应用状态类名
 [32m✓[39m src/design-system/feedback/Progress/__tests__/Progress.test.ts[2m > [22mProgress 组件[2m > [22m样式类名组合[2m > [22mdashboard 类型应该正确应用状态类名
 [32m✓[39m tests/unit/design-system/feedback/Alert.test.ts[2m > [22mAlert[2m > [22m关闭功能[2m > [22m关闭后 Alert 被隐藏[33m 342[2mms[22m[39m
 [32m✓[39m tests/unit/design-system/feedback/Alert.test.ts[2m > [22mAlert[2m > [22m关闭功能[2m > [22m关闭按钮有正确的样式
 [32m✓[39m tests/unit/design-system/feedback/Alert.test.ts[2m > [22mAlert[2m > [22m居中功能[2m > [22mcenter 为 false 时默认左对齐
 [32m✓[39m tests/unit/design-system/feedback/Alert.test.ts[2m > [22mAlert[2m > [22m居中功能[2m > [22mcenter 为 true 时文字居中
 [32m✓[39m tests/unit/design-system/feedback/Alert.test.ts[2m > [22mAlert[2m > [22m居中功能[2m > [22mcenter 为 true 时图标居中
 [32m✓[39m tests/unit/design-system/feedback/Alert.test.ts[2m > [22mAlert[2m > [22m居中功能[2m > [22mcenter 为 false 时图标不居中
 [32m✓[39m tests/unit/design-system/feedback/Alert.test.ts[2m > [22mAlert[2m > [22m插槽功能[2m > [22m默认插槽渲染描述内容
 [32m✓[39m tests/unit/design-system/feedback/Alert.test.ts[2m > [22mAlert[2m > [22m插槽功能[2m > [22mtitle 插槽覆盖 title prop
 [32m✓[39m tests/unit/design-system/feedback/Alert.test.ts[2m > [22mAlert[2m > [22m插槽功能[2m > [22mtitle 插槽可以包含 HTML
 [32m✓[39m tests/unit/design-system/feedback/Alert.test.ts[2m > [22mAlert[2m > [22m插槽功能[2m > [22m默认插槽可以包含 HTML
 [32m✓[39m tests/unit/design-system/feedback/Alert.test.ts[2m > [22mAlert[2m > [22m样式[2m > [22m接受自定义 class
 [32m✓[39m tests/unit/design-system/feedback/Alert.test.ts[2m > [22mAlert[2m > [22m样式[2m > [22m保持基础样式类
 [32m✓[39m tests/unit/design-system/feedback/Alert.test.ts[2m > [22mAlert[2m > [22m样式[2m > [22m有过渡动画类
 [32m✓[39m tests/unit/design-system/feedback/Alert.test.ts[2m > [22mAlert[2m > [22m样式[2m > [22m有正确的边框样式
 [32m✓[39m tests/unit/design-system/feedback/Alert.test.ts[2m > [22mAlert[2m > [22m可访问性[2m > [22m关闭按钮有正确的 aria-label
 [32m✓[39m tests/unit/design-system/feedback/Alert.test.ts[2m > [22mAlert[2m > [22m可访问性[2m > [22m关闭按钮有正确的 type 属性
 [32m✓[39m tests/unit/design-system/feedback/Alert.test.ts[2m > [22mAlert[2m > [22m可访问性[2m > [22mAlert 有 role="alert"
 [32m✓[39m tests/unit/design-system/feedback/Alert.test.ts[2m > [22mAlert[2m > [22m可访问性[2m > [22msuccess 类型有 aria-live="polite"
 [32m✓[39m tests/unit/design-system/feedback/Alert.test.ts[2m > [22mAlert[2m > [22m可访问性[2m > [22minfo 类型有 aria-live="polite"
 [32m✓[39m tests/unit/design-system/feedback/Alert.test.ts[2m > [22mAlert[2m > [22m边角情况[2m > [22m处理空描述
 [32m✓[39m tests/unit/design-system/feedback/Alert.test.ts[2m > [22mAlert[2m > [22m边角情况[2m > [22m处理只有标题没有描述
 [32m✓[39m tests/unit/design-system/feedback/Alert.test.ts[2m > [22mAlert[2m > [22m边角情况[2m > [22m处理长文本描述
 [32m✓[39m tests/unit/design-system/feedback/Alert.test.ts[2m > [22mAlert[2m > [22m边角情况[2m > [22m处理所有属性组合
 [32m✓[39m tests/unit/design-system/feedback/Alert.test.ts[2m > [22mAlert[2m > [22m动画[2m > [22m初始状态显示
 [32m✓[39m tests/unit/design-system/feedback/Alert.test.ts[2m > [22mAlert[2m > [22m动画[2m > [22m关闭时添加关闭动画类
 [32m✓[39m tests/unit/design-system/feedback/Alert.test.ts[2m > [22mAlert[2m > [22m图标样式[2m > [22m图标容器有正确的间距
 [32m✓[39m tests/unit/design-system/feedback/Alert.test.ts[2m > [22mAlert[2m > [22m图标样式[2m > [22mcenter 模式下图标有正确的样式
 [32m✓[39m tests/unit/design-system/feedback/Alert.test.ts[2m > [22mAlert[2m > [22m内容区域[2m > [22m内容区域有 flex-1 类
 [32m✓[39m tests/unit/design-system/feedback/Alert.test.ts[2m > [22mAlert[2m > [22m内容区域[2m > [22m标题有 font-semibold 类
 [32m✓[39m tests/unit/design-system/feedback/Alert.test.ts[2m > [22mAlert[2m > [22m内容区域[2m > [22m描述有 text-sm 类
 [32m✓[39m src/design-system/other/Transfer/__tests__/Transfer.test.ts[2m > [22mTransfer 组件[2m > [22m组件渲染[2m > [22m应该正确渲染 Transfer 组件
 [32m✓[39m src/design-system/other/Transfer/__tests__/Transfer.test.ts[2m > [22mTransfer 组件[2m > [22m组件渲染[2m > [22m应该渲染左右两个面板
 [32m✓[39m src/design-system/other/Transfer/__tests__/Transfer.test.ts[2m > [22mTransfer 组件[2m > [22m组件渲染[2m > [22m应该渲染操作按钮
 [32m✓[39m src/design-system/other/Transfer/__tests__/Transfer.test.ts[2m > [22mTransfer 组件[2m > [22m组件渲染[2m > [22m应该应用自定义类名
 [32m✓[39m src/design-system/other/Transfer/__tests__/Transfer.test.ts[2m > [22mTransfer 组件[2m > [22mProps[2m > [22m应该接受 data 属性
 [32m✓[39m src/design-system/other/Transfer/__tests__/Transfer.test.ts[2m > [22mTransfer 组件[2m > [22mProps[2m > [22m应该接受 modelValue 属性
 [32m✓[39m src/design-system/other/Transfer/__tests__/Transfer.test.ts[2m > [22mTransfer 组件[2m > [22mProps[2m > [22m应该接受 filterable 属性
 [32m✓[39m src/design-system/other/Transfer/__tests__/Transfer.test.ts[2m > [22mTransfer 组件[2m > [22mProps[2m > [22m应该接受 filterPlaceholder 属性
 [32m✓[39m src/design-system/other/Transfer/__tests__/Transfer.test.ts[2m > [22mTransfer 组件[2m > [22mProps[2m > [22m应该接受 titles 属性
 [32m✓[39m src/design-system/other/Transfer/__tests__/Transfer.test.ts[2m > [22mTransfer 组件[2m > [22mProps[2m > [22m应该接受 buttonTexts 属性
 [32m✓[39m src/design-system/other/Transfer/__tests__/Transfer.test.ts[2m > [22mTransfer 组件[2m > [22mProps[2m > [22m应该接受 format 属性
 [32m✓[39m src/design-system/other/Transfer/__tests__/Transfer.test.ts[2m > [22mTransfer 组件[2m > [22mProps[2m > [22m应该接受 props 属性（自定义字段名）
 [32m✓[39m src/design-system/other/Transfer/__tests__/Transfer.test.ts[2m > [22mTransfer 组件[2m > [22mProps[2m > [22m应该接受 targetOrder 属性
 [32m✓[39m src/design-system/other/Transfer/__tests__/Transfer.test.ts[2m > [22mTransfer 组件[2m > [22mProps[2m > [22m应该接受 leftDefaultChecked 属性
 [32m✓[39m src/design-system/other/Transfer/__tests__/Transfer.test.ts[2m > [22mTransfer 组件[2m > [22mProps[2m > [22m应该接受 rightDefaultChecked 属性
 [32m✓[39m src/design-system/other/Transfer/__tests__/Transfer.test.ts[2m > [22mTransfer 组件[2m > [22m数据穿梭功能[2m > [22m应该能够将数据从左侧移动到右侧
 [32m✓[39m src/design-system/other/Transfer/__tests__/Transfer.test.ts[2m > [22mTransfer 组件[2m > [22m数据穿梭功能[2m > [22m应该能够将数据从右侧移动到左侧
 [32m✓[39m src/design-system/other/Transfer/__tests__/Transfer.test.ts[2m > [22mTransfer 组件[2m > [22m数据穿梭功能[2m > [22m应该在未选中时禁用移动按钮
 [32m✓[39m src/design-system/other/Transfer/__tests__/Transfer.test.ts[2m > [22mTransfer 组件[2m > [22m数据穿梭功能[2m > [22m应该在选中时启用移动按钮
 [32m✓[39m src/design-system/other/Transfer/__tests__/Transfer.test.ts[2m > [22mTransfer 组件[2m > [22m事件[2m > [22m应该在移动时触发 change 事件
 [32m✓[39m src/design-system/other/Transfer/__tests__/Transfer.test.ts[2m > [22mTransfer 组件[2m > [22m事件[2m > [22m应该在左侧选中变化时触发 left-check-change 事件
 [32m✓[39m src/design-system/other/Transfer/__tests__/Transfer.test.ts[2m > [22mTransfer 组件[2m > [22m事件[2m > [22m应该在右侧选中变化时触发 right-check-change 事件
 [32m✓[39m src/design-system/other/Transfer/__tests__/Transfer.test.ts[2m > [22mTransfer 组件[2m > [22m事件[2m > [22m应该在值变化时触发 update:modelValue 事件
 [32m✓[39m src/design-system/other/Transfer/__tests__/Transfer.test.ts[2m > [22mTransfer 组件[2m > [22m数据计算[2m > [22m应该正确计算源数据（左侧）
 [32m✓[39m src/design-system/other/Transfer/__tests__/Transfer.test.ts[2m > [22mTransfer 组件[2m > [22m数据计算[2m > [22m应该正确计算目标数据（右侧）
 [32m✓[39m src/design-system/other/Transfer/__tests__/Transfer.test.ts[2m > [22mTransfer 组件[2m > [22m数据计算[2m > [22m应该根据 targetOrder 正确排序目标数据 - original
 [32m✓[39m src/design-system/other/Transfer/__tests__/Transfer.test.ts[2m > [22mTransfer 组件[2m > [22m数据计算[2m > [22m应该根据 targetOrder 正确排序目标数据 - push
 [32m✓[39m src/design-system/other/Transfer/__tests__/Transfer.test.ts[2m > [22mTransfer 组件[2m > [22m数据计算[2m > [22m应该根据 targetOrder 正确排序目标数据 - unshift
 [32m✓[39m src/design-system/other/Transfer/__tests__/Transfer.test.ts[2m > [22mTransfer 组件[2m > [22m禁用项[2m > [22m应该正确标记禁用项
 [32m✓[39m src/design-system/other/Transfer/__tests__/Transfer.test.ts[2m > [22mTransfer 组件[2m > [22m禁用项[2m > [22m禁用项不应该影响数据移动
 [32m✓[39m src/design-system/other/Transfer/__tests__/Transfer.test.ts[2m > [22mTransfer 组件[2m > [22m响应式[2m > [22m应该响应 modelValue 的变化
 [32m✓[39m src/design-system/other/Transfer/__tests__/Transfer.test.ts[2m > [22mTransfer 组件[2m > [22m响应式[2m > [22m应该响应 data 的变化
 [32m✓[39m src/design-system/other/Transfer/__tests__/Transfer.test.ts[2m > [22mTransfer 组件[2m > [22m边界情况[2m > [22m应该处理空数据
 [32m✓[39m src/design-system/other/Transfer/__tests__/Transfer.test.ts[2m > [22mTransfer 组件[2m > [22m边界情况[2m > [22m应该处理空 modelValue
 [32m✓[39m src/design-system/other/Transfer/__tests__/Transfer.test.ts[2m > [22mTransfer 组件[2m > [22m边界情况[2m > [22m应该处理所有数据都在右侧的情况
 [32m✓[39m src/design-system/other/Transfer/__tests__/Transfer.test.ts[2m > [22mTransfer 组件[2m > [22m边界情况[2m > [22m应该处理所有数据都在左侧的情况
 [32m✓[39m src/design-system/other/Transfer/__tests__/Transfer.test.ts[2m > [22mTransferPanel 组件[2m > [22m组件渲染[2m > [22m应该正确渲染 TransferPanel 组件
 [32m✓[39m src/design-system/other/Transfer/__tests__/Transfer.test.ts[2m > [22mTransferPanel 组件[2m > [22m组件渲染[2m > [22m应该渲染标题
 [32m✓[39m src/design-system/other/Transfer/__tests__/Transfer.test.ts[2m > [22mTransferPanel 组件[2m > [22m组件渲染[2m > [22m应该在 filterable 时渲染搜索框
 [32m✓[39m src/design-system/other/Transfer/__tests__/Transfer.test.ts[2m > [22mTransferPanel 组件[2m > [22m搜索功能[2m > [22m应该根据关键词过滤数据
 [32m✓[39m src/design-system/other/Transfer/__tests__/Transfer.test.ts[2m > [22mTransferPanel 组件[2m > [22m全选功能[2m > [22m应该支持全选
 [32m✓[39m src/design-system/other/Transfer/__tests__/Transfer.test.ts[2m > [22mTransferPanel 组件[2m > [22m全选功能[2m > [22m应该支持取消全选
 [32m✓[39m src/design-system/other/Transfer/__tests__/Transfer.test.ts[2m > [22mTransferItem 组件[2m > [22m组件渲染[2m > [22m应该正确渲染 TransferItem 组件
 [32m✓[39m src/design-system/other/Transfer/__tests__/Transfer.test.ts[2m > [22mTransferItem 组件[2m > [22m组件渲染[2m > [22m应该显示正确的标签
 [32m✓[39m src/design-system/other/Transfer/__tests__/Transfer.test.ts[2m > [22mTransferItem 组件[2m > [22m选中状态[2m > [22m应该在选中时显示选中样式
 [32m✓[39m src/design-system/other/Transfer/__tests__/Transfer.test.ts[2m > [22mTransferItem 组件[2m > [22m选中状态[2m > [22m应该在未选中时不显示选中样式
 [32m✓[39m src/design-system/other/Transfer/__tests__/Transfer.test.ts[2m > [22mTransferItem 组件[2m > [22m点击事件[2m > [22m应该在点击时切换选中状态
 [32m✓[39m src/design-system/other/Transfer/__tests__/Transfer.test.ts[2m > [22mTransferItem 组件[2m > [22m点击事件[2m > [22m应该在禁用时不触发点击事件
 [32m✓[39m src/design-system/other/Transfer/__tests__/Transfer.test.ts[2m > [22mTransferItem 组件[2m > [22m格式化显示[2m > [22m应该使用 format 格式化显示
 [32m✓[39m tests/unit/design-system/feedback/Dialog.test.ts[2m > [22mDialog 组件[2m > [22m显示/隐藏[2m > [22m点击遮罩层应该关闭对话框[33m 403[2mms[22m[39m
 [32m✓[39m tests/unit/design-system/feedback/Dialog.test.ts[2m > [22mDialog 组件[2m > [22m显示/隐藏[2m > [22mcloseOnClickModal 为 false 时不应该通过点击遮罩层关闭
 [32m✓[39m tests/unit/design-system/feedback/Dialog.test.ts[2m > [22mDialog 组件[2m > [22m显示/隐藏[2m > [22m按 ESC 键应该关闭对话框[33m 395[2mms[22m[39m
 [32m✓[39m tests/unit/design-system/feedback/Dialog.test.ts[2m > [22mDialog 组件[2m > [22m显示/隐藏[2m > [22mcloseOnPressEscape 为 false 时不应该通过 ESC 键关闭
 [32m✓[39m src/design-system/feedback/Notification/__tests__/Notification.test.ts[2m > [22mNotification 组件[2m > [22m自动关闭[2m > [22mduration 为 0 时不应该自动关闭[33m 539[2mms[22m[39m
 [32m✓[39m src/design-system/feedback/Notification/__tests__/Notification.test.ts[2m > [22mNotification 组件[2m > [22m点击事件[2m > [22m点击通知应该触发 click 事件
 [32m✓[39m src/design-system/feedback/Notification/__tests__/Notification.test.ts[2m > [22mNotification 组件[2m > [22m点击事件[2m > [22m点击通知应该调用 onClick 回调
 [32m✓[39m src/design-system/feedback/Notification/__tests__/Notification.test.ts[2m > [22mNotification 组件[2m > [22m点击事件[2m > [22m点击关闭按钮不应该触发通知的点击事件
 [32m✓[39m src/design-system/feedback/Notification/__tests__/Notification.test.ts[2m > [22mNotification 组件[2m > [22m自定义内容[2m > [22m应该支持自定义图标
 [32m✓[39m src/design-system/feedback/Notification/__tests__/Notification.test.ts[2m > [22mNotification 组件[2m > [22m自定义内容[2m > [22m应该支持 HTML 内容
 [32m✓[39m src/design-system/feedback/Notification/__tests__/Notification.test.ts[2m > [22mNotification 组件[2m > [22m自定义内容[2m > [22m不支持 HTML 时应该转义内容
 [32m✓[39m src/design-system/feedback/Notification/__tests__/Notification.test.ts[2m > [22mNotification 组件[2m > [22m深色模式[2m > [22msuccess 类型在深色模式下应该有正确的样式
 [32m✓[39m src/design-system/feedback/Notification/__tests__/Notification.test.ts[2m > [22mNotification 组件[2m > [22m深色模式[2m > [22minfo 类型在深色模式下应该有正确的样式
 [32m✓[39m src/design-system/feedback/Notification/__tests__/Notification.test.ts[2m > [22mNotification 组件[2m > [22m无障碍[2m > [22m应该有正确的 role 属性
 [32m✓[39m src/design-system/feedback/Notification/__tests__/Notification.test.ts[2m > [22mNotification 组件[2m > [22m无障碍[2m > [22m关闭按钮应该有 aria-label
 [32m✓[39m src/design-system/feedback/Notification/__tests__/Notification.test.ts[2m > [22mNotification 组件[2m > [22m动画[2m > [22m应该有进入动画类
 [32m✓[39m src/design-system/feedback/Notification/__tests__/Notification.test.ts[2m > [22museNotification Hook[2m > [22m基础功能[2m > [22m应该能够创建通知
 [32m✓[39m src/design-system/feedback/Notification/__tests__/Notification.test.ts[2m > [22museNotification Hook[2m > [22m基础功能[2m > [22msuccess 方法应该创建成功类型通知
 [32m✓[39m src/design-system/feedback/Notification/__tests__/Notification.test.ts[2m > [22museNotification Hook[2m > [22m基础功能[2m > [22minfo 方法应该创建信息类型通知
 [32m✓[39m src/design-system/feedback/Notification/__tests__/Notification.test.ts[2m > [22museNotification Hook[2m > [22m基础功能[2m > [22mwarning 方法应该创建警告类型通知
 [32m✓[39m src/design-system/feedback/Notification/__tests__/Notification.test.ts[2m > [22museNotification Hook[2m > [22m基础功能[2m > [22merror 方法应该创建错误类型通知
 [32m✓[39m src/design-system/feedback/Notification/__tests__/Notification.test.ts[2m > [22museNotification Hook[2m > [22m关闭功能[2m > [22mclose 方法应该能够关闭通知
 [32m✓[39m src/design-system/feedback/Notification/__tests__/Notification.test.ts[2m > [22museNotification Hook[2m > [22m关闭功能[2m > [22mcloseAll 方法应该关闭所有通知
 [32m✓[39m src/design-system/feedback/Notification/__tests__/Notification.test.ts[2m > [22museNotification Hook[2m > [22m配置功能[2m > [22mconfig 方法应该能够设置全局配置
 [32m✓[39m src/design-system/feedback/Notification/__tests__/Notification.test.ts[2m > [22museNotification Hook[2m > [22m配置功能[2m > [22m应该支持设置 position
 [32m✓[39m src/design-system/feedback/Notification/__tests__/Notification.test.ts[2m > [22museNotification Hook[2m > [22m配置功能[2m > [22m应该支持设置 duration
 [32m✓[39m src/design-system/feedback/Notification/__tests__/Notification.test.ts[2m > [22museNotification Hook[2m > [22m配置功能[2m > [22m应该支持设置 maxCount
 [32m✓[39m src/design-system/feedback/Notification/__tests__/Notification.test.ts[2m > [22museNotification Hook[2m > [22m回调功能[2m > [22m应该支持 onClose 回调
 [32m✓[39m src/design-system/feedback/Notification/__tests__/Notification.test.ts[2m > [22museNotification Hook[2m > [22m回调功能[2m > [22m应该支持 onClick 回调
 [32m✓[39m src/design-system/feedback/Notification/__tests__/Notification.test.ts[2m > [22museNotification Hook[2m > [22m选项功能[2m > [22m应该支持 title 选项
 [32m✓[39m src/design-system/feedback/Notification/__tests__/Notification.test.ts[2m > [22museNotification Hook[2m > [22m选项功能[2m > [22m应该支持 showClose 选项
 [32m✓[39m src/design-system/feedback/Notification/__tests__/Notification.test.ts[2m > [22museNotification Hook[2m > [22m选项功能[2m > [22m应该支持 duration 选项
 [32m✓[39m src/design-system/feedback/Notification/__tests__/Notification.test.ts[2m > [22museNotification Hook[2m > [22m选项功能[2m > [22m应该支持 position 选项
 [32m✓[39m src/design-system/feedback/Notification/__tests__/Notification.test.ts[2m > [22museNotification Hook[2m > [22m选项功能[2m > [22m应该支持自定义位置 top-right
 [32m✓[39m src/design-system/feedback/Notification/__tests__/Notification.test.ts[2m > [22museNotification Hook[2m > [22m选项功能[2m > [22m应该支持自定义位置 top-left
 [32m✓[39m src/design-system/feedback/Notification/__tests__/Notification.test.ts[2m > [22museNotification Hook[2m > [22m选项功能[2m > [22m应该支持自定义位置 bottom-right
 [32m✓[39m src/design-system/feedback/Notification/__tests__/Notification.test.ts[2m > [22museNotification Hook[2m > [22m选项功能[2m > [22m应该支持自定义位置 bottom-left
 [31m×[39m tests/unit/design-system/feedback/Dialog.test.ts[2m > [22mDialog 组件[2m > [22m显示/隐藏[2m > [22m对话框打开时应该禁用 body 滚动[33m 1072[2mms[22m[39m
[31m   → expected '' to be 'hidden' // Object.is equality

Ignored nodes: comments, script, style
[36m<html>[31m
  [36m<head />[31m
  [36m<body>[31m
    [36m<div />[31m
    [0m[0m
    [36m<transition-stub[31m
      [33mappear[31m=[32m"false"[31m
      [33mcss[31m=[32m"true"[31m
      [33mdata-v-65a60499[31m=[32m""[31m
      [33menteractiveclass[31m=[32m"transition-opacity duration-300"[31m
      [33menterfromclass[31m=[32m"opacity-0"[31m
      [33mentertoclass[31m=[32m"opacity-100"[31m
      [33mleaveactiveclass[31m=[32m"transition-opacity duration-300"[31m
      [33mleavefromclass[31m=[32m"opacity-100"[31m
      [33mleavetoclass[31m=[32m"opacity-0"[31m
      [33mpersisted[31m=[32m"false"[31m
    [36m>[31m
      [36m<div[31m
        [33maria-hidden[31m=[32m"true"[31m
        [33mclass[31m=[32m"fixed inset-0 bg-black/50 z-40 transition-opacity duration-300"[31m
        [33mdata-v-65a60499[31m=[32m""[31m
      [36m/>[31m
    [36m</transition-stub>[31m
    [36m<transition-stub[31m
      [33mappear[31m=[32m"false"[31m
      [33mcss[31m=[32m"true"[31m
      [33mdata-v-65a60499[31m=[32m""[31m
      [33menteractiveclass[31m=[32m"transition-all duration-300 ease-out"[31m
      [33menterfromclass[31m=[32m"opacity-0 scale-95"[31m
      [33mentertoclass[31m=[32m"opacity-100 scale-100"[31m
      [33mleaveactiveclass[31m=[32m"transition-all duration-300 ease-in"[31m
      [33mleavefromclass[31m=[32m"opacity-100 scale-100"[31m
      [33mleavetoclass[31m=[32m"opacity-0 scale-95"[31m
      [33mpersisted[31m=[32m"false"[31m
    [36m>[31m
      [36m<div[31m
        [33maria-modal[31m=[32m"true"[31m
        [33mclass[31m=[32m"fixed z-50 bg-white dark:bg-neutral-800 rounded-lg shadow-xl flex flex-col max-h-[90vh] w-full max-w-md top-20 left-1/2 -translate-x-1/2 transition-all duration-300 ease-in-out"[31m
        [33mdata-v-65a60499[31m=[32m""[31m
        [33mrole[31m=[32m"dialog"[31m
      [36m>[31m
        [36m<div[31m
          [33mclass[31m=[32m"flex-1 overflow-auto px-6 py-4"[31m
          [33mdata-v-65a60499[31m=[32m""[31m
        [36m>[31m
          [0m[0m
          [36m<p[31m
            [33mclass[31m=[32m"text-neutral-600 dark:text-neutral-400"[31m
            [33mdata-v-65a60499[31m=[32m""[31m
          [36m>[31m
            [0m 对话框内容 [0m
          [36m</p>[31m
          [0m[0m
        [36m</div>[31m
      [36m</div>[31m
    [36m</transition-stub>[31m
    [0m[0m
  [36m</body>[31m
[36m</html>[31m[39m
[90mstdout[2m | tests/unit/design-system/data/Tree.test.ts
[22m[39m✅ Unit test setup completed

[90mstdout[2m | tests/unit/design-system/data/Collapse.test.ts
[22m[39m✅ Unit test setup completed

[90mstdout[2m | tests/unit/design-system/other/Calendar.test.ts
[22m[39m✅ Unit test setup completed

[90mstdout[2m | tests/unit/design-system/form/Upload.test.ts
[22m[39m✅ Unit test setup completed

 [31m×[39m tests/unit/design-system/feedback/Dialog.test.ts[2m > [22mDialog 组件[2m > [22m显示/隐藏[2m > [22m对话框关闭时应该恢复 body 滚动[33m 1089[2mms[22m[39m
[31m   → expected '' to be 'hidden' // Object.is equality

Ignored nodes: comments, script, style
[36m<html>[31m
  [36m<head />[31m
  [36m<body>[31m
    [36m<div />[31m
    [0m[0m
    [36m<transition-stub[31m
      [33mappear[31m=[32m"false"[31m
      [33mcss[31m=[32m"true"[31m
      [33mdata-v-65a60499[31m=[32m""[31m
      [33menteractiveclass[31m=[32m"transition-opacity duration-300"[31m
      [33menterfromclass[31m=[32m"opacity-0"[31m
      [33mentertoclass[31m=[32m"opacity-100"[31m
      [33mleaveactiveclass[31m=[32m"transition-opacity duration-300"[31m
      [33mleavefromclass[31m=[32m"opacity-100"[31m
      [33mleavetoclass[31m=[32m"opacity-0"[31m
      [33mpersisted[31m=[32m"false"[31m
    [36m>[31m
      [36m<div[31m
        [33maria-hidden[31m=[32m"true"[31m
        [33mclass[31m=[32m"fixed inset-0 bg-black/50 z-40 transition-opacity duration-300"[31m
        [33mdata-v-65a60499[31m=[32m""[31m
      [36m/>[31m
    [36m</transition-stub>[31m
    [36m<transition-stub[31m
      [33mappear[31m=[32m"false"[31m
      [33mcss[31m=[32m"true"[31m
      [33mdata-v-65a60499[31m=[32m""[31m
      [33menteractiveclass[31m=[32m"transition-all duration-300 ease-out"[31m
      [33menterfromclass[31m=[32m"opacity-0 scale-95"[31m
      [33mentertoclass[31m=[32m"opacity-100 scale-100"[31m
      [33mleaveactiveclass[31m=[32m"transition-all duration-300 ease-in"[31m
      [33mleavefromclass[31m=[32m"opacity-100 scale-100"[31m
      [33mleavetoclass[31m=[32m"opacity-0 scale-95"[31m
      [33mpersisted[31m=[32m"false"[31m
    [36m>[31m
      [36m<div[31m
        [33maria-modal[31m=[32m"true"[31m
        [33mclass[31m=[32m"fixed z-50 bg-white dark:bg-neutral-800 rounded-lg shadow-xl flex flex-col max-h-[90vh] w-full max-w-md top-20 left-1/2 -translate-x-1/2 transition-all duration-300 ease-in-out"[31m
        [33mdata-v-65a60499[31m=[32m""[31m
        [33mrole[31m=[32m"dialog"[31m
      [36m>[31m
        [36m<div[31m
          [33mclass[31m=[32m"flex-1 overflow-auto px-6 py-4"[31m
          [33mdata-v-65a60499[31m=[32m""[31m
        [36m>[31m
          [0m[0m
          [36m<p[31m
            [33mclass[31m=[32m"text-neutral-600 dark:text-neutral-400"[31m
            [33mdata-v-65a60499[31m=[32m""[31m
          [36m>[31m
            [0m 对话框内容 [0m
          [36m</p>[31m
          [0m[0m
        [36m</div>[31m
      [36m</div>[31m
    [36m</transition-stub>[31m
    [0m[0m
  [36m</body>[31m
[36m</html>[31m[39m
 [32m✓[39m tests/unit/design-system/feedback/Dialog.test.ts[2m > [22mDialog 组件[2m > [22m尺寸变体[2m > [22m应该正确应用 sm 尺寸
 [32m✓[39m tests/unit/design-system/feedback/Dialog.test.ts[2m > [22mDialog 组件[2m > [22m尺寸变体[2m > [22m应该正确应用 md 尺寸
 [32m✓[39m tests/unit/design-system/feedback/Dialog.test.ts[2m > [22mDialog 组件[2m > [22m尺寸变体[2m > [22m应该正确应用 lg 尺寸
 [32m✓[39m tests/unit/design-system/feedback/Dialog.test.ts[2m > [22mDialog 组件[2m > [22m尺寸变体[2m > [22m应该正确应用 xl 尺寸
 [32m✓[39m tests/unit/design-system/feedback/Dialog.test.ts[2m > [22mDialog 组件[2m > [22m尺寸变体[2m > [22m应该正确应用 full 尺寸
 [32m✓[39m tests/unit/design-system/feedback/Dialog.test.ts[2m > [22mDialog 组件[2m > [22m居中显示[2m > [22mcenter 为 false 时应该默认在顶部显示
 [32m✓[39m tests/unit/design-system/feedback/Dialog.test.ts[2m > [22mDialog 组件[2m > [22m居中显示[2m > [22mcenter 为 true 时应该居中显示
 [32m✓[39m tests/unit/design-system/feedback/Dialog.test.ts[2m > [22mDialog 组件[2m > [22m插槽[2m > [22m应该渲染默认插槽内容
 [32m✓[39m tests/unit/design-system/feedback/Dialog.test.ts[2m > [22mDialog 组件[2m > [22m插槽[2m > [22m应该渲染 header 插槽内容
 [32m✓[39m tests/unit/design-system/feedback/Dialog.test.ts[2m > [22mDialog 组件[2m > [22m插槽[2m > [22mheader 插槽优先级高于 title prop
 [32m✓[39m tests/unit/design-system/feedback/Dialog.test.ts[2m > [22mDialog 组件[2m > [22m插槽[2m > [22m应该渲染 footer 插槽内容
[90mstdout[2m | tests/unit/design-system/data/Pagination.test.ts
[22m[39m✅ Unit test setup completed

[90mstdout[2m | src/design-system/feedback/Spinner/__tests__/Spinner.test.ts
[22m[39m✅ Unit test setup completed

[90mstdout[2m | src/design-system/other/ConfigProvider/__tests__/ConfigProvider.test.ts
[22m[39m✅ Unit test setup completed

[90mstdout[2m | tests/unit/design-system/layout/Container.test.ts
[22m[39m✅ Unit test setup completed

[90mstdout[2m | src/design-system/feedback/Message/__tests__/Message.test.ts
[22m[39m✅ Unit test setup completed

[90mstdout[2m | src/design-system/navigation/Breadcrumb/__tests__/Breadcrumb.test.ts
[22m[39m✅ Unit test setup completed

 [31m×[39m tests/unit/design-system/data/Tree.test.ts[2m > [22mTree 组件[2m > [22m基础渲染[2m > [22m应该正确渲染树形结构
[31m   → expected +0 to be 3 // Object.is equality[39m
 [31m×[39m tests/unit/design-system/data/Tree.test.ts[2m > [22mTree 组件[2m > [22m基础渲染[2m > [22m应该显示所有一级节点
[31m   → expected +0 to be 3 // Object.is equality[39m
 [31m×[39m tests/unit/design-system/data/Tree.test.ts[2m > [22mTree 组件[2m > [22m基础渲染[2m > [22m应该显示节点的 label
[31m   → Cannot read properties of undefined (reading 'text')[39m
 [32m✓[39m tests/unit/design-system/data/Tree.test.ts[2m > [22mTree 组件[2m > [22m展开/收起[2m > [22m默认情况下不展开子节点
 [31m×[39m tests/unit/design-system/data/Tree.test.ts[2m > [22mTree 组件[2m > [22m展开/收起[2m > [22mdefaultExpandAll 为 true 时应该展开所有节点
[31m   → expected '<div class="tree"> {nodeStates.map((n…' to contain '二级 1-1'[39m
 [31m×[39m tests/unit/design-system/data/Tree.test.ts[2m > [22mTree 组件[2m > [22m展开/收起[2m > [22m应该能切换展开/收起状态
[31m   → Cannot call trigger on an empty DOMWrapper.[39m
 [31m×[39m tests/unit/design-system/data/Tree.test.ts[2m > [22mTree 组件[2m > [22m展开/收起[2m > [22mdefaultExpandedKeys 应该默认展开指定节点
[31m   → expected '<div class="tree"> {nodeStates.map((n…' to contain '二级 1-1'[39m
 [31m×[39m tests/unit/design-system/data/Tree.test.ts[2m > [22mTree 组件[2m > [22m勾选功能[2m > [22mcheckable 为 true 时应该显示复选框
[31m   → expected false to be true // Object.is equality[39m
 [32m✓[39m tests/unit/design-system/data/Tree.test.ts[2m > [22mTree 组件[2m > [22m勾选功能[2m > [22mcheckable 为 false 时不应该显示复选框
 [31m×[39m tests/unit/design-system/data/Tree.test.ts[2m > [22mTree 组件[2m > [22m勾选功能[2m > [22m应该能切换选中状态
[31m   → Cannot call trigger on an empty DOMWrapper.[39m
 [31m×[39m tests/unit/design-system/data/Tree.test.ts[2m > [22mTree 组件[2m > [22m勾选功能[2m > [22mdefaultCheckedKeys 应该默认选中指定节点
[31m   → expected undefined to be truthy[39m
 [31m×[39m tests/unit/design-system/data/Tree.test.ts[2m > [22mTree 组件[2m > [22m勾选功能[2m > [22m选中父节点时应该选中所有子节点
[31m   → Cannot read properties of undefined (reading 'trigger')[39m
 [31m×[39m tests/unit/design-system/data/Tree.test.ts[2m > [22mTree 组件[2m > [22m高亮当前节点[2m > [22mhighlightCurrent 为 false 时不应该高亮节点
[31m   → Cannot call classes on an empty DOMWrapper.[39m
 [31m×[39m tests/unit/design-system/data/Tree.test.ts[2m > [22mTree 组件[2m > [22m高亮当前节点[2m > [22m点击节点时应该高亮（highlightCurrent 为 true）
[31m   → Cannot call trigger on an empty DOMWrapper.[39m
 [31m×[39m tests/unit/design-system/data/Tree.test.ts[2m > [22mTree 组件[2m > [22m点击节点展开[2m > [22mexpandOnClickNode 为 true 时点击节点应该展开
[31m   → Cannot call trigger on an empty DOMWrapper.[39m
 [31m×[39m tests/unit/design-system/data/Tree.test.ts[2m > [22mTree 组件[2m > [22m点击节点展开[2m > [22mexpandOnClickNode 为 false 时点击节点不应该展开
[31m   → Cannot call trigger on an empty DOMWrapper.[39m
 [31m×[39m tests/unit/design-system/data/Tree.test.ts[2m > [22mTree 组件[2m > [22m禁用状态[2m > [22m禁用的节点应该有正确的样式
[31m   → Cannot read properties of undefined (reading 'classes')[39m
 [31m×[39m tests/unit/design-system/data/Tree.test.ts[2m > [22mTree 组件[2m > [22m禁用状态[2m > [22m禁用的节点不应该响应点击
[31m   → Cannot read properties of undefined (reading 'trigger')[39m
 [31m×[39m tests/unit/design-system/data/Tree.test.ts[2m > [22mTree 组件[2m > [22m禁用状态[2m > [22m禁用的节点不应该可以被勾选
[31m   → Cannot read properties of undefined (reading 'trigger')[39m
 [31m×[39m tests/unit/design-system/data/Tree.test.ts[2m > [22mTree 组件[2m > [22m尺寸[2m > [22m应该正确应用 sm 尺寸
[31m   → expected [ 'tree' ] to include 'text-sm'[39m
 [31m×[39m tests/unit/design-system/data/Tree.test.ts[2m > [22mTree 组件[2m > [22m尺寸[2m > [22m应该正确应用 md 尺寸
[31m   → expected [ 'tree' ] to include 'text-base'[39m
 [31m×[39m tests/unit/design-system/data/Tree.test.ts[2m > [22mTree 组件[2m > [22m尺寸[2m > [22m应该正确应用 lg 尺寸
[31m   → expected [ 'tree' ] to include 'text-lg'[39m
 [31m×[39m tests/unit/design-system/data/Tree.test.ts[2m > [22mTree 组件[2m > [22m自定义内容[2m > [22m应该渲染自定义插槽内容
[31m   → expected '<div class="tree"> {nodeStates.map((n…' to contain 'Custom'[39m
 [32m✓[39m tests/unit/design-system/data/Tree.test.ts[2m > [22mTree 组件[2m > [22m实例方法[2m > [22mgetCheckedNodes 应该返回选中的节点
 [32m✓[39m tests/unit/design-system/data/Tree.test.ts[2m > [22mTree 组件[2m > [22m实例方法[2m > [22mgetCheckedKeys 应该返回选中的节点 key
 [31m×[39m tests/unit/design-system/data/Tree.test.ts[2m > [22mTree 组件[2m > [22m实例方法[2m > [22msetCheckedKeys 应该设置选中的节点
[31m   → Cannot create property 'value' on boolean 'false'[39m
 [32m✓[39m tests/unit/design-system/data/Tree.test.ts[2m > [22mTree 组件[2m > [22m实例方法[2m > [22mgetExpandedKeys 应该返回展开的节点 key
 [31m×[39m tests/unit/design-system/data/Tree.test.ts[2m > [22mTree 组件[2m > [22m实例方法[2m > [22msetExpandedKeys 应该设置展开的节点
[31m   → Cannot create property 'value' on boolean 'false'[39m
 [31m×[39m tests/unit/design-system/data/Tree.test.ts[2m > [22mTree 组件[2m > [22m事件[2m > [22m点击节点应该触发 nodeClick 事件
[31m   → Cannot call trigger on an empty DOMWrapper.[39m
 [31m×[39m tests/unit/design-system/data/Tree.test.ts[2m > [22mTree 组件[2m > [22m事件[2m > [22m展开/收起节点应该触发 nodeExpand 事件
[31m   → Cannot call trigger on an empty DOMWrapper.[39m
 [31m×[39m tests/unit/design-system/data/Tree.test.ts[2m > [22mTree 组件[2m > [22m事件[2m > [22m勾选/取消勾选节点应该触发 checkChange 事件
[31m   → Cannot call trigger on an empty DOMWrapper.[39m
 [31m×[39m tests/unit/design-system/data/Tree.test.ts[2m > [22mTree 组件[2m > [22m可访问性[2m > [22m应该支持键盘导航
[31m   → Cannot call attributes on an empty DOMWrapper.[39m
 [31m×[39m tests/unit/design-system/data/Tree.test.ts[2m > [22mTree 组件[2m > [22m可访问性[2m > [22m禁用的节点应该有正确的 aria 属性
[31m   → Cannot call classes on an empty DOMWrapper.[39m
 [32m✓[39m tests/unit/design-system/data/Tree.test.ts[2m > [22mTree 组件[2m > [22m样式[2m > [22m应该接受自定义 class
 [31m×[39m tests/unit/design-system/data/Tree.test.ts[2m > [22mTree 组件[2m > [22m样式[2m > [22m应该有正确的过渡动画
[31m   → Cannot call classes on an empty DOMWrapper.[39m
 [32m✓[39m tests/unit/design-system/data/Tree.test.ts[2m > [22mTree 组件[2m > [22m边界情况[2m > [22m空数据应该正常渲染
 [31m×[39m tests/unit/design-system/data/Tree.test.ts[2m > [22mTree 组件[2m > [22m边界情况[2m > [22m没有 id 的节点应该使用 label 作为标识
[31m   → expected '<div class="tree"> {nodeStates.map((n…' to contain '节点 1'[39m
 [31m×[39m tests/unit/design-system/data/Tree.test.ts[2m > [22mTree 组件[2m > [22m边界情况[2m > [22m深层嵌套的节点应该正确渲染
[31m   → expected '<div class="tree"> {nodeStates.map((n…' to contain '四级'[39m
 [31m×[39m tests/unit/design-system/feedback/Dialog.test.ts[2m > [22mDialog 组件[2m > [22m插槽[2m > [22m应该渲染 title 插槽内容[33m 1040[2mms[22m[39m
[31m   → Unable to find an element with the text: 自定义标题. This could be because the text is broken up by multiple elements. In this case, you can provide a function for your text matcher to make your matcher more flexible.

Ignored nodes: comments, script, style
[36m<body>[31m
  [36m<div />[31m
  [0m[0m
  [36m<transition-stub[31m
    [33mappear[31m=[32m"false"[31m
    [33mcss[31m=[32m"true"[31m
    [33mdata-v-65a60499[31m=[32m""[31m
    [33menteractiveclass[31m=[32m"transition-opacity duration-300"[31m
    [33menterfromclass[31m=[32m"opacity-0"[31m
    [33mentertoclass[31m=[32m"opacity-100"[31m
    [33mleaveactiveclass[31m=[32m"transition-opacity duration-300"[31m
    [33mleavefromclass[31m=[32m"opacity-100"[31m
    [33mleavetoclass[31m=[32m"opacity-0"[31m
    [33mpersisted[31m=[32m"false"[31m
  [36m>[31m
    [36m<div[31m
      [33maria-hidden[31m=[32m"true"[31m
      [33mclass[31m=[32m"fixed inset-0 bg-black/50 z-40 transition-opacity duration-300"[31m
      [33mdata-v-65a60499[31m=[32m""[31m
    [36m/>[31m
  [36m</transition-stub>[31m
  [36m<transition-stub[31m
    [33mappear[31m=[32m"false"[31m
    [33mcss[31m=[32m"true"[31m
    [33mdata-v-65a60499[31m=[32m""[31m
    [33menteractiveclass[31m=[32m"transition-all duration-300 ease-out"[31m
    [33menterfromclass[31m=[32m"opacity-0 scale-95"[31m
    [33mentertoclass[31m=[32m"opacity-100 scale-100"[31m
    [33mleaveactiveclass[31m=[32m"transition-all duration-300 ease-in"[31m
    [33mleavefromclass[31m=[32m"opacity-100 scale-100"[31m
    [33mleavetoclass[31m=[32m"opacity-0 scale-95"[31m
    [33mpersisted[31m=[32m"false"[31m
  [36m>[31m
    [36m<div[31m
      [33maria-labelledby[31m=[32m"dialog-title"[31m
      [33maria-modal[31m=[32m"true"[31m
      [33mclass[31m=[32m"fixed z-50 bg-white dark:bg-neutral-800 rounded-lg shadow-xl flex flex-col max-h-[90vh] w-full max-w-md top-20 left-1/2 -translate-x-1/2 transition-all duration-300 ease-in-out"[31m
      [33mdata-v-65a60499[31m=[32m""[31m
      [33mrole[31m=[32m"dialog"[31m
    [36m>[31m
      [36m<div[31m
        [33mclass[31m=[32m"flex items-center justify-between px-6 py-4 border-b border-neutral-200 dark:border-neutral-700"[31m
        [33mdata-v-65a60499[31m=[32m""[31m
      [36m>[31m
        [36m<div[31m
          [33mclass[31m=[32m"flex items-center gap-3"[31m
          [33mdata-v-65a60499[31m=[32m""[31m
        [36m>[31m
          [0m[0m
          [36m<h3[31m
            [33mclass[31m=[32m"text-lg font-semibold text-neutral-900 dark:text-neutral-100"[31m
            [33mdata-v-65a60499[31m=[32m""[31m
            [33mid[31m=[32m"dialog-title"[31m
          [36m>[31m
            [0m默认标题[0m
          [36m</h3>[31m
          [0m[0m
        [36m</div>[31m
        [36m<button[31m
          [33maria-label[31m=[32m"关闭对话框"[31m
          [33mclass[31m=[32m"text-neutral-400 hover:text-neutral-600 dark:text-neutral-500 dark:hover:text-neutral-300 transition-colors p-1 rounded-md hover:bg-neutral-100 dark:hover:bg-neutral-700 focus:outline-none focus:ring-2 focus:ring-primary-500"[31m
          [33mdata-v-65a60499[31m=[32m""[31m
          [33mtype[31m=[32m"button"[31m
        [36m>[31m
          [36m<div[31m
            [33mdata-v-65a60499[31m=[32m""[31m
          [36m>[31m
            [36m<svg[31m
              [33maria-label[31m=[32m"x-mark"[31m
              [33mclass[31m=[32m"h-5 w-5 inline-flex-shrink-0"[31m
              [33mfill[31m=[32m"none"[31m
              [33mstroke[31m=[32m"currentColor"[31m
              [33mstroke-width[31m=[32m"1.5"[31m
              [33mviewBox[31m=[32m"0 0 24 24"[31m
              [33mxmlns[31m=[32m"http://www.w3.org/2000/svg"[31m
            [36m>[31m
              [36m<path[31m
                [33md[31m=[32m"M6 18 18 6M6 6l12 12"[31m
                [33mstroke-linecap[31m=[32m"round"[31m
                [33mstroke-linejoin[31m=[32m"round"[31m
              [36m/>[31m
            [36m</svg>[31m
          [36m</div>[31m
        [36m</button>[31m
      [36m</div>[31m
      [36m<div[31m
        [33mclass[31m=[32m"flex-1 overflow-auto px-6 py-4"[31m
        [33mdata-v-65a60499[31m=[32m""[31m
      [36m>[31m
        [0m[0m
        [36m<p[31m
          [33mclass[31m=[32m"text-neutral-600 dark:text-neutral-400"[31m
          [33mdata-v-65a60499[31m=[32m""[31m
        [36m>[31m
          [0m 对话框内容 [0m
        [36m</p>[31m
        [0m[0m
      [36m</div>[31m
    [36m</div>[31m
  [36m</transition-stub>[31m
  [0m[0m
[36m</body>[31m

Ignored nodes: comments, script, style
[36m<html>[31m
  [36m<head />[31m
  [36m<body>[31m
    [36m<div />[31m
    [0m[0m
    [36m<transition-stub[31m
      [33mappear[31m=[32m"false"[31m
      [33mcss[31m=[32m"true"[31m
      [33mdata-v-65a60499[31m=[32m""[31m
      [33menteractiveclass[31m=[32m"transition-opacity duration-300"[31m
      [33menterfromclass[31m=[32m"opacity-0"[31m
      [33mentertoclass[31m=[32m"opacity-100"[31m
      [33mleaveactiveclass[31m=[32m"transition-opacity duration-300"[31m
      [33mleavefromclass[31m=[32m"opacity-100"[31m
      [33mleavetoclass[31m=[32m"opacity-0"[31m
      [33mpersisted[31m=[32m"false"[31m
    [36m>[31m
      [36m<div[31m
        [33maria-hidden[31m=[32m"true"[31m
        [33mclass[31m=[32m"fixed inset-0 bg-black/50 z-40 transition-opacity duration-300"[31m
        [33mdata-v-65a60499[31m=[32m""[31m
      [36m/>[31m
    [36m</transition-stub>[31m
    [36m<transition-stub[31m
      [33mappear[31m=[32m"false"[31m
      [33mcss[31m=[32m"true"[31m
      [33mdata-v-65a60499[31m=[32m""[31m
      [33menteractiveclass[31m=[32m"transition-all duration-300 ease-out"[31m
      [33menterfromclass[31m=[32m"opacity-0 scale-95"[31m
      [33mentertoclass[31m=[32m"opacity-100 scale-100"[31m
      [33mleaveactiveclass[31m=[32m"transition-all duration-300 ease-in"[31m
      [33mleavefromclass[31m=[32m"opacity-100 scale-100"[31m
      [33mleavetoclass[31m=[32m"opacity-0 scale-95"[31m
      [33mpersisted[31m=[32m"false"[31m
    [36m>[31m
      [36m<div[31m
        [33maria-labelledby[31m=[32m"dialog-title"[31m
        [33maria-modal[31m=[32m"true"[31m
        [33mclass[31m=[32m"fixed z-50 bg-white dark:bg-neutral-800 rounded-lg shadow-xl flex flex-col max-h-[90vh] w-full max-w-md top-20 left-1/2 -translate-x-1/2 transition-all duration-300 ease-in-out"[31m
        [33mdata-v-65a60499[31m=[32m""[31m
        [33mrole[31m=[32m"dialog"[31m
      [36m>[31m
        [36m<div[31m
          [33mclass[31m=[32m"flex items-center justify-between px-6 py-4 border-b border-neutral-200 dark:border-neutral-700"[31m
          [33mdata-v-65a60499[31m=[32m""[31m
        [36m>[31m
          [36m<div[31m
            [33mclass[31m=[32m"flex items-center gap-3"[31m
            [33mdata-v-65a60499[31m=[32m""[31m
          [36m>[31m
            [0m[0m
            [36m<h3[31m
              [33mclass[31m=[32m"text-lg font-semibold text-neutral-900 dark:text-neutral-100"[31m
              [33mdata-v-65a60499[31m=[32m""[31m
              [33mid[31m=[32m"dialog-title"[31m
            [36m>[31m
              [0m默认标题[0m
            [36m</h3>[31m
            [0m[0m
          [36m</div>[31m
          [36m<button[31m
            [33maria-label[31m=[32m"关闭对话框"[31m
            [33mclass[31m=[32m"text-neutral-400 hover:text-neutral-600 dark:text-neutral-500 dark:hover:text-neutral-300 transition-colors p-1 rounded-md hover:bg-neutral-100 dark:hover:bg-neutral-700 focus:outline-none focus:ring-2 focus:ring-primary-500"[31m
            [33mdata-v-65a60499[31m=[32m""[31m
            [33mtype[31m=[32m"button"[31m
          [36m>[31m
            [36m<div[31m
              [33mdata-v-65a60499[31m=[32m""[31m
            [36m>[31m
              [36m<svg[31m
                [33maria-label[31m=[32m"x-mark"[31m
                [33mclass[31m=[32m"h-5 w-5 inline-flex-shrink-0"[31m
                [33mfill[31m=[32m"none"[31m
                [33mstroke[31m=[32m"currentColor"[31m
                [33mstroke-width[31m=[32m"1.5"[31m
                [33mviewBox[31m=[32m"0 0 24 24"[31m
                [33mxmlns[31m=[32m"http://www.w3.org/2000/svg"[31m
              [36m>[31m
                [36m<path[31m
                  [33md[31m=[32m"M6 18 18 6M6 6l12 12"[31m
                  [33mstroke-linecap[31m=[32m"round"[31m
                  [33mstroke-linejoin[31m=[32m"round"[31m
                [36m/>[31m
              [36m</svg>[31m
            [36m</div>[31m
          [36m</button>[31m
        [36m</div>[31m
        [36m<div[31m
          [33mclass[31m=[32m"flex-1 overflow-auto px-6 py-4"[31m
          [33mdata-v-65a60499[31m=[32m""[31m
        [36m>[31m
          [0m[0m
          [36m<p[31m
            [33mclass[31m=[32m"text-neutral-600 dark:text-neutral-400"[31m
            [33mdata-v-65a60499[31m=[32m""[31m
          [36m>[31m
            [0m 对话框内容 [0m
          [36m</p>[31m
          [0m[0m
        [36m</div>[31m
      [36m</div>[31m
    [36m</transition-stub>[31m
    [0m[0m
  [36m</body>[31m
[36m</html>[31m[39m
[90mstdout[2m | tests/unit/design-system/data/Table.test.ts
[22m[39m✅ Unit test setup completed

[90mstdout[2m | tests/unit/design-system/form/Slider.test.ts
[22m[39m✅ Unit test setup completed

[90mstdout[2m | tests/unit/design-system/base/Checkbox.test.ts
[22m[39m✅ Unit test setup completed

 [32m✓[39m tests/unit/design-system/form/Upload.test.ts[2m > [22mUpload 组件[2m > [22m基础渲染[2m > [22m应该正确渲染上传组件
 [32m✓[39m tests/unit/design-system/form/Upload.test.ts[2m > [22mUpload 组件[2m > [22m基础渲染[2m > [22m应该渲染拖拽上传区域
 [32m✓[39m tests/unit/design-system/form/Upload.test.ts[2m > [22mUpload 组件[2m > [22m基础渲染[2m > [22m应该隐藏文件输入框
 [32m✓[39m tests/unit/design-system/form/Upload.test.ts[2m > [22mUpload 组件[2m > [22mProps 测试[2m > [22m应该正确设置 accept 属性
 [32m✓[39m tests/unit/design-system/form/Upload.test.ts[2m > [22mUpload 组件[2m > [22mProps 测试[2m > [22m应该正确设置 multiple 属性
 [32m✓[39m tests/unit/design-system/form/Upload.test.ts[2m > [22mUpload 组件[2m > [22mProps 测试[2m > [22m应该正确设置 disabled 属性
 [32m✓[39m tests/unit/design-system/form/Upload.test.ts[2m > [22mUpload 组件[2m > [22mProps 测试[2m > [22m应该正确设置 listType 属性
 [32m✓[39m tests/unit/design-system/form/Upload.test.ts[2m > [22mUpload 组件[2m > [22m文件选择测试[2m > [22m应该能够选择单个文件
 [32m✓[39m tests/unit/design-system/form/Upload.test.ts[2m > [22mUpload 组件[2m > [22m文件选择测试[2m > [22m应该能够选择多个文件
 [32m✓[39m tests/unit/design-system/form/Upload.test.ts[2m > [22mUpload 组件[2m > [22m文件选择测试[2m > [22m应该在选择文件后触发 update:fileList 事件
 [32m✓[39m tests/unit/design-system/form/Upload.test.ts[2m > [22mUpload 组件[2m > [22m文件限制测试[2m > [22m应该在超过数量限制时触发 exceed 事件
 [32m✓[39m tests/unit/design-system/form/Upload.test.ts[2m > [22mUpload 组件[2m > [22m文件限制测试[2m > [22m应该在达到限制后禁用上传
 [32m✓[39m tests/unit/design-system/form/Upload.test.ts[2m > [22mUpload 组件[2m > [22m拖拽上传测试[2m > [22m应该在拖拽进入时显示拖拽状态
 [32m✓[39m tests/unit/design-system/form/Upload.test.ts[2m > [22mUpload 组件[2m > [22m拖拽上传测试[2m > [22m应该在拖拽离开时隐藏拖拽状态
 [32m✓[39m tests/unit/design-system/form/Upload.test.ts[2m > [22mUpload 组件[2m > [22m文件列表测试[2m > [22m应该正确显示文件列表
 [32m✓[39m tests/unit/design-system/form/Upload.test.ts[2m > [22mUpload 组件[2m > [22m文件列表测试[2m > [22m应该隐藏文件列表
 [32m✓[39m tests/unit/design-system/form/Upload.test.ts[2m > [22mUpload 组件[2m > [22m文件列表测试[2m > [22m应该显示上传进度
 [32m✓[39m tests/unit/design-system/form/Upload.test.ts[2m > [22mUpload 组件[2m > [22m文件列表测试[2m > [22m应该显示成功状态
 [32m✓[39m tests/unit/design-system/form/Upload.test.ts[2m > [22mUpload 组件[2m > [22m文件列表测试[2m > [22m应该显示错误状态
 [32m✓[39m tests/unit/design-system/form/Upload.test.ts[2m > [22mUpload 组件[2m > [22m文件操作测试[2m > [22m应该能够删除文件
 [32m✓[39m tests/unit/design-system/form/Upload.test.ts[2m > [22mUpload 组件[2m > [22m事件测试[2m > [22m应该触发 change 事件
 [32m✓[39m tests/unit/design-system/form/Upload.test.ts[2m > [22mUpload 组件[2m > [22m事件测试[2m > [22m应该触发 progress 事件
 [32m✓[39m src/design-system/other/ConfigProvider/__tests__/ConfigProvider.test.ts[2m > [22mConfigProvider 组件[2m > [22m基础渲染[2m > [22m应该正确渲染组件
 [32m✓[39m src/design-system/other/ConfigProvider/__tests__/ConfigProvider.test.ts[2m > [22mConfigProvider 组件[2m > [22m基础渲染[2m > [22m应该渲染默认插槽内容
 [32m✓[39m src/design-system/other/ConfigProvider/__tests__/ConfigProvider.test.ts[2m > [22mConfigProvider 组件[2m > [22m基础渲染[2m > [22m应该渲染子组件
 [32m✓[39m src/design-system/other/ConfigProvider/__tests__/ConfigProvider.test.ts[2m > [22mConfigProvider 组件[2m > [22mProps - size[2m > [22m应该正确设置 size 为 small
 [32m✓[39m src/design-system/other/ConfigProvider/__tests__/ConfigProvider.test.ts[2m > [22mConfigProvider 组件[2m > [22mProps - size[2m > [22m应该正确设置 size 为 medium
 [32m✓[39m src/design-system/other/ConfigProvider/__tests__/ConfigProvider.test.ts[2m > [22mConfigProvider 组件[2m > [22mProps - size[2m > [22m应该正确设置 size 为 large
 [32m✓[39m src/design-system/other/ConfigProvider/__tests__/ConfigProvider.test.ts[2m > [22mConfigProvider 组件[2m > [22mProps - size[2m > [22m应该使用默认 size 值 medium
 [32m✓[39m src/design-system/other/ConfigProvider/__tests__/ConfigProvider.test.ts[2m > [22mConfigProvider 组件[2m > [22mProps - namespace[2m > [22m应该正确设置 namespace
 [32m✓[39m src/design-system/other/ConfigProvider/__tests__/ConfigProvider.test.ts[2m > [22mConfigProvider 组件[2m > [22mProps - namespace[2m > [22m应该使用默认 namespace 值 qy
 [32m✓[39m src/design-system/other/ConfigProvider/__tests__/ConfigProvider.test.ts[2m > [22mConfigProvider 组件[2m > [22mProps - locale[2m > [22m应该正确设置 locale
 [32m✓[39m src/design-system/other/ConfigProvider/__tests__/ConfigProvider.test.ts[2m > [22mConfigProvider 组件[2m > [22mProps - locale[2m > [22mlocale 默认值应该为 undefined
 [32m✓[39m src/design-system/other/ConfigProvider/__tests__/ConfigProvider.test.ts[2m > [22mConfigProvider 组件[2m > [22mProps - direction[2m > [22m应该正确设置 direction 为 ltr
 [32m✓[39m src/design-system/other/ConfigProvider/__tests__/ConfigProvider.test.ts[2m > [22mConfigProvider 组件[2m > [22mProps - direction[2m > [22m应该正确设置 direction 为 rtl
 [32m✓[39m src/design-system/other/ConfigProvider/__tests__/ConfigProvider.test.ts[2m > [22mConfigProvider 组件[2m > [22mProps - direction[2m > [22m应该使用默认 direction 值 ltr
 [32m✓[39m src/design-system/other/ConfigProvider/__tests__/ConfigProvider.test.ts[2m > [22mConfigProvider 组件[2m > [22mProps - button[2m > [22m应该正确设置 button 配置
 [32m✓[39m src/design-system/other/ConfigProvider/__tests__/ConfigProvider.test.ts[2m > [22mConfigProvider 组件[2m > [22mProps - button[2m > [22m应该使用默认 button 配置
 [32m✓[39m src/design-system/other/ConfigProvider/__tests__/ConfigProvider.test.ts[2m > [22mConfigProvider 组件[2m > [22mProps - zIndex[2m > [22m应该正确设置 zIndex 配置
 [32m✓[39m src/design-system/other/ConfigProvider/__tests__/ConfigProvider.test.ts[2m > [22mConfigProvider 组件[2m > [22mProps - zIndex[2m > [22m应该使用默认 zIndex 配置
 [31m×[39m src/design-system/other/ConfigProvider/__tests__/ConfigProvider.test.ts[2m > [22mConfigProvider 组件[2m > [22mProvide/Inject[2m > [22m应该向子组件提供配置上下文
[31m   → expected undefined to be 'large' // Object.is equality[39m
 [32m✓[39m src/design-system/other/ConfigProvider/__tests__/ConfigProvider.test.ts[2m > [22mConfigProvider 组件[2m > [22mProvide/Inject[2m > [22m子组件应该能够注入配置
 [31m×[39m src/design-system/other/ConfigProvider/__tests__/ConfigProvider.test.ts[2m > [22mConfigProvider 组件[2m > [22mProvide/Inject[2m > [22m应该提供完整的配置上下文
[31m   → expected { Object (fn, setter, ...) } to have property "size" with value 'large'[39m
 [31m×[39m src/design-system/other/ConfigProvider/__tests__/ConfigProvider.test.ts[2m > [22mConfigProvider 组件[2m > [22mProvide/Inject[2m > [22m配置上下文应该包含所有 props
[31m   → expected undefined to be 'small' // Object.is equality[39m
 [32m✓[39m src/design-system/other/ConfigProvider/__tests__/ConfigProvider.test.ts[2m > [22mConfigProvider 组件[2m > [22m嵌套配置[2m > [22m应该支持嵌套使用
 [32m✓[39m src/design-system/other/ConfigProvider/__tests__/ConfigProvider.test.ts[2m > [22mConfigProvider 组件[2m > [22m嵌套配置[2m > [22m嵌套配置应该正确工作
 [32m✓[39m src/design-system/other/ConfigProvider/__tests__/ConfigProvider.test.ts[2m > [22mConfigProvider 组件[2m > [22m嵌套配置[2m > [22m多层嵌套应该正确渲染
 [32m✓[39m src/design-system/other/ConfigProvider/__tests__/ConfigProvider.test.ts[2m > [22mConfigProvider 组件[2m > [22m插槽[2m > [22m应该正确渲染默认插槽
 [32m✓[39m src/design-system/other/ConfigProvider/__tests__/ConfigProvider.test.ts[2m > [22mConfigProvider 组件[2m > [22m插槽[2m > [22m应该支持多个子组件
 [32m✓[39m src/design-system/other/ConfigProvider/__tests__/ConfigProvider.test.ts[2m > [22mConfigProvider 组件[2m > [22m插槽[2m > [22m应该支持嵌套组件
 [32m✓[39m src/design-system/other/ConfigProvider/__tests__/ConfigProvider.test.ts[2m > [22mConfigProvider 组件[2m > [22mProps 响应式更新[2m > [22m更新 size prop 应该成功
 [32m✓[39m src/design-system/other/ConfigProvider/__tests__/ConfigProvider.test.ts[2m > [22mConfigProvider 组件[2m > [22mProps 响应式更新[2m > [22m更新 namespace prop 应该成功
 [32m✓[39m src/design-system/other/ConfigProvider/__tests__/ConfigProvider.test.ts[2m > [22mConfigProvider 组件[2m > [22mProps 响应式更新[2m > [22m更新 direction prop 应该成功
 [32m✓[39m src/design-system/other/ConfigProvider/__tests__/ConfigProvider.test.ts[2m > [22mConfigProvider 组件[2m > [22mProps 响应式更新[2m > [22m更新 locale prop 应该成功
 [32m✓[39m src/design-system/other/ConfigProvider/__tests__/ConfigProvider.test.ts[2m > [22mConfigProvider 组件[2m > [22mProps 响应式更新[2m > [22m更新 button prop 应该成功
 [32m✓[39m src/design-system/other/ConfigProvider/__tests__/ConfigProvider.test.ts[2m > [22mConfigProvider 组件[2m > [22mProps 响应式更新[2m > [22m更新 zIndex prop 应该成功
 [32m✓[39m src/design-system/other/ConfigProvider/__tests__/ConfigProvider.test.ts[2m > [22mConfigProvider 组件[2m > [22m边缘情况[2m > [22m空 locale 对象应该正常工作
 [32m✓[39m src/design-system/other/ConfigProvider/__tests__/ConfigProvider.test.ts[2m > [22mConfigProvider 组件[2m > [22m边缘情况[2m > [22mundefined props 应该使用默认值
 [32m✓[39m src/design-system/other/ConfigProvider/__tests__/ConfigProvider.test.ts[2m > [22mConfigProvider 组件[2m > [22m边缘情况[2m > [22m没有插槽内容应该正常渲染
 [32m✓[39m src/design-system/other/ConfigProvider/__tests__/ConfigProvider.test.ts[2m > [22mConfigProvider 组件[2m > [22m边缘情况[2m > [22m空插槽应该正常工作
 [32m✓[39m src/design-system/other/ConfigProvider/__tests__/ConfigProvider.test.ts[2m > [22mConfigProvider 组件[2m > [22mProps 类型验证[2m > [22msize 应该只接受有效值
 [32m✓[39m src/design-system/other/ConfigProvider/__tests__/ConfigProvider.test.ts[2m > [22mConfigProvider 组件[2m > [22mProps 类型验证[2m > [22mdirection 应该只接受有效值
 [32m✓[39m src/design-system/other/ConfigProvider/__tests__/ConfigProvider.test.ts[2m > [22mConfigProvider 组件[2m > [22mProps 类型验证[2m > [22mnamespace 应该接受字符串值
[90mstdout[2m | tests/unit/design-system/form/Radio.test.ts
[22m[39m✅ Unit test setup completed

 [32m✓[39m tests/unit/design-system/form/Upload.test.ts[2m > [22mUpload 组件[2m > [22m事件测试[2m > [22m应该触发 success 事件
 [32m✓[39m tests/unit/design-system/layout/Container.test.ts[2m > [22mContainer 组件[2m > [22m基础渲染[2m > [22m应该正确渲染 Container 组件
 [32m✓[39m tests/unit/design-system/layout/Container.test.ts[2m > [22mContainer 组件[2m > [22m基础渲染[2m > [22m应该渲染默认的 size 为 full
 [32m✓[39m tests/unit/design-system/layout/Container.test.ts[2m > [22mContainer 组件[2m > [22m基础渲染[2m > [22m应该包含默认的宽度类
 [32m✓[39m tests/unit/design-system/layout/Container.test.ts[2m > [22mContainer 组件[2m > [22m基础渲染[2m > [22m应该包含默认的居中类
 [32m✓[39m tests/unit/design-system/layout/Container.test.ts[2m > [22mContainer 组件[2m > [22m基础渲染[2m > [22m应该包含默认的内边距类
 [32m✓[39m tests/unit/design-system/layout/Container.test.ts[2m > [22mContainer 组件[2m > [22msize 属性[2m > [22m应该正确应用 size="xs"
 [32m✓[39m tests/unit/design-system/layout/Container.test.ts[2m > [22mContainer 组件[2m > [22msize 属性[2m > [22m应该正确应用 size="sm"
 [32m✓[39m tests/unit/design-system/layout/Container.test.ts[2m > [22mContainer 组件[2m > [22msize 属性[2m > [22m应该正确应用 size="md"
 [32m✓[39m tests/unit/design-system/layout/Container.test.ts[2m > [22mContainer 组件[2m > [22msize 属性[2m > [22m应该正确应用 size="lg"
 [32m✓[39m tests/unit/design-system/layout/Container.test.ts[2m > [22mContainer 组件[2m > [22msize 属性[2m > [22m应该正确应用 size="xl"
 [32m✓[39m tests/unit/design-system/layout/Container.test.ts[2m > [22mContainer 组件[2m > [22msize 属性[2m > [22m应该正确应用 size="full"
 [32m✓[39m tests/unit/design-system/layout/Container.test.ts[2m > [22mContainer 组件[2m > [22msize 属性[2m > [22m应该正确应用所有 size 值
 [32m✓[39m tests/unit/design-system/layout/Container.test.ts[2m > [22mContainer 组件[2m > [22mfluid 属性[2m > [22m应该正确应用 fluid="true"
 [32m✓[39m tests/unit/design-system/layout/Container.test.ts[2m > [22mContainer 组件[2m > [22mfluid 属性[2m > [22m应该正确应用 fluid="false"
 [32m✓[39m tests/unit/design-system/layout/Container.test.ts[2m > [22mContainer 组件[2m > [22mfluid 属性[2m > [22mfluid 模式应该包含 w-full 类
 [32m✓[39m tests/unit/design-system/layout/Container.test.ts[2m > [22mContainer 组件[2m > [22mpadding 属性[2m > [22m应该正确应用 padding="true"
 [32m✓[39m tests/unit/design-system/layout/Container.test.ts[2m > [22mContainer 组件[2m > [22mpadding 属性[2m > [22m应该正确应用 padding="false"
 [32m✓[39m tests/unit/design-system/layout/Container.test.ts[2m > [22mContainer 组件[2m > [22mpadding 属性[2m > [22mpadding 为 false 时不应该包含任何内边距类
 [32m✓[39m tests/unit/design-system/layout/Container.test.ts[2m > [22mContainer 组件[2m > [22mcentered 属性[2m > [22m应该正确应用 centered="true"
 [32m✓[39m tests/unit/design-system/layout/Container.test.ts[2m > [22mContainer 组件[2m > [22mcentered 属性[2m > [22m应该正确应用 centered="false"
 [32m✓[39m tests/unit/design-system/layout/Container.test.ts[2m > [22mContainer 组件[2m > [22mcentered 属性[2m > [22mcentered 为 false 时不应该包含 mx-auto 类
 [32m✓[39m tests/unit/design-system/layout/Container.test.ts[2m > [22mContainer 组件[2m > [22m插槽内容[2m > [22m应该渲染默认插槽内容
 [32m✓[39m tests/unit/design-system/layout/Container.test.ts[2m > [22mContainer 组件[2m > [22m插槽内容[2m > [22m应该支持复杂内容
 [32m✓[39m tests/unit/design-system/layout/Container.test.ts[2m > [22mContainer 组件[2m > [22m插槽内容[2m > [22m应该支持嵌套组件
 [32m✓[39m tests/unit/design-system/layout/Container.test.ts[2m > [22mContainer 组件[2m > [22m组合使用[2m > [22m应该同时支持 size 和 fluid
 [32m✓[39m tests/unit/design-system/layout/Container.test.ts[2m > [22mContainer 组件[2m > [22m组合使用[2m > [22m应该同时支持 size 和 padding
 [32m✓[39m tests/unit/design-system/layout/Container.test.ts[2m > [22mContainer 组件[2m > [22m组合使用[2m > [22m应该同时支持 size 和 centered
 [32m✓[39m tests/unit/design-system/layout/Container.test.ts[2m > [22mContainer 组件[2m > [22m组合使用[2m > [22m应该同时支持 padding 和 centered
 [32m✓[39m tests/unit/design-system/layout/Container.test.ts[2m > [22mContainer 组件[2m > [22m组合使用[2m > [22m应该同时支持 size、padding 和 centered
 [32m✓[39m tests/unit/design-system/layout/Container.test.ts[2m > [22mContainer 组件[2m > [22m组合使用[2m > [22m应该同时支持所有属性
 [32m✓[39m tests/unit/design-system/layout/Container.test.ts[2m > [22mContainer 组件[2m > [22m组合使用[2m > [22m应该支持 padding 为 false 且 centered 为 true
 [32m✓[39m tests/unit/design-system/layout/Container.test.ts[2m > [22mContainer 组件[2m > [22m组合使用[2m > [22m应该支持 padding 为 true 且 centered 为 false
 [32m✓[39m tests/unit/design-system/layout/Container.test.ts[2m > [22mContainer 组件[2m > [22m组合使用[2m > [22m应该支持 padding 为 false 且 centered 为 false
 [32m✓[39m tests/unit/design-system/layout/Container.test.ts[2m > [22mContainer 组件[2m > [22m自定义类名[2m > [22m应该支持自定义类名
 [32m✓[39m tests/unit/design-system/layout/Container.test.ts[2m > [22mContainer 组件[2m > [22m自定义类名[2m > [22m应该支持多个自定义类名
 [32m✓[39m tests/unit/design-system/layout/Container.test.ts[2m > [22mContainer 组件[2m > [22m自定义类名[2m > [22m自定义类名应该与默认类名共存
 [32m✓[39m tests/unit/design-system/layout/Container.test.ts[2m > [22mContainer 组件[2m > [22m自定义类名[2m > [22m自定义类名应该与响应式内边距共存
 [32m✓[39m tests/unit/design-system/layout/Container.test.ts[2m > [22mContainer 组件[2m > [22m响应式内边距[2m > [22m应该包含所有响应式内边距类
 [32m✓[39m tests/unit/design-system/layout/Container.test.ts[2m > [22mContainer 组件[2m > [22m响应式内边距[2m > [22mpadding 为 false 时应该移除所有内边距类
 [32m✓[39m tests/unit/design-system/layout/Container.test.ts[2m > [22mContainer 组件[2m > [22m默认值[2m > [22msize 默认值应该是 full
 [32m✓[39m tests/unit/design-system/layout/Container.test.ts[2m > [22mContainer 组件[2m > [22m默认值[2m > [22mfluid 默认值应该是 false
 [32m✓[39m tests/unit/design-system/layout/Container.test.ts[2m > [22mContainer 组件[2m > [22m默认值[2m > [22mpadding 默认值应该是 true
 [32m✓[39m tests/unit/design-system/layout/Container.test.ts[2m > [22mContainer 组件[2m > [22m默认值[2m > [22mcentered 默认值应该是 true
 [32m✓[39m tests/unit/design-system/layout/Container.test.ts[2m > [22mContainer 组件[2m > [22m边缘情况[2m > [22m应该支持空内容
 [32m✓[39m tests/unit/design-system/layout/Container.test.ts[2m > [22mContainer 组件[2m > [22m边缘情况[2m > [22m应该支持纯文本内容
 [32m✓[39m tests/unit/design-system/layout/Container.test.ts[2m > [22mContainer 组件[2m > [22m边缘情况[2m > [22m应该支持包含特殊字符的内容
 [32m✓[39m tests/unit/design-system/layout/Container.test.ts[2m > [22mContainer 组件[2m > [22m动态属性[2m > [22m应该支持动态改变 size
 [32m✓[39m tests/unit/design-system/layout/Container.test.ts[2m > [22mContainer 组件[2m > [22m动态属性[2m > [22m应该支持动态改变 padding
 [32m✓[39m tests/unit/design-system/layout/Container.test.ts[2m > [22mContainer 组件[2m > [22m动态属性[2m > [22m应该支持动态改变 centered
 [32m✓[39m tests/unit/design-system/layout/Container.test.ts[2m > [22mContainer 组件[2m > [22m动态属性[2m > [22m应该支持动态改变 fluid
 [32m✓[39m tests/unit/design-system/layout/Container.test.ts[2m > [22mContainer 组件[2m > [22m宽度类[2m > [22m应该始终包含 w-full 类
 [32m✓[39m tests/unit/design-system/layout/Container.test.ts[2m > [22mContainer 组件[2m > [22m宽度类[2m > [22mfluid 为 true 时应该包含 w-full 类
 [32m✓[39m tests/unit/design-system/layout/Container.test.ts[2m > [22mContainer 组件[2m > [22m宽度类[2m > [22mfluid 为 false 时也应该包含 w-full 类
 [32m✓[39m tests/unit/design-system/layout/Container.test.ts[2m > [22mContainer 组件[2m > [22m类名优先级[2m > [22m自定义类名应该覆盖默认类名（通过 tailwind-merge）
 [31m×[39m tests/unit/design-system/feedback/Dialog.test.ts[2m > [22mDialog 组件[2m > [22m事件[2m > [22m打开对话框时应该触发 open 事件[33m 1054[2mms[22m[39m
[31m   → expected "spy" to be called at least once

Ignored nodes: comments, script, style
[36m<html>[31m
  [36m<head />[31m
  [36m<body>[31m
    [36m<div />[31m
    [0m[0m
    [36m<transition-stub[31m
      [33mappear[31m=[32m"false"[31m
      [33mcss[31m=[32m"true"[31m
      [33mdata-v-65a60499[31m=[32m""[31m
      [33menteractiveclass[31m=[32m"transition-opacity duration-300"[31m
      [33menterfromclass[31m=[32m"opacity-0"[31m
      [33mentertoclass[31m=[32m"opacity-100"[31m
      [33mleaveactiveclass[31m=[32m"transition-opacity duration-300"[31m
      [33mleavefromclass[31m=[32m"opacity-100"[31m
      [33mleavetoclass[31m=[32m"opacity-0"[31m
      [33mpersisted[31m=[32m"false"[31m
    [36m>[31m
      [36m<div[31m
        [33maria-hidden[31m=[32m"true"[31m
        [33mclass[31m=[32m"fixed inset-0 bg-black/50 z-40 transition-opacity duration-300"[31m
        [33mdata-v-65a60499[31m=[32m""[31m
      [36m/>[31m
    [36m</transition-stub>[31m
    [36m<transition-stub[31m
      [33mappear[31m=[32m"false"[31m
      [33mcss[31m=[32m"true"[31m
      [33mdata-v-65a60499[31m=[32m""[31m
      [33menteractiveclass[31m=[32m"transition-all duration-300 ease-out"[31m
      [33menterfromclass[31m=[32m"opacity-0 scale-95"[31m
      [33mentertoclass[31m=[32m"opacity-100 scale-100"[31m
      [33mleaveactiveclass[31m=[32m"transition-all duration-300 ease-in"[31m
      [33mleavefromclass[31m=[32m"opacity-100 scale-100"[31m
      [33mleavetoclass[31m=[32m"opacity-0 scale-95"[31m
      [33mpersisted[31m=[32m"false"[31m
    [36m>[31m
      [36m<div[31m
        [33maria-modal[31m=[32m"true"[31m
        [33mclass[31m=[32m"fixed z-50 bg-white dark:bg-neutral-800 rounded-lg shadow-xl flex flex-col max-h-[90vh] w-full max-w-md top-20 left-1/2 -translate-x-1/2 transition-all duration-300 ease-in-out"[31m
        [33mdata-v-65a60499[31m=[32m""[31m
        [33mrole[31m=[32m"dialog"[31m
      [36m>[31m
        [36m<div[31m
          [33mclass[31m=[32m"flex-1 overflow-auto px-6 py-4"[31m
          [33mdata-v-65a60499[31m=[32m""[31m
        [36m>[31m
          [0m[0m
          [36m<p[31m
            [33mclass[31m=[32m"text-neutral-600 dark:text-neutral-400"[31m
            [33mdata-v-65a60499[31m=[32m""[31m
          [36m>[31m
            [0m 对话框内容 [0m
          [36m</p>[31m
          [0m[0m
        [36m</div>[31m
      [36m</div>[31m
    [36m</transition-stub>[31m
    [0m[0m
  [36m</body>[31m
[36m</html>[31m[39m
 [31m×[39m tests/unit/design-system/feedback/Dialog.test.ts[2m > [22mDialog 组件[2m > [22m事件[2m > [22m关闭对话框时应该触发 close 事件
[31m   → Unable to fire a "click" event - please provide a DOM element.[39m
 [32m✓[39m tests/unit/design-system/form/Upload.test.ts[2m > [22mUpload 组件[2m > [22m事件测试[2m > [22m应该触发 error 事件
 [32m✓[39m tests/unit/design-system/form/Upload.test.ts[2m > [22mUpload 组件[2m > [22mbeforeUpload 钩子测试[2m > [22m应该在 beforeUpload 返回 false 时阻止上传
 [32m✓[39m tests/unit/design-system/form/Upload.test.ts[2m > [22mUpload 组件[2m > [22mbeforeUpload 钩子测试[2m > [22m应该在 beforeUpload 返回 true 时继续上传
 [32m✓[39m tests/unit/design-system/form/Upload.test.ts[2m > [22mUpload 组件[2m > [22m边界情况测试[2m > [22m应该处理空文件列表
 [32m✓[39m tests/unit/design-system/form/Upload.test.ts[2m > [22mUpload 组件[2m > [22m边界情况测试[2m > [22m应该处理没有 action 的情况
 [32m✓[39m tests/unit/design-system/form/Upload.test.ts[2m > [22mUpload 组件[2m > [22m边界情况测试[2m > [22m应该处理禁用状态下的点击
 [32m✓[39m tests/unit/design-system/form/Upload.test.ts[2m > [22mUpload 组件[2m > [22m边界情况测试[2m > [22m应该处理没有 raw 对象的文件项
 [32m✓[39m tests/unit/design-system/form/Upload.test.ts[2m > [22mUpload 组件[2m > [22m自定义上传测试[2m > [22m应该使用自定义上传函数
 [31m×[39m tests/unit/design-system/feedback/Dialog.test.ts[2m > [22mDialog 组件[2m > [22m事件[2m > [22m对话框显示时应该触发 opened 事件[33m 555[2mms[22m[39m
[31m   → expected "spy" to be called at least once

Ignored nodes: comments, script, style
[36m<html>[31m
  [36m<head />[31m
  [36m<body>[31m
    [36m<div />[31m
    [0m[0m
    [36m<transition-stub[31m
      [33mappear[31m=[32m"false"[31m
      [33mcss[31m=[32m"true"[31m
      [33mdata-v-65a60499[31m=[32m""[31m
      [33menteractiveclass[31m=[32m"transition-opacity duration-300"[31m
      [33menterfromclass[31m=[32m"opacity-0"[31m
      [33mentertoclass[31m=[32m"opacity-100"[31m
      [33mleaveactiveclass[31m=[32m"transition-opacity duration-300"[31m
      [33mleavefromclass[31m=[32m"opacity-100"[31m
      [33mleavetoclass[31m=[32m"opacity-0"[31m
      [33mpersisted[31m=[32m"false"[31m
    [36m>[31m
      [36m<div[31m
        [33maria-hidden[31m=[32m"true"[31m
        [33mclass[31m=[32m"fixed inset-0 bg-black/50 z-40 transition-opacity duration-300"[31m
        [33mdata-v-65a60499[31m=[32m""[31m
      [36m/>[31m
    [36m</transition-stub>[31m
    [36m<transition-stub[31m
      [33mappear[31m=[32m"false"[31m
      [33mcss[31m=[32m"true"[31m
      [33mdata-v-65a60499[31m=[32m""[31m
      [33menteractiveclass[31m=[32m"transition-all duration-300 ease-out"[31m
      [33menterfromclass[31m=[32m"opacity-0 scale-95"[31m
      [33mentertoclass[31m=[32m"opacity-100 scale-100"[31m
      [33mleaveactiveclass[31m=[32m"transition-all duration-300 ease-in"[31m
      [33mleavefromclass[31m=[32m"opacity-100 scale-100"[31m
      [33mleavetoclass[31m=[32m"opacity-0 scale-95"[31m
      [33mpersisted[31m=[32m"false"[31m
    [36m>[31m
      [36m<div[31m
        [33maria-modal[31m=[32m"true"[31m
        [33mclass[31m=[32m"fixed z-50 bg-white dark:bg-neutral-800 rounded-lg shadow-xl flex flex-col max-h-[90vh] w-full max-w-md top-20 left-1/2 -translate-x-1/2 transition-all duration-300 ease-in-out"[31m
        [33mdata-v-65a60499[31m=[32m""[31m
        [33mrole[31m=[32m"dialog"[31m
      [36m>[31m
        [36m<div[31m
          [33mclass[31m=[32m"flex-1 overflow-auto px-6 py-4"[31m
          [33mdata-v-65a60499[31m=[32m""[31m
        [36m>[31m
          [0m[0m
          [36m<p[31m
            [33mclass[31m=[32m"text-neutral-600 dark:text-neutral-400"[31m
            [33mdata-v-65a60499[31m=[32m""[31m
          [36m>[31m
            [0m 对话框内容 [0m
          [36m</p>[31m
          [0m[0m
        [36m</div>[31m
      [36m</div>[31m
    [36m</transition-stub>[31m
    [0m[0m
  [36m</body>[31m
[36m</html>[31m[39m
 [32m✓[39m src/design-system/feedback/Message/__tests__/Message.test.ts[2m > [22mMessage 组件[2m > [22m基础渲染[2m > [22m应该正确渲染默认消息
 [32m✓[39m src/design-system/feedback/Message/__tests__/Message.test.ts[2m > [22mMessage 组件[2m > [22m基础渲染[2m > [22m应该正确渲染 success 类型的消息
 [32m✓[39m src/design-system/feedback/Message/__tests__/Message.test.ts[2m > [22mMessage 组件[2m > [22m基础渲染[2m > [22m应该正确渲染 info 类型的消息
 [32m✓[39m src/design-system/feedback/Message/__tests__/Message.test.ts[2m > [22mMessage 组件[2m > [22m基础渲染[2m > [22m应该正确渲染 warning 类型的消息
 [32m✓[39m src/design-system/feedback/Message/__tests__/Message.test.ts[2m > [22mMessage 组件[2m > [22m基础渲染[2m > [22m应该正确渲染 error 类型的消息
 [32m✓[39m src/design-system/feedback/Message/__tests__/Message.test.ts[2m > [22mMessage 组件[2m > [22m基础渲染[2m > [22m应该在非居中模式下显示图标
 [32m✓[39m src/design-system/feedback/Message/__tests__/Message.test.ts[2m > [22mMessage 组件[2m > [22m基础渲染[2m > [22m应该在居中模式下隐藏图标
 [32m✓[39m tests/unit/design-system/form/Radio.test.ts[2m > [22mRadio 组件[2m > [22mRadio 单选框[2m > [22m应该正确渲染
 [31m×[39m tests/unit/design-system/form/Radio.test.ts[2m > [22mRadio 组件[2m > [22mRadio 单选框[2m > [22m应该根据 value 和 modelValue 正确设置选中状态
[31m   → expected false to be true // Object.is equality[39m
 [32m✓[39m tests/unit/design-system/form/Radio.test.ts[2m > [22mRadio 组件[2m > [22mRadio 单选框[2m > [22m未选中时应该不显示选中状态
 [32m✓[39m tests/unit/design-system/form/Radio.test.ts[2m > [22mRadio 组件[2m > [22mRadio 单选框[2m > [22m禁用状态下不应该可点击
 [32m✓[39m tests/unit/design-system/form/Radio.test.ts[2m > [22mRadio 组件[2m > [22mRadio 单选框[2m > [22m点击时应该触发 update:modelValue 事件
 [32m✓[39m tests/unit/design-system/form/Radio.test.ts[2m > [22mRadio 组件[2m > [22mRadio 单选框[2m > [22m点击时应该触发 change 事件
 [32m✓[39m tests/unit/design-system/form/Radio.test.ts[2m > [22mRadio 组件[2m > [22mRadio 单选框[2m > [22m应该支持自定义插槽内容
 [32m✓[39m tests/unit/design-system/form/Radio.test.ts[2m > [22mRadio 组件[2m > [22mRadio 单选框[2m > [22m应该正确应用 size 类名
 [32m✓[39m tests/unit/design-system/form/Radio.test.ts[2m > [22mRadio 组件[2m > [22mRadio 单选框[2m > [22m按钮模式应该隐藏原生 input
 [31m×[39m tests/unit/design-system/form/Radio.test.ts[2m > [22mRadio 组件[2m > [22mRadioGroup 单选框组[2m > [22m应该正确渲染所有子 Radio 组件
[31m   → expected +0 to be 3 // Object.is equality[39m
 [32m✓[39m tests/unit/design-system/form/Radio.test.ts[2m > [22mRadio 组件[2m > [22mRadioGroup 单选框组[2m > [22m应该正确传递 v-model 值
 [31m×[39m tests/unit/design-system/form/Radio.test.ts[2m > [22mRadio 组件[2m > [22mRadioGroup 单选框组[2m > [22m应该正确传递 size 属性
[31m   → expected 'md' to be 'lg' // Object.is equality[39m
 [31m×[39m tests/unit/design-system/form/Radio.test.ts[2m > [22mRadio 组件[2m > [22mRadioGroup 单选框组[2m > [22m应该正确传递 disabled 属性
[31m   → expected false to be true // Object.is equality[39m
 [32m✓[39m tests/unit/design-system/form/Radio.test.ts[2m > [22mRadio 组件[2m > [22mRadioGroup 单选框组[2m > [22m应该根据 vertical 属性设置正确的布局
 [31m×[39m tests/unit/design-system/form/Radio.test.ts[2m > [22mRadio 组件[2m > [22mRadioGroup 单选框组[2m > [22m应该正确传递 button 属性
[31m   → expected false to be true // Object.is equality[39m
 [31m×[39m tests/unit/design-system/form/Radio.test.ts[2m > [22mRadio 组件[2m > [22mRadioGroup 单选框组[2m > [22m应该触发 change 事件
[31m   → expected undefined to be 'option2' // Object.is equality[39m
 [31m×[39m tests/unit/design-system/form/Radio.test.ts[2m > [22mRadio 组件[2m > [22mRadioGroup 单选框组[2m > [22m单个 Radio 的 disabled 属性应该覆盖 Group 的 disabled
[31m   → expected false to be true // Object.is equality[39m
 [32m✓[39m tests/unit/design-system/form/Radio.test.ts[2m > [22mRadio 组件[2m > [22m可访问性[2m > [22m应该有正确的 label 关联
 [32m✓[39m tests/unit/design-system/form/Radio.test.ts[2m > [22mRadio 组件[2m > [22m可访问性[2m > [22m禁用的 Radio 应该有正确的属性
 [31m×[39m tests/unit/design-system/form/Radio.test.ts[2m > [22mRadio 组件[2m > [22m按钮模式[2m > [22m按钮模式应该正确渲染
[31m   → expected [ 'appearance-none', 'border', …(15) ] to include 'sr-only'[39m
 [31m×[39m tests/unit/design-system/form/Radio.test.ts[2m > [22mRadio 组件[2m > [22m按钮模式[2m > [22m按钮模式选中的应该有正确的样式
[31m   → expected undefined to be defined[39m
[90mstdout[2m | tests/unit/design-system/navigation/Menu.test.ts
[22m[39m✅ Unit test setup completed

 [32m✓[39m tests/unit/design-system/other/Calendar.test.ts[2m > [22mCalendar 组件[2m > [22m基础渲染[2m > [22m应该正确渲染日历组件
 [32m✓[39m tests/unit/design-system/other/Calendar.test.ts[2m > [22mCalendar 组件[2m > [22m基础渲染[2m > [22m应该显示星期标题
 [32m✓[39m tests/unit/design-system/other/Calendar.test.ts[2m > [22mCalendar 组件[2m > [22m基础渲染[2m > [22m应该显示日期网格
 [32m✓[39m tests/unit/design-system/other/Calendar.test.ts[2m > [22mCalendar 组件[2m > [22m基础渲染[2m > [22m应该显示今天按钮
 [32m✓[39m tests/unit/design-system/other/Calendar.test.ts[2m > [22mCalendar 组件[2m > [22m单日期选择[2m > [22m应该支持 v-model 双向绑定
 [31m×[39m tests/unit/design-system/other/Calendar.test.ts[2m > [22mCalendar 组件[2m > [22m单日期选择[2m > [22m应该能够选择日期
[31m   → expected "spy" to be called at least once[39m
 [32m✓[39m tests/unit/design-system/other/Calendar.test.ts[2m > [22mCalendar 组件[2m > [22m范围选择[2m > [22m应该支持范围选择模式
 [31m×[39m tests/unit/design-system/other/Calendar.test.ts[2m > [22mCalendar 组件[2m > [22m范围选择[2m > [22m应该能够选择日期范围
[31m   → Unable to fire a "click" event - please provide a DOM element.[39m
 [32m✓[39m tests/unit/design-system/other/Calendar.test.ts[2m > [22mCalendar 组件[2m > [22m范围选择[2m > [22m范围内日期应该有正确的样式
 [32m✓[39m tests/unit/design-system/other/Calendar.test.ts[2m > [22mCalendar 组件[2m > [22m尺寸变体[2m > [22m应该支持小尺寸
 [32m✓[39m tests/unit/design-system/other/Calendar.test.ts[2m > [22mCalendar 组件[2m > [22m尺寸变体[2m > [22m应该支持中尺寸（默认）
 [32m✓[39m tests/unit/design-system/other/Calendar.test.ts[2m > [22mCalendar 组件[2m > [22m尺寸变体[2m > [22m应该支持大尺寸
 [31m×[39m tests/unit/design-system/other/Calendar.test.ts[2m > [22mCalendar 组件[2m > [22m周数显示[2m > [22m默认不显示周数
[31m   → [2mexpect([22m[31mreceived[31m[2m).not.toBeInTheDocument()[22m

[31mreceived[31m value must be an HTMLElement or an SVGElement.
[39m
 [32m✓[39m tests/unit/design-system/other/Calendar.test.ts[2m > [22mCalendar 组件[2m > [22m周数显示[2m > [22m应该能够显示周数
 [32m✓[39m tests/unit/design-system/other/Calendar.test.ts[2m > [22mCalendar 组件[2m > [22m自定义起始日[2m > [22m应该支持自定义每周的第一天
 [32m✓[39m tests/unit/design-system/other/Calendar.test.ts[2m > [22mCalendar 组件[2m > [22m禁用状态[2m > [22m应该支持禁用整个日历
 [31m×[39m tests/unit/design-system/other/Calendar.test.ts[2m > [22mCalendar 组件[2m > [22m禁用状态[2m > [22m应该支持禁用特定日期
[31m   → expected 0 to be greater than 0[39m
 [32m✓[39m tests/unit/design-system/other/Calendar.test.ts[2m > [22mCalendar 组件[2m > [22m禁用状态[2m > [22m禁用的日期不应该触发选择
 [31m×[39m tests/unit/design-system/other/Calendar.test.ts[2m > [22mCalendar 组件[2m > [22m日期范围限制[2m > [22m应该支持最小日期限制
[31m   → expected 0 to be greater than 0[39m
 [31m×[39m tests/unit/design-system/other/Calendar.test.ts[2m > [22mCalendar 组件[2m > [22m日期范围限制[2m > [22m应该支持最大日期限制
[31m   → expected 0 to be greater than 0[39m
 [32m✓[39m tests/unit/design-system/other/Calendar.test.ts[2m > [22mCalendar 组件[2m > [22m今天按钮[2m > [22m默认显示今天按钮
 [32m✓[39m tests/unit/design-system/other/Calendar.test.ts[2m > [22mCalendar 组件[2m > [22m今天按钮[2m > [22m应该能够隐藏今天按钮
 [32m✓[39m tests/unit/design-system/other/Calendar.test.ts[2m > [22mCalendar 组件[2m > [22m今天按钮[2m > [22m点击今天按钮应该选择今天
 [32m✓[39m tests/unit/design-system/other/Calendar.test.ts[2m > [22mCalendar 组件[2m > [22m月份切换[2m > [22m应该能够切换到上个月
 [31m×[39m tests/unit/design-system/other/Calendar.test.ts[2m > [22mCalendar 组件[2m > [22m月份切换[2m > [22m应该能够切换到下个月
[31m   → expected "spy" to be called at least once[39m
 [32m✓[39m tests/unit/design-system/other/Calendar.test.ts[2m > [22mCalendar 组件[2m > [22m月份切换[2m > [22m应该能够隐藏月份切换
 [32m✓[39m tests/unit/design-system/other/Calendar.test.ts[2m > [22mCalendar 组件[2m > [22m年份切换[2m > [22m应该能够切换到上一年
 [31m×[39m tests/unit/design-system/other/Calendar.test.ts[2m > [22mCalendar 组件[2m > [22m年份切换[2m > [22m应该能够切换到下一年
[31m   → expected "spy" to be called at least once[39m
 [31m×[39m tests/unit/design-system/other/Calendar.test.ts[2m > [22mCalendar 组件[2m > [22m事件[2m > [22m应该触发 select 事件
[31m   → expected "spy" to be called at least once[39m
 [32m✓[39m tests/unit/design-system/other/Calendar.test.ts[2m > [22mCalendar 组件[2m > [22m事件[2m > [22m应该触发 panel-change 事件
 [31m×[39m tests/unit/design-system/other/Calendar.test.ts[2m > [22mCalendar 组件[2m > [22m事件[2m > [22m应该触发 update:modelValue 事件
[31m   → expected "spy" to be called at least once[39m
 [32m✓[39m tests/unit/design-system/other/Calendar.test.ts[2m > [22mCalendar 组件[2m > [22m边界情况[2m > [22m应该处理 null 值
 [32m✓[39m tests/unit/design-system/other/Calendar.test.ts[2m > [22mCalendar 组件[2m > [22m边界情况[2m > [22m应该处理空字符串
 [32m✓[39m tests/unit/design-system/other/Calendar.test.ts[2m > [22mCalendar 组件[2m > [22m边界情况[2m > [22m应该处理闰年
 [32m✓[39m tests/unit/design-system/other/Calendar.test.ts[2m > [22mCalendar 组件[2m > [22m边界情况[2m > [22m应该处理不同月份的天数
 [32m✓[39m tests/unit/design-system/other/Calendar.test.ts[2m > [22mCalendar 组件[2m > [22m可访问性[2m > [22m禁用状态应该有正确的样式
 [32m✓[39m tests/unit/design-system/other/Calendar.test.ts[2m > [22mCalendar 组件[2m > [22m可访问性[2m > [22m日期单元格应该是可点击的
 [32m✓[39m tests/unit/design-system/other/Calendar.test.ts[2m > [22mCalendar 组件[2m > [22m样式[2m > [22m应该应用自定义类名
 [32m✓[39m tests/unit/design-system/other/Calendar.test.ts[2m > [22mCalendar 组件[2m > [22m样式[2m > [22m应该有正确的边框样式
 [32m✓[39m tests/unit/design-system/other/Calendar.test.ts[2m > [22mCalendar 组件[2m > [22m样式[2m > [22m应该有正确的圆角样式
 [32m✓[39m tests/unit/design-system/other/Calendar.test.ts[2m > [22mCalendar 组件[2m > [22m国际化[2m > [22m应该支持中文语言环境
 [32m✓[39m tests/unit/design-system/other/Calendar.test.ts[2m > [22mCalendar 组件[2m > [22m计算属性[2m > [22m应该正确计算星期标题
 [32m✓[39m tests/unit/design-system/other/Calendar.test.ts[2m > [22mCalendar 组件[2m > [22m交互[2m > [22m应该阻止点击禁用日期
 [31m×[39m tests/unit/design-system/other/Calendar.test.ts[2m > [22mCalendar 组件[2m > [22m交互[2m > [22m范围选择应该正确处理两次点击
[31m   → Unable to fire a "click" event - please provide a DOM element.[39m
 [32m✓[39m tests/unit/design-system/other/Calendar.test.ts[2m > [22mCalendar 组件[2m > [22m响应式[2m > [22m应该响应 modelValue 的变化
 [32m✓[39m tests/unit/design-system/feedback/Dialog.test.ts[2m > [22mDialog 组件[2m > [22m事件[2m > [22m对话框隐藏时应该触发 closed 事件[33m 775[2mms[22m[39m
 [31m×[39m tests/unit/design-system/feedback/Dialog.test.ts[2m > [22mDialog 组件[2m > [22mbeforeClose 回调[2m > [22mbeforeClose 返回 false 应该阻止关闭
[31m   → Unable to fire a "click" event - please provide a DOM element.[39m
 [31m×[39m tests/unit/design-system/feedback/Dialog.test.ts[2m > [22mDialog 组件[2m > [22mbeforeClose 回调[2m > [22mbeforeClose 返回 true 应该允许关闭
[31m   → Unable to fire a "click" event - please provide a DOM element.[39m
 [31m×[39m tests/unit/design-system/feedback/Dialog.test.ts[2m > [22mDialog 组件[2m > [22mbeforeClose 回调[2m > [22mbeforeClose 返回 Promise 应该等待异步操作
[31m   → Unable to fire a "click" event - please provide a DOM element.[39m
 [32m✓[39m tests/unit/design-system/feedback/Dialog.test.ts[2m > [22mDialog 组件[2m > [22m自定义类名[2m > [22m应该正确应用自定义对话框类名
 [32m✓[39m tests/unit/design-system/feedback/Dialog.test.ts[2m > [22mDialog 组件[2m > [22m自定义类名[2m > [22m应该正确应用自定义遮罩层类名
 [32m✓[39m tests/unit/design-system/feedback/Dialog.test.ts[2m > [22mDialog 组件[2m > [22m可访问性[2m > [22m应该有正确的 role 属性
 [32m✓[39m tests/unit/design-system/feedback/Dialog.test.ts[2m > [22mDialog 组件[2m > [22m可访问性[2m > [22m应该有 aria-modal 属性
 [32m✓[39m tests/unit/design-system/feedback/Dialog.test.ts[2m > [22mDialog 组件[2m > [22m可访问性[2m > [22m有标题时应该有 aria-labelledby 属性
 [31m×[39m tests/unit/design-system/data/Pagination.test.ts[2m > [22mPagination[2m > [22m基础渲染[2m > [22m默认渲染为第 1 页，每页 10 条，总数 0[33m 829[2mms[22m[39m
[31m   → Found multiple elements with the role "button"

Here are the matching elements:

Ignored nodes: comments, script, style
[36m<button[31m
  [33mclass[31m=[32m"inline-flex items-center justify-center rounded-md transition-all duration-200 text-slate-300 dark:text-slate-700 cursor-not-allowed h-8 w-8 text-sm"[31m
  [33mdisabled[31m=[32m""[31m
  [33mtype[31m=[32m"button"[31m
[36m>[31m
  [36m<svg[31m
    [33mclass[31m=[32m"h-4 w-4"[31m
    [33mfill[31m=[32m"none"[31m
    [33mstroke[31m=[32m"currentColor"[31m
    [33mviewBox[31m=[32m"0 0 24 24"[31m
  [36m>[31m
    [36m<path[31m
      [33md[31m=[32m"M15 19l-7-7 7-7"[31m
      [33mstroke-linecap[31m=[32m"round"[31m
      [33mstroke-linejoin[31m=[32m"round"[31m
      [33mstroke-width[31m=[32m"2"[31m
    [36m/>[31m
  [36m</svg>[31m
[36m</button>[31m

Ignored nodes: comments, script, style
[36m<button[31m
  [33mclass[31m=[32m"inline-flex items-center justify-center rounded-md transition-all duration-200 text-slate-300 dark:text-slate-700 cursor-not-allowed h-8 w-8 text-sm"[31m
  [33mdisabled[31m=[32m""[31m
  [33mtype[31m=[32m"button"[31m
[36m>[31m
  [36m<svg[31m
    [33mclass[31m=[32m"h-4 w-4"[31m
    [33mfill[31m=[32m"none"[31m
    [33mstroke[31m=[32m"currentColor"[31m
    [33mviewBox[31m=[32m"0 0 24 24"[31m
  [36m>[31m
    [36m<path[31m
      [33md[31m=[32m"M9 5l7 7-7 7"[31m
      [33mstroke-linecap[31m=[32m"round"[31m
      [33mstroke-linejoin[31m=[32m"round"[31m
      [33mstroke-width[31m=[32m"2"[31m
    [36m/>[31m
  [36m</svg>[31m
[36m</button>[31m

(If this is intentional, then use the `*AllBy*` variant of the query (like `queryAllByText`, `getAllByText`, or `findAllByText`)).

Ignored nodes: comments, script, style
[36m<body>[31m
  [36m<div>[31m
    [36m<div[31m
      [33mclass[31m=[32m"flex flex-wrap items-center gap-2"[31m
    [36m>[31m
      [36m<button[31m
        [33mclass[31m=[32m"inline-flex items-center justify-center rounded-md transition-all duration-200 text-slate-300 dark:text-slate-700 cursor-not-allowed h-8 w-8 text-sm"[31m
        [33mdisabled[31m=[32m""[31m
        [33mtype[31m=[32m"button"[31m
      [36m>[31m
        [36m<svg[31m
          [33mclass[31m=[32m"h-4 w-4"[31m
          [33mfill[31m=[32m"none"[31m
          [33mstroke[31m=[32m"currentColor"[31m
          [33mviewBox[31m=[32m"0 0 24 24"[31m
        [36m>[31m
          [36m<path[31m
            [33md[31m=[32m"M15 19l-7-7 7-7"[31m
            [33mstroke-linecap[31m=[32m"round"[31m
            [33mstroke-linejoin[31m=[32m"round"[31m
            [33mstroke-width[31m=[32m"2"[31m
          [36m/>[31m
        [36m</svg>[31m
      [36m</button>[31m
      [36m<div[31m
        [33mclass[31m=[32m"flex items-center gap-1"[31m
      [36m>[31m
        [0m[0m
        [0m[0m
      [36m</div>[31m
      [36m<button[31m
        [33mclass[31m=[32m"inline-flex items-center justify-center rounded-md transition-all duration-200 text-slate-300 dark:text-slate-700 cursor-not-allowed h-8 w-8 text-sm"[31m
        [33mdisabled[31m=[32m""[31m
        [33mtype[31m=[32m"button"[31m
      [36m>[31m
        [36m<svg[31m
          [33mclass[31m=[32m"h-4 w-4"[31m
          [33mfill[31m=[32m"none"[31m
          [33mstroke[31m=[32m"currentColor"[31m
          [33mviewBox[31m=[32m"0 0 24 24"[31m
        [36m>[31m
          [36m<path[31m
            [33md[31m=[32m"M9 5l7 7-7 7"[31m
            [33mstroke-linecap[31m=[32m"round"[31m
            [33mstroke-linejoin[31m=[32m"round"[31m
            [33mstroke-width[31m=[32m"2"[31m
          [36m/>[31m
        [36m</svg>[31m
      [36m</button>[31m
    [36m</div>[31m
  [36m</div>[31m
[36m</body>[31m[39m
 [32m✓[39m tests/unit/design-system/data/Pagination.test.ts[2m > [22mPagination[2m > [22m基础渲染[2m > [22m正确渲染总数信息
 [31m×[39m tests/unit/design-system/data/Pagination.test.ts[2m > [22mPagination[2m > [22m基础渲染[2m > [22m正确计算总页数
[31m   → expected 6 to be 10 // Object.is equality[39m
 [32m✓[39m tests/unit/design-system/data/Pagination.test.ts[2m > [22mPagination[2m > [22m页码显示逻辑[2m > [22m总页数小于等于 7 时显示所有页码
 [32m✓[39m tests/unit/design-system/data/Pagination.test.ts[2m > [22mPagination[2m > [22m页码显示逻辑[2m > [22m总页数大于 7 时使用省略号
 [32m✓[39m tests/unit/design-system/data/Pagination.test.ts[2m > [22mPagination[2m > [22m页码显示逻辑[2m > [22m当前页在前面时正确显示
 [32m✓[39m tests/unit/design-system/data/Pagination.test.ts[2m > [22mPagination[2m > [22m页码显示逻辑[2m > [22m当前页在后面时正确显示
 [32m✓[39m tests/unit/design-system/data/Pagination.test.ts[2m > [22mPagination[2m > [22m交互行为[2m > [22m点击页码触发 update:currentPage 事件
 [32m✓[39m tests/unit/design-system/data/Pagination.test.ts[2m > [22mPagination[2m > [22m交互行为[2m > [22m点击上一页按钮触发事件
 [32m✓[39m tests/unit/design-system/data/Pagination.test.ts[2m > [22mPagination[2m > [22m交互行为[2m > [22m点击下一页按钮触发事件
 [32m✓[39m tests/unit/design-system/data/Pagination.test.ts[2m > [22mPagination[2m > [22m交互行为[2m > [22m在第一页时上一页按钮禁用
 [32m✓[39m tests/unit/design-system/data/Pagination.test.ts[2m > [22mPagination[2m > [22m交互行为[2m > [22m在最后一页时下一页按钮禁用
 [32m✓[39m tests/unit/design-system/data/Pagination.test.ts[2m > [22mPagination[2m > [22m交互行为[2m > [22mdisabled 状态下所有按钮禁用
 [32m✓[39m tests/unit/design-system/data/Pagination.test.ts[2m > [22mPagination[2m > [22m交互行为[2m > [22m改变每页数量触发事件
 [32m✓[39m tests/unit/design-system/data/Pagination.test.ts[2m > [22mPagination[2m > [22m跳转功能[2m > [22m输入页码并按回车触发跳转
 [32m✓[39m tests/unit/design-system/data/Pagination.test.ts[2m > [22mPagination[2m > [22m跳转功能[2m > [22m输入超出范围的页码时自动调整
 [32m✓[39m tests/unit/design-system/data/Pagination.test.ts[2m > [22mPagination[2m > [22m跳转功能[2m > [22m失焦时触发跳转
 [32m✓[39m tests/unit/design-system/data/Pagination.test.ts[2m > [22mPagination[2m > [22m布局配置[2m > [22m正确显示布局配置的各个部分
 [32m✓[39m tests/unit/design-system/data/Pagination.test.ts[2m > [22mPagination[2m > [22m布局配置[2m > [22m仅显示配置的布局部分
 [32m✓[39m tests/unit/design-system/data/Pagination.test.ts[2m > [22mPagination[2m > [22m背景色样式[2m > [22mbackground 为 true 时按钮有边框
 [32m✓[39m tests/unit/design-system/data/Pagination.test.ts[2m > [22mPagination[2m > [22m背景色样式[2m > [22mbackground 为 false 时按钮无边框
 [31m×[39m tests/unit/design-system/data/Pagination.test.ts[2m > [22mPagination[2m > [22mhideOnSinglePage[2m > [22m只有一页且 hideOnSinglePage 为 true 时隐藏组件
[31m   → expected undefined to be '' // Object.is equality[39m
 [32m✓[39m tests/unit/design-system/data/Pagination.test.ts[2m > [22mPagination[2m > [22mhideOnSinglePage[2m > [22m只有一页且 hideOnSinglePage 为 false 时显示组件
 [32m✓[39m tests/unit/design-system/data/Pagination.test.ts[2m > [22mPagination[2m > [22mhideOnSinglePage[2m > [22m多页时始终显示组件
 [32m✓[39m tests/unit/design-system/data/Pagination.test.ts[2m > [22mPagination[2m > [22m双向绑定[2m > [22m支持 v-model:currentPage 双向绑定
 [32m✓[39m tests/unit/design-system/data/Pagination.test.ts[2m > [22mPagination[2m > [22m双向绑定[2m > [22m支持 v-model:pageSize 双向绑定
 [32m✓[39m tests/unit/design-system/data/Pagination.test.ts[2m > [22mPagination[2m > [22m样式[2m > [22m接受自定义 class
 [32m✓[39m tests/unit/design-system/data/Pagination.test.ts[2m > [22mPagination[2m > [22m样式[2m > [22m有 transition 动画
 [32m✓[39m tests/unit/design-system/data/Pagination.test.ts[2m > [22mPagination[2m > [22m边界情况[2m > [22mtotal 为 0 时不显示页码
 [31m×[39m tests/unit/design-system/data/Pagination.test.ts[2m > [22mPagination[2m > [22m边界情况[2m > [22mpageSize 为 0 时不显示页码
[31m   → expected 5 to be +0 // Object.is equality[39m
 [32m✓[39m tests/unit/design-system/data/Pagination.test.ts[2m > [22mPagination[2m > [22m边界情况[2m > [22mcurrentPage 超出范围时仍然渲染
 [32m✓[39m src/design-system/navigation/Breadcrumb/__tests__/Breadcrumb.test.ts[2m > [22mBreadcrumb 组件[2m > [22m基础渲染[2m > [22m应该正确渲染面包屑容器
 [32m✓[39m src/design-system/navigation/Breadcrumb/__tests__/Breadcrumb.test.ts[2m > [22mBreadcrumb 组件[2m > [22m基础渲染[2m > [22m应该渲染有序列表
 [32m✓[39m src/design-system/navigation/Breadcrumb/__tests__/Breadcrumb.test.ts[2m > [22mBreadcrumb 组件[2m > [22m基础渲染[2m > [22m应该应用自定义类名
 [32m✓[39m src/design-system/navigation/Breadcrumb/__tests__/Breadcrumb.test.ts[2m > [22mBreadcrumb 组件[2m > [22m基础渲染[2m > [22m应该应用默认样式类
 [32m✓[39m src/design-system/navigation/Breadcrumb/__tests__/Breadcrumb.test.ts[2m > [22mBreadcrumb 组件[2m > [22mBreadcrumbItem 组件[2m > [22m应该渲染面包屑项
 [32m✓[39m src/design-system/navigation/Breadcrumb/__tests__/Breadcrumb.test.ts[2m > [22mBreadcrumb 组件[2m > [22mBreadcrumbItem 组件[2m > [22m应该渲染为列表项
 [32m✓[39m src/design-system/navigation/Breadcrumb/__tests__/Breadcrumb.test.ts[2m > [22mBreadcrumb 组件[2m > [22mBreadcrumbItem 组件[2m > [22m应该应用自定义类名
 [32m✓[39m src/design-system/navigation/Breadcrumb/__tests__/Breadcrumb.test.ts[2m > [22mBreadcrumb 组件[2m > [22mBreadcrumbItem 组件[2m > [22m应该在点击时触发事件
 [32m✓[39m src/design-system/navigation/Breadcrumb/__tests__/Breadcrumb.test.ts[2m > [22mBreadcrumb 组件[2m > [22mBreadcrumbItem 组件[2m > [22m应该在不可点击时不触发事件
 [32m✓[39m src/design-system/navigation/Breadcrumb/__tests__/Breadcrumb.test.ts[2m > [22mBreadcrumb 组件[2m > [22mBreadcrumbItem 组件[2m > [22m应该支持clickable属性
 [32m✓[39m src/design-system/navigation/Breadcrumb/__tests__/Breadcrumb.test.ts[2m > [22mBreadcrumb 组件[2m > [22mBreadcrumbItem 组件[2m > [22m应该支持replace属性
 [32m✓[39m src/design-system/navigation/Breadcrumb/__tests__/Breadcrumb.test.ts[2m > [22mBreadcrumb 组件[2m > [22m路由导航[2m > [22m应该支持to属性用于路由链接
 [32m✓[39m src/design-system/navigation/Breadcrumb/__tests__/Breadcrumb.test.ts[2m > [22mBreadcrumb 组件[2m > [22m路由导航[2m > [22m应该支持replace属性
 [32m✓[39m src/design-system/navigation/Breadcrumb/__tests__/Breadcrumb.test.ts[2m > [22mBreadcrumb 组件[2m > [22m路由导航[2m > [22m应该支持对象形式的路由
 [32m✓[39m src/design-system/navigation/Breadcrumb/__tests__/Breadcrumb.test.ts[2m > [22mBreadcrumb 组件[2m > [22m分隔符[2m > [22m应该使用默认分隔符
 [32m✓[39m src/design-system/navigation/Breadcrumb/__tests__/Breadcrumb.test.ts[2m > [22mBreadcrumb 组件[2m > [22m分隔符[2m > [22m应该使用自定义分隔符
 [32m✓[39m src/design-system/navigation/Breadcrumb/__tests__/Breadcrumb.test.ts[2m > [22mBreadcrumb 组件[2m > [22m分隔符[2m > [22m应该应用分隔符自定义类名
 [32m✓[39m src/design-system/navigation/Breadcrumb/__tests__/Breadcrumb.test.ts[2m > [22mBreadcrumb 组件[2m > [22mBreadcrumbSeparator 组件[2m > [22m应该渲染自定义分隔符
 [32m✓[39m src/design-system/navigation/Breadcrumb/__tests__/Breadcrumb.test.ts[2m > [22mBreadcrumb 组件[2m > [22mBreadcrumbSeparator 组件[2m > [22m应该应用自定义类名
 [32m✓[39m src/design-system/navigation/Breadcrumb/__tests__/Breadcrumb.test.ts[2m > [22mBreadcrumb 组件[2m > [22mBreadcrumbSeparator 组件[2m > [22m应该渲染 SVG 图标作为分隔符
 [32m✓[39m src/design-system/navigation/Breadcrumb/__tests__/Breadcrumb.test.ts[2m > [22mBreadcrumb 组件[2m > [22mBreadcrumbSeparator 组件[2m > [22m应该应用基础样式类
 [32m✓[39m src/design-system/navigation/Breadcrumb/__tests__/Breadcrumb.test.ts[2m > [22mBreadcrumb 组件[2m > [22m组合使用[2m > [22m应该渲染完整的面包屑导航
 [32m✓[39m src/design-system/navigation/Breadcrumb/__tests__/Breadcrumb.test.ts[2m > [22mBreadcrumb 组件[2m > [22m组合使用[2m > [22m应该正确区分最后一项
 [32m✓[39m src/design-system/navigation/Breadcrumb/__tests__/Breadcrumb.test.ts[2m > [22mBreadcrumb 组件[2m > [22m组合使用[2m > [22m应该支持嵌套插槽
 [32m✓[39m src/design-system/navigation/Breadcrumb/__tests__/Breadcrumb.test.ts[2m > [22mBreadcrumb 组件[2m > [22m样式和类名[2m > [22m应该为可点击项应用悬停样式
 [32m✓[39m src/design-system/navigation/Breadcrumb/__tests__/Breadcrumb.test.ts[2m > [22mBreadcrumb 组件[2m > [22m样式和类名[2m > [22m应该为不可点击项应用普通样式
 [32m✓[39m src/design-system/navigation/Breadcrumb/__tests__/Breadcrumb.test.ts[2m > [22mBreadcrumb 组件[2m > [22m样式和类名[2m > [22m应该支持响应式类名
 [32m✓[39m src/design-system/navigation/Breadcrumb/__tests__/Breadcrumb.test.ts[2m > [22mBreadcrumb 组件[2m > [22m可访问性[2m > [22m应该设置正确的 ARIA 标签
 [32m✓[39m src/design-system/navigation/Breadcrumb/__tests__/Breadcrumb.test.ts[2m > [22mBreadcrumb 组件[2m > [22m可访问性[2m > [22m应该为不可点击项设置正确的按钮类型
 [32m✓[39m src/design-system/navigation/Breadcrumb/__tests__/Breadcrumb.test.ts[2m > [22mBreadcrumb 组件[2m > [22m边界情况[2m > [22m应该处理空内容
 [32m✓[39m src/design-system/navigation/Breadcrumb/__tests__/Breadcrumb.test.ts[2m > [22mBreadcrumb 组件[2m > [22m边界情况[2m > [22m应该处理单个面包屑项
 [32m✓[39m src/design-system/navigation/Breadcrumb/__tests__/Breadcrumb.test.ts[2m > [22mBreadcrumb 组件[2m > [22m边界情况[2m > [22m应该处理多个面包屑项
 [32m✓[39m src/design-system/feedback/Spinner/__tests__/Spinner.test.ts[2m > [22mSpinner 组件[2m > [22m基础渲染[2m > [22m应该正确渲染默认的 Spinner[33m 743[2mms[22m[39m
 [32m✓[39m src/design-system/feedback/Spinner/__tests__/Spinner.test.ts[2m > [22mSpinner 组件[2m > [22m基础渲染[2m > [22m应该有正确的 role 属性
 [32m✓[39m src/design-system/feedback/Spinner/__tests__/Spinner.test.ts[2m > [22mSpinner 组件[2m > [22m基础渲染[2m > [22m应该有正确的默认 aria-label
 [32m✓[39m src/design-system/feedback/Spinner/__tests__/Spinner.test.ts[2m > [22mSpinner 组件[2m > [22m基础渲染[2m > [22m应该使用自定义 label 作为 aria-label
 [32m✓[39m src/design-system/feedback/Spinner/__tests__/Spinner.test.ts[2m > [22mSpinner 组件[2m > [22m类型变体[2m > [22m应该渲染 default 类型的旋转圆圈
 [32m✓[39m src/design-system/feedback/Spinner/__tests__/Spinner.test.ts[2m > [22mSpinner 组件[2m > [22m类型变体[2m > [22m应该渲染 dots 类型的点动画
 [32m✓[39m src/design-system/feedback/Spinner/__tests__/Spinner.test.ts[2m > [22mSpinner 组件[2m > [22m类型变体[2m > [22m应该渲染 bars 类型的条形动画
 [32m✓[39m src/design-system/feedback/Spinner/__tests__/Spinner.test.ts[2m > [22mSpinner 组件[2m > [22m类型变体[2m > [22m应该渲染 wave 类型的波浪动画
 [32m✓[39m src/design-system/feedback/Spinner/__tests__/Spinner.test.ts[2m > [22mSpinner 组件[2m > [22m尺寸变体[2m > [22m应该渲染 sm 尺寸的 Spinner
 [32m✓[39m src/design-system/feedback/Spinner/__tests__/Spinner.test.ts[2m > [22mSpinner 组件[2m > [22m尺寸变体[2m > [22m应该渲染 md 尺寸的 Spinner（默认）
 [32m✓[39m src/design-system/feedback/Spinner/__tests__/Spinner.test.ts[2m > [22mSpinner 组件[2m > [22m尺寸变体[2m > [22m应该渲染 lg 尺寸的 Spinner
 [32m✓[39m src/design-system/feedback/Spinner/__tests__/Spinner.test.ts[2m > [22mSpinner 组件[2m > [22m尺寸变体[2m > [22mdots 类型应该正确应用 sm 尺寸
 [32m✓[39m src/design-system/feedback/Spinner/__tests__/Spinner.test.ts[2m > [22mSpinner 组件[2m > [22m尺寸变体[2m > [22mdots 类型应该正确应用 lg 尺寸
 [32m✓[39m src/design-system/feedback/Spinner/__tests__/Spinner.test.ts[2m > [22mSpinner 组件[2m > [22m颜色定制[2m > [22m应该应用自定义颜色样式
 [32m✓[39m src/design-system/feedback/Spinner/__tests__/Spinner.test.ts[2m > [22mSpinner 组件[2m > [22m颜色定制[2m > [22m应该应用十六进制颜色
 [32m✓[39m src/design-system/feedback/Spinner/__tests__/Spinner.test.ts[2m > [22mSpinner 组件[2m > [22m颜色定制[2m > [22m应该应用 RGB 颜色
 [32m✓[39m src/design-system/feedback/Spinner/__tests__/Spinner.test.ts[2m > [22mSpinner 组件[2m > [22m颜色定制[2m > [22m应该应用颜色名称
 [32m✓[39m src/design-system/feedback/Spinner/__tests__/Spinner.test.ts[2m > [22mSpinner 组件[2m > [22m线条粗细（仅 default 类型）[2m > [22m应该应用默认线条粗细 3
 [32m✓[39m src/design-system/feedback/Spinner/__tests__/Spinner.test.ts[2m > [22mSpinner 组件[2m > [22m线条粗细（仅 default 类型）[2m > [22m应该应用自定义线条粗细 2
 [32m✓[39m src/design-system/feedback/Spinner/__tests__/Spinner.test.ts[2m > [22mSpinner 组件[2m > [22m线条粗细（仅 default 类型）[2m > [22m应该应用自定义线条粗细 6
 [32m✓[39m src/design-system/feedback/Spinner/__tests__/Spinner.test.ts[2m > [22mSpinner 组件[2m > [22m文字说明[2m > [22m应该显示 label 文字
 [32m✓[39m src/design-system/feedback/Spinner/__tests__/Spinner.test.ts[2m > [22mSpinner 组件[2m > [22m文字说明[2m > [22m应该渲染默认插槽内容
 [32m✓[39m src/design-system/feedback/Spinner/__tests__/Spinner.test.ts[2m > [22mSpinner 组件[2m > [22m文字说明[2m > [22mlabel 应该在 spinner 后面显示
 [32m✓[39m src/design-system/feedback/Spinner/__tests__/Spinner.test.ts[2m > [22mSpinner 组件[2m > [22m文字说明[2m > [22m文字应该有正确的 ml-2 类名
 [32m✓[39m src/design-system/feedback/Spinner/__tests__/Spinner.test.ts[2m > [22mSpinner 组件[2m > [22mCSS 类名[2m > [22m应该应用自定义类名
 [32m✓[39m src/design-system/feedback/Spinner/__tests__/Spinner.test.ts[2m > [22mSpinner 组件[2m > [22mCSS 类名[2m > [22m应该保留内置类名
 [32m✓[39m src/design-system/feedback/Spinner/__tests__/Spinner.test.ts[2m > [22mSpinner 组件[2m > [22mCSS 类名[2m > [22m容器应该有 inline-flex 类
 [32m✓[39m src/design-system/feedback/Spinner/__tests__/Spinner.test.ts[2m > [22mSpinner 组件[2m > [22mCSS 类名[2m > [22m容器应该有 items-center 类
 [32m✓[39m src/design-system/feedback/Spinner/__tests__/Spinner.test.ts[2m > [22mSpinner 组件[2m > [22m动画类名[2m > [22mdefault 类型应该有 animate-spin 类
 [32m✓[39m src/design-system/feedback/Spinner/__tests__/Spinner.test.ts[2m > [22mSpinner 组件[2m > [22m动画类名[2m > [22mdots 类型应该有 animate-bounce 类
 [32m✓[39m src/design-system/feedback/Spinner/__tests__/Spinner.test.ts[2m > [22mSpinner 组件[2m > [22m动画类名[2m > [22mbars 类型应该有 animate-pulse 类
 [32m✓[39m src/design-system/feedback/Spinner/__tests__/Spinner.test.ts[2m > [22mSpinner 组件[2m > [22m动画类名[2m > [22mwave 类型应该有自定义动画类
 [32m✓[39m src/design-system/feedback/Spinner/__tests__/Spinner.test.ts[2m > [22mSpinner 组件[2m > [22m组合测试[2m > [22m应该同时应用 size 和 color
 [32m✓[39m src/design-system/feedback/Spinner/__tests__/Spinner.test.ts[2m > [22mSpinner 组件[2m > [22m组合测试[2m > [22m应该同时应用 type、size 和 label
 [32m✓[39m src/design-system/feedback/Spinner/__tests__/Spinner.test.ts[2m > [22mSpinner 组件[2m > [22m组合测试[2m > [22m应该同时应用所有 props
 [32m✓[39m src/design-system/feedback/Spinner/__tests__/Spinner.test.ts[2m > [22mSpinner 组件[2m > [22m响应式更新[2m > [22m应该在 size 变化时更新样式
 [32m✓[39m src/design-system/feedback/Spinner/__tests__/Spinner.test.ts[2m > [22mSpinner 组件[2m > [22m响应式更新[2m > [22m应该在 color 变化时更新样式
 [32m✓[39m src/design-system/feedback/Spinner/__tests__/Spinner.test.ts[2m > [22mSpinner 组件[2m > [22m响应式更新[2m > [22m应该在 type 变化时更新渲染
 [32m✓[39m src/design-system/feedback/Spinner/__tests__/Spinner.test.ts[2m > [22mSpinner 组件[2m > [22m样式和布局[2m > [22m容器应该是 flex 布局
 [32m✓[39m src/design-system/feedback/Spinner/__tests__/Spinner.test.ts[2m > [22mSpinner 组件[2m > [22m样式和布局[2m > [22m不同尺寸应该有不同的间距
 [32m✓[39m src/design-system/feedback/Spinner/__tests__/Spinner.test.ts[2m > [22mSpinner 组件[2m > [22m边界情况[2m > [22m应该处理空的 label
 [32m✓[39m src/design-system/feedback/Spinner/__tests__/Spinner.test.ts[2m > [22mSpinner 组件[2m > [22m边界情况[2m > [22m应该处理 undefined color
 [32m✓[39m src/design-system/feedback/Spinner/__tests__/Spinner.test.ts[2m > [22mSpinner 组件[2m > [22m边界情况[2m > [22m应该处理 strokeWidth 为 0
 [32m✓[39m src/design-system/feedback/Spinner/__tests__/Spinner.test.ts[2m > [22mSpinner 组件[2m > [22m边界情况[2m > [22m应该处理非常大的 strokeWidth
 [32m✓[39m tests/unit/design-system/form/Slider.test.ts[2m > [22mSlider[2m > [22m基础渲染[2m > [22m默认渲染为 md size 和 primary 颜色
 [32m✓[39m tests/unit/design-system/form/Slider.test.ts[2m > [22mSlider[2m > [22m基础渲染[2m > [22m正确渲染所有尺寸
 [32m✓[39m tests/unit/design-system/form/Slider.test.ts[2m > [22mSlider[2m > [22m基础渲染[2m > [22m正确渲染所有颜色
 [32m✓[39m tests/unit/design-system/form/Slider.test.ts[2m > [22mSlider[2m > [22m基础渲染[2m > [22m显示标签文本
 [32m✓[39m tests/unit/design-system/form/Slider.test.ts[2m > [22mSlider[2m > [22mv-model 双向绑定[2m > [22m响应 modelValue 的变化
 [32m✓[39m tests/unit/design-system/form/Slider.test.ts[2m > [22mSlider[2m > [22m单滑块模式[2m > [22m默认为单滑块模式
 [32m✓[39m tests/unit/design-system/form/Slider.test.ts[2m > [22mSlider[2m > [22m单滑块模式[2m > [22m正确显示当前值
 [32m✓[39m tests/unit/design-system/form/Slider.test.ts[2m > [22mSlider[2m > [22m双滑块模式[2m > [22mrange 模式显示两个滑块
 [32m✓[39m tests/unit/design-system/form/Slider.test.ts[2m > [22mSlider[2m > [22m双滑块模式[2m > [22m范围模式正确显示值
 [32m✓[39m tests/unit/design-system/form/Slider.test.ts[2m > [22mSlider[2m > [22m垂直模式[2m > [22mvertical 模式有正确的样式
 [32m✓[39m tests/unit/design-system/form/Slider.test.ts[2m > [22mSlider[2m > [22m垂直模式[2m > [22m垂直模式有正确的高度
 [32m✓[39m tests/unit/design-system/form/Slider.test.ts[2m > [22mSlider[2m > [22m禁用状态[2m > [22m禁用状态下不可拖动
 [32m✓[39m tests/unit/design-system/form/Slider.test.ts[2m > [22mSlider[2m > [22m禁用状态[2m > [22m禁用状态有正确的样式
 [32m✓[39m tests/unit/design-system/form/Slider.test.ts[2m > [22mSlider[2m > [22m刻度标记[2m > [22m显示刻度标记
 [32m✓[39m tests/unit/design-system/form/Slider.test.ts[2m > [22mSlider[2m > [22m刻度标记[2m > [22m显示刻度标签
 [32m✓[39m tests/unit/design-system/form/Slider.test.ts[2m > [22mSlider[2m > [22mTooltip 格式化[2m > [22m使用自定义格式化函数
 [32m✓[39m tests/unit/design-system/form/Slider.test.ts[2m > [22mSlider[2m > [22m步长控制[2m > [22m正确应用步长
 [32m✓[39m tests/unit/design-system/form/Slider.test.ts[2m > [22mSlider[2m > [22m步长控制[2m > [22m不同步长都能正常工作
 [32m✓[39m tests/unit/design-system/form/Slider.test.ts[2m > [22mSlider[2m > [22m范围限制[2m > [22m正确应用最小值
 [32m✓[39m tests/unit/design-system/form/Slider.test.ts[2m > [22mSlider[2m > [22m范围限制[2m > [22m正确应用最大值
 [32m✓[39m tests/unit/design-system/form/Slider.test.ts[2m > [22mSlider[2m > [22mTooltip 显示[2m > [22mshowTooltip 为 true 时显示 tooltip
 [32m✓[39m tests/unit/design-system/form/Slider.test.ts[2m > [22mSlider[2m > [22mTooltip 显示[2m > [22mshowTooltip 为 false 时不显示 tooltip
 [32m✓[39m tests/unit/design-system/form/Slider.test.ts[2m > [22mSlider[2m > [22m事件触发[2m > [22m事件触发在组件中已实现
 [32m✓[39m tests/unit/design-system/form/Slider.test.ts[2m > [22mSlider[2m > [22m样式[2m > [22m接受自定义 class
 [32m✓[39m tests/unit/design-system/form/Slider.test.ts[2m > [22mSlider[2m > [22m样式[2m > [22m保持基础类名
 [32m✓[39m tests/unit/design-system/form/Slider.test.ts[2m > [22mSlider[2m > [22m样式[2m > [22m包含过渡动画类
 [32m✓[39m tests/unit/design-system/form/Slider.test.ts[2m > [22mSlider[2m > [22m可访问性[2m > [22m滑块有正确的 aria 属性
 [32m✓[39m tests/unit/design-system/form/Slider.test.ts[2m > [22mSlider[2m > [22m可访问性[2m > [22m禁用状态有正确的 aria-disabled 属性
 [32m✓[39m tests/unit/design-system/form/Slider.test.ts[2m > [22mSlider[2m > [22m可访问性[2m > [22m包含 focus-visible 样式
 [32m✓[39m tests/unit/design-system/form/Slider.test.ts[2m > [22mSlider[2m > [22m边角情况[2m > [22m处理最小值
 [32m✓[39m tests/unit/design-system/form/Slider.test.ts[2m > [22mSlider[2m > [22m边角情况[2m > [22m处理最大值
 [32m✓[39m tests/unit/design-system/form/Slider.test.ts[2m > [22mSlider[2m > [22m边角情况[2m > [22m处理小数步长
 [32m✓[39m tests/unit/design-system/form/Slider.test.ts[2m > [22mSlider[2m > [22m边角情况[2m > [22m处理负值范围
 [32m✓[39m tests/unit/design-system/form/Slider.test.ts[2m > [22mSlider[2m > [22m边角情况[2m > [22m处理范围模式的边界值
 [32m✓[39m tests/unit/design-system/form/Slider.test.ts[2m > [22mSlider[2m > [22m颜色和尺寸组合[2m > [22mprimary 颜色填充
 [32m✓[39m tests/unit/design-system/form/Slider.test.ts[2m > [22mSlider[2m > [22m颜色和尺寸组合[2m > [22msuccess 颜色填充
 [32m✓[39m tests/unit/design-system/form/Slider.test.ts[2m > [22mSlider[2m > [22m颜色和尺寸组合[2m > [22mwarning 颜色填充
 [32m✓[39m tests/unit/design-system/form/Slider.test.ts[2m > [22mSlider[2m > [22m颜色和尺寸组合[2m > [22mdanger 颜色填充
 [32m✓[39m tests/unit/design-system/base/Checkbox.test.ts[2m > [22mCheckbox[2m > [22m基础渲染[2m > [22m默认渲染为 md size 和 primary color
 [32m✓[39m tests/unit/design-system/base/Checkbox.test.ts[2m > [22mCheckbox[2m > [22m基础渲染[2m > [22m正确渲染所有尺寸
 [32m✓[39m tests/unit/design-system/base/Checkbox.test.ts[2m > [22mCheckbox[2m > [22m基础渲染[2m > [22m正确渲染所有颜色
 [32m✓[39m tests/unit/design-system/base/Checkbox.test.ts[2m > [22mCheckbox[2m > [22m基础渲染[2m > [22m渲染标签文本
 [31m×[39m tests/unit/design-system/base/Checkbox.test.ts[2m > [22mCheckbox[2m > [22m基础渲染[2m > [22m渲染插槽内容
[31m   → expected '' to contain '自定义标签'[39m
 [32m✓[39m tests/unit/design-system/base/Checkbox.test.ts[2m > [22mCheckbox[2m > [22m布尔模式[2m > [22m正确处理选中状态
 [32m✓[39m tests/unit/design-system/base/Checkbox.test.ts[2m > [22mCheckbox[2m > [22m布尔模式[2m > [22m正确处理未选中状态
 [32m✓[39m tests/unit/design-system/base/Checkbox.test.ts[2m > [22mCheckbox[2m > [22m布尔模式[2m > [22m点击时切换状态
 [32m✓[39m tests/unit/design-system/base/Checkbox.test.ts[2m > [22mCheckbox[2m > [22m布尔模式[2m > [22mv-model 双向绑定正常工作
 [32m✓[39m tests/unit/design-system/base/Checkbox.test.ts[2m > [22mCheckbox[2m > [22m数组模式[2m > [22m正确处理值在数组中
 [32m✓[39m tests/unit/design-system/base/Checkbox.test.ts[2m > [22mCheckbox[2m > [22m数组模式[2m > [22m正确处理值不在数组中
 [31m×[39m tests/unit/design-system/base/Checkbox.test.ts[2m > [22mCheckbox[2m > [22m数组模式[2m > [22m选中时添加值到数组
[31m   → expected [ [ 'banana', 'apple' ] ] to include 'apple'[39m
 [31m×[39m tests/unit/design-system/base/Checkbox.test.ts[2m > [22mCheckbox[2m > [22m数组模式[2m > [22m取消选中时从数组移除值
[31m   → expected [ [ 'banana' ] ] to include 'banana'[39m
 [31m×[39m tests/unit/design-system/base/Checkbox.test.ts[2m > [22mCheckbox[2m > [22m禁用状态[2m > [22mdisabled 状态不触发点击
[31m   → expected "spy" to not be called at all, but actually been called 1 times[90m

Received: 

[1m  1st spy call:

[22m    Array [
      MouseEvent {
        "_vts": 1769254080466,
        "isTrusted": false,
      },
    ]
[31m[90m

Number of calls: [1m1[22m
[31m[39m
 [32m✓[39m tests/unit/design-system/base/Checkbox.test.ts[2m > [22mCheckbox[2m > [22m禁用状态[2m > [22mdisabled 状态有正确的样式
 [32m✓[39m tests/unit/design-system/base/Checkbox.test.ts[2m > [22mCheckbox[2m > [22m禁用状态[2m > [22m禁用时标签文本有正确的样式
 [31m×[39m tests/unit/design-system/base/Checkbox.test.ts[2m > [22mCheckbox[2m > [22m半选状态[2m > [22mindeterminate 属性正确设置
[31m   → expected false to be true // Object.is equality[39m
 [32m✓[39m tests/unit/design-system/base/Checkbox.test.ts[2m > [22mCheckbox[2m > [22m半选状态[2m > [22m显示半选图标
 [32m✓[39m tests/unit/design-system/base/Checkbox.test.ts[2m > [22mCheckbox[2m > [22m半选状态[2m > [22m选中时清除半选状态
 [31m×[39m tests/unit/design-system/base/Checkbox.test.ts[2m > [22mCheckbox[2m > [22mCheckboxGroup 集成[2m > [22m正确响应组的选中状态
[31m   → [2mexpect([22m[31melement[31m[2m).toBeChecked()[22m

Received element is not checked:
  [31m<input
  class="relative flex-shrink-0 rounded border-2 transition-all duration-200 appearance-none cursor-pointer focus-visible:outline-none focus-visible:ring-2 focus-visible:ring-offset-2 w-5 h-5 border-slate-300 focus-visible:ring-primary-500 checked:border-primary-500 checked:bg-primary-500 dark:border-slate-600"
  type="checkbox"
  value="a"
/>[31m[39m
 [31m×[39m tests/unit/design-system/base/Checkbox.test.ts[2m > [22mCheckbox[2m > [22mCheckboxGroup 集成[2m > [22m点击时更新组值
[31m   → Cannot read properties of undefined (reading '0')[39m
 [31m×[39m tests/unit/design-system/base/Checkbox.test.ts[2m > [22mCheckbox[2m > [22mCheckboxGroup 集成[2m > [22m组的 disabled 状态传递给子项
[31m   → [2mexpect([22m[31melement[31m[2m).toHaveClass([22m[32m[32m"opacity-50"[32m[31m[2m)[22m

Expected the element to have class:
[32m  opacity-50[31m
Received:
[31m  flex items-center gap-2 cursor-pointer transition-all duration-200 select-none text-base[31m[39m
 [31m×[39m tests/unit/design-system/base/Checkbox.test.ts[2m > [22mCheckbox[2m > [22mCheckboxGroup 集成[2m > [22m组的 size 传递给子项
[31m   → [2mexpect([22m[31melement[31m[2m).toHaveClass([22m[32m[32m"w-6"[32m[31m[2m)[22m

Expected the element to have class:
[32m  w-6[31m
Received:
[31m  relative flex-shrink-0 rounded border-2 transition-all duration-200 appearance-none cursor-pointer focus-visible:outline-none focus-visible:ring-2 focus-visible:ring-offset-2 w-5 h-5 border-slate-300 focus-visible:ring-primary-500 checked:border-primary-500 checked:bg-primary-500 dark:border-slate-600[31m[39m
 [32m✓[39m tests/unit/design-system/base/Checkbox.test.ts[2m > [22mCheckbox[2m > [22mCheckboxGroup 集成[2m > [22mvertical 垂直排列
 [32m✓[39m tests/unit/design-system/base/Checkbox.test.ts[2m > [22mCheckbox[2m > [22m可访问性[2m > [22m支持键盘 Enter 键
 [32m✓[39m tests/unit/design-system/base/Checkbox.test.ts[2m > [22mCheckbox[2m > [22m可访问性[2m > [22m支持空格键
 [32m✓[39m tests/unit/design-system/base/Checkbox.test.ts[2m > [22mCheckbox[2m > [22m可访问性[2m > [22m有正确的 focus-visible 样式
 [32m✓[39m tests/unit/design-system/base/Checkbox.test.ts[2m > [22mCheckbox[2m > [22m可访问性[2m > [22m有正确的 type 属性
 [32m✓[39m tests/unit/design-system/base/Checkbox.test.ts[2m > [22mCheckbox[2m > [22m样式[2m > [22m接受自定义 class
 [32m✓[39m tests/unit/design-system/base/Checkbox.test.ts[2m > [22mCheckbox[2m > [22m样式[2m > [22m有 transition 动画
 [32m✓[39m tests/unit/design-system/base/Checkbox.test.ts[2m > [22mCheckbox[2m > [22m样式[2m > [22m有正确的边框样式
 [32m✓[39m tests/unit/design-system/base/Checkbox.test.ts[2m > [22mCheckbox[2m > [22m样式[2m > [22m选中时有正确的背景色
 [32m✓[39m tests/unit/design-system/base/Checkbox.test.ts[2m > [22mCheckbox[2m > [22m图标显示[2m > [22m选中时显示对勾图标
 [32m✓[39m tests/unit/design-system/base/Checkbox.test.ts[2m > [22mCheckbox[2m > [22m图标显示[2m > [22m未选中时不显示图标
 [32m✓[39m tests/unit/design-system/base/Checkbox.test.ts[2m > [22mCheckbox[2m > [22m图标显示[2m > [22m半选时显示横线图标
[90mstdout[2m | tests/unit/design-system/layout/Col.test.ts
[22m[39m✅ Unit test setup completed

 [32m✓[39m src/design-system/feedback/Message/__tests__/Message.test.ts[2m > [22mMessage 组件[2m > [22m自动关闭功能[2m > [22m当 duration 为 0 时不应该自动关闭
 [32m✓[39m src/design-system/feedback/Message/__tests__/Message.test.ts[2m > [22mMessage 组件[2m > [22m关闭按钮[2m > [22m当 showClose 为 false 时不应该显示关闭按钮
 [32m✓[39m src/design-system/feedback/Message/__tests__/Message.test.ts[2m > [22mMessage 组件[2m > [22m关闭按钮[2m > [22m当 showClose 为 true 时应该显示关闭按钮
 [32m✓[39m src/design-system/feedback/Message/__tests__/Message.test.ts[2m > [22mMessage 组件[2m > [22m居中显示[2m > [22m应该支持居中显示
 [32m✓[39m src/design-system/feedback/Message/__tests__/Message.test.ts[2m > [22mMessage 组件[2m > [22m居中显示[2m > [22m非居中模式应该左对齐
 [32m✓[39m src/design-system/feedback/Message/__tests__/Message.test.ts[2m > [22mMessage 组件[2m > [22mHTML 内容[2m > [22m应该支持 HTML 内容
 [32m✓[39m src/design-system/feedback/Message/__tests__/Message.test.ts[2m > [22mMessage 组件[2m > [22mHTML 内容[2m > [22m当 dangerouslyUseHTMLString 为 false 时应该转义 HTML
 [32m✓[39m src/design-system/feedback/Message/__tests__/Message.test.ts[2m > [22mMessage 组件[2m > [22m自定义偏移[2m > [22m应该支持自定义偏移量[33m 638[2mms[22m[39m
 [32m✓[39m src/design-system/feedback/Message/__tests__/Message.test.ts[2m > [22mMessage 组件[2m > [22m自定义偏移[2m > [22m应该使用默认偏移量
 [32m✓[39m src/design-system/feedback/Message/__tests__/Message.test.ts[2m > [22mMessage 组件[2m > [22m事件[2m > [22m关闭时应该触发 close 事件
 [32m✓[39m src/design-system/feedback/Message/__tests__/Message.test.ts[2m > [22mMessage 组件[2m > [22m样式类名[2m > [22m应该应用正确的类型样式类名
 [32m✓[39m src/design-system/feedback/Message/__tests__/Message.test.ts[2m > [22mMessage 组件[2m > [22m样式类名[2m > [22m应该应用居中样式类名
 [32m✓[39m src/design-system/feedback/Message/__tests__/Message.test.ts[2m > [22mMessage 组件[2m > [22m不同类型组合测试[2m > [22msuccess 类型 + 居中 + 无图标
 [32m✓[39m src/design-system/feedback/Message/__tests__/Message.test.ts[2m > [22mMessage 组件[2m > [22m不同类型组合测试[2m > [22merror 类型 + 关闭按钮
 [32m✓[39m src/design-system/feedback/Message/__tests__/Message.test.ts[2m > [22mMessage 组件[2m > [22m不同类型组合测试[2m > [22mwarning 类型 + HTML 内容
 [32m✓[39m src/design-system/feedback/Message/__tests__/Message.test.ts[2m > [22mMessage 组件[2m > [22m不同类型组合测试[2m > [22minfo 类型 + 自定义偏移
 [32m✓[39m src/design-system/feedback/Message/__tests__/Message.test.ts[2m > [22mMessage 组件[2m > [22m属性默认值[2m > [22m应该使用默认的 type 值
 [32m✓[39m src/design-system/feedback/Message/__tests__/Message.test.ts[2m > [22mMessage 组件[2m > [22m属性默认值[2m > [22m应该使用默认的 offset 值
 [32m✓[39m src/design-system/feedback/Message/__tests__/Message.test.ts[2m > [22mMessage 组件[2m > [22m属性默认值[2m > [22m应该使用默认的 center 值
 [32m✓[39m src/design-system/feedback/Message/__tests__/Message.test.ts[2m > [22mMessage 组件[2m > [22m属性默认值[2m > [22m应该使用默认的 showClose 值
 [32m✓[39m src/design-system/feedback/Message/__tests__/Message.test.ts[2m > [22mMessage 组件[2m > [22m属性默认值[2m > [22m应该使用默认的 dangerouslyUseHTMLString 值
 [32m✓[39m src/design-system/feedback/Message/__tests__/Message.test.ts[2m > [22mMessage 组件[2m > [22m边界情况[2m > [22m应该处理空字符串消息
 [32m✓[39m src/design-system/feedback/Message/__tests__/Message.test.ts[2m > [22mMessage 组件[2m > [22m边界情况[2m > [22m应该处理很长的消息内容
 [32m✓[39m src/design-system/feedback/Message/__tests__/Message.test.ts[2m > [22mMessage 组件[2m > [22m边界情况[2m > [22m应该处理零偏移量
 [32m✓[39m src/design-system/feedback/Message/__tests__/Message.test.ts[2m > [22mMessage 组件[2m > [22m边界情况[2m > [22m应该处理很大的偏移量
 [32m✓[39m src/design-system/feedback/Message/__tests__/Message.test.ts[2m > [22mMessage 组件[2m > [22m渲染时机[2m > [22m应该在组件挂载后显示消息
 [31m×[39m tests/unit/design-system/feedback/Dialog.test.ts[2m > [22mDialog 组件[2m > [22m可访问性[2m > [22m关闭按钮应该有正确的 aria-label[33m 1043[2mms[22m[39m
[31m   → [2mexpect([22m[31mreceived[31m[2m).toBeInTheDocument()[22m

[31mreceived[31m value must be an HTMLElement or an SVGElement.


Ignored nodes: comments, script, style
[36m<html>[31m
  [36m<head />[31m
  [36m<body>[31m
    [36m<div />[31m
    [0m[0m
    [36m<transition-stub[31m
      [33mappear[31m=[32m"false"[31m
      [33mcss[31m=[32m"true"[31m
      [33mdata-v-65a60499[31m=[32m""[31m
      [33menteractiveclass[31m=[32m"transition-opacity duration-300"[31m
      [33menterfromclass[31m=[32m"opacity-0"[31m
      [33mentertoclass[31m=[32m"opacity-100"[31m
      [33mleaveactiveclass[31m=[32m"transition-opacity duration-300"[31m
      [33mleavefromclass[31m=[32m"opacity-100"[31m
      [33mleavetoclass[31m=[32m"opacity-0"[31m
      [33mpersisted[31m=[32m"false"[31m
    [36m>[31m
      [36m<div[31m
        [33maria-hidden[31m=[32m"true"[31m
        [33mclass[31m=[32m"fixed inset-0 bg-black/50 z-40 transition-opacity duration-300"[31m
        [33mdata-v-65a60499[31m=[32m""[31m
      [36m/>[31m
    [36m</transition-stub>[31m
    [36m<transition-stub[31m
      [33mappear[31m=[32m"false"[31m
      [33mcss[31m=[32m"true"[31m
      [33mdata-v-65a60499[31m=[32m""[31m
      [33menteractiveclass[31m=[32m"transition-all duration-300 ease-out"[31m
      [33menterfromclass[31m=[32m"opacity-0 scale-95"[31m
      [33mentertoclass[31m=[32m"opacity-100 scale-100"[31m
      [33mleaveactiveclass[31m=[32m"transition-all duration-300 ease-in"[31m
      [33mleavefromclass[31m=[32m"opacity-100 scale-100"[31m
      [33mleavetoclass[31m=[32m"opacity-0 scale-95"[31m
      [33mpersisted[31m=[32m"false"[31m
    [36m>[31m
      [36m<div[31m
        [33maria-modal[31m=[32m"true"[31m
        [33mclass[31m=[32m"fixed z-50 bg-white dark:bg-neutral-800 rounded-lg shadow-xl flex flex-col max-h-[90vh] w-full max-w-md top-20 left-1/2 -translate-x-1/2 transition-all duration-300 ease-in-out"[31m
        [33mdata-v-65a60499[31m=[32m""[31m
        [33mrole[31m=[32m"dialog"[31m
      [36m>[31m
        [36m<div[31m
          [33mclass[31m=[32m"flex-1 overflow-auto px-6 py-4"[31m
          [33mdata-v-65a60499[31m=[32m""[31m
        [36m>[31m
          [0m[0m
          [36m<p[31m
            [33mclass[31m=[32m"text-neutral-600 dark:text-neutral-400"[31m
            [33mdata-v-65a60499[31m=[32m""[31m
          [36m>[31m
            [0m 对话框内容 [0m
          [36m</p>[31m
          [0m[0m
        [36m</div>[31m
      [36m</div>[31m
    [36m</transition-stub>[31m
    [0m[0m
  [36m</body>[31m
[36m</html>[31m[39m
 [32m✓[39m tests/unit/design-system/feedback/Dialog.test.ts[2m > [22mDialog 组件[2m > [22m点击事件冒泡[2m > [22m点击对话框内容不应该关闭对话框
 [32m✓[39m tests/unit/design-system/data/Table.test.ts[2m > [22mTable[2m > [22m基础渲染[2m > [22m默认渲染为空数据
 [32m✓[39m tests/unit/design-system/data/Table.test.ts[2m > [22mTable[2m > [22m基础渲染[2m > [22m正确渲染表格数据
 [32m✓[39m tests/unit/design-system/data/Table.test.ts[2m > [22mTable[2m > [22m基础渲染[2m > [22m正确渲染表头
 [32m✓[39m tests/unit/design-system/data/Table.test.ts[2m > [22mTable[2m > [22m基础渲染[2m > [22mshowHeader 为 false 时不显示表头
 [32m✓[39m tests/unit/design-system/data/Table.test.ts[2m > [22mTable[2m > [22m样式类名[2m > [22mborder 为 true 时添加边框类名
 [32m✓[39m tests/unit/design-system/data/Table.test.ts[2m > [22mTable[2m > [22m样式类名[2m > [22mstripe 为 true 时添加斑马纹
 [32m✓[39m tests/unit/design-system/data/Table.test.ts[2m > [22mTable[2m > [22m样式类名[2m > [22mhighlightCurrentRow 为 true 时添加高亮样式
 [32m✓[39m tests/unit/design-system/data/Table.test.ts[2m > [22mTable[2m > [22m样式类名[2m > [22m接受自定义 class
 [32m✓[39m tests/unit/design-system/data/Table.test.ts[2m > [22mTable[2m > [22m尺寸变体[2m > [22msize 为 sm 时使用小尺寸样式
 [32m✓[39m tests/unit/design-system/data/Table.test.ts[2m > [22mTable[2m > [22m尺寸变体[2m > [22msize 为 md 时使用默认尺寸样式
 [32m✓[39m tests/unit/design-system/data/Table.test.ts[2m > [22mTable[2m > [22m尺寸变体[2m > [22msize 为 lg 时使用大尺寸样式
 [32m✓[39m tests/unit/design-system/data/Table.test.ts[2m > [22mTable[2m > [22m列对齐[2m > [22m左对齐列使用 text-left 类名
 [32m✓[39m tests/unit/design-system/data/Table.test.ts[2m > [22mTable[2m > [22m列对齐[2m > [22m居中对齐列使用 text-center 类名
 [32m✓[39m tests/unit/design-system/data/Table.test.ts[2m > [22mTable[2m > [22m列对齐[2m > [22m右对齐列使用 text-right 类名
 [32m✓[39m tests/unit/design-system/data/Table.test.ts[2m > [22mTable[2m > [22m交互行为[2m > [22m点击行触发 rowClick 事件
 [31m×[39m tests/unit/design-system/data/Table.test.ts[2m > [22mTable[2m > [22m交互行为[2m > [22m双击行触发 rowDblclick 事件
[31m   → firstRow.dblclick is not a function[39m
 [32m✓[39m tests/unit/design-system/data/Table.test.ts[2m > [22mTable[2m > [22m交互行为[2m > [22m点击排序列触发 sortChange 事件
 [32m✓[39m tests/unit/design-system/data/Table.test.ts[2m > [22mTable[2m > [22m空数据状态[2m > [22m数据为空时显示空状态文本
 [32m✓[39m tests/unit/design-system/data/Table.test.ts[2m > [22mTable[2m > [22m空数据状态[2m > [22m使用默认空状态文本
 [32m✓[39m tests/unit/design-system/data/Table.test.ts[2m > [22mTable[2m > [22m自定义渲染[2m > [22m支持自定义单元格渲染函数
 [32m✓[39m tests/unit/design-system/data/Table.test.ts[2m > [22mTable[2m > [22m自定义样式[2m > [22m支持自定义行类名字符串
 [32m✓[39m tests/unit/design-system/data/Table.test.ts[2m > [22mTable[2m > [22m自定义样式[2m > [22m支持自定义行类名函数
 [32m✓[39m tests/unit/design-system/data/Table.test.ts[2m > [22mTable[2m > [22m自定义样式[2m > [22m支持自定义单元格类名字符串
 [32m✓[39m tests/unit/design-system/data/Table.test.ts[2m > [22mTable[2m > [22m列宽度[2m > [22m固定列宽时使用指定宽度
 [32m✓[39m tests/unit/design-system/data/Table.test.ts[2m > [22mTable[2m > [22m列宽度[2m > [22m最小列宽时使用最小宽度
 [32m✓[39m tests/unit/design-system/data/Table.test.ts[2m > [22mTable[2m > [22m列宽度[2m > [22mfit 为 true 时使用 table-fixed 布局
 [32m✓[39m tests/unit/design-system/data/Table.test.ts[2m > [22mTable[2m > [22m列宽度[2m > [22mfit 为 false 时不使用 table-fixed 布局
 [32m✓[39m tests/unit/design-system/data/Table.test.ts[2m > [22mTable[2m > [22m排序功能[2m > [22msortable 为 true 的列显示排序图标
 [32m✓[39m tests/unit/design-system/data/Table.test.ts[2m > [22mTable[2m > [22m排序功能[2m > [22m默认排序状态正确显示
 [32m✓[39m tests/unit/design-system/data/Table.test.ts[2m > [22mTable[2m > [22m边界情况[2m > [22m空列配置时不报错
 [32m✓[39m tests/unit/design-system/data/Table.test.ts[2m > [22mTable[2m > [22m边界情况[2m > [22mundefined 值正确显示
 [32m✓[39m tests/unit/design-system/data/Table.test.ts[2m > [22mTable[2m > [22m边界情况[2m > [22mnull 值正确显示
 [32m✓[39m tests/unit/design-system/data/Table.test.ts[2m > [22mTable[2m > [22m边界情况[2m > [22m大数据量正常渲染[33m 526[2mms[22m[39m
 [32m✓[39m tests/unit/design-system/data/Table.test.ts[2m > [22mTable[2m > [22m过渡动画[2m > [22m行有 transition 类名
 [32m✓[39m tests/unit/design-system/navigation/Menu.test.ts[2m > [22mMenu 组件[2m > [22m基础功能[2m > [22m应该正确渲染 Menu 容器
 [32m✓[39m tests/unit/design-system/navigation/Menu.test.ts[2m > [22mMenu 组件[2m > [22m基础功能[2m > [22m应该渲染子菜单项
 [32m✓[39m tests/unit/design-system/navigation/Menu.test.ts[2m > [22mMenu 组件[2m > [22m基础功能[2m > [22m应该正确设置默认激活项
 [32m✓[39m tests/unit/design-system/navigation/Menu.test.ts[2m > [22mMenu 组件[2m > [22m模式切换[2m > [22m应该在垂直模式下应用正确的样式
 [32m✓[39m tests/unit/design-system/navigation/Menu.test.ts[2m > [22mMenu 组件[2m > [22m模式切换[2m > [22m应该在水平模式下应用正确的样式
 [32m✓[39m tests/unit/design-system/navigation/Menu.test.ts[2m > [22mMenu 组件[2m > [22m折叠模式[2m > [22m应该在折叠模式下应用正确的样式
 [32m✓[39m tests/unit/design-system/navigation/Menu.test.ts[2m > [22mMenu 组件[2m > [22m折叠模式[2m > [22m折叠模式下的菜单项应该居中显示
 [32m✓[39m tests/unit/design-system/navigation/Menu.test.ts[2m > [22mMenu 组件[2m > [22mMenuItem 组件[2m > [22m应该正确渲染菜单项内容
 [32m✓[39m tests/unit/design-system/navigation/Menu.test.ts[2m > [22mMenu 组件[2m > [22mMenuItem 组件[2m > [22m应该正确渲染图标
 [32m✓[39m tests/unit/design-system/navigation/Menu.test.ts[2m > [22mMenu 组件[2m > [22mMenuItem 组件[2m > [22m禁用状态下应该阻止点击
 [32m✓[39m tests/unit/design-system/navigation/Menu.test.ts[2m > [22mMenu 组件[2m > [22mMenuItem 组件[2m > [22m应该支持键盘导航
 [32m✓[39m tests/unit/design-system/navigation/Menu.test.ts[2m > [22mMenu 组件[2m > [22mMenuSub 组件[2m > [22m应该正确渲染子菜单标题
 [32m✓[39m tests/unit/design-system/navigation/Menu.test.ts[2m > [22mMenu 组件[2m > [22mMenuSub 组件[2m > [22m应该在垂直模式下支持点击展开/收起
 [32m✓[39m tests/unit/design-system/navigation/Menu.test.ts[2m > [22mMenu 组件[2m > [22mMenuItemGroup 组件[2m > [22m应该正确渲染分组标题
 [32m✓[39m tests/unit/design-system/navigation/Menu.test.ts[2m > [22mMenu 组件[2m > [22mMenuItemGroup 组件[2m > [22m应该正确渲染分组内容
 [32m✓[39m tests/unit/design-system/navigation/Menu.test.ts[2m > [22mMenu 组件[2m > [22m自定义主题[2m > [22m应该正确应用自定义背景色
 [32m✓[39m tests/unit/design-system/navigation/Menu.test.ts[2m > [22mMenu 组件[2m > [22m自定义主题[2m > [22m应该正确应用自定义文字颜色
 [32m✓[39m tests/unit/design-system/navigation/Menu.test.ts[2m > [22mMenu 组件[2m > [22m手风琴模式[2m > [22m应该在 uniqueOpened 模式下只保持一个子菜单展开
 [32m✓[39m tests/unit/design-system/navigation/Menu.test.ts[2m > [22mMenu 组件[2m > [22m默认展开项[2m > [22m应该正确展开指定的子菜单
 [32m✓[39m tests/unit/design-system/navigation/Menu.test.ts[2m > [22mMenu 组件[2m > [22m无障碍访问[2m > [22mMenu 容器应该有正确的 role 属性
 [32m✓[39m tests/unit/design-system/navigation/Menu.test.ts[2m > [22mMenu 组件[2m > [22m无障碍访问[2m > [22mMenuItem 应该有正确的 role 属性
 [32m✓[39m tests/unit/design-system/navigation/Menu.test.ts[2m > [22mMenu 组件[2m > [22m无障碍访问[2m > [22m禁用的 MenuItem 应该有正确的 tabindex
 [32m✓[39m tests/unit/design-system/navigation/Menu.test.ts[2m > [22mMenu 组件[2m > [22m无障碍访问[2m > [22mMenuSub 标题应该有正确的 aria 属性
 [32m✓[39m tests/unit/design-system/navigation/Menu.test.ts[2m > [22mMenu 组件[2m > [22m响应式更新[2m > [22m应该在 defaultActive 变化时更新激活状态
 [32m✓[39m tests/unit/design-system/navigation/Menu.test.ts[2m > [22mMenu 组件[2m > [22m响应式更新[2m > [22m应该在 collapse 变化时更新样式
 [32m✓[39m tests/unit/design-system/navigation/Menu.test.ts[2m > [22mMenu 组件[2m > [22m样式和主题[2m > [22m应该正确应用暗色模式样式
 [32m✓[39m tests/unit/design-system/navigation/Menu.test.ts[2m > [22mMenu 组件[2m > [22m样式和主题[2m > [22m应该正确应用过渡动画
 [32m✓[39m tests/unit/design-system/navigation/Menu.test.ts[2m > [22mMenu 组件[2m > [22m样式和主题[2m > [22m应该正确应用 hover 样式
[90mstdout[2m | tests/unit/design-system/base/Tag.test.ts
[22m[39m✅ Unit test setup completed

[90mstdout[2m | tests/unit/design-system/form/Rate.test.ts
[22m[39m✅ Unit test setup completed

 [32m✓[39m tests/unit/design-system/layout/Col.test.ts[2m > [22mCol 组件[2m > [22m基础渲染[2m > [22m应该正确渲染 Col 组件
 [32m✓[39m tests/unit/design-system/layout/Col.test.ts[2m > [22mCol 组件[2m > [22m基础渲染[2m > [22m应该渲染默认的 span 为 12
 [32m✓[39m tests/unit/design-system/layout/Col.test.ts[2m > [22mCol 组件[2m > [22m基础渲染[2m > [22m应该包含 min-w-0 类防止内容溢出
 [32m✓[39m tests/unit/design-system/layout/Col.test.ts[2m > [22mCol 组件[2m > [22mspan 属性[2m > [22m应该正确应用 span="1"
 [32m✓[39m tests/unit/design-system/layout/Col.test.ts[2m > [22mCol 组件[2m > [22mspan 属性[2m > [22m应该正确应用 span="6"
 [32m✓[39m tests/unit/design-system/layout/Col.test.ts[2m > [22mCol 组件[2m > [22mspan 属性[2m > [22m应该正确应用 span="12"
 [32m✓[39m tests/unit/design-system/layout/Col.test.ts[2m > [22mCol 组件[2m > [22mspan 属性[2m > [22m应该正确应用所有 span 值
 [32m✓[39m tests/unit/design-system/layout/Col.test.ts[2m > [22mCol 组件[2m > [22mspan 属性[2m > [22m超出范围的 span 应该使用 w-full
 [32m✓[39m tests/unit/design-system/layout/Col.test.ts[2m > [22mCol 组件[2m > [22moffset 属性[2m > [22m应该正确应用 offset="0"
 [32m✓[39m tests/unit/design-system/layout/Col.test.ts[2m > [22mCol 组件[2m > [22moffset 属性[2m > [22m应该正确应用 offset="1"
 [32m✓[39m tests/unit/design-system/layout/Col.test.ts[2m > [22mCol 组件[2m > [22moffset 属性[2m > [22m应该正确应用 offset="6"
 [32m✓[39m tests/unit/design-system/layout/Col.test.ts[2m > [22mCol 组件[2m > [22moffset 属性[2m > [22m应该正确应用所有 offset 值
 [32m✓[39m tests/unit/design-system/layout/Col.test.ts[2m > [22mCol 组件[2m > [22moffset 属性[2m > [22m超出范围的 offset 不应该添加 ml 类
 [32m✓[39m tests/unit/design-system/layout/Col.test.ts[2m > [22mCol 组件[2m > [22morder 属性[2m > [22m应该正确应用 order 属性
 [32m✓[39m tests/unit/design-system/layout/Col.test.ts[2m > [22mCol 组件[2m > [22morder 属性[2m > [22m应该支持不同的 order 值
 [32m✓[39m tests/unit/design-system/layout/Col.test.ts[2m > [22mCol 组件[2m > [22morder 属性[2m > [22m未设置 order 时不应该添加 order 类
 [32m✓[39m tests/unit/design-system/layout/Col.test.ts[2m > [22mCol 组件[2m > [22m响应式断点[2m > [22m应该正确应用 xs 断点
 [32m✓[39m tests/unit/design-system/layout/Col.test.ts[2m > [22mCol 组件[2m > [22m响应式断点[2m > [22m应该正确应用 sm 断点
 [32m✓[39m tests/unit/design-system/layout/Col.test.ts[2m > [22mCol 组件[2m > [22m响应式断点[2m > [22m应该正确应用 md 断点
 [32m✓[39m tests/unit/design-system/layout/Col.test.ts[2m > [22mCol 组件[2m > [22m响应式断点[2m > [22m应该正确应用 lg 断点
 [32m✓[39m tests/unit/design-system/layout/Col.test.ts[2m > [22mCol 组件[2m > [22m响应式断点[2m > [22m应该正确应用 xl 断点
 [32m✓[39m tests/unit/design-system/layout/Col.test.ts[2m > [22mCol 组件[2m > [22m响应式断点[2m > [22m应该支持多个断点同时设置
 [32m✓[39m tests/unit/design-system/layout/Col.test.ts[2m > [22mCol 组件[2m > [22m响应式断点[2m > [22m设置响应式断点时不应该应用基础 span
 [32m✓[39m tests/unit/design-system/layout/Col.test.ts[2m > [22mCol 组件[2m > [22m响应式断点[2m > [22mxs 断点应该作为基础宽度
 [32m✓[39m tests/unit/design-system/layout/Col.test.ts[2m > [22mCol 组件[2m > [22m插槽内容[2m > [22m应该渲染默认插槽内容
 [32m✓[39m tests/unit/design-system/layout/Col.test.ts[2m > [22mCol 组件[2m > [22m插槽内容[2m > [22m应该支持复杂内容
 [32m✓[39m tests/unit/design-system/layout/Col.test.ts[2m > [22mCol 组件[2m > [22m组合使用[2m > [22m应该同时支持 span 和 offset
 [32m✓[39m tests/unit/design-system/layout/Col.test.ts[2m > [22mCol 组件[2m > [22m组合使用[2m > [22m应该同时支持 span 和 order
 [32m✓[39m tests/unit/design-system/layout/Col.test.ts[2m > [22mCol 组件[2m > [22m组合使用[2m > [22m应该同时支持 offset 和 order
 [32m✓[39m tests/unit/design-system/layout/Col.test.ts[2m > [22mCol 组件[2m > [22m组合使用[2m > [22m应该同时支持 span、offset 和 order
 [32m✓[39m tests/unit/design-system/layout/Col.test.ts[2m > [22mCol 组件[2m > [22m组合使用[2m > [22m应该同时支持响应式断点和 offset
 [32m✓[39m tests/unit/design-system/layout/Col.test.ts[2m > [22mCol 组件[2m > [22m自定义类名[2m > [22m应该支持自定义类名
 [32m✓[39m tests/unit/design-system/layout/Col.test.ts[2m > [22mCol 组件[2m > [22m自定义类名[2m > [22m应该支持多个自定义类名
 [32m✓[39m tests/unit/design-system/layout/Col.test.ts[2m > [22mCol 组件[2m > [22m自定义类名[2m > [22m自定义类名应该与默认类名共存
 [32m✓[39m tests/unit/design-system/layout/Col.test.ts[2m > [22mCol 组件[2m > [22m边缘情况[2m > [22mspan 为 0 应该有合理的处理
 [32m✓[39m tests/unit/design-system/layout/Col.test.ts[2m > [22mCol 组件[2m > [22m边缘情况[2m > [22m负数 offset 应该不添加 ml 类
 [32m✓[39m tests/unit/design-system/layout/Col.test.ts[2m > [22mCol 组件[2m > [22m边缘情况[2m > [22m应该支持响应式断点为 0
 [32m✓[39m tests/unit/design-system/layout/Col.test.ts[2m > [22mCol 组件[2m > [22m响应式行为[2m > [22m移动端应该使用 xs 断点
 [32m✓[39m tests/unit/design-system/layout/Col.test.ts[2m > [22mCol 组件[2m > [22m响应式行为[2m > [22m应该正确应用多个响应式类
 [32m✓[39m tests/unit/design-system/layout/Col.test.ts[2m > [22mCol 组件[2m > [22m默认值[2m > [22mspan 默认值应该是 12
 [32m✓[39m tests/unit/design-system/layout/Col.test.ts[2m > [22mCol 组件[2m > [22m默认值[2m > [22moffset 默认值应该是 0
 [32m✓[39m tests/unit/design-system/layout/Col.test.ts[2m > [22mCol 组件[2m > [22m默认值[2m > [22morder 默认值应该是 undefined
[90mstdout[2m | tests/unit/design-system/base/Skeleton.test.ts
[22m[39m✅ Unit test setup completed

[90mstdout[2m | src/design-system/other/Carousel/__tests__/Carousel.test.ts
[22m[39m✅ Unit test setup completed

[90mstdout[2m | tests/unit/design-system/base/Avatar.test.ts
[22m[39m✅ Unit test setup completed

[90mstdout[2m | tests/unit/design-system/base/Badge.test.ts
[22m[39m✅ Unit test setup completed

[90mstdout[2m | tests/unit/design-system/navigation/Steps.test.ts
[22m[39m✅ Unit test setup completed

[90mstdout[2m | tests/unit/design-system/data/List.test.ts
[22m[39m✅ Unit test setup completed

 [32m✓[39m tests/unit/design-system/base/Skeleton.test.ts[2m > [22mSkeleton 组件[2m > [22m基础渲染[2m > [22m应该正确渲染默认的 text 类型骨架
 [32m✓[39m tests/unit/design-system/base/Skeleton.test.ts[2m > [22mSkeleton 组件[2m > [22m基础渲染[2m > [22m应该正确渲染 circle 类型骨架
 [32m✓[39m tests/unit/design-system/base/Skeleton.test.ts[2m > [22mSkeleton 组件[2m > [22m基础渲染[2m > [22m应该正确渲染 rect 类型骨架
 [32m✓[39m tests/unit/design-system/base/Skeleton.test.ts[2m > [22mSkeleton 组件[2m > [22m基础渲染[2m > [22m应该正确渲染 avatar 类型骨架
 [32m✓[39m tests/unit/design-system/base/Skeleton.test.ts[2m > [22mSkeleton 组件[2m > [22m基础渲染[2m > [22m应该正确渲染 image 类型骨架
 [32m✓[39m tests/unit/design-system/base/Skeleton.test.ts[2m > [22mSkeleton 组件[2m > [22m基础渲染[2m > [22m应该设置 aria-hidden 为 true
 [32m✓[39m tests/unit/design-system/base/Skeleton.test.ts[2m > [22mSkeleton 组件[2m > [22m尺寸变体[2m > [22m应该正确应用 text 类型的 xs 尺寸
 [32m✓[39m tests/unit/design-system/base/Skeleton.test.ts[2m > [22mSkeleton 组件[2m > [22m尺寸变体[2m > [22m应该正确应用 text 类型的 sm 尺寸
 [32m✓[39m tests/unit/design-system/base/Skeleton.test.ts[2m > [22mSkeleton 组件[2m > [22m尺寸变体[2m > [22m应该正确应用 text 类型的 md 尺寸
 [32m✓[39m tests/unit/design-system/base/Skeleton.test.ts[2m > [22mSkeleton 组件[2m > [22m尺寸变体[2m > [22m应该正确应用 text 类型的 lg 尺寸
 [32m✓[39m tests/unit/design-system/base/Skeleton.test.ts[2m > [22mSkeleton 组件[2m > [22m尺寸变体[2m > [22m应该正确应用 text 类型的 xl 尺寸
 [32m✓[39m tests/unit/design-system/base/Skeleton.test.ts[2m > [22mSkeleton 组件[2m > [22m尺寸变体[2m > [22m应该正确应用 circle 类型的 md 尺寸
 [32m✓[39m tests/unit/design-system/base/Skeleton.test.ts[2m > [22mSkeleton 组件[2m > [22m尺寸变体[2m > [22m应该正确应用 rect 类型的 md 尺寸
 [32m✓[39m tests/unit/design-system/base/Skeleton.test.ts[2m > [22mSkeleton 组件[2m > [22m尺寸变体[2m > [22m应该正确应用 avatar 类型的 md 尺寸
 [32m✓[39m tests/unit/design-system/base/Skeleton.test.ts[2m > [22mSkeleton 组件[2m > [22m尺寸变体[2m > [22m应该正确应用 image 类型的 md 尺寸
 [32m✓[39m tests/unit/design-system/base/Skeleton.test.ts[2m > [22mSkeleton 组件[2m > [22m自定义尺寸[2m > [22m应该正确应用自定义宽度
 [32m✓[39m tests/unit/design-system/base/Skeleton.test.ts[2m > [22mSkeleton 组件[2m > [22m自定义尺寸[2m > [22m应该正确应用自定义高度
 [32m✓[39m tests/unit/design-system/base/Skeleton.test.ts[2m > [22mSkeleton 组件[2m > [22m自定义尺寸[2m > [22m应该正确应用自定义宽度和高度
 [32m✓[39m tests/unit/design-system/base/Skeleton.test.ts[2m > [22mSkeleton 组件[2m > [22m自定义尺寸[2m > [22m自定义尺寸应该覆盖默认尺寸类
 [32m✓[39m tests/unit/design-system/base/Skeleton.test.ts[2m > [22mSkeleton 组件[2m > [22m动画效果[2m > [22m默认应该有动画效果
 [32m✓[39m tests/unit/design-system/base/Skeleton.test.ts[2m > [22mSkeleton 组件[2m > [22m动画效果[2m > [22m应该支持禁用动画
 [32m✓[39m tests/unit/design-system/base/Skeleton.test.ts[2m > [22mSkeleton 组件[2m > [22m动画效果[2m > [22m应该支持启用动画
 [32m✓[39m tests/unit/design-system/base/Skeleton.test.ts[2m > [22mSkeleton 组件[2m > [22m自定义类名[2m > [22m应该支持自定义类名
 [32m✓[39m tests/unit/design-system/base/Skeleton.test.ts[2m > [22mSkeleton 组件[2m > [22m自定义类名[2m > [22m应该保留基础类名
 [32m✓[39m tests/unit/design-system/base/Skeleton.test.ts[2m > [22mSkeleton 组件[2m > [22m组合使用[2m > [22m应该可以组合多个 Skeleton 组件
 [32m✓[39m tests/unit/design-system/base/Skeleton.test.ts[2m > [22mSkeleton 组件[2m > [22m组合使用[2m > [22m应该可以在卡片中组合使用
 [32m✓[39m tests/unit/design-system/base/Skeleton.test.ts[2m > [22mSkeleton 组件[2m > [22m暗色模式[2m > [22m应该支持暗色模式样式
 [32m✓[39m tests/unit/design-system/base/Skeleton.test.ts[2m > [22mSkeleton 组件[2m > [22m响应式更新[2m > [22m应该响应 type 属性变化
 [32m✓[39m tests/unit/design-system/base/Skeleton.test.ts[2m > [22mSkeleton 组件[2m > [22m响应式更新[2m > [22m应该响应 size 属性变化
 [32m✓[39m tests/unit/design-system/base/Skeleton.test.ts[2m > [22mSkeleton 组件[2m > [22m响应式更新[2m > [22m应该响应 animated 属性变化
 [32m✓[39m tests/unit/design-system/base/Skeleton.test.ts[2m > [22mSkeleton 组件[2m > [22m响应式更新[2m > [22m应该响应 width 属性变化
 [32m✓[39m tests/unit/design-system/base/Skeleton.test.ts[2m > [22mSkeleton 组件[2m > [22m边界情况[2m > [22m应该处理空字符串宽度
 [32m✓[39m tests/unit/design-system/base/Skeleton.test.ts[2m > [22mSkeleton 组件[2m > [22m边界情况[2m > [22m应该处理空字符串高度
 [32m✓[39m tests/unit/design-system/base/Skeleton.test.ts[2m > [22mSkeleton 组件[2m > [22m边界情况[2m > [22m应该处理百分比尺寸
 [32m✓[39m tests/unit/design-system/base/Skeleton.test.ts[2m > [22mSkeleton 组件[2m > [22m边界情况[2m > [22m应该处理像素尺寸
 [32m✓[39m tests/unit/design-system/base/Skeleton.test.ts[2m > [22mSkeleton 组件[2m > [22m边界情况[2m > [22m应该处理 rem 单位
 [32m✓[39m tests/unit/design-system/base/Skeleton.test.ts[2m > [22mSkeleton 组件[2m > [22m默认值[2m > [22m应该使用默认的 type 为 text
 [32m✓[39m tests/unit/design-system/base/Skeleton.test.ts[2m > [22mSkeleton 组件[2m > [22m默认值[2m > [22m应该使用默认的 size 为 md
 [32m✓[39m tests/unit/design-system/base/Skeleton.test.ts[2m > [22mSkeleton 组件[2m > [22m默认值[2m > [22m应该使用默认的 animated 为 true
[90mstdout[2m | tests/unit/design-system/layout/Row.test.ts
[22m[39m✅ Unit test setup completed

 [32m✓[39m tests/unit/design-system/base/Tag.test.ts[2m > [22mTag[2m > [22m基础渲染[2m > [22m默认渲染为 default variant 和 md size
 [32m✓[39m tests/unit/design-system/base/Tag.test.ts[2m > [22mTag[2m > [22m基础渲染[2m > [22m正确渲染所有变体
 [32m✓[39m tests/unit/design-system/base/Tag.test.ts[2m > [22mTag[2m > [22m基础渲染[2m > [22m正确渲染所有尺寸
 [32m✓[39m tests/unit/design-system/base/Tag.test.ts[2m > [22mTag[2m > [22m基础渲染[2m > [22m正确渲染插槽内容
 [32m✓[39m tests/unit/design-system/base/Tag.test.ts[2m > [22mTag[2m > [22m可关闭功能[2m > [22mremovable 为 false 时不显示关闭按钮
 [32m✓[39m tests/unit/design-system/base/Tag.test.ts[2m > [22mTag[2m > [22m可关闭功能[2m > [22mremovable 为 true 时显示关闭按钮
 [32m✓[39m tests/unit/design-system/base/Tag.test.ts[2m > [22mTag[2m > [22m可关闭功能[2m > [22m点击关闭按钮触发 close 事件
 [32m✓[39m tests/unit/design-system/base/Tag.test.ts[2m > [22mTag[2m > [22m可关闭功能[2m > [22m关闭按钮点击不会触发 Tag 的点击事件
 [32m✓[39m tests/unit/design-system/base/Tag.test.ts[2m > [22mTag[2m > [22m图标功能[2m > [22m不显示图标时 icon prop 为空
 [32m✓[39m tests/unit/design-system/base/Tag.test.ts[2m > [22mTag[2m > [22m图标功能[2m > [22m显示图标时渲染 Icon 组件
 [32m✓[39m tests/unit/design-system/base/Tag.test.ts[2m > [22mTag[2m > [22m交互行为[2m > [22m点击 Tag 触发 click 事件
 [32m✓[39m tests/unit/design-system/base/Tag.test.ts[2m > [22mTag[2m > [22m交互行为[2m > [22mclick 事件包含 MouseEvent
 [32m✓[39m tests/unit/design-system/base/Tag.test.ts[2m > [22mTag[2m > [22m样式[2m > [22m接受自定义 class
 [32m✓[39m tests/unit/design-system/base/Tag.test.ts[2m > [22mTag[2m > [22m样式[2m > [22m保持基础类名
 [32m✓[39m tests/unit/design-system/base/Tag.test.ts[2m > [22mTag[2m > [22m样式[2m > [22m正确应用 variant 样式
 [32m✓[39m tests/unit/design-system/base/Tag.test.ts[2m > [22mTag[2m > [22m样式[2m > [22m正确应用 size 样式
 [32m✓[39m tests/unit/design-system/base/Tag.test.ts[2m > [22mTag[2m > [22m过渡动画[2m > [22m包含 transition-colors 类
 [32m✓[39m tests/unit/design-system/base/Tag.test.ts[2m > [22mTag[2m > [22m过渡动画[2m > [22m关闭按钮包含 transition 类
 [32m✓[39m tests/unit/design-system/base/Tag.test.ts[2m > [22mTag[2m > [22m可访问性[2m > [22m关闭按钮有正确的 aria-label
 [32m✓[39m tests/unit/design-system/base/Tag.test.ts[2m > [22mTag[2m > [22m可访问性[2m > [22m关闭按钮有正确的 type 属性
 [32m✓[39m tests/unit/design-system/base/Tag.test.ts[2m > [22mTag[2m > [22m边角情况[2m > [22m处理空内容
 [32m✓[39m tests/unit/design-system/base/Tag.test.ts[2m > [22mTag[2m > [22m边角情况[2m > [22m处理长文本内容
 [32m✓[39m tests/unit/design-system/base/Tag.test.ts[2m > [22mTag[2m > [22m边角情况[2m > [22m处理同时有 icon 和 removable
 [32m✓[39m tests/unit/design-system/base/Tag.test.ts[2m > [22mTag[2m > [22m边角情况[2m > [22m处理最小尺寸 sm 的关闭按钮
 [32m✓[39m tests/unit/design-system/base/Tag.test.ts[2m > [22mTag[2m > [22m边角情况[2m > [22m处理最大尺寸 lg 的关闭按钮
 [32m✓[39m tests/unit/design-system/base/Tag.test.ts[2m > [22mTag[2m > [22m不同变体的样式组合[2m > [22mprimary variant 有边框样式
 [32m✓[39m tests/unit/design-system/base/Tag.test.ts[2m > [22mTag[2m > [22m不同变体的样式组合[2m > [22msuccess variant 有边框样式
 [32m✓[39m tests/unit/design-system/base/Tag.test.ts[2m > [22mTag[2m > [22m不同变体的样式组合[2m > [22mwarning variant 有边框样式
 [32m✓[39m tests/unit/design-system/base/Tag.test.ts[2m > [22mTag[2m > [22m不同变体的样式组合[2m > [22mdanger variant 有边框样式
 [32m✓[39m src/design-system/other/Carousel/__tests__/Carousel.test.ts[2m > [22mCarousel 组件[2m > [22m组件渲染[2m > [22m应该正确渲染轮播容器
 [32m✓[39m src/design-system/other/Carousel/__tests__/Carousel.test.ts[2m > [22mCarousel 组件[2m > [22m组件渲染[2m > [22m应该应用正确的高度样式
 [32m✓[39m src/design-system/other/Carousel/__tests__/Carousel.test.ts[2m > [22mCarousel 组件[2m > [22m组件渲染[2m > [22m应该渲染轮播内容区域
 [32m✓[39m src/design-system/other/Carousel/__tests__/Carousel.test.ts[2m > [22mCarousel 组件[2m > [22mProps[2m > [22m应该接受 height 属性
 [32m✓[39m src/design-system/other/Carousel/__tests__/Carousel.test.ts[2m > [22mCarousel 组件[2m > [22mProps[2m > [22m应该接受 initialIndex 属性
 [32m✓[39m src/design-system/other/Carousel/__tests__/Carousel.test.ts[2m > [22mCarousel 组件[2m > [22mProps[2m > [22m应该接受 trigger 属性
 [32m✓[39m src/design-system/other/Carousel/__tests__/Carousel.test.ts[2m > [22mCarousel 组件[2m > [22mProps[2m > [22m应该接受 autoplay 属性
 [32m✓[39m src/design-system/other/Carousel/__tests__/Carousel.test.ts[2m > [22mCarousel 组件[2m > [22mProps[2m > [22m应该接受 interval 属性
 [32m✓[39m src/design-system/other/Carousel/__tests__/Carousel.test.ts[2m > [22mCarousel 组件[2m > [22mProps[2m > [22m应该接受 loop 属性
 [32m✓[39m src/design-system/other/Carousel/__tests__/Carousel.test.ts[2m > [22mCarousel 组件[2m > [22mProps[2m > [22m应该接受 direction 属性
 [32m✓[39m src/design-system/other/Carousel/__tests__/Carousel.test.ts[2m > [22mCarousel 组件[2m > [22mProps[2m > [22m应该接受 indicatorPosition 属性
 [32m✓[39m src/design-system/other/Carousel/__tests__/Carousel.test.ts[2m > [22mCarousel 组件[2m > [22mProps[2m > [22m应该接受 arrow 属性
 [32m✓[39m src/design-system/other/Carousel/__tests__/Carousel.test.ts[2m > [22mCarousel 组件[2m > [22mProps[2m > [22m应该接受 pauseOnHover 属性
 [32m✓[39m src/design-system/other/Carousel/__tests__/Carousel.test.ts[2m > [22mCarousel 组件[2m > [22mEvents[2m > [22m应该定义 change 事件
 [32m✓[39m src/design-system/other/Carousel/__tests__/Carousel.test.ts[2m > [22mCarousel 组件[2m > [22mSlots[2m > [22m应该渲染默认插槽内容
 [32m✓[39m src/design-system/other/Carousel/__tests__/Carousel.test.ts[2m > [22mCarousel 组件[2m > [22mSlots[2m > [22m应该支持 prev 插槽
 [32m✓[39m src/design-system/other/Carousel/__tests__/Carousel.test.ts[2m > [22mCarousel 组件[2m > [22mSlots[2m > [22m应该支持 next 插槽
 [32m✓[39m src/design-system/other/Carousel/__tests__/Carousel.test.ts[2m > [22mCarousel 组件[2m > [22m自动播放[2m > [22m应该在启用 autoplay 时启动定时器
 [32m✓[39m src/design-system/other/Carousel/__tests__/Carousel.test.ts[2m > [22mCarousel 组件[2m > [22m自动播放[2m > [22m应该在禁用 autoplay 时不启动定时器
 [32m✓[39m src/design-system/other/Carousel/__tests__/Carousel.test.ts[2m > [22mCarousel 组件[2m > [22m方向控制[2m > [22m应该支持水平方向
 [32m✓[39m src/design-system/other/Carousel/__tests__/Carousel.test.ts[2m > [22mCarousel 组件[2m > [22m方向控制[2m > [22m应该支持垂直方向
 [32m✓[39m src/design-system/other/Carousel/__tests__/Carousel.test.ts[2m > [22mCarousel 组件[2m > [22m方法[2m > [22mnext 方法应该存在
 [32m✓[39m src/design-system/other/Carousel/__tests__/Carousel.test.ts[2m > [22mCarousel 组件[2m > [22m方法[2m > [22mprev 方法应该存在
 [32m✓[39m src/design-system/other/Carousel/__tests__/Carousel.test.ts[2m > [22mCarousel 组件[2m > [22m方法[2m > [22mgoTo 方法应该存在
 [32m✓[39m src/design-system/other/Carousel/__tests__/Carousel.test.ts[2m > [22mCarousel 组件[2m > [22m边界情况[2m > [22m应该处理空轮播的情况
 [32m✓[39m src/design-system/other/Carousel/__tests__/Carousel.test.ts[2m > [22mCarousel 组件[2m > [22m边界情况[2m > [22m应该处理默认属性值
 [32m✓[39m src/design-system/other/Carousel/__tests__/Carousel.test.ts[2m > [22mCarousel 组件[2m > [22m样式[2m > [22m应该应用正确的类名
 [32m✓[39m src/design-system/other/Carousel/__tests__/Carousel.test.ts[2m > [22mCarousel 组件[2m > [22m样式[2m > [22m应该支持自定义类名
 [32m✓[39m src/design-system/other/Carousel/__tests__/Carousel.test.ts[2m > [22mCarousel 组件[2m > [22m鼠标事件[2m > [22m应该支持鼠标悬停事件
 [32m✓[39m src/design-system/other/Carousel/__tests__/Carousel.test.ts[2m > [22mCarousel 组件[2m > [22m鼠标事件[2m > [22m应该支持鼠标离开事件
 [32m✓[39m src/design-system/other/Carousel/__tests__/Carousel.test.ts[2m > [22mCarousel 组件[2m > [22m响应式[2m > [22m应该正确计算箭头显示状态
 [32m✓[39m src/design-system/other/Carousel/__tests__/Carousel.test.ts[2m > [22mCarousel 组件[2m > [22m响应式[2m > [22m应该正确计算指示器显示状态
 [32m✓[39m src/design-system/other/Carousel/__tests__/Carousel.test.ts[2m > [22mCarousel 组件[2m > [22m清理[2m > [22m应该在组件卸载时清理定时器
[90mstdout[2m | tests/unit/design-system/base/Divider.test.ts
[22m[39m✅ Unit test setup completed

 [31m×[39m tests/unit/design-system/form/Rate.test.ts[2m > [22mRate[2m > [22m基础渲染[2m > [22m默认渲染为 0 分和 md size
[31m   → React is not defined[39m
 [31m×[39m tests/unit/design-system/form/Rate.test.ts[2m > [22mRate[2m > [22m基础渲染[2m > [22m正确渲染所有尺寸
[31m   → React is not defined[39m
 [31m×[39m tests/unit/design-system/form/Rate.test.ts[2m > [22mRate[2m > [22m基础渲染[2m > [22m正确渲染默认数量的星星（5 个）
[31m   → React is not defined[39m
 [31m×[39m tests/unit/design-system/form/Rate.test.ts[2m > [22mRate[2m > [22m基础渲染[2m > [22m正确渲染自定义数量的星星
[31m   → React is not defined[39m
 [31m×[39m tests/unit/design-system/form/Rate.test.ts[2m > [22mRate[2m > [22m基础渲染[2m > [22m未选中状态有正确的样式
[31m   → React is not defined[39m
 [31m×[39m tests/unit/design-system/form/Rate.test.ts[2m > [22mRate[2m > [22m基础渲染[2m > [22m选中状态有正确的样式
[31m   → React is not defined[39m
 [31m×[39m tests/unit/design-system/form/Rate.test.ts[2m > [22mRate[2m > [22mv-model 双向绑定[2m > [22m点击星星更新值
[31m   → React is not defined[39m
 [31m×[39m tests/unit/design-system/form/Rate.test.ts[2m > [22mRate[2m > [22mv-model 双向绑定[2m > [22m点击第5个星星设置为5分
[31m   → React is not defined[39m
 [31m×[39m tests/unit/design-system/form/Rate.test.ts[2m > [22mRate[2m > [22mv-model 双向绑定[2m > [22m支持响应式更新
[31m   → React is not defined[39m
 [31m×[39m tests/unit/design-system/form/Rate.test.ts[2m > [22mRate[2m > [22m半星评分[2m > [22m启用半星后可以设置半星分数
[31m   → React is not defined[39m
 [31m×[39m tests/unit/design-system/form/Rate.test.ts[2m > [22mRate[2m > [22m半星评分[2m > [22m半星模式下点击左侧选择半星
[31m   → React is not defined[39m
 [31m×[39m tests/unit/design-system/form/Rate.test.ts[2m > [22mRate[2m > [22m禁用状态[2m > [22m禁用状态下不响应点击
[31m   → React is not defined[39m
 [31m×[39m tests/unit/design-system/form/Rate.test.ts[2m > [22mRate[2m > [22m禁用状态[2m > [22m禁用状态有正确的样式
[31m   → React is not defined[39m
 [31m×[39m tests/unit/design-system/form/Rate.test.ts[2m > [22mRate[2m > [22m只读模式[2m > [22m只读模式下不响应点击
[31m   → React is not defined[39m
 [31m×[39m tests/unit/design-system/form/Rate.test.ts[2m > [22mRate[2m > [22m只读模式[2m > [22m只读模式显示正确的分数
[31m   → React is not defined[39m
 [31m×[39m tests/unit/design-system/form/Rate.test.ts[2m > [22mRate[2m > [22m显示分数[2m > [22mshowScore 为 true 时显示分数
[31m   → React is not defined[39m
 [31m×[39m tests/unit/design-system/form/Rate.test.ts[2m > [22mRate[2m > [22m显示分数[2m > [22mshowScore 为 false 时不显示分数
[31m   → React is not defined[39m
 [31m×[39m tests/unit/design-system/form/Rate.test.ts[2m > [22mRate[2m > [22m自定义文字[2m > [22mtexts 属性正确显示对应文字
[31m   → React is not defined[39m
 [31m×[39m tests/unit/design-system/form/Rate.test.ts[2m > [22mRate[2m > [22m自定义文字[2m > [22m更新分数时更新文字
[31m   → React is not defined[39m
 [31m×[39m tests/unit/design-system/form/Rate.test.ts[2m > [22mRate[2m > [22m自定义颜色[2m > [22mcolor 属性正确应用颜色类
[31m   → React is not defined[39m
 [31m×[39m tests/unit/design-system/form/Rate.test.ts[2m > [22mRate[2m > [22m自定义颜色[2m > [22mvoidColor 属性正确应用未选中颜色类
[31m   → React is not defined[39m
 [31m×[39m tests/unit/design-system/form/Rate.test.ts[2m > [22mRate[2m > [22m鼠标交互[2m > [22m鼠标移动时显示悬浮分数
[31m   → React is not defined[39m
 [31m×[39m tests/unit/design-system/form/Rate.test.ts[2m > [22mRate[2m > [22m鼠标交互[2m > [22m鼠标离开时恢复原分数
[31m   → React is not defined[39m
 [32m✓[39m tests/unit/design-system/form/Rate.test.ts[2m > [22mRate[2m > [22m插槽[2m > [22mdefault 插槽可以自定义图标
 [31m×[39m tests/unit/design-system/form/Rate.test.ts[2m > [22mRate[2m > [22m边界情况[2m > [22m最大分数为1时正常工作
[31m   → React is not defined[39m
 [31m×[39m tests/unit/design-system/form/Rate.test.ts[2m > [22mRate[2m > [22m边界情况[2m > [22m最大分数为10时正常工作
[31m   → React is not defined[39m
 [31m×[39m tests/unit/design-system/form/Rate.test.ts[2m > [22mRate[2m > [22m边界情况[2m > [22m分数为0时正常显示
[31m   → React is not defined[39m
 [31m×[39m tests/unit/design-system/form/Rate.test.ts[2m > [22mRate[2m > [22m边界情况[2m > [22m分数等于最大值时正常显示
[31m   → React is not defined[39m
 [31m×[39m tests/unit/design-system/form/Rate.test.ts[2m > [22mRate[2m > [22m可访问性[2m > [22m禁用状态有正确的 ARIA 属性
[31m   → React is not defined[39m
 [31m×[39m tests/unit/design-system/form/Rate.test.ts[2m > [22mRate[2m > [22m可访问性[2m > [22m只读模式不响应键盘和鼠标
[31m   → React is not defined[39m
[90mstdout[2m | tests/unit/design-system/base/Textarea.test.ts
[22m[39m✅ Unit test setup completed

[90mstdout[2m | tests/unit/design-system/base/List.test.ts
[22m[39m✅ Unit test setup completed

[90mstdout[2m | tests/unit/design-system/form/Select.test.ts
[22m[39m✅ Unit test setup completed

 [32m✓[39m tests/unit/design-system/base/Avatar.test.ts[2m > [22mAvatar.vue[2m > [22m基础渲染[2m > [22m应该正确渲染组件
 [32m✓[39m tests/unit/design-system/base/Avatar.test.ts[2m > [22mAvatar.vue[2m > [22m基础渲染[2m > [22m应该设置正确的 aria-label
 [32m✓[39m tests/unit/design-system/base/Avatar.test.ts[2m > [22mAvatar.vue[2m > [22m基础渲染[2m > [22m应该在无 alt 时显示问号
 [32m✓[39m tests/unit/design-system/base/Avatar.test.ts[2m > [22mAvatar.vue[2m > [22mFallback 文字[2m > [22m应该显示英文名首字母
 [32m✓[39m tests/unit/design-system/base/Avatar.test.ts[2m > [22mAvatar.vue[2m > [22mFallback 文字[2m > [22m应该显示单个单词的首字母
 [32m✓[39m tests/unit/design-system/base/Avatar.test.ts[2m > [22mAvatar.vue[2m > [22mFallback 文字[2m > [22m应该显示中文的第一个字
 [32m✓[39m tests/unit/design-system/base/Avatar.test.ts[2m > [22mAvatar.vue[2m > [22mFallback 文字[2m > [22m应该正确处理多余空格
 [32m✓[39m tests/unit/design-system/base/Avatar.test.ts[2m > [22mAvatar.vue[2m > [22m图片渲染[2m > [22m应该渲染图片元素
 [32m✓[39m tests/unit/design-system/base/Avatar.test.ts[2m > [22mAvatar.vue[2m > [22m图片渲染[2m > [22m应该在图片加载失败时显示 fallback
 [32m✓[39m tests/unit/design-system/base/Avatar.test.ts[2m > [22mAvatar.vue[2m > [22m图片渲染[2m > [22m应该在没有 src 时显示 fallback
 [32m✓[39m tests/unit/design-system/base/Avatar.test.ts[2m > [22mAvatar.vue[2m > [22m尺寸变体[2m > [22m应该正确应用 xs 尺寸样式
 [32m✓[39m tests/unit/design-system/base/Avatar.test.ts[2m > [22mAvatar.vue[2m > [22m尺寸变体[2m > [22m应该正确应用 sm 尺寸样式
 [32m✓[39m tests/unit/design-system/base/Avatar.test.ts[2m > [22mAvatar.vue[2m > [22m尺寸变体[2m > [22m应该正确应用 md 尺寸样式
 [32m✓[39m tests/unit/design-system/base/Avatar.test.ts[2m > [22mAvatar.vue[2m > [22m尺寸变体[2m > [22m应该正确应用 lg 尺寸样式
 [32m✓[39m tests/unit/design-system/base/Avatar.test.ts[2m > [22mAvatar.vue[2m > [22m尺寸变体[2m > [22m应该正确应用 xl 尺寸样式
 [32m✓[39m tests/unit/design-system/base/Avatar.test.ts[2m > [22mAvatar.vue[2m > [22m尺寸变体[2m > [22m应该正确应用 2xl 尺寸样式
 [32m✓[39m tests/unit/design-system/base/Avatar.test.ts[2m > [22mAvatar.vue[2m > [22m形状变体[2m > [22m应该正确应用 circle 样式
 [32m✓[39m tests/unit/design-system/base/Avatar.test.ts[2m > [22mAvatar.vue[2m > [22m形状变体[2m > [22m应该正确应用 square 样式
 [32m✓[39m tests/unit/design-system/base/Avatar.test.ts[2m > [22mAvatar.vue[2m > [22m形状变体[2m > [22m应该正确应用 rounded 样式
 [32m✓[39m tests/unit/design-system/base/Avatar.test.ts[2m > [22mAvatar.vue[2m > [22m状态指示器[2m > [22m应该显示 online 状态
 [32m✓[39m tests/unit/design-system/base/Avatar.test.ts[2m > [22mAvatar.vue[2m > [22m状态指示器[2m > [22m应该显示 offline 状态
 [32m✓[39m tests/unit/design-system/base/Avatar.test.ts[2m > [22mAvatar.vue[2m > [22m状态指示器[2m > [22m应该显示 away 状态
 [32m✓[39m tests/unit/design-system/base/Avatar.test.ts[2m > [22mAvatar.vue[2m > [22m状态指示器[2m > [22m应该显示 busy 状态
 [32m✓[39m tests/unit/design-system/base/Avatar.test.ts[2m > [22mAvatar.vue[2m > [22m状态指示器[2m > [22m应该在 disableStatus 为 true 时不显示状态指示器
 [32m✓[39m tests/unit/design-system/base/Avatar.test.ts[2m > [22mAvatar.vue[2m > [22m状态指示器[2m > [22m应该在无 status 时不显示状态指示器
 [32m✓[39m tests/unit/design-system/base/Avatar.test.ts[2m > [22mAvatar.vue[2m > [22m点击事件[2m > [22m应该正确触发点击事件
 [32m✓[39m tests/unit/design-system/base/Avatar.test.ts[2m > [22mAvatar.vue[2m > [22m自定义类名[2m > [22m应该正确应用自定义类名
 [32m✓[39m tests/unit/design-system/base/Avatar.test.ts[2m > [22mAvatar.vue[2m > [22m默认属性[2m > [22m应该使用默认尺寸 md
 [32m✓[39m tests/unit/design-system/base/Avatar.test.ts[2m > [22mAvatar.vue[2m > [22m默认属性[2m > [22m应该使用默认形状 circle
 [32m✓[39m tests/unit/design-system/base/Avatar.test.ts[2m > [22mAvatar.vue[2m > [22m默认属性[2m > [22m应该使用默认 disableStatus false
 [32m✓[39m tests/unit/design-system/base/Avatar.test.ts[2m > [22mAvatar.vue[2m > [22m可访问性[2m > [22m应该设置正确的 role 属性
 [32m✓[39m tests/unit/design-system/base/Avatar.test.ts[2m > [22mAvatar.vue[2m > [22m可访问性[2m > [22m应该为状态指示器设置 aria-hidden
 [32m✓[39m tests/unit/design-system/base/Avatar.test.ts[2m > [22mAvatar.vue[2m > [22m响应式[2m > [22m应该在 src prop 变化时更新图片
 [32m✓[39m tests/unit/design-system/base/Avatar.test.ts[2m > [22mAvatar.vue[2m > [22m响应式[2m > [22m应该在 alt prop 变化时更新 fallback 文字
 [32m✓[39m tests/unit/design-system/base/Avatar.test.ts[2m > [22mAvatar.vue[2m > [22m响应式[2m > [22m应该在 status prop 变化时更新状态指示器
[90mstdout[2m | tests/unit/design-system/base/Card.test.ts
[22m[39m✅ Unit test setup completed

 [32m✓[39m tests/unit/design-system/layout/Row.test.ts[2m > [22mRow 组件[2m > [22m基础渲染[2m > [22m应该正确渲染 Row 组件
 [32m✓[39m tests/unit/design-system/layout/Row.test.ts[2m > [22mRow 组件[2m > [22m基础渲染[2m > [22m应该渲染默认插槽内容
 [32m✓[39m tests/unit/design-system/layout/Row.test.ts[2m > [22mRow 组件[2m > [22m基础渲染[2m > [22m应该正确应用自定义类名
 [32m✓[39m tests/unit/design-system/layout/Row.test.ts[2m > [22mRow 组件[2m > [22mjustify 属性[2m > [22m默认应该有 justify-start 类
 [32m✓[39m tests/unit/design-system/layout/Row.test.ts[2m > [22mRow 组件[2m > [22mjustify 属性[2m > [22m应该正确应用 justify-center
 [32m✓[39m tests/unit/design-system/layout/Row.test.ts[2m > [22mRow 组件[2m > [22mjustify 属性[2m > [22m应该正确应用 justify-end
 [32m✓[39m tests/unit/design-system/layout/Row.test.ts[2m > [22mRow 组件[2m > [22mjustify 属性[2m > [22m应该正确应用 justify-space-between
 [32m✓[39m tests/unit/design-system/layout/Row.test.ts[2m > [22mRow 组件[2m > [22mjustify 属性[2m > [22m应该正确应用 justify-space-around
 [32m✓[39m tests/unit/design-system/layout/Row.test.ts[2m > [22mRow 组件[2m > [22mjustify 属性[2m > [22m应该正确应用 justify-space-evenly
 [32m✓[39m tests/unit/design-system/layout/Row.test.ts[2m > [22mRow 组件[2m > [22malign 属性[2m > [22m默认应该有 items-start 类
 [32m✓[39m tests/unit/design-system/layout/Row.test.ts[2m > [22mRow 组件[2m > [22malign 属性[2m > [22m应该正确应用 align-center
 [32m✓[39m tests/unit/design-system/layout/Row.test.ts[2m > [22mRow 组件[2m > [22malign 属性[2m > [22m应该正确应用 align-bottom
 [32m✓[39m tests/unit/design-system/layout/Row.test.ts[2m > [22mRow 组件[2m > [22malign 属性[2m > [22m应该正确应用 align-stretch
 [32m✓[39m tests/unit/design-system/layout/Row.test.ts[2m > [22mRow 组件[2m > [22mgutter 属性[2m > [22m默认不应该有负 margin 类
 [32m✓[39m tests/unit/design-system/layout/Row.test.ts[2m > [22mRow 组件[2m > [22mgutter 属性[2m > [22mgutter=8 应该有 -mx-2 类
 [32m✓[39m tests/unit/design-system/layout/Row.test.ts[2m > [22mRow 组件[2m > [22mgutter 属性[2m > [22mgutter=16 应该有 -mx-4 类
 [32m✓[39m tests/unit/design-system/layout/Row.test.ts[2m > [22mRow 组件[2m > [22mgutter 属性[2m > [22mgutter=24 应该有 -mx-6 类
 [32m✓[39m tests/unit/design-system/layout/Row.test.ts[2m > [22mRow 组件[2m > [22mgutter 属性[2m > [22mgutter=32 应该有 -mx-8 类
 [32m✓[39m tests/unit/design-system/layout/Row.test.ts[2m > [22mRow 组件[2m > [22mwrap 属性[2m > [22m默认应该有 flex-wrap 类
 [32m✓[39m tests/unit/design-system/layout/Row.test.ts[2m > [22mRow 组件[2m > [22mwrap 属性[2m > [22mwrap=true 应该有 flex-wrap 类
 [32m✓[39m tests/unit/design-system/layout/Row.test.ts[2m > [22mRow 组件[2m > [22mwrap 属性[2m > [22mwrap=false 应该有 flex-nowrap 类
 [32m✓[39m tests/unit/design-system/layout/Row.test.ts[2m > [22mRow 组件[2m > [22m与 Col 组件配合[2m > [22m应该正确渲染子 Col 组件
 [32m✓[39m tests/unit/design-system/layout/Row.test.ts[2m > [22mRow 组件[2m > [22m与 Col 组件配合[2m > [22m应该向子 Col 组件提供 gutter 值
 [32m✓[39m tests/unit/design-system/layout/Row.test.ts[2m > [22mRow 组件[2m > [22m与 Col 组件配合[2m > [22mgutter=0 时子 Col 不应该有 padding
 [32m✓[39m tests/unit/design-system/layout/Row.test.ts[2m > [22mRow 组件[2m > [22m组合使用[2m > [22m应该正确应用 justify 和 align 组合
 [32m✓[39m tests/unit/design-system/layout/Row.test.ts[2m > [22mRow 组件[2m > [22m组合使用[2m > [22m应该正确应用所有属性
 [32m✓[39m tests/unit/design-system/layout/Row.test.ts[2m > [22mRow 组件[2m > [22m边缘情况[2m > [22m应该处理空插槽
 [32m✓[39m tests/unit/design-system/layout/Row.test.ts[2m > [22mRow 组件[2m > [22m边缘情况[2m > [22m应该处理多个子元素
 [32m✓[39m tests/unit/design-system/layout/Row.test.ts[2m > [22mRow 组件[2m > [22m边缘情况[2m > [22m应该处理嵌套 Row 组件
 [32m✓[39m tests/unit/design-system/layout/Row.test.ts[2m > [22mRow 组件[2m > [22m默认值[2m > [22mjustify 默认值应该是 start
 [32m✓[39m tests/unit/design-system/layout/Row.test.ts[2m > [22mRow 组件[2m > [22m默认值[2m > [22malign 默认值应该是 top
 [32m✓[39m tests/unit/design-system/layout/Row.test.ts[2m > [22mRow 组件[2m > [22m默认值[2m > [22mgutter 默认值应该是 0
 [32m✓[39m tests/unit/design-system/layout/Row.test.ts[2m > [22mRow 组件[2m > [22m默认值[2m > [22mwrap 默认值应该是 true
 [32m✓[39m tests/unit/design-system/layout/Row.test.ts[2m > [22mRow 组件[2m > [22m类名合并[2m > [22m应该正确合并多个类名
 [32m✓[39m tests/unit/design-system/navigation/Steps.test.ts[2m > [22mSteps 组件[2m > [22m基础功能[2m > [22m应该正确渲染 Steps 组件
 [32m✓[39m tests/unit/design-system/navigation/Steps.test.ts[2m > [22mSteps 组件[2m > [22m基础功能[2m > [22m应该正确设置默认 current 属性
 [32m✓[39m tests/unit/design-system/navigation/Steps.test.ts[2m > [22mSteps 组件[2m > [22m基础功能[2m > [22m应该正确渲染水平方向的步骤条
 [32m✓[39m tests/unit/design-system/navigation/Steps.test.ts[2m > [22mSteps 组件[2m > [22m基础功能[2m > [22m应该正确渲染垂直方向的步骤条
 [32m✓[39m tests/unit/design-system/navigation/Steps.test.ts[2m > [22mSteps 组件[2m > [22m基础功能[2m > [22m应该支持居中对齐
 [32m✓[39m tests/unit/design-system/navigation/Steps.test.ts[2m > [22mSteps 组件[2m > [22m基础功能[2m > [22m应该支持简洁模式
 [32m✓[39m tests/unit/design-system/navigation/Steps.test.ts[2m > [22mSteps 组件[2m > [22m基础功能[2m > [22m应该支持自定义完成状态
 [32m✓[39m tests/unit/design-system/navigation/Steps.test.ts[2m > [22mSteps 组件[2m > [22m基础功能[2m > [22m应该支持自定义进行中状态
 [32m✓[39m tests/unit/design-system/navigation/Steps.test.ts[2m > [22mSteps 组件[2m > [22mStep 组件[2m > [22m应该正确渲染 Step 组件
 [32m✓[39m tests/unit/design-system/navigation/Steps.test.ts[2m > [22mSteps 组件[2m > [22mStep 组件[2m > [22m应该正确渲染步骤图标
 [32m✓[39m tests/unit/design-system/navigation/Steps.test.ts[2m > [22mSteps 组件[2m > [22mStep 组件[2m > [22m应该正确渲染步骤标题
 [32m✓[39m tests/unit/design-system/navigation/Steps.test.ts[2m > [22mSteps 组件[2m > [22mStep 组件[2m > [22m应该正确渲染步骤描述
 [32m✓[39m tests/unit/design-system/navigation/Steps.test.ts[2m > [22mSteps 组件[2m > [22mStep 组件[2m > [22m应该支持自定义步骤状态
 [32m✓[39m tests/unit/design-system/navigation/Steps.test.ts[2m > [22mSteps 组件[2m > [22mStep 组件[2m > [22m应该正确渲染等待状态
 [32m✓[39m tests/unit/design-system/navigation/Steps.test.ts[2m > [22mSteps 组件[2m > [22mStep 组件[2m > [22m应该正确渲染进行中状态
 [32m✓[39m tests/unit/design-system/navigation/Steps.test.ts[2m > [22mSteps 组件[2m > [22mStep 组件[2m > [22m应该正确渲染完成状态
 [32m✓[39m tests/unit/design-system/navigation/Steps.test.ts[2m > [22mSteps 组件[2m > [22mStep 组件[2m > [22m应该正确渲染错误状态
 [32m✓[39m tests/unit/design-system/navigation/Steps.test.ts[2m > [22mSteps 组件[2m > [22mStep 组件[2m > [22m应该正确渲染成功状态
 [32m✓[39m tests/unit/design-system/navigation/Steps.test.ts[2m > [22mSteps 组件[2m > [22mStep 组件[2m > [22m完成状态应该显示勾选图标
 [32m✓[39m tests/unit/design-system/navigation/Steps.test.ts[2m > [22mSteps 组件[2m > [22mStep 组件[2m > [22m错误状态应该显示错误图标
 [32m✓[39m tests/unit/design-system/navigation/Steps.test.ts[2m > [22mSteps 组件[2m > [22m插槽功能[2m > [22m应该支持 icon 插槽
 [32m✓[39m tests/unit/design-system/navigation/Steps.test.ts[2m > [22mSteps 组件[2m > [22m插槽功能[2m > [22m应该支持 title 插槽
 [32m✓[39m tests/unit/design-system/navigation/Steps.test.ts[2m > [22mSteps 组件[2m > [22m插槽功能[2m > [22m应该支持 description 插槽
 [32m✓[39m tests/unit/design-system/navigation/Steps.test.ts[2m > [22mSteps 组件[2m > [22m事件功能[2m > [22m应该触发 change 事件
 [32m✓[39m tests/unit/design-system/navigation/Steps.test.ts[2m > [22mSteps 组件[2m > [22m事件功能[2m > [22m应该触发 Step 点击事件
 [32m✓[39m tests/unit/design-system/navigation/Steps.test.ts[2m > [22mSteps 组件[2m > [22m无障碍访问[2m > [22mSteps 应该有 role="list"
 [32m✓[39m tests/unit/design-system/navigation/Steps.test.ts[2m > [22mSteps 组件[2m > [22m无障碍访问[2m > [22mStep 应该有 role="listitem"
 [32m✓[39m tests/unit/design-system/navigation/Steps.test.ts[2m > [22mSteps 组件[2m > [22m无障碍访问[2m > [22m当前步骤应该有 aria-current 属性
 [32m✓[39m tests/unit/design-system/navigation/Steps.test.ts[2m > [22mSteps 组件[2m > [22m样式类名[2m > [22m应该支持自定义类名
 [32m✓[39m tests/unit/design-system/navigation/Steps.test.ts[2m > [22mSteps 组件[2m > [22m样式类名[2m > [22mStep 应该支持自定义类名
 [32m✓[39m tests/unit/design-system/navigation/Steps.test.ts[2m > [22mSteps 组件[2m > [22m样式类名[2m > [22m水平步骤应该有正确的 flex 类名
 [32m✓[39m tests/unit/design-system/navigation/Steps.test.ts[2m > [22mSteps 组件[2m > [22m样式类名[2m > [22m垂直步骤应该有正确的 flex 类名
 [32m✓[39m tests/unit/design-system/base/Divider.test.ts[2m > [22mDivider 组件[2m > [22m基础渲染[2m > [22m应该正确渲染默认的水平分隔线
 [32m✓[39m tests/unit/design-system/base/Divider.test.ts[2m > [22mDivider 组件[2m > [22m基础渲染[2m > [22m应该应用正确的容器类名
 [32m✓[39m tests/unit/design-system/base/Divider.test.ts[2m > [22mDivider 组件[2m > [22m基础渲染[2m > [22m应该应用正确的线条样式
 [32m✓[39m tests/unit/design-system/base/Divider.test.ts[2m > [22mDivider 组件[2m > [22m方向切换[2m > [22m应该正确渲染垂直分隔线
 [32m✓[39m tests/unit/design-system/base/Divider.test.ts[2m > [22mDivider 组件[2m > [22m方向切换[2m > [22m垂直分隔线应该使用 border-l 而不是 border-t
 [32m✓[39m tests/unit/design-system/base/Divider.test.ts[2m > [22mDivider 组件[2m > [22m方向切换[2m > [22m水平分隔线应该使用 border-t
 [32m✓[39m tests/unit/design-system/base/Divider.test.ts[2m > [22mDivider 组件[2m > [22m标签文字[2m > [22m应该显示标签文字
 [32m✓[39m tests/unit/design-system/base/Divider.test.ts[2m > [22mDivider 组件[2m > [22m标签文字[2m > [22m标签应该有正确的样式类
 [32m✓[39m tests/unit/design-system/base/Divider.test.ts[2m > [22mDivider 组件[2m > [22m标签文字[2m > [22m有标签时应该渲染两条线
 [32m✓[39m tests/unit/design-system/base/Divider.test.ts[2m > [22mDivider 组件[2m > [22m标签文字[2m > [22m无标签时只渲染一条线
 [32m✓[39m tests/unit/design-system/base/Divider.test.ts[2m > [22mDivider 组件[2m > [22m标签文字[2m > [22m标签应该是不可换行的
 [32m✓[39m tests/unit/design-system/base/Divider.test.ts[2m > [22mDivider 组件[2m > [22m变体样式[2m > [22m应该正确应用 solid 变体
 [32m✓[39m tests/unit/design-system/base/Divider.test.ts[2m > [22mDivider 组件[2m > [22m变体样式[2m > [22m应该正确应用 dashed 变体
 [32m✓[39m tests/unit/design-system/base/Divider.test.ts[2m > [22mDivider 组件[2m > [22m变体样式[2m > [22m应该正确应用 dotted 变体
 [32m✓[39m tests/unit/design-system/base/Divider.test.ts[2m > [22mDivider 组件[2m > [22m变体样式[2m > [22m默认应该使用 solid 变体
 [32m✓[39m tests/unit/design-system/base/Divider.test.ts[2m > [22mDivider 组件[2m > [22m深色模式[2m > [22m应该支持深色模式样式
 [32m✓[39m tests/unit/design-system/base/Divider.test.ts[2m > [22mDivider 组件[2m > [22m深色模式[2m > [22m标签在深色模式下应该有正确的颜色
 [32m✓[39m tests/unit/design-system/base/Divider.test.ts[2m > [22mDivider 组件[2m > [22m组合使用[2m > [22m应该同时支持方向和标签
 [32m✓[39m tests/unit/design-system/base/Divider.test.ts[2m > [22mDivider 组件[2m > [22m组合使用[2m > [22m应该同时支持变体和标签
 [32m✓[39m tests/unit/design-system/base/Divider.test.ts[2m > [22mDivider 组件[2m > [22m组合使用[2m > [22m应该同时支持所有属性
 [32m✓[39m tests/unit/design-system/base/Divider.test.ts[2m > [22mDivider 组件[2m > [22m自定义类名[2m > [22m应该支持自定义类名
 [32m✓[39m tests/unit/design-system/base/Divider.test.ts[2m > [22mDivider 组件[2m > [22m响应式行为[2m > [22m水平分隔线应该占满容器宽度
 [32m✓[39m tests/unit/design-system/base/Divider.test.ts[2m > [22mDivider 组件[2m > [22m响应式行为[2m > [22m垂直分隔线应该占满容器高度
 [32m✓[39m tests/unit/design-system/base/Divider.test.ts[2m > [22mDivider 组件[2m > [22m边缘情况[2m > [22m空标签不应该显示内容
 [32m✓[39m tests/unit/design-system/base/Divider.test.ts[2m > [22mDivider 组件[2m > [22m边缘情况[2m > [22m非常长的标签应该正确显示
 [32m✓[39m tests/unit/design-system/base/Divider.test.ts[2m > [22mDivider 组件[2m > [22m边缘情况[2m > [22m包含特殊字符的标签应该正确显示
[90mstdout[2m | tests/unit/design-system/base/Empty.test.ts
[22m[39m✅ Unit test setup completed

 [32m✓[39m tests/unit/design-system/base/Badge.test.ts[2m > [22mBadge[2m > [22m基础渲染[2m > [22m默认渲染为 default variant 和 md size
 [32m✓[39m tests/unit/design-system/base/Badge.test.ts[2m > [22mBadge[2m > [22m基础渲染[2m > [22m正确渲染所有变体
 [32m✓[39m tests/unit/design-system/base/Badge.test.ts[2m > [22mBadge[2m > [22m基础渲染[2m > [22m正确渲染所有尺寸
 [32m✓[39m tests/unit/design-system/base/Badge.test.ts[2m > [22mBadge[2m > [22m内容显示[2m > [22m正确显示数字内容
 [32m✓[39m tests/unit/design-system/base/Badge.test.ts[2m > [22mBadge[2m > [22m内容显示[2m > [22m正确显示字符串内容
 [32m✓[39m tests/unit/design-system/base/Badge.test.ts[2m > [22mBadge[2m > [22m内容显示[2m > [22m空内容时显示为空（红点）
 [32m✓[39m tests/unit/design-system/base/Badge.test.ts[2m > [22mBadge[2m > [22m内容显示[2m > [22mundefined 内容时显示为空（红点）
 [32m✓[39m tests/unit/design-system/base/Badge.test.ts[2m > [22mBadge[2m > [22m内容显示[2m > [22mdot 模式下不显示内容
 [32m✓[39m tests/unit/design-system/base/Badge.test.ts[2m > [22mBadge[2m > [22mmax 属性[2m > [22m小于 max 时显示原数字
 [32m✓[39m tests/unit/design-system/base/Badge.test.ts[2m > [22mBadge[2m > [22mmax 属性[2m > [22m等于 max 时显示原数字
 [32m✓[39m tests/unit/design-system/base/Badge.test.ts[2m > [22mBadge[2m > [22mmax 属性[2m > [22m大于 max 时显示 max+
 [32m✓[39m tests/unit/design-system/base/Badge.test.ts[2m > [22mBadge[2m > [22mmax 属性[2m > [22m远大于 max 时显示 max+
 [32m✓[39m tests/unit/design-system/base/Badge.test.ts[2m > [22mBadge[2m > [22mmax 属性[2m > [22m自定义 max 值
 [32m✓[39m tests/unit/design-system/base/Badge.test.ts[2m > [22mBadge[2m > [22mmax 属性[2m > [22mmax 对字符串内容无效
 [32m✓[39m tests/unit/design-system/base/Badge.test.ts[2m > [22mBadge[2m > [22m定位[2m > [22mabsolute 为 false 时不添加定位类
 [32m✓[39m tests/unit/design-system/base/Badge.test.ts[2m > [22mBadge[2m > [22m定位[2m > [22mabsolute 为 true 时添加定位类
 [32m✓[39m tests/unit/design-system/base/Badge.test.ts[2m > [22mBadge[2m > [22m定位[2m > [22m支持自定义 position
 [32m✓[39m tests/unit/design-system/base/Badge.test.ts[2m > [22mBadge[2m > [22m样式[2m > [22m接受自定义 class
 [32m✓[39m tests/unit/design-system/base/Badge.test.ts[2m > [22mBadge[2m > [22m样式[2m > [22m有 rounded-full 类
 [32m✓[39m tests/unit/design-system/base/Badge.test.ts[2m > [22mBadge[2m > [22m样式[2m > [22m有 transition 动画
 [32m✓[39m tests/unit/design-system/base/Badge.test.ts[2m > [22mBadge[2m > [22m样式[2m > [22m有 flex 居中对齐
 [32m✓[39m tests/unit/design-system/base/Badge.test.ts[2m > [22mBadge[2m > [22m颜色主题[2m > [22mdefault 变体有正确的文字颜色
 [32m✓[39m tests/unit/design-system/base/Badge.test.ts[2m > [22mBadge[2m > [22m颜色主题[2m > [22mprimary 变体有白色文字
 [32m✓[39m tests/unit/design-system/base/Badge.test.ts[2m > [22mBadge[2m > [22m颜色主题[2m > [22msuccess 变体有白色文字
 [32m✓[39m tests/unit/design-system/base/Badge.test.ts[2m > [22mBadge[2m > [22m颜色主题[2m > [22mwarning 变体有白色文字
 [32m✓[39m tests/unit/design-system/base/Badge.test.ts[2m > [22mBadge[2m > [22m颜色主题[2m > [22mdanger 变体有白色文字
 [32m✓[39m tests/unit/design-system/base/Badge.test.ts[2m > [22mBadge[2m > [22m最小宽度[2m > [22msm 尺寸有最小宽度
 [32m✓[39m tests/unit/design-system/base/Badge.test.ts[2m > [22mBadge[2m > [22m最小宽度[2m > [22mmd 尺寸有最小宽度
 [32m✓[39m tests/unit/design-system/base/Badge.test.ts[2m > [22mBadge[2m > [22m最小宽度[2m > [22mlg 尺寸有最小宽度
 [32m✓[39m tests/unit/design-system/base/Empty.test.ts[2m > [22mEmpty 组件[2m > [22m基础渲染[2m > [22m应该正确渲染默认状态
 [32m✓[39m tests/unit/design-system/base/Empty.test.ts[2m > [22mEmpty 组件[2m > [22m基础渲染[2m > [22m应该渲染自定义描述
 [32m✓[39m tests/unit/design-system/base/Empty.test.ts[2m > [22mEmpty 组件[2m > [22m基础渲染[2m > [22m应该渲染标题
 [32m✓[39m tests/unit/design-system/base/Empty.test.ts[2m > [22mEmpty 组件[2m > [22m尺寸变体[2m > [22m应该正确渲染 sm 尺寸
 [32m✓[39m tests/unit/design-system/base/Empty.test.ts[2m > [22mEmpty 组件[2m > [22m尺寸变体[2m > [22m应该正确渲染 md 尺寸
 [32m✓[39m tests/unit/design-system/base/Empty.test.ts[2m > [22mEmpty 组件[2m > [22m尺寸变体[2m > [22m应该正确渲染 lg 尺寸
 [32m✓[39m tests/unit/design-system/base/Empty.test.ts[2m > [22mEmpty 组件[2m > [22m尺寸变体[2m > [22m应该正确渲染 xl 尺寸
 [32m✓[39m tests/unit/design-system/base/Empty.test.ts[2m > [22mEmpty 组件[2m > [22m图标渲染[2m > [22m当没有提供 icon 时不应该渲染图标
 [31m×[39m tests/unit/design-system/base/Empty.test.ts[2m > [22mEmpty 组件[2m > [22m图标渲染[2m > [22m应该渲染指定的图标
[31m   → expected false to be true // Object.is equality[39m
 [32m✓[39m tests/unit/design-system/base/Empty.test.ts[2m > [22mEmpty 组件[2m > [22m插槽[2m > [22m应该渲染 action 插槽内容
 [32m✓[39m tests/unit/design-system/base/Empty.test.ts[2m > [22mEmpty 组件[2m > [22m插槽[2m > [22m应该渲染默认插槽内容
 [32m✓[39m tests/unit/design-system/base/Empty.test.ts[2m > [22mEmpty 组件[2m > [22m事件[2m > [22m应该触发点击事件
 [32m✓[39m tests/unit/design-system/base/Empty.test.ts[2m > [22mEmpty 组件[2m > [22m样式类名[2m > [22m应该应用自定义类名
 [32m✓[39m tests/unit/design-system/base/Empty.test.ts[2m > [22mEmpty 组件[2m > [22m样式类名[2m > [22m应该包含正确的布局类名
 [32m✓[39m tests/unit/design-system/base/Empty.test.ts[2m > [22mEmpty 组件[2m > [22m可访问性[2m > [22m应该有正确的 role 属性
 [32m✓[39m tests/unit/design-system/base/Empty.test.ts[2m > [22mEmpty 组件[2m > [22m可访问性[2m > [22m应该有 aria-live 属性
 [31m×[39m tests/unit/design-system/base/Empty.test.ts[2m > [22mEmpty 组件[2m > [22m文字样式[2m > [22mmd 尺寸应该有正确的文字大小
[31m   → expected [ 'flex', 'flex-col', …(5) ] to include 'text-sm'[39m
 [31m×[39m tests/unit/design-system/base/Empty.test.ts[2m > [22mEmpty 组件[2m > [22m文字样式[2m > [22mxl 尺寸应该有更大的文字
[31m   → expected [ 'flex', 'flex-col', …(5) ] to include 'text-lg'[39m
 [32m✓[39m tests/unit/design-system/base/Empty.test.ts[2m > [22mEmpty 组件[2m > [22mProps 默认值[2m > [22mdescription 默认值应该是 "暂无数据"
 [32m✓[39m tests/unit/design-system/base/Empty.test.ts[2m > [22mEmpty 组件[2m > [22mProps 默认值[2m > [22msize 默认值应该是 "md"
 [32m✓[39m tests/unit/design-system/base/Card.test.ts[2m > [22mCard[2m > [22m基础渲染[2m > [22m默认渲染为 default variant
 [32m✓[39m tests/unit/design-system/base/Card.test.ts[2m > [22mCard[2m > [22m基础渲染[2m > [22m正确渲染所有变体
 [32m✓[39m tests/unit/design-system/base/Card.test.ts[2m > [22mCard[2m > [22m基础渲染[2m > [22mhoverable 状态添加正确的类名
 [32m✓[39m tests/unit/design-system/base/Card.test.ts[2m > [22mCard[2m > [22m插槽渲染[2m > [22mheader 不存在时不渲染 header 容器
 [32m✓[39m tests/unit/design-system/base/Card.test.ts[2m > [22mCard[2m > [22m插槽渲染[2m > [22mfooter 不存在时不渲染 footer 容器
 [32m✓[39m tests/unit/design-system/base/Card.test.ts[2m > [22mCard[2m > [22m交互行为[2m > [22m点击时触发 click 事件
 [32m✓[39m tests/unit/design-system/base/Card.test.ts[2m > [22mCard[2m > [22m交互行为[2m > [22mhoverable 卡片有正确的光标样式
 [32m✓[39m tests/unit/design-system/base/Card.test.ts[2m > [22mCard[2m > [22m交互行为[2m > [22m非 hoverable 卡片没有光标样式
 [32m✓[39m tests/unit/design-system/base/Card.test.ts[2m > [22mCard[2m > [22m样式[2m > [22m接受自定义 class
 [32m✓[39m tests/unit/design-system/base/Card.test.ts[2m > [22mCard[2m > [22m样式[2m > [22m有 transition 动画
 [32m✓[39m tests/unit/design-system/base/Card.test.ts[2m > [22mCard[2m > [22m样式[2m > [22mdefault variant 没有边框和阴影
 [32m✓[39m tests/unit/design-system/base/Card.test.ts[2m > [22mCard[2m > [22m样式[2m > [22mbordered variant 有边框但没有阴影
 [32m✓[39m tests/unit/design-system/base/Card.test.ts[2m > [22mCard[2m > [22m样式[2m > [22melevated variant 有阴影但没有边框
 [32m✓[39m tests/unit/design-system/base/Card.test.ts[2m > [22mCard[2m > [22m样式[2m > [22mhoverable 卡片有 hover 效果类
 [32m✓[39m tests/unit/design-system/base/Card.test.ts[2m > [22mCard[2m > [22m可访问性[2m > [22m使用语义化的 div 元素
 [32m✓[39m tests/unit/design-system/base/Card.test.ts[2m > [22mCard[2m > [22m可访问性[2m > [22m支持鼠标交互
 [32m✓[39m tests/unit/design-system/base/Card.test.ts[2m > [22mCard[2m > [22m响应式[2m > [22m在不同 variant 下保持响应式类
[90mstdout[2m | tests/unit/design-system/base/Button.test.ts
[22m[39m✅ Unit test setup completed

[90mstdout[2m | tests/unit/utils/caseConverter.spec.ts
[22m[39m✅ Unit test setup completed

[90mstdout[2m | tests/unit/design-system/base/Icon.test.ts
[22m[39m✅ Unit test setup completed

 [32m✓[39m tests/unit/utils/caseConverter.spec.ts[2m > [22mcaseConverter[2m > [22msnakeToCamel[2m > [22m应该将snake_case转换为camelCase
 [32m✓[39m tests/unit/utils/caseConverter.spec.ts[2m > [22mcaseConverter[2m > [22msnakeToCamel[2m > [22m应该处理单个单词
 [32m✓[39m tests/unit/utils/caseConverter.spec.ts[2m > [22mcaseConverter[2m > [22msnakeToCamel[2m > [22m应该处理多个下划线
 [32m✓[39m tests/unit/utils/caseConverter.spec.ts[2m > [22mcaseConverter[2m > [22mcamelToSnake[2m > [22m应该将camelCase转换为snake_case
 [32m✓[39m tests/unit/utils/caseConverter.spec.ts[2m > [22mcaseConverter[2m > [22mcamelToSnake[2m > [22m应该处理单个单词
 [32m✓[39m tests/unit/utils/caseConverter.spec.ts[2m > [22mcaseConverter[2m > [22mcamelToSnake[2m > [22m应该处理多个驼峰
 [32m✓[39m tests/unit/utils/caseConverter.spec.ts[2m > [22mcaseConverter[2m > [22mconvertObjectKeysToCamelCase[2m > [22m应该转换普通对象的键
 [32m✓[39m tests/unit/utils/caseConverter.spec.ts[2m > [22mcaseConverter[2m > [22mconvertObjectKeysToCamelCase[2m > [22m应该递归转换嵌套对象
 [32m✓[39m tests/unit/utils/caseConverter.spec.ts[2m > [22mcaseConverter[2m > [22mconvertObjectKeysToCamelCase[2m > [22m应该转换数组中的对象
 [32m✓[39m tests/unit/utils/caseConverter.spec.ts[2m > [22mcaseConverter[2m > [22mconvertObjectKeysToCamelCase[2m > [22m应该处理null和undefined
 [32m✓[39m tests/unit/utils/caseConverter.spec.ts[2m > [22mcaseConverter[2m > [22mconvertObjectKeysToCamelCase[2m > [22m应该保留基本类型不变
 [32m✓[39m tests/unit/utils/caseConverter.spec.ts[2m > [22mcaseConverter[2m > [22mconvertObjectKeysToSnakeCase[2m > [22m应该转换普通对象的键
 [32m✓[39m tests/unit/utils/caseConverter.spec.ts[2m > [22mcaseConverter[2m > [22mconvertObjectKeysToSnakeCase[2m > [22m应该递归转换嵌套对象
 [32m✓[39m tests/unit/utils/caseConverter.spec.ts[2m > [22mcaseConverter[2m > [22mconvertObjectKeysToSnakeCase[2m > [22m应该处理null和undefined
 [32m✓[39m tests/unit/design-system/form/Select.test.ts[2m > [22mSelect[2m > [22m基础渲染[2m > [22m默认渲染为 md size[33m 633[2mms[22m[39m
 [32m✓[39m tests/unit/design-system/form/Select.test.ts[2m > [22mSelect[2m > [22m基础渲染[2m > [22m正确渲染 sm 尺寸
 [32m✓[39m tests/unit/design-system/form/Select.test.ts[2m > [22mSelect[2m > [22m基础渲染[2m > [22m正确渲染 lg 尺寸
 [32m✓[39m tests/unit/design-system/form/Select.test.ts[2m > [22mSelect[2m > [22m基础渲染[2m > [22m显示占位符
 [32m✓[39m tests/unit/design-system/form/Select.test.ts[2m > [22mSelect[2m > [22m基础渲染[2m > [22m显示选中值
 [32m✓[39m tests/unit/design-system/form/Select.test.ts[2m > [22mSelect[2m > [22m多选模式[2m > [22m显示多个选中值
 [32m✓[39m tests/unit/design-system/form/Select.test.ts[2m > [22mSelect[2m > [22m多选模式[2m > [22m没有选中值时不显示标签
 [32m✓[39m tests/unit/design-system/form/Select.test.ts[2m > [22mSelect[2m > [22m可清空[2m > [22m有值时显示清空按钮
 [32m✓[39m tests/unit/design-system/form/Select.test.ts[2m > [22mSelect[2m > [22m可清空[2m > [22m没有值时不显示清空按钮
 [32m✓[39m tests/unit/design-system/form/Select.test.ts[2m > [22mSelect[2m > [22m禁用状态[2m > [22m禁用整个组件
 [32m✓[39m tests/unit/design-system/form/Select.test.ts[2m > [22mSelect[2m > [22m禁用状态[2m > [22m禁用时 tabindex 为 -1
 [32m✓[39m tests/unit/design-system/form/Select.test.ts[2m > [22mSelect[2m > [22m禁用状态[2m > [22m未禁用时 tabindex 为 0
 [32m✓[39m tests/unit/design-system/form/Select.test.ts[2m > [22mSelect[2m > [22m加载状态[2m > [22m显示加载动画
 [32m✓[39m tests/unit/design-system/form/Select.test.ts[2m > [22mSelect[2m > [22m事件[2m > [22m触发 visibleChange 事件
 [32m✓[39m tests/unit/design-system/form/Select.test.ts[2m > [22mSelect[2m > [22m事件[2m > [22m触发 focus 事件
 [32m✓[39m tests/unit/design-system/form/Select.test.ts[2m > [22mSelect[2m > [22m可访问性[2m > [22m有正确的 role 属性
 [32m✓[39m tests/unit/design-system/form/Select.test.ts[2m > [22mSelect[2m > [22m可访问性[2m > [22m有正确的 aria 属性
 [32m✓[39m tests/unit/design-system/form/Select.test.ts[2m > [22mSelect[2m > [22m可访问性[2m > [22m禁用时 aria-disabled 为 true
 [32m✓[39m tests/unit/design-system/form/Select.test.ts[2m > [22mSelect[2m > [22m插槽[2m > [22m渲染前缀插槽
 [32m✓[39m tests/unit/design-system/form/Select.test.ts[2m > [22mSelect[2m > [22m样式[2m > [22m接受自定义 class
 [32m✓[39m tests/unit/design-system/form/Select.test.ts[2m > [22mSelect[2m > [22m样式[2m > [22m有 focus-visible 样式
 [32m✓[39m tests/unit/design-system/form/Select.test.ts[2m > [22mSelect[2m > [22m样式[2m > [22m有 transition 动画
 [32m✓[39m tests/unit/design-system/base/Textarea.test.ts[2m > [22mTextarea[2m > [22m基础渲染[2m > [22m默认渲染为 md size[33m 635[2mms[22m[39m
 [32m✓[39m tests/unit/design-system/base/Textarea.test.ts[2m > [22mTextarea[2m > [22m基础渲染[2m > [22m正确渲染所有尺寸
 [32m✓[39m tests/unit/design-system/base/Textarea.test.ts[2m > [22mTextarea[2m > [22mProps 测试[2m > [22m正确设置 placeholder
 [32m✓[39m tests/unit/design-system/base/Textarea.test.ts[2m > [22mTextarea[2m > [22mProps 测试[2m > [22m正确设置 rows
 [32m✓[39m tests/unit/design-system/base/Textarea.test.ts[2m > [22mTextarea[2m > [22mProps 测试[2m > [22m正确设置 disabled 状态
 [32m✓[39m tests/unit/design-system/base/Textarea.test.ts[2m > [22mTextarea[2m > [22mProps 测试[2m > [22m正确设置 readonly 状态
 [32m✓[39m tests/unit/design-system/base/Textarea.test.ts[2m > [22mTextarea[2m > [22mProps 测试[2m > [22m正确设置 maxlength
 [32m✓[39m tests/unit/design-system/base/Textarea.test.ts[2m > [22mTextarea[2m > [22mProps 测试[2m > [22m正确设置 minlength
 [32m✓[39m tests/unit/design-system/base/Textarea.test.ts[2m > [22mTextarea[2m > [22mProps 测试[2m > [22m正确设置 name 属性
 [32m✓[39m tests/unit/design-system/base/Textarea.test.ts[2m > [22mTextarea[2m > [22mProps 测试[2m > [22m正确设置 id 属性
 [32m✓[39m tests/unit/design-system/base/Textarea.test.ts[2m > [22mTextarea[2m > [22mProps 测试[2m > [22m正确设置 required 属性
 [32m✓[39m tests/unit/design-system/base/Textarea.test.ts[2m > [22mTextarea[2m > [22mProps 测试[2m > [22m正确设置 autofocus 属性
 [32m✓[39m tests/unit/design-system/base/Textarea.test.ts[2m > [22mTextarea[2m > [22mProps 测试[2m > [22m正确设置 autocomplete 属性
 [32m✓[39m tests/unit/design-system/base/Textarea.test.ts[2m > [22mTextarea[2m > [22m状态测试[2m > [22m正确应用默认状态样式
 [32m✓[39m tests/unit/design-system/base/Textarea.test.ts[2m > [22mTextarea[2m > [22m状态测试[2m > [22m正确应用错误状态样式
 [32m✓[39m tests/unit/design-system/base/Textarea.test.ts[2m > [22mTextarea[2m > [22m状态测试[2m > [22m正确应用成功状态样式
 [32m✓[39m tests/unit/design-system/base/Textarea.test.ts[2m > [22mTextarea[2m > [22m状态测试[2m > [22m正确应用警告状态样式
 [32m✓[39m tests/unit/design-system/base/Textarea.test.ts[2m > [22mTextarea[2m > [22m状态测试[2m > [22merror 属性覆盖 state 属性
 [32m✓[39m tests/unit/design-system/base/Textarea.test.ts[2m > [22mTextarea[2m > [22m调整大小测试[2m > [22m正确应用 resize: none 样式
 [32m✓[39m tests/unit/design-system/base/Textarea.test.ts[2m > [22mTextarea[2m > [22m调整大小测试[2m > [22m正确应用 resize: both 样式
 [32m✓[39m tests/unit/design-system/base/Textarea.test.ts[2m > [22mTextarea[2m > [22m调整大小测试[2m > [22m正确应用 resize: horizontal 样式
 [32m✓[39m tests/unit/design-system/base/Textarea.test.ts[2m > [22mTextarea[2m > [22m调整大小测试[2m > [22m正确应用 resize: vertical 样式
 [32m✓[39m tests/unit/design-system/base/Textarea.test.ts[2m > [22mTextarea[2m > [22m字数统计测试[2m > [22mshowCount 和 maxlength 都设置时显示字数统计
 [32m✓[39m tests/unit/design-system/base/Textarea.test.ts[2m > [22mTextarea[2m > [22m字数统计测试[2m > [22mshowCount 为 false 时不显示字数统计
 [32m✓[39m tests/unit/design-system/base/Textarea.test.ts[2m > [22mTextarea[2m > [22mv-model 测试[2m > [22m正确绑定初始值
 [32m✓[39m tests/unit/design-system/base/Textarea.test.ts[2m > [22mTextarea[2m > [22m可访问性测试[2m > [22m禁用状态正确设置
 [32m✓[39m tests/unit/design-system/base/Textarea.test.ts[2m > [22mTextarea[2m > [22m可访问性测试[2m > [22m只读状态正确设置
 [32m✓[39m tests/unit/design-system/base/Textarea.test.ts[2m > [22mTextarea[2m > [22m可访问性测试[2m > [22m必填状态正确设置
 [32m✓[39m tests/unit/design-system/base/Textarea.test.ts[2m > [22mTextarea[2m > [22m边角情况测试[2m > [22m空字符串正确处理
 [32m✓[39m tests/unit/design-system/base/Textarea.test.ts[2m > [22mTextarea[2m > [22m边角情况测试[2m > [22m自定义 class 正确应用
[90mstdout[2m | src/__tests__/App.spec.ts
[22m[39m✅ Unit test setup completed

 [32m✓[39m tests/unit/design-system/base/Icon.test.ts[2m > [22mIcon[2m > [22m基础渲染[2m > [22m默认渲染为 outline variant 和 md size
 [32m✓[39m tests/unit/design-system/base/Icon.test.ts[2m > [22mIcon[2m > [22m基础渲染[2m > [22m正确渲染所有尺寸
 [32m✓[39m tests/unit/design-system/base/Icon.test.ts[2m > [22mIcon[2m > [22m基础渲染[2m > [22m正确渲染 outline 变体
 [32m✓[39m tests/unit/design-system/base/Icon.test.ts[2m > [22mIcon[2m > [22m基础渲染[2m > [22m正确渲染 solid 变体
 [32m✓[39m tests/unit/design-system/base/Icon.test.ts[2m > [22mIcon[2m > [22m基础渲染[2m > [22m渲染不存在的图标显示占位符
 [32m✓[39m tests/unit/design-system/base/Icon.test.ts[2m > [22mIcon[2m > [22m图标名称[2m > [22m正确渲染 home 图标
 [32m✓[39m tests/unit/design-system/base/Icon.test.ts[2m > [22mIcon[2m > [22m图标名称[2m > [22m正确渲染 user 图标
 [32m✓[39m tests/unit/design-system/base/Icon.test.ts[2m > [22mIcon[2m > [22m图标名称[2m > [22m正确渲染 check 图标
 [32m✓[39m tests/unit/design-system/base/Icon.test.ts[2m > [22mIcon[2m > [22m图标名称[2m > [22m正确渲染 arrow-down 图标
 [32m✓[39m tests/unit/design-system/base/Icon.test.ts[2m > [22mIcon[2m > [22m交互行为[2m > [22m点击时触发 click 事件
 [32m✓[39m tests/unit/design-system/base/Icon.test.ts[2m > [22mIcon[2m > [22m可访问性[2m > [22m使用 name 作为默认 aria-label
 [32m✓[39m tests/unit/design-system/base/Icon.test.ts[2m > [22mIcon[2m > [22m可访问性[2m > [22m支持自定义 aria-label
 [32m✓[39m tests/unit/design-system/base/Icon.test.ts[2m > [22mIcon[2m > [22m可访问性[2m > [22m有正确的 inline-flex-shrink-0 类
 [32m✓[39m tests/unit/design-system/base/Icon.test.ts[2m > [22mIcon[2m > [22m样式[2m > [22m接受自定义 class
 [32m✓[39m tests/unit/design-system/base/Icon.test.ts[2m > [22mIcon[2m > [22m样式[2m > [22m保持基础类名
 [32m✓[39m tests/unit/design-system/base/Icon.test.ts[2m > [22mIcon[2m > [22m边角情况[2m > [22m处理空字符串 name
 [32m✓[39m tests/unit/design-system/base/Icon.test.ts[2m > [22mIcon[2m > [22m边角情况[2m > [22m处理特殊字符的 ariaLabel
 [32m✓[39m tests/unit/design-system/base/Button.test.ts[2m > [22mButton[2m > [22m基础渲染[2m > [22m默认渲染为 primary variant 和 md size[33m 480[2mms[22m[39m
 [31m×[39m tests/unit/design-system/base/Button.test.ts[2m > [22mButton[2m > [22m基础渲染[2m > [22m正确渲染所有变体
[31m   → [2mexpect([22m[31melement[31m[2m).toHaveClass([22m[32mexpected[31m[2m)[22m
At least one expected class must be provided.[39m
 [31m×[39m tests/unit/design-system/base/Button.test.ts[2m > [22mButton[2m > [22m基础渲染[2m > [22m正确渲染所有尺寸
[31m   → Found multiple elements with the role "button"

Here are the matching elements:

Ignored nodes: comments, script, style
[36m<button[31m
  [33mclass[31m=[32m"inline-flex items-center justify-center gap-2 rounded-md font-medium transition-all duration-200 focus-visible:outline-none focus-visible:ring-2 focus-visible:ring-offset-2 disabled:pointer-events-none disabled:opacity-50 bg-primary-500 text-white hover:bg-primary-600 focus-visible:ring-primary-500 active:bg-primary-700 h-7 px-2 text-xs"[31m
  [33mtype[31m=[32m"button"[31m
[36m>[31m
  [0m[0m
  [0m[0m
[36m</button>[31m

Ignored nodes: comments, script, style
[36m<button[31m
  [33mclass[31m=[32m"inline-flex items-center justify-center gap-2 rounded-md font-medium transition-all duration-200 focus-visible:outline-none focus-visible:ring-2 focus-visible:ring-offset-2 disabled:pointer-events-none disabled:opacity-50 bg-primary-500 text-white hover:bg-primary-600 focus-visible:ring-primary-500 active:bg-primary-700 h-8 px-3 text-sm"[31m
  [33mtype[31m=[32m"button"[31m
[36m>[31m
  [0m[0m
  [0m[0m
[36m</button>[31m

(If this is intentional, then use the `*AllBy*` variant of the query (like `queryAllByText`, `getAllByText`, or `findAllByText`)).

Ignored nodes: comments, script, style
[36m<body>[31m
  [36m<div>[31m
    [36m<button[31m
      [33mclass[31m=[32m"inline-flex items-center justify-center gap-2 rounded-md font-medium transition-all duration-200 focus-visible:outline-none focus-visible:ring-2 focus-visible:ring-offset-2 disabled:pointer-events-none disabled:opacity-50 bg-primary-500 text-white hover:bg-primary-600 focus-visible:ring-primary-500 active:bg-primary-700 h-7 px-2 text-xs"[31m
      [33mtype[31m=[32m"button"[31m
    [36m>[31m
      [0m[0m
      [0m[0m
    [36m</button>[31m
  [36m</div>[31m
  [36m<div>[31m
    [36m<button[31m
      [33mclass[31m=[32m"inline-flex items-center justify-center gap-2 rounded-md font-medium transition-all duration-200 focus-visible:outline-none focus-visible:ring-2 focus-visible:ring-offset-2 disabled:pointer-events-none disabled:opacity-50 bg-primary-500 text-white hover:bg-primary-600 focus-visible:ring-primary-500 active:bg-primary-700 h-8 px-3 text-sm"[31m
      [33mtype[31m=[32m"button"[31m
    [36m>[31m
      [0m[0m
      [0m[0m
    [36m</button>[31m
  [36m</div>[31m
[36m</body>[31m[39m
 [32m✓[39m tests/unit/design-system/base/Button.test.ts[2m > [22mButton[2m > [22m交互行为[2m > [22m点击时触发 click 事件
 [32m✓[39m tests/unit/design-system/base/Button.test.ts[2m > [22mButton[2m > [22m交互行为[2m > [22mdisabled 状态不触发点击
 [32m✓[39m tests/unit/design-system/base/Button.test.ts[2m > [22mButton[2m > [22m交互行为[2m > [22mloading 状态不触发点击
 [32m✓[39m tests/unit/design-system/base/Button.test.ts[2m > [22mButton[2m > [22m交互行为[2m > [22mloading 状态显示加载动画
 [32m✓[39m tests/unit/design-system/base/Button.test.ts[2m > [22mButton[2m > [22m交互行为[2m > [22mblock 状态占满容器宽度
 [31m×[39m tests/unit/design-system/base/Button.test.ts[2m > [22mButton[2m > [22m可访问性[2m > [22m支持键盘 Enter 键
[31m   → expected "spy" to be called 1 times, but got 0 times[39m
 [31m×[39m tests/unit/design-system/base/Button.test.ts[2m > [22mButton[2m > [22m可访问性[2m > [22m支持空格键
[31m   → expected "spy" to be called 1 times, but got 0 times[39m
 [32m✓[39m tests/unit/design-system/base/Button.test.ts[2m > [22mButton[2m > [22m可访问性[2m > [22mdisabled 时不响应键盘
 [32m✓[39m tests/unit/design-system/base/Button.test.ts[2m > [22mButton[2m > [22m可访问性[2m > [22m有正确的 type 属性
 [31m×[39m tests/unit/design-system/base/Button.test.ts[2m > [22mButton[2m > [22m插槽内容[2m > [22m渲染默认插槽内容
[31m   → expected '' to contain 'Click Me'[39m
 [31m×[39m tests/unit/design-system/base/Button.test.ts[2m > [22mButton[2m > [22m插槽内容[2m > [22mloading 时保留插槽内容
[31m   → expected '' to contain 'Loading...'[39m
 [32m✓[39m tests/unit/design-system/base/Button.test.ts[2m > [22mButton[2m > [22m样式[2m > [22m接受自定义 class
 [32m✓[39m tests/unit/design-system/base/Button.test.ts[2m > [22mButton[2m > [22m样式[2m > [22m有 focus-visible 样式
 [32m✓[39m tests/unit/design-system/base/Button.test.ts[2m > [22mButton[2m > [22m样式[2m > [22m有 transition 动画
 [31m×[39m src/__tests__/App.spec.ts[2m > [22mApp[2m > [22mmounts renders properly
[31m   → [🍍]: "getActivePinia()" was called but there was no active Pinia. Are you trying to use a store before calling "app.use(pinia)"?
See https://pinia.vuejs.org/core-concepts/outside-component-usage.html for help.
This will fail in production.[39m

[2m Test Files [22m [1m[31m19 failed[39m[22m[2m | [22m[1m[32m31 passed[39m[22m[90m (50)[39m
[2m      Tests [22m [1m[31m175 failed[39m[22m[2m | [22m[1m[32m1563 passed[39m[22m[2m | [22m[33m5 skipped[39m[90m (1743)[39m
[2m   Start at [22m 19:27:42
[2m   Duration [22m 34.10s[2m (transform 23.18s, setup 27.86s, collect 91.50s, tests 65.06s, environment 140.36s, prepare 19.75s)[22m

{"numTotalTestSuites":643,"numPassedTestSuites":521,"numFailedTestSuites":122,"numPendingTestSuites":0,"numTotalTests":1743,"numPassedTests":1563,"numFailedTests":175,"numPendingTests":5,"numTodoTests":0,"snapshot":{"added":0,"failure":false,"filesAdded":0,"filesRemoved":0,"filesRemovedList":[],"filesUnmatched":0,"filesUpdated":0,"matched":0,"total":0,"unchecked":0,"uncheckedKeysByFile":[],"unmatched":0,"updated":0,"didUpdate":false},"startTime":1769254062463,"success":false,"testResults":[{"assertionResults":[{"ancestorTitles":["caseConverter","snakeToCamel"],"fullName":"caseConverter snakeToCamel 应该将snake_case转换为camelCase","status":"passed","title":"应该将snake_case转换为camelCase","duration":3.997400000000198,"failureMessages":[],"meta":{}},{"ancestorTitles":["caseConverter","snakeToCamel"],"fullName":"caseConverter snakeToCamel 应该处理单个单词","status":"passed","title":"应该处理单个单词","duration":0.6444000000001324,"failureMessages":[],"meta":{}},{"ancestorTitles":["caseConverter","snakeToCamel"],"fullName":"caseConverter snakeToCamel 应该处理多个下划线","status":"passed","title":"应该处理多个下划线","duration":0.7089999999998327,"failureMessages":[],"meta":{}},{"ancestorTitles":["caseConverter","camelToSnake"],"fullName":"caseConverter camelToSnake 应该将camelCase转换为snake_case","status":"passed","title":"应该将camelCase转换为snake_case","duration":0.86200000000008,"failureMessages":[],"meta":{}},{"ancestorTitles":["caseConverter","camelToSnake"],"fullName":"caseConverter camelToSnake 应该处理单个单词","status":"passed","title":"应该处理单个单词","duration":0.9299999999998363,"failureMessages":[],"meta":{}},{"ancestorTitles":["caseConverter","camelToSnake"],"fullName":"caseConverter camelToSnake 应该处理多个驼峰","status":"passed","title":"应该处理多个驼峰","duration":1.1900000000000546,"failureMessages":[],"meta":{}},{"ancestorTitles":["caseConverter","convertObjectKeysToCamelCase"],"fullName":"caseConverter convertObjectKeysToCamelCase 应该转换普通对象的键","status":"passed","title":"应该转换普通对象的键","duration":2.017399999999725,"failureMessages":[],"meta":{}},{"ancestorTitles":["caseConverter","convertObjectKeysToCamelCase"],"fullName":"caseConverter convertObjectKeysToCamelCase 应该递归转换嵌套对象","status":"passed","title":"应该递归转换嵌套对象","duration":0.9140999999999622,"failureMessages":[],"meta":{}},{"ancestorTitles":["caseConverter","convertObjectKeysToCamelCase"],"fullName":"caseConverter convertObjectKeysToCamelCase 应该转换数组中的对象","status":"passed","title":"应该转换数组中的对象","duration":2.611199999999826,"failureMessages":[],"meta":{}},{"ancestorTitles":["caseConverter","convertObjectKeysToCamelCase"],"fullName":"caseConverter convertObjectKeysToCamelCase 应该处理null和undefined","status":"passed","title":"应该处理null和undefined","duration":0.6601000000000568,"failureMessages":[],"meta":{}},{"ancestorTitles":["caseConverter","convertObjectKeysToCamelCase"],"fullName":"caseConverter convertObjectKeysToCamelCase 应该保留基本类型不变","status":"passed","title":"应该保留基本类型不变","duration":0.5884000000000924,"failureMessages":[],"meta":{}},{"ancestorTitles":["caseConverter","convertObjectKeysToSnakeCase"],"fullName":"caseConverter convertObjectKeysToSnakeCase 应该转换普通对象的键","status":"passed","title":"应该转换普通对象的键","duration":0.7339000000001761,"failureMessages":[],"meta":{}},{"ancestorTitles":["caseConverter","convertObjectKeysToSnakeCase"],"fullName":"caseConverter convertObjectKeysToSnakeCase 应该递归转换嵌套对象","status":"passed","title":"应该递归转换嵌套对象","duration":0.8353000000001884,"failureMessages":[],"meta":{}},{"ancestorTitles":["caseConverter","convertObjectKeysToSnakeCase"],"fullName":"caseConverter convertObjectKeysToSnakeCase 应该处理null和undefined","status":"passed","title":"应该处理null和undefined","duration":0.6865999999999985,"failureMessages":[],"meta":{}}],"startTime":1769254089279,"endTime":1769254089298.8352,"status":"passed","message":"","name":"E:/Github/Qingyu/Qingyu_fronted/tests/unit/utils/caseConverter.spec.ts"},{"assertionResults":[{"ancestorTitles":["Avatar.vue","基础渲染"],"fullName":"Avatar.vue 基础渲染 应该正确渲染组件","status":"passed","title":"应该正确渲染组件","duration":196.08929999999964,"failureMessages":[],"meta":{}},{"ancestorTitles":["Avatar.vue","基础渲染"],"fullName":"Avatar.vue 基础渲染 应该设置正确的 aria-label","status":"passed","title":"应该设置正确的 aria-label","duration":11.835000000000036,"failureMessages":[],"meta":{}},{"ancestorTitles":["Avatar.vue","基础渲染"],"fullName":"Avatar.vue 基础渲染 应该在无 alt 时显示问号","status":"passed","title":"应该在无 alt 时显示问号","duration":6.498999999999796,"failureMessages":[],"meta":{}},{"ancestorTitles":["Avatar.vue","Fallback 文字"],"fullName":"Avatar.vue Fallback 文字 应该显示英文名首字母","status":"passed","title":"应该显示英文名首字母","duration":6.102100000000064,"failureMessages":[],"meta":{}},{"ancestorTitles":["Avatar.vue","Fallback 文字"],"fullName":"Avatar.vue Fallback 文字 应该显示单个单词的首字母","status":"passed","title":"应该显示单个单词的首字母","duration":8.106999999999971,"failureMessages":[],"meta":{}},{"ancestorTitles":["Avatar.vue","Fallback 文字"],"fullName":"Avatar.vue Fallback 文字 应该显示中文的第一个字","status":"passed","title":"应该显示中文的第一个字","duration":4.753099999999904,"failureMessages":[],"meta":{}},{"ancestorTitles":["Avatar.vue","Fallback 文字"],"fullName":"Avatar.vue Fallback 文字 应该正确处理多余空格","status":"passed","title":"应该正确处理多余空格","duration":5.8375999999998385,"failureMessages":[],"meta":{}},{"ancestorTitles":["Avatar.vue","图片渲染"],"fullName":"Avatar.vue 图片渲染 应该渲染图片元素","status":"passed","title":"应该渲染图片元素","duration":10.527799999999843,"failureMessages":[],"meta":{}},{"ancestorTitles":["Avatar.vue","图片渲染"],"fullName":"Avatar.vue 图片渲染 应该在图片加载失败时显示 fallback","status":"passed","title":"应该在图片加载失败时显示 fallback","duration":27.825800000000527,"failureMessages":[],"meta":{}},{"ancestorTitles":["Avatar.vue","图片渲染"],"fullName":"Avatar.vue 图片渲染 应该在没有 src 时显示 fallback","status":"passed","title":"应该在没有 src 时显示 fallback","duration":6.901700000000346,"failureMessages":[],"meta":{}},{"ancestorTitles":["Avatar.vue","尺寸变体"],"fullName":"Avatar.vue 尺寸变体 应该正确应用 xs 尺寸样式","status":"passed","title":"应该正确应用 xs 尺寸样式","duration":17.766599999999926,"failureMessages":[],"meta":{}},{"ancestorTitles":["Avatar.vue","尺寸变体"],"fullName":"Avatar.vue 尺寸变体 应该正确应用 sm 尺寸样式","status":"passed","title":"应该正确应用 sm 尺寸样式","duration":7.5045999999993,"failureMessages":[],"meta":{}},{"ancestorTitles":["Avatar.vue","尺寸变体"],"fullName":"Avatar.vue 尺寸变体 应该正确应用 md 尺寸样式","status":"passed","title":"应该正确应用 md 尺寸样式","duration":10.72780000000057,"failureMessages":[],"meta":{}},{"ancestorTitles":["Avatar.vue","尺寸变体"],"fullName":"Avatar.vue 尺寸变体 应该正确应用 lg 尺寸样式","status":"passed","title":"应该正确应用 lg 尺寸样式","duration":8.612699999999677,"failureMessages":[],"meta":{}},{"ancestorTitles":["Avatar.vue","尺寸变体"],"fullName":"Avatar.vue 尺寸变体 应该正确应用 xl 尺寸样式","status":"passed","title":"应该正确应用 xl 尺寸样式","duration":6.751199999999699,"failureMessages":[],"meta":{}},{"ancestorTitles":["Avatar.vue","尺寸变体"],"fullName":"Avatar.vue 尺寸变体 应该正确应用 2xl 尺寸样式","status":"passed","title":"应该正确应用 2xl 尺寸样式","duration":24.291299999999865,"failureMessages":[],"meta":{}},{"ancestorTitles":["Avatar.vue","形状变体"],"fullName":"Avatar.vue 形状变体 应该正确应用 circle 样式","status":"passed","title":"应该正确应用 circle 样式","duration":7.813799999999901,"failureMessages":[],"meta":{}},{"ancestorTitles":["Avatar.vue","形状变体"],"fullName":"Avatar.vue 形状变体 应该正确应用 square 样式","status":"passed","title":"应该正确应用 square 样式","duration":8.582699999999932,"failureMessages":[],"meta":{}},{"ancestorTitles":["Avatar.vue","形状变体"],"fullName":"Avatar.vue 形状变体 应该正确应用 rounded 样式","status":"passed","title":"应该正确应用 rounded 样式","duration":10.680899999999383,"failureMessages":[],"meta":{}},{"ancestorTitles":["Avatar.vue","状态指示器"],"fullName":"Avatar.vue 状态指示器 应该显示 online 状态","status":"passed","title":"应该显示 online 状态","duration":15.201999999999316,"failureMessages":[],"meta":{}},{"ancestorTitles":["Avatar.vue","状态指示器"],"fullName":"Avatar.vue 状态指示器 应该显示 offline 状态","status":"passed","title":"应该显示 offline 状态","duration":19.3154999999997,"failureMessages":[],"meta":{}},{"ancestorTitles":["Avatar.vue","状态指示器"],"fullName":"Avatar.vue 状态指示器 应该显示 away 状态","status":"passed","title":"应该显示 away 状态","duration":7.001800000000003,"failureMessages":[],"meta":{}},{"ancestorTitles":["Avatar.vue","状态指示器"],"fullName":"Avatar.vue 状态指示器 应该显示 busy 状态","status":"passed","title":"应该显示 busy 状态","duration":5.6939000000002125,"failureMessages":[],"meta":{}},{"ancestorTitles":["Avatar.vue","状态指示器"],"fullName":"Avatar.vue 状态指示器 应该在 disableStatus 为 true 时不显示状态指示器","status":"passed","title":"应该在 disableStatus 为 true 时不显示状态指示器","duration":6.4934000000002925,"failureMessages":[],"meta":{}},{"ancestorTitles":["Avatar.vue","状态指示器"],"fullName":"Avatar.vue 状态指示器 应该在无 status 时不显示状态指示器","status":"passed","title":"应该在无 status 时不显示状态指示器","duration":10.30370000000039,"failureMessages":[],"meta":{}},{"ancestorTitles":["Avatar.vue","点击事件"],"fullName":"Avatar.vue 点击事件 应该正确触发点击事件","status":"passed","title":"应该正确触发点击事件","duration":11.164099999999962,"failureMessages":[],"meta":{}},{"ancestorTitles":["Avatar.vue","自定义类名"],"fullName":"Avatar.vue 自定义类名 应该正确应用自定义类名","status":"passed","title":"应该正确应用自定义类名","duration":5.397999999999229,"failureMessages":[],"meta":{}},{"ancestorTitles":["Avatar.vue","默认属性"],"fullName":"Avatar.vue 默认属性 应该使用默认尺寸 md","status":"passed","title":"应该使用默认尺寸 md","duration":9.126500000000306,"failureMessages":[],"meta":{}},{"ancestorTitles":["Avatar.vue","默认属性"],"fullName":"Avatar.vue 默认属性 应该使用默认形状 circle","status":"passed","title":"应该使用默认形状 circle","duration":5.337900000000445,"failureMessages":[],"meta":{}},{"ancestorTitles":["Avatar.vue","默认属性"],"fullName":"Avatar.vue 默认属性 应该使用默认 disableStatus false","status":"passed","title":"应该使用默认 disableStatus false","duration":3.546599999999671,"failureMessages":[],"meta":{}},{"ancestorTitles":["Avatar.vue","可访问性"],"fullName":"Avatar.vue 可访问性 应该设置正确的 role 属性","status":"passed","title":"应该设置正确的 role 属性","duration":3.2058999999999287,"failureMessages":[],"meta":{}},{"ancestorTitles":["Avatar.vue","可访问性"],"fullName":"Avatar.vue 可访问性 应该为状态指示器设置 aria-hidden","status":"passed","title":"应该为状态指示器设置 aria-hidden","duration":3.887200000000121,"failureMessages":[],"meta":{}},{"ancestorTitles":["Avatar.vue","响应式"],"fullName":"Avatar.vue 响应式 应该在 src prop 变化时更新图片","status":"passed","title":"应该在 src prop 变化时更新图片","duration":7.56670000000031,"failureMessages":[],"meta":{}},{"ancestorTitles":["Avatar.vue","响应式"],"fullName":"Avatar.vue 响应式 应该在 alt prop 变化时更新 fallback 文字","status":"passed","title":"应该在 alt prop 变化时更新 fallback 文字","duration":7.013300000000527,"failureMessages":[],"meta":{}},{"ancestorTitles":["Avatar.vue","响应式"],"fullName":"Avatar.vue 响应式 应该在 status prop 变化时更新状态指示器","status":"passed","title":"应该在 status prop 变化时更新状态指示器","duration":7.5174000000006345,"failureMessages":[],"meta":{}}],"startTime":1769254085608,"endTime":1769254086127.5173,"status":"passed","message":"","name":"E:/Github/Qingyu/Qingyu_fronted/tests/unit/design-system/base/Avatar.test.ts"},{"assertionResults":[{"ancestorTitles":["Badge","基础渲染"],"fullName":"Badge 基础渲染 默认渲染为 default variant 和 md size","status":"passed","title":"默认渲染为 default variant 和 md size","duration":126.72029999999995,"failureMessages":[],"meta":{}},{"ancestorTitles":["Badge","基础渲染"],"fullName":"Badge 基础渲染 正确渲染所有变体","status":"passed","title":"正确渲染所有变体","duration":71.72230000000036,"failureMessages":[],"meta":{}},{"ancestorTitles":["Badge","基础渲染"],"fullName":"Badge 基础渲染 正确渲染所有尺寸","status":"passed","title":"正确渲染所有尺寸","duration":40.408300000000054,"failureMessages":[],"meta":{}},{"ancestorTitles":["Badge","内容显示"],"fullName":"Badge 内容显示 正确显示数字内容","status":"passed","title":"正确显示数字内容","duration":59.86170000000038,"failureMessages":[],"meta":{}},{"ancestorTitles":["Badge","内容显示"],"fullName":"Badge 内容显示 正确显示字符串内容","status":"passed","title":"正确显示字符串内容","duration":21.305999999999585,"failureMessages":[],"meta":{}},{"ancestorTitles":["Badge","内容显示"],"fullName":"Badge 内容显示 空内容时显示为空（红点）","status":"passed","title":"空内容时显示为空（红点）","duration":16.174700000000485,"failureMessages":[],"meta":{}},{"ancestorTitles":["Badge","内容显示"],"fullName":"Badge 内容显示 undefined 内容时显示为空（红点）","status":"passed","title":"undefined 内容时显示为空（红点）","duration":29.654700000000048,"failureMessages":[],"meta":{}},{"ancestorTitles":["Badge","内容显示"],"fullName":"Badge 内容显示 dot 模式下不显示内容","status":"passed","title":"dot 模式下不显示内容","duration":4.800999999999476,"failureMessages":[],"meta":{}},{"ancestorTitles":["Badge","max 属性"],"fullName":"Badge max 属性 小于 max 时显示原数字","status":"passed","title":"小于 max 时显示原数字","duration":14.609999999999673,"failureMessages":[],"meta":{}},{"ancestorTitles":["Badge","max 属性"],"fullName":"Badge max 属性 等于 max 时显示原数字","status":"passed","title":"等于 max 时显示原数字","duration":10.94880000000012,"failureMessages":[],"meta":{}},{"ancestorTitles":["Badge","max 属性"],"fullName":"Badge max 属性 大于 max 时显示 max+","status":"passed","title":"大于 max 时显示 max+","duration":12.489400000000387,"failureMessages":[],"meta":{}},{"ancestorTitles":["Badge","max 属性"],"fullName":"Badge max 属性 远大于 max 时显示 max+","status":"passed","title":"远大于 max 时显示 max+","duration":8.667300000000068,"failureMessages":[],"meta":{}},{"ancestorTitles":["Badge","max 属性"],"fullName":"Badge max 属性 自定义 max 值","status":"passed","title":"自定义 max 值","duration":26.661399999999958,"failureMessages":[],"meta":{}},{"ancestorTitles":["Badge","max 属性"],"fullName":"Badge max 属性 max 对字符串内容无效","status":"passed","title":"max 对字符串内容无效","duration":30.951099999999315,"failureMessages":[],"meta":{}},{"ancestorTitles":["Badge","定位"],"fullName":"Badge 定位 absolute 为 false 时不添加定位类","status":"passed","title":"absolute 为 false 时不添加定位类","duration":107.5619999999999,"failureMessages":[],"meta":{}},{"ancestorTitles":["Badge","定位"],"fullName":"Badge 定位 absolute 为 true 时添加定位类","status":"passed","title":"absolute 为 true 时添加定位类","duration":111.07859999999982,"failureMessages":[],"meta":{}},{"ancestorTitles":["Badge","定位"],"fullName":"Badge 定位 支持自定义 position","status":"passed","title":"支持自定义 position","duration":38.399899999999434,"failureMessages":[],"meta":{}},{"ancestorTitles":["Badge","样式"],"fullName":"Badge 样式 接受自定义 class","status":"passed","title":"接受自定义 class","duration":7.629299999999603,"failureMessages":[],"meta":{}},{"ancestorTitles":["Badge","样式"],"fullName":"Badge 样式 有 rounded-full 类","status":"passed","title":"有 rounded-full 类","duration":9.015699999999924,"failureMessages":[],"meta":{}},{"ancestorTitles":["Badge","样式"],"fullName":"Badge 样式 有 transition 动画","status":"passed","title":"有 transition 动画","duration":7.856499999999869,"failureMessages":[],"meta":{}},{"ancestorTitles":["Badge","样式"],"fullName":"Badge 样式 有 flex 居中对齐","status":"passed","title":"有 flex 居中对齐","duration":11.77639999999974,"failureMessages":[],"meta":{}},{"ancestorTitles":["Badge","颜色主题"],"fullName":"Badge 颜色主题 default 变体有正确的文字颜色","status":"passed","title":"default 变体有正确的文字颜色","duration":10.184200000000601,"failureMessages":[],"meta":{}},{"ancestorTitles":["Badge","颜色主题"],"fullName":"Badge 颜色主题 primary 变体有白色文字","status":"passed","title":"primary 变体有白色文字","duration":6.761700000000019,"failureMessages":[],"meta":{}},{"ancestorTitles":["Badge","颜色主题"],"fullName":"Badge 颜色主题 success 变体有白色文字","status":"passed","title":"success 变体有白色文字","duration":4.62880000000041,"failureMessages":[],"meta":{}},{"ancestorTitles":["Badge","颜色主题"],"fullName":"Badge 颜色主题 warning 变体有白色文字","status":"passed","title":"warning 变体有白色文字","duration":5.853100000000268,"failureMessages":[],"meta":{}},{"ancestorTitles":["Badge","颜色主题"],"fullName":"Badge 颜色主题 danger 变体有白色文字","status":"passed","title":"danger 变体有白色文字","duration":4.7478000000000975,"failureMessages":[],"meta":{}},{"ancestorTitles":["Badge","最小宽度"],"fullName":"Badge 最小宽度 sm 尺寸有最小宽度","status":"passed","title":"sm 尺寸有最小宽度","duration":8.512499999999818,"failureMessages":[],"meta":{}},{"ancestorTitles":["Badge","最小宽度"],"fullName":"Badge 最小宽度 md 尺寸有最小宽度","status":"passed","title":"md 尺寸有最小宽度","duration":5.420000000000073,"failureMessages":[],"meta":{}},{"ancestorTitles":["Badge","最小宽度"],"fullName":"Badge 最小宽度 lg 尺寸有最小宽度","status":"passed","title":"lg 尺寸有最小宽度","duration":5.909900000000562,"failureMessages":[],"meta":{}}],"startTime":1769254086941,"endTime":1769254087774.91,"status":"passed","message":"","name":"E:/Github/Qingyu/Qingyu_fronted/tests/unit/design-system/base/Badge.test.ts"},{"assertionResults":[{"ancestorTitles":["Button","基础渲染"],"fullName":"Button 基础渲染 默认渲染为 primary variant 和 md size","status":"passed","title":"默认渲染为 primary variant 和 md size","duration":479.59960000000046,"failureMessages":[],"meta":{}},{"ancestorTitles":["Button","基础渲染"],"fullName":"Button 基础渲染 正确渲染所有变体","status":"failed","title":"正确渲染所有变体","duration":45.19669999999951,"failureMessages":["Error: \u001b[2mexpect(\u001b[22m\u001b[31melement\u001b[39m\u001b[2m).toHaveClass(\u001b[22m\u001b[32mexpected\u001b[39m\u001b[2m)\u001b[22m\nAt least one expected class must be provided.\n    at Proxy.expectWrapper (file:///E:/Github/Qingyu/Qingyu_fronted/node_modules/@vitest/expect/dist/index.js:1996:19)\n    at Proxy.<anonymous> (file:///E:/Github/Qingyu/Qingyu_fronted/node_modules/@vitest/expect/dist/index.js:972:17)\n    at Proxy.methodWrapper (file:///E:/Github/Qingyu/Qingyu_fronted/node_modules/chai/index.js:1686:25)\n    at E:\\Github\\Qingyu\\Qingyu_fronted\\tests\\unit\\design-system\\base\\Button.test.ts:27:24\n    at file:///E:/Github/Qingyu/Qingyu_fronted/node_modules/@vitest/runner/dist/index.js:146:14\n    at file:///E:/Github/Qingyu/Qingyu_fronted/node_modules/@vitest/runner/dist/index.js:533:11\n    at runWithTimeout (file:///E:/Github/Qingyu/Qingyu_fronted/node_modules/@vitest/runner/dist/index.js:39:7)\n    at runTest (file:///E:/Github/Qingyu/Qingyu_fronted/node_modules/@vitest/runner/dist/index.js:1056:17)\n    at processTicksAndRejections (node:internal/process/task_queues:105:5)\n    at runSuite (file:///E:/Github/Qingyu/Qingyu_fronted/node_modules/@vitest/runner/dist/index.js:1205:15)"],"meta":{}},{"ancestorTitles":["Button","基础渲染"],"fullName":"Button 基础渲染 正确渲染所有尺寸","status":"failed","title":"正确渲染所有尺寸","duration":76.81860000000052,"failureMessages":["TestingLibraryElementError: Found multiple elements with the role \"button\"\n\nHere are the matching elements:\n\nIgnored nodes: comments, script, style\n\u001b[36m<button\u001b[39m\n  \u001b[33mclass\u001b[39m=\u001b[32m\"inline-flex items-center justify-center gap-2 rounded-md font-medium transition-all duration-200 focus-visible:outline-none focus-visible:ring-2 focus-visible:ring-offset-2 disabled:pointer-events-none disabled:opacity-50 bg-primary-500 text-white hover:bg-primary-600 focus-visible:ring-primary-500 active:bg-primary-700 h-7 px-2 text-xs\"\u001b[39m\n  \u001b[33mtype\u001b[39m=\u001b[32m\"button\"\u001b[39m\n\u001b[36m>\u001b[39m\n  \u001b[0m\u001b[0m\n  \u001b[0m\u001b[0m\n\u001b[36m</button>\u001b[39m\n\nIgnored nodes: comments, script, style\n\u001b[36m<button\u001b[39m\n  \u001b[33mclass\u001b[39m=\u001b[32m\"inline-flex items-center justify-center gap-2 rounded-md font-medium transition-all duration-200 focus-visible:outline-none focus-visible:ring-2 focus-visible:ring-offset-2 disabled:pointer-events-none disabled:opacity-50 bg-primary-500 text-white hover:bg-primary-600 focus-visible:ring-primary-500 active:bg-primary-700 h-8 px-3 text-sm\"\u001b[39m\n  \u001b[33mtype\u001b[39m=\u001b[32m\"button\"\u001b[39m\n\u001b[36m>\u001b[39m\n  \u001b[0m\u001b[0m\n  \u001b[0m\u001b[0m\n\u001b[36m</button>\u001b[39m\n\n(If this is intentional, then use the `*AllBy*` variant of the query (like `queryAllByText`, `getAllByText`, or `findAllByText`)).\n\nIgnored nodes: comments, script, style\n\u001b[36m<body>\u001b[39m\n  \u001b[36m<div>\u001b[39m\n    \u001b[36m<button\u001b[39m\n      \u001b[33mclass\u001b[39m=\u001b[32m\"inline-flex items-center justify-center gap-2 rounded-md font-medium transition-all duration-200 focus-visible:outline-none focus-visible:ring-2 focus-visible:ring-offset-2 disabled:pointer-events-none disabled:opacity-50 bg-primary-500 text-white hover:bg-primary-600 focus-visible:ring-primary-500 active:bg-primary-700 h-7 px-2 text-xs\"\u001b[39m\n      \u001b[33mtype\u001b[39m=\u001b[32m\"button\"\u001b[39m\n    \u001b[36m>\u001b[39m\n      \u001b[0m\u001b[0m\n      \u001b[0m\u001b[0m\n    \u001b[36m</button>\u001b[39m\n  \u001b[36m</div>\u001b[39m\n  \u001b[36m<div>\u001b[39m\n    \u001b[36m<button\u001b[39m\n      \u001b[33mclass\u001b[39m=\u001b[32m\"inline-flex items-center justify-center gap-2 rounded-md font-medium transition-all duration-200 focus-visible:outline-none focus-visible:ring-2 focus-visible:ring-offset-2 disabled:pointer-events-none disabled:opacity-50 bg-primary-500 text-white hover:bg-primary-600 focus-visible:ring-primary-500 active:bg-primary-700 h-8 px-3 text-sm\"\u001b[39m\n      \u001b[33mtype\u001b[39m=\u001b[32m\"button\"\u001b[39m\n    \u001b[36m>\u001b[39m\n      \u001b[0m\u001b[0m\n      \u001b[0m\u001b[0m\n    \u001b[36m</button>\u001b[39m\n  \u001b[36m</div>\u001b[39m\n\u001b[36m</body>\u001b[39m\n    at Object.getElementError (E:\\Github\\Qingyu\\Qingyu_fronted\\node_modules\\@testing-library\\vue\\node_modules\\@testing-library\\dom\\dist\\config.js:37:19)\n    at getElementError (E:\\Github\\Qingyu\\Qingyu_fronted\\node_modules\\@testing-library\\vue\\node_modules\\@testing-library\\dom\\dist\\query-helpers.js:20:35)\n    at getMultipleElementsFoundError (E:\\Github\\Qingyu\\Qingyu_fronted\\node_modules\\@testing-library\\vue\\node_modules\\@testing-library\\dom\\dist\\query-helpers.js:23:10)\n    at E:\\Github\\Qingyu\\Qingyu_fronted\\node_modules\\@testing-library\\vue\\node_modules\\@testing-library\\dom\\dist\\query-helpers.js:55:13\n    at E:\\Github\\Qingyu\\Qingyu_fronted\\node_modules\\@testing-library\\vue\\node_modules\\@testing-library\\dom\\dist\\query-helpers.js:95:19\n    at E:\\Github\\Qingyu\\Qingyu_fronted\\tests\\unit\\design-system\\base\\Button.test.ts:38:24\n    at file:///E:/Github/Qingyu/Qingyu_fronted/node_modules/@vitest/runner/dist/index.js:146:14\n    at file:///E:/Github/Qingyu/Qingyu_fronted/node_modules/@vitest/runner/dist/index.js:533:11\n    at runWithTimeout (file:///E:/Github/Qingyu/Qingyu_fronted/node_modules/@vitest/runner/dist/index.js:39:7)\n    at runTest (file:///E:/Github/Qingyu/Qingyu_fronted/node_modules/@vitest/runner/dist/index.js:1056:17)"],"meta":{}},{"ancestorTitles":["Button","交互行为"],"fullName":"Button 交互行为 点击时触发 click 事件","status":"passed","title":"点击时触发 click 事件","duration":37.376000000000204,"failureMessages":[],"meta":{}},{"ancestorTitles":["Button","交互行为"],"fullName":"Button 交互行为 disabled 状态不触发点击","status":"passed","title":"disabled 状态不触发点击","duration":23.17739999999958,"failureMessages":[],"meta":{}},{"ancestorTitles":["Button","交互行为"],"fullName":"Button 交互行为 loading 状态不触发点击","status":"passed","title":"loading 状态不触发点击","duration":27.44499999999971,"failureMessages":[],"meta":{}},{"ancestorTitles":["Button","交互行为"],"fullName":"Button 交互行为 loading 状态显示加载动画","status":"passed","title":"loading 状态显示加载动画","duration":33.74529999999959,"failureMessages":[],"meta":{}},{"ancestorTitles":["Button","交互行为"],"fullName":"Button 交互行为 block 状态占满容器宽度","status":"passed","title":"block 状态占满容器宽度","duration":21.136999999999716,"failureMessages":[],"meta":{}},{"ancestorTitles":["Button","可访问性"],"fullName":"Button 可访问性 支持键盘 Enter 键","status":"failed","title":"支持键盘 Enter 键","duration":24.026100000000042,"failureMessages":["AssertionError: expected \"spy\" to be called 1 times, but got 0 times\n    at E:\\Github\\Qingyu\\Qingyu_fronted\\tests\\unit\\design-system\\base\\Button.test.ts:102:23\n    at processTicksAndRejections (node:internal/process/task_queues:105:5)\n    at file:///E:/Github/Qingyu/Qingyu_fronted/node_modules/@vitest/runner/dist/index.js:533:5\n    at runTest (file:///E:/Github/Qingyu/Qingyu_fronted/node_modules/@vitest/runner/dist/index.js:1056:11)\n    at runSuite (file:///E:/Github/Qingyu/Qingyu_fronted/node_modules/@vitest/runner/dist/index.js:1205:15)\n    at runSuite (file:///E:/Github/Qingyu/Qingyu_fronted/node_modules/@vitest/runner/dist/index.js:1205:15)\n    at runSuite (file:///E:/Github/Qingyu/Qingyu_fronted/node_modules/@vitest/runner/dist/index.js:1205:15)\n    at runFiles (file:///E:/Github/Qingyu/Qingyu_fronted/node_modules/@vitest/runner/dist/index.js:1262:5)\n    at startTests (file:///E:/Github/Qingyu/Qingyu_fronted/node_modules/@vitest/runner/dist/index.js:1271:3)\n    at file:///E:/Github/Qingyu/Qingyu_fronted/node_modules/vitest/dist/chunks/runBaseTests.3qpJUEJM.js:126:11"],"meta":{}},{"ancestorTitles":["Button","可访问性"],"fullName":"Button 可访问性 支持空格键","status":"failed","title":"支持空格键","duration":18.337499999999636,"failureMessages":["AssertionError: expected \"spy\" to be called 1 times, but got 0 times\n    at E:\\Github\\Qingyu\\Qingyu_fronted\\tests\\unit\\design-system\\base\\Button.test.ts:112:23\n    at processTicksAndRejections (node:internal/process/task_queues:105:5)\n    at file:///E:/Github/Qingyu/Qingyu_fronted/node_modules/@vitest/runner/dist/index.js:533:5\n    at runTest (file:///E:/Github/Qingyu/Qingyu_fronted/node_modules/@vitest/runner/dist/index.js:1056:11)\n    at runSuite (file:///E:/Github/Qingyu/Qingyu_fronted/node_modules/@vitest/runner/dist/index.js:1205:15)\n    at runSuite (file:///E:/Github/Qingyu/Qingyu_fronted/node_modules/@vitest/runner/dist/index.js:1205:15)\n    at runSuite (file:///E:/Github/Qingyu/Qingyu_fronted/node_modules/@vitest/runner/dist/index.js:1205:15)\n    at runFiles (file:///E:/Github/Qingyu/Qingyu_fronted/node_modules/@vitest/runner/dist/index.js:1262:5)\n    at startTests (file:///E:/Github/Qingyu/Qingyu_fronted/node_modules/@vitest/runner/dist/index.js:1271:3)\n    at file:///E:/Github/Qingyu/Qingyu_fronted/node_modules/vitest/dist/chunks/runBaseTests.3qpJUEJM.js:126:11"],"meta":{}},{"ancestorTitles":["Button","可访问性"],"fullName":"Button 可访问性 disabled 时不响应键盘","status":"passed","title":"disabled 时不响应键盘","duration":12.7483000000002,"failureMessages":[],"meta":{}},{"ancestorTitles":["Button","可访问性"],"fullName":"Button 可访问性 有正确的 type 属性","status":"passed","title":"有正确的 type 属性","duration":13.535699999999451,"failureMessages":[],"meta":{}},{"ancestorTitles":["Button","插槽内容"],"fullName":"Button 插槽内容 渲染默认插槽内容","status":"failed","title":"渲染默认插槽内容","duration":17.857200000000375,"failureMessages":["AssertionError: expected '' to contain 'Click Me'\n    at E:\\Github\\Qingyu\\Qingyu_fronted\\tests\\unit\\design-system\\base\\Button.test.ts:141:34\n    at file:///E:/Github/Qingyu/Qingyu_fronted/node_modules/@vitest/runner/dist/index.js:146:14\n    at file:///E:/Github/Qingyu/Qingyu_fronted/node_modules/@vitest/runner/dist/index.js:533:11\n    at runWithTimeout (file:///E:/Github/Qingyu/Qingyu_fronted/node_modules/@vitest/runner/dist/index.js:39:7)\n    at runTest (file:///E:/Github/Qingyu/Qingyu_fronted/node_modules/@vitest/runner/dist/index.js:1056:17)\n    at processTicksAndRejections (node:internal/process/task_queues:105:5)\n    at runSuite (file:///E:/Github/Qingyu/Qingyu_fronted/node_modules/@vitest/runner/dist/index.js:1205:15)\n    at runSuite (file:///E:/Github/Qingyu/Qingyu_fronted/node_modules/@vitest/runner/dist/index.js:1205:15)\n    at runSuite (file:///E:/Github/Qingyu/Qingyu_fronted/node_modules/@vitest/runner/dist/index.js:1205:15)\n    at runFiles (file:///E:/Github/Qingyu/Qingyu_fronted/node_modules/@vitest/runner/dist/index.js:1262:5)"],"meta":{}},{"ancestorTitles":["Button","插槽内容"],"fullName":"Button 插槽内容 loading 时保留插槽内容","status":"failed","title":"loading 时保留插槽内容","duration":15.131200000000717,"failureMessages":["AssertionError: expected '' to contain 'Loading...'\n    at E:\\Github\\Qingyu\\Qingyu_fronted\\tests\\unit\\design-system\\base\\Button.test.ts:151:34\n    at file:///E:/Github/Qingyu/Qingyu_fronted/node_modules/@vitest/runner/dist/index.js:146:14\n    at file:///E:/Github/Qingyu/Qingyu_fronted/node_modules/@vitest/runner/dist/index.js:533:11\n    at runWithTimeout (file:///E:/Github/Qingyu/Qingyu_fronted/node_modules/@vitest/runner/dist/index.js:39:7)\n    at runTest (file:///E:/Github/Qingyu/Qingyu_fronted/node_modules/@vitest/runner/dist/index.js:1056:17)\n    at processTicksAndRejections (node:internal/process/task_queues:105:5)\n    at runSuite (file:///E:/Github/Qingyu/Qingyu_fronted/node_modules/@vitest/runner/dist/index.js:1205:15)\n    at runSuite (file:///E:/Github/Qingyu/Qingyu_fronted/node_modules/@vitest/runner/dist/index.js:1205:15)\n    at runSuite (file:///E:/Github/Qingyu/Qingyu_fronted/node_modules/@vitest/runner/dist/index.js:1205:15)\n    at runFiles (file:///E:/Github/Qingyu/Qingyu_fronted/node_modules/@vitest/runner/dist/index.js:1262:5)"],"meta":{}},{"ancestorTitles":["Button","样式"],"fullName":"Button 样式 接受自定义 class","status":"passed","title":"接受自定义 class","duration":15.026100000000042,"failureMessages":[],"meta":{}},{"ancestorTitles":["Button","样式"],"fullName":"Button 样式 有 focus-visible 样式","status":"passed","title":"有 focus-visible 样式","duration":11.813500000000204,"failureMessages":[],"meta":{}},{"ancestorTitles":["Button","样式"],"fullName":"Button 样式 有 transition 动画","status":"passed","title":"有 transition 动画","duration":16.29529999999977,"failureMessages":[],"meta":{}}],"startTime":1769254090069,"endTime":1769254090961.2954,"status":"failed","message":"","name":"E:/Github/Qingyu/Qingyu_fronted/tests/unit/design-system/base/Button.test.ts"},{"assertionResults":[{"ancestorTitles":["Card","基础渲染"],"fullName":"Card 基础渲染 默认渲染为 default variant","status":"passed","title":"默认渲染为 default variant","duration":106.26289999999972,"failureMessages":[],"meta":{}},{"ancestorTitles":["Card","基础渲染"],"fullName":"Card 基础渲染 正确渲染所有变体","status":"passed","title":"正确渲染所有变体","duration":32.422199999999975,"failureMessages":[],"meta":{}},{"ancestorTitles":["Card","基础渲染"],"fullName":"Card 基础渲染 hoverable 状态添加正确的类名","status":"passed","title":"hoverable 状态添加正确的类名","duration":25.98199999999997,"failureMessages":[],"meta":{}},{"ancestorTitles":["Card","插槽渲染"],"fullName":"Card 插槽渲染 header 不存在时不渲染 header 容器","status":"passed","title":"header 不存在时不渲染 header 容器","duration":16.351700000000164,"failureMessages":[],"meta":{}},{"ancestorTitles":["Card","插槽渲染"],"fullName":"Card 插槽渲染 footer 不存在时不渲染 footer 容器","status":"passed","title":"footer 不存在时不渲染 footer 容器","duration":10.617600000000493,"failureMessages":[],"meta":{}},{"ancestorTitles":["Card","交互行为"],"fullName":"Card 交互行为 点击时触发 click 事件","status":"passed","title":"点击时触发 click 事件","duration":18.275399999999536,"failureMessages":[],"meta":{}},{"ancestorTitles":["Card","交互行为"],"fullName":"Card 交互行为 hoverable 卡片有正确的光标样式","status":"passed","title":"hoverable 卡片有正确的光标样式","duration":17.129899999999907,"failureMessages":[],"meta":{}},{"ancestorTitles":["Card","交互行为"],"fullName":"Card 交互行为 非 hoverable 卡片没有光标样式","status":"passed","title":"非 hoverable 卡片没有光标样式","duration":11.572599999999511,"failureMessages":[],"meta":{}},{"ancestorTitles":["Card","样式"],"fullName":"Card 样式 接受自定义 class","status":"passed","title":"接受自定义 class","duration":8.015699999999924,"failureMessages":[],"meta":{}},{"ancestorTitles":["Card","样式"],"fullName":"Card 样式 有 transition 动画","status":"passed","title":"有 transition 动画","duration":10.186200000000099,"failureMessages":[],"meta":{}},{"ancestorTitles":["Card","样式"],"fullName":"Card 样式 default variant 没有边框和阴影","status":"passed","title":"default variant 没有边框和阴影","duration":8.864800000000287,"failureMessages":[],"meta":{}},{"ancestorTitles":["Card","样式"],"fullName":"Card 样式 bordered variant 有边框但没有阴影","status":"passed","title":"bordered variant 有边框但没有阴影","duration":6.617900000000191,"failureMessages":[],"meta":{}},{"ancestorTitles":["Card","样式"],"fullName":"Card 样式 elevated variant 有阴影但没有边框","status":"passed","title":"elevated variant 有阴影但没有边框","duration":4.961299999999937,"failureMessages":[],"meta":{}},{"ancestorTitles":["Card","样式"],"fullName":"Card 样式 hoverable 卡片有 hover 效果类","status":"passed","title":"hoverable 卡片有 hover 效果类","duration":6.030899999999747,"failureMessages":[],"meta":{}},{"ancestorTitles":["Card","可访问性"],"fullName":"Card 可访问性 使用语义化的 div 元素","status":"passed","title":"使用语义化的 div 元素","duration":11.355199999999968,"failureMessages":[],"meta":{}},{"ancestorTitles":["Card","可访问性"],"fullName":"Card 可访问性 支持鼠标交互","status":"passed","title":"支持鼠标交互","duration":11.792500000000473,"failureMessages":[],"meta":{}},{"ancestorTitles":["Card","响应式"],"fullName":"Card 响应式 在不同 variant 下保持响应式类","status":"passed","title":"在不同 variant 下保持响应式类","duration":30.25250000000051,"failureMessages":[],"meta":{}},{"ancestorTitles":["Card","插槽内容（需要浏览器环境）"],"fullName":"Card 插槽内容（需要浏览器环境） 渲染默认插槽内容","status":"skipped","title":"渲染默认插槽内容","failureMessages":[],"meta":{}},{"ancestorTitles":["Card","插槽内容（需要浏览器环境）"],"fullName":"Card 插槽内容（需要浏览器环境） 渲染 header 插槽","status":"skipped","title":"渲染 header 插槽","failureMessages":[],"meta":{}},{"ancestorTitles":["Card","插槽内容（需要浏览器环境）"],"fullName":"Card 插槽内容（需要浏览器环境） 渲染 footer 插槽","status":"skipped","title":"渲染 footer 插槽","failureMessages":[],"meta":{}},{"ancestorTitles":["Card","插槽内容（需要浏览器环境）"],"fullName":"Card 插槽内容（需要浏览器环境） header 存在时渲染 header 容器","status":"skipped","title":"header 存在时渲染 header 容器","failureMessages":[],"meta":{}},{"ancestorTitles":["Card","插槽内容（需要浏览器环境）"],"fullName":"Card 插槽内容（需要浏览器环境） footer 存在时渲染 footer 容器","status":"skipped","title":"footer 存在时渲染 footer 容器","failureMessages":[],"meta":{}}],"startTime":1769254088562,"endTime":1769254088903.2524,"status":"passed","message":"","name":"E:/Github/Qingyu/Qingyu_fronted/tests/unit/design-system/base/Card.test.ts"},{"assertionResults":[{"ancestorTitles":["Checkbox","基础渲染"],"fullName":"Checkbox 基础渲染 默认渲染为 md size 和 primary color","status":"passed","title":"默认渲染为 md size 和 primary color","duration":212.03839999999946,"failureMessages":[],"meta":{}},{"ancestorTitles":["Checkbox","基础渲染"],"fullName":"Checkbox 基础渲染 正确渲染所有尺寸","status":"passed","title":"正确渲染所有尺寸","duration":64.35800000000017,"failureMessages":[],"meta":{}},{"ancestorTitles":["Checkbox","基础渲染"],"fullName":"Checkbox 基础渲染 正确渲染所有颜色","status":"passed","title":"正确渲染所有颜色","duration":54.08610000000044,"failureMessages":[],"meta":{}},{"ancestorTitles":["Checkbox","基础渲染"],"fullName":"Checkbox 基础渲染 渲染标签文本","status":"passed","title":"渲染标签文本","duration":44.72809999999936,"failureMessages":[],"meta":{}},{"ancestorTitles":["Checkbox","基础渲染"],"fullName":"Checkbox 基础渲染 渲染插槽内容","status":"failed","title":"渲染插槽内容","duration":36.74260000000049,"failureMessages":["AssertionError: expected '' to contain '自定义标签'\n    at E:\\Github\\Qingyu\\Qingyu_fronted\\tests\\unit\\design-system\\base\\Checkbox.test.ts:64:37\n    at file:///E:/Github/Qingyu/Qingyu_fronted/node_modules/@vitest/runner/dist/index.js:146:14\n    at file:///E:/Github/Qingyu/Qingyu_fronted/node_modules/@vitest/runner/dist/index.js:533:11\n    at runWithTimeout (file:///E:/Github/Qingyu/Qingyu_fronted/node_modules/@vitest/runner/dist/index.js:39:7)\n    at runTest (file:///E:/Github/Qingyu/Qingyu_fronted/node_modules/@vitest/runner/dist/index.js:1056:17)\n    at processTicksAndRejections (node:internal/process/task_queues:105:5)\n    at runSuite (file:///E:/Github/Qingyu/Qingyu_fronted/node_modules/@vitest/runner/dist/index.js:1205:15)\n    at runSuite (file:///E:/Github/Qingyu/Qingyu_fronted/node_modules/@vitest/runner/dist/index.js:1205:15)\n    at runSuite (file:///E:/Github/Qingyu/Qingyu_fronted/node_modules/@vitest/runner/dist/index.js:1205:15)\n    at runFiles (file:///E:/Github/Qingyu/Qingyu_fronted/node_modules/@vitest/runner/dist/index.js:1262:5)"],"meta":{}},{"ancestorTitles":["Checkbox","布尔模式"],"fullName":"Checkbox 布尔模式 正确处理选中状态","status":"passed","title":"正确处理选中状态","duration":14.88590000000022,"failureMessages":[],"meta":{}},{"ancestorTitles":["Checkbox","布尔模式"],"fullName":"Checkbox 布尔模式 正确处理未选中状态","status":"passed","title":"正确处理未选中状态","duration":8.715500000000247,"failureMessages":[],"meta":{}},{"ancestorTitles":["Checkbox","布尔模式"],"fullName":"Checkbox 布尔模式 点击时切换状态","status":"passed","title":"点击时切换状态","duration":46.15909999999985,"failureMessages":[],"meta":{}},{"ancestorTitles":["Checkbox","布尔模式"],"fullName":"Checkbox 布尔模式 v-model 双向绑定正常工作","status":"passed","title":"v-model 双向绑定正常工作","duration":13.486100000000079,"failureMessages":[],"meta":{}},{"ancestorTitles":["Checkbox","数组模式"],"fullName":"Checkbox 数组模式 正确处理值在数组中","status":"passed","title":"正确处理值在数组中","duration":10.21480000000065,"failureMessages":[],"meta":{}},{"ancestorTitles":["Checkbox","数组模式"],"fullName":"Checkbox 数组模式 正确处理值不在数组中","status":"passed","title":"正确处理值不在数组中","duration":8.05029999999988,"failureMessages":[],"meta":{}},{"ancestorTitles":["Checkbox","数组模式"],"fullName":"Checkbox 数组模式 选中时添加值到数组","status":"failed","title":"选中时添加值到数组","duration":27.18409999999949,"failureMessages":["AssertionError: expected [ [ 'banana', 'apple' ] ] to include 'apple'\n    at Proxy.<anonymous> (file:///E:/Github/Qingyu/Qingyu_fronted/node_modules/@vitest/expect/dist/index.js:1196:17)\n    at Proxy.<anonymous> (file:///E:/Github/Qingyu/Qingyu_fronted/node_modules/@vitest/expect/dist/index.js:972:17)\n    at Proxy.methodWrapper (file:///E:/Github/Qingyu/Qingyu_fronted/node_modules/chai/index.js:1686:25)\n    at E:\\Github\\Qingyu\\Qingyu_fronted\\tests\\unit\\design-system\\base\\Checkbox.test.ts:154:30\n    at processTicksAndRejections (node:internal/process/task_queues:105:5)\n    at file:///E:/Github/Qingyu/Qingyu_fronted/node_modules/@vitest/runner/dist/index.js:533:5\n    at runTest (file:///E:/Github/Qingyu/Qingyu_fronted/node_modules/@vitest/runner/dist/index.js:1056:11)\n    at runSuite (file:///E:/Github/Qingyu/Qingyu_fronted/node_modules/@vitest/runner/dist/index.js:1205:15)\n    at runSuite (file:///E:/Github/Qingyu/Qingyu_fronted/node_modules/@vitest/runner/dist/index.js:1205:15)\n    at runSuite (file:///E:/Github/Qingyu/Qingyu_fronted/node_modules/@vitest/runner/dist/index.js:1205:15)"],"meta":{}},{"ancestorTitles":["Checkbox","数组模式"],"fullName":"Checkbox 数组模式 取消选中时从数组移除值","status":"failed","title":"取消选中时从数组移除值","duration":25.566399999999703,"failureMessages":["AssertionError: expected [ [ 'banana' ] ] to include 'banana'\n    at Proxy.<anonymous> (file:///E:/Github/Qingyu/Qingyu_fronted/node_modules/@vitest/expect/dist/index.js:1196:17)\n    at Proxy.<anonymous> (file:///E:/Github/Qingyu/Qingyu_fronted/node_modules/@vitest/expect/dist/index.js:972:17)\n    at Proxy.methodWrapper (file:///E:/Github/Qingyu/Qingyu_fronted/node_modules/chai/index.js:1686:25)\n    at E:\\Github\\Qingyu\\Qingyu_fronted\\tests\\unit\\design-system\\base\\Checkbox.test.ts:173:30\n    at processTicksAndRejections (node:internal/process/task_queues:105:5)\n    at file:///E:/Github/Qingyu/Qingyu_fronted/node_modules/@vitest/runner/dist/index.js:533:5\n    at runTest (file:///E:/Github/Qingyu/Qingyu_fronted/node_modules/@vitest/runner/dist/index.js:1056:11)\n    at runSuite (file:///E:/Github/Qingyu/Qingyu_fronted/node_modules/@vitest/runner/dist/index.js:1205:15)\n    at runSuite (file:///E:/Github/Qingyu/Qingyu_fronted/node_modules/@vitest/runner/dist/index.js:1205:15)\n    at runSuite (file:///E:/Github/Qingyu/Qingyu_fronted/node_modules/@vitest/runner/dist/index.js:1205:15)"],"meta":{}},{"ancestorTitles":["Checkbox","禁用状态"],"fullName":"Checkbox 禁用状态 disabled 状态不触发点击","status":"failed","title":"disabled 状态不触发点击","duration":129.28690000000006,"failureMessages":["AssertionError: expected \"spy\" to not be called at all, but actually been called 1 times\u001b[90m\n\nReceived: \n\n\u001b[1m  1st spy call:\n\n\u001b[22m    Array [\n      MouseEvent {\n        \"_vts\": 1769254080466,\n        \"isTrusted\": false,\n      },\n    ]\n\u001b[39m\u001b[90m\n\nNumber of calls: \u001b[1m1\u001b[22m\n\u001b[39m\n    at Proxy.<anonymous> (file:///E:/Github/Qingyu/Qingyu_fronted/node_modules/@vitest/expect/dist/index.js:1448:13)\n    at Proxy.<anonymous> (file:///E:/Github/Qingyu/Qingyu_fronted/node_modules/@vitest/expect/dist/index.js:972:17)\n    at Proxy.methodWrapper (file:///E:/Github/Qingyu/Qingyu_fronted/node_modules/chai/index.js:1686:25)\n    at E:\\Github\\Qingyu\\Qingyu_fronted\\tests\\unit\\design-system\\base\\Checkbox.test.ts:190:29\n    at processTicksAndRejections (node:internal/process/task_queues:105:5)\n    at file:///E:/Github/Qingyu/Qingyu_fronted/node_modules/@vitest/runner/dist/index.js:533:5\n    at runTest (file:///E:/Github/Qingyu/Qingyu_fronted/node_modules/@vitest/runner/dist/index.js:1056:11)\n    at runSuite (file:///E:/Github/Qingyu/Qingyu_fronted/node_modules/@vitest/runner/dist/index.js:1205:15)\n    at runSuite (file:///E:/Github/Qingyu/Qingyu_fronted/node_modules/@vitest/runner/dist/index.js:1205:15)\n    at runSuite (file:///E:/Github/Qingyu/Qingyu_fronted/node_modules/@vitest/runner/dist/index.js:1205:15)"],"meta":{}},{"ancestorTitles":["Checkbox","禁用状态"],"fullName":"Checkbox 禁用状态 disabled 状态有正确的样式","status":"passed","title":"disabled 状态有正确的样式","duration":12.710299999999734,"failureMessages":[],"meta":{}},{"ancestorTitles":["Checkbox","禁用状态"],"fullName":"Checkbox 禁用状态 禁用时标签文本有正确的样式","status":"passed","title":"禁用时标签文本有正确的样式","duration":8.625600000000304,"failureMessages":[],"meta":{}},{"ancestorTitles":["Checkbox","半选状态"],"fullName":"Checkbox 半选状态 indeterminate 属性正确设置","status":"failed","title":"indeterminate 属性正确设置","duration":13.328300000000127,"failureMessages":["AssertionError: expected false to be true // Object.is equality\n    at E:\\Github\\Qingyu\\Qingyu_fronted\\tests\\unit\\design-system\\base\\Checkbox.test.ts:224:39\n    at file:///E:/Github/Qingyu/Qingyu_fronted/node_modules/@vitest/runner/dist/index.js:146:14\n    at file:///E:/Github/Qingyu/Qingyu_fronted/node_modules/@vitest/runner/dist/index.js:533:11\n    at runWithTimeout (file:///E:/Github/Qingyu/Qingyu_fronted/node_modules/@vitest/runner/dist/index.js:39:7)\n    at runTest (file:///E:/Github/Qingyu/Qingyu_fronted/node_modules/@vitest/runner/dist/index.js:1056:17)\n    at processTicksAndRejections (node:internal/process/task_queues:105:5)\n    at runSuite (file:///E:/Github/Qingyu/Qingyu_fronted/node_modules/@vitest/runner/dist/index.js:1205:15)\n    at runSuite (file:///E:/Github/Qingyu/Qingyu_fronted/node_modules/@vitest/runner/dist/index.js:1205:15)\n    at runSuite (file:///E:/Github/Qingyu/Qingyu_fronted/node_modules/@vitest/runner/dist/index.js:1205:15)\n    at runFiles (file:///E:/Github/Qingyu/Qingyu_fronted/node_modules/@vitest/runner/dist/index.js:1262:5)"],"meta":{}},{"ancestorTitles":["Checkbox","半选状态"],"fullName":"Checkbox 半选状态 显示半选图标","status":"passed","title":"显示半选图标","duration":12.929200000000492,"failureMessages":[],"meta":{}},{"ancestorTitles":["Checkbox","半选状态"],"fullName":"Checkbox 半选状态 选中时清除半选状态","status":"passed","title":"选中时清除半选状态","duration":9.108100000000377,"failureMessages":[],"meta":{}},{"ancestorTitles":["Checkbox","CheckboxGroup 集成"],"fullName":"Checkbox CheckboxGroup 集成 正确响应组的选中状态","status":"failed","title":"正确响应组的选中状态","duration":58.32679999999982,"failureMessages":["Error: \u001b[2mexpect(\u001b[22m\u001b[31melement\u001b[39m\u001b[2m).toBeChecked()\u001b[22m\n\nReceived element is not checked:\n  \u001b[31m<input\n  class=\"relative flex-shrink-0 rounded border-2 transition-all duration-200 appearance-none cursor-pointer focus-visible:outline-none focus-visible:ring-2 focus-visible:ring-offset-2 w-5 h-5 border-slate-300 focus-visible:ring-primary-500 checked:border-primary-500 checked:bg-primary-500 dark:border-slate-600\"\n  type=\"checkbox\"\n  value=\"a\"\n/>\u001b[39m\n    at Proxy.expectWrapper (file:///E:/Github/Qingyu/Qingyu_fronted/node_modules/@vitest/expect/dist/index.js:1996:19)\n    at Proxy.<anonymous> (file:///E:/Github/Qingyu/Qingyu_fronted/node_modules/@vitest/expect/dist/index.js:972:17)\n    at Proxy.methodWrapper (file:///E:/Github/Qingyu/Qingyu_fronted/node_modules/chai/index.js:1686:25)\n    at E:\\Github\\Qingyu\\Qingyu_fronted\\tests\\unit\\design-system\\base\\Checkbox.test.ts:269:29\n    at file:///E:/Github/Qingyu/Qingyu_fronted/node_modules/@vitest/runner/dist/index.js:146:14\n    at file:///E:/Github/Qingyu/Qingyu_fronted/node_modules/@vitest/runner/dist/index.js:533:11\n    at runWithTimeout (file:///E:/Github/Qingyu/Qingyu_fronted/node_modules/@vitest/runner/dist/index.js:39:7)\n    at runTest (file:///E:/Github/Qingyu/Qingyu_fronted/node_modules/@vitest/runner/dist/index.js:1056:17)\n    at processTicksAndRejections (node:internal/process/task_queues:105:5)\n    at runSuite (file:///E:/Github/Qingyu/Qingyu_fronted/node_modules/@vitest/runner/dist/index.js:1205:15)"],"meta":{}},{"ancestorTitles":["Checkbox","CheckboxGroup 集成"],"fullName":"Checkbox CheckboxGroup 集成 点击时更新组值","status":"failed","title":"点击时更新组值","duration":19.084199999999328,"failureMessages":["TypeError: Cannot read properties of undefined (reading '0')\n    at E:\\Github\\Qingyu\\Qingyu_fronted\\tests\\unit\\design-system\\base\\Checkbox.test.ts:290:57\n    at processTicksAndRejections (node:internal/process/task_queues:105:5)\n    at file:///E:/Github/Qingyu/Qingyu_fronted/node_modules/@vitest/runner/dist/index.js:533:5\n    at runTest (file:///E:/Github/Qingyu/Qingyu_fronted/node_modules/@vitest/runner/dist/index.js:1056:11)\n    at runSuite (file:///E:/Github/Qingyu/Qingyu_fronted/node_modules/@vitest/runner/dist/index.js:1205:15)\n    at runSuite (file:///E:/Github/Qingyu/Qingyu_fronted/node_modules/@vitest/runner/dist/index.js:1205:15)\n    at runSuite (file:///E:/Github/Qingyu/Qingyu_fronted/node_modules/@vitest/runner/dist/index.js:1205:15)\n    at runFiles (file:///E:/Github/Qingyu/Qingyu_fronted/node_modules/@vitest/runner/dist/index.js:1262:5)\n    at startTests (file:///E:/Github/Qingyu/Qingyu_fronted/node_modules/@vitest/runner/dist/index.js:1271:3)\n    at file:///E:/Github/Qingyu/Qingyu_fronted/node_modules/vitest/dist/chunks/runBaseTests.3qpJUEJM.js:126:11"],"meta":{}},{"ancestorTitles":["Checkbox","CheckboxGroup 集成"],"fullName":"Checkbox CheckboxGroup 集成 组的 disabled 状态传递给子项","status":"failed","title":"组的 disabled 状态传递给子项","duration":21.286800000000767,"failureMessages":["Error: \u001b[2mexpect(\u001b[22m\u001b[31melement\u001b[39m\u001b[2m).toHaveClass(\u001b[22m\u001b[32m\u001b[32m\"opacity-50\"\u001b[32m\u001b[39m\u001b[2m)\u001b[22m\n\nExpected the element to have class:\n\u001b[32m  opacity-50\u001b[39m\nReceived:\n\u001b[31m  flex items-center gap-2 cursor-pointer transition-all duration-200 select-none text-base\u001b[39m\n    at Proxy.expectWrapper (file:///E:/Github/Qingyu/Qingyu_fronted/node_modules/@vitest/expect/dist/index.js:1996:19)\n    at Proxy.<anonymous> (file:///E:/Github/Qingyu/Qingyu_fronted/node_modules/@vitest/expect/dist/index.js:972:17)\n    at Proxy.methodWrapper (file:///E:/Github/Qingyu/Qingyu_fronted/node_modules/chai/index.js:1686:25)\n    at E:\\Github\\Qingyu\\Qingyu_fronted\\tests\\unit\\design-system\\base\\Checkbox.test.ts:308:23\n    at file:///E:/Github/Qingyu/Qingyu_fronted/node_modules/@vitest/runner/dist/index.js:146:14\n    at file:///E:/Github/Qingyu/Qingyu_fronted/node_modules/@vitest/runner/dist/index.js:533:11\n    at runWithTimeout (file:///E:/Github/Qingyu/Qingyu_fronted/node_modules/@vitest/runner/dist/index.js:39:7)\n    at runTest (file:///E:/Github/Qingyu/Qingyu_fronted/node_modules/@vitest/runner/dist/index.js:1056:17)\n    at processTicksAndRejections (node:internal/process/task_queues:105:5)\n    at runSuite (file:///E:/Github/Qingyu/Qingyu_fronted/node_modules/@vitest/runner/dist/index.js:1205:15)"],"meta":{}},{"ancestorTitles":["Checkbox","CheckboxGroup 集成"],"fullName":"Checkbox CheckboxGroup 集成 组的 size 传递给子项","status":"failed","title":"组的 size 传递给子项","duration":14.904700000000048,"failureMessages":["Error: \u001b[2mexpect(\u001b[22m\u001b[31melement\u001b[39m\u001b[2m).toHaveClass(\u001b[22m\u001b[32m\u001b[32m\"w-6\"\u001b[32m\u001b[39m\u001b[2m)\u001b[22m\n\nExpected the element to have class:\n\u001b[32m  w-6\u001b[39m\nReceived:\n\u001b[31m  relative flex-shrink-0 rounded border-2 transition-all duration-200 appearance-none cursor-pointer focus-visible:outline-none focus-visible:ring-2 focus-visible:ring-offset-2 w-5 h-5 border-slate-300 focus-visible:ring-primary-500 checked:border-primary-500 checked:bg-primary-500 dark:border-slate-600\u001b[39m\n    at Proxy.expectWrapper (file:///E:/Github/Qingyu/Qingyu_fronted/node_modules/@vitest/expect/dist/index.js:1996:19)\n    at Proxy.<anonymous> (file:///E:/Github/Qingyu/Qingyu_fronted/node_modules/@vitest/expect/dist/index.js:972:17)\n    at Proxy.methodWrapper (file:///E:/Github/Qingyu/Qingyu_fronted/node_modules/chai/index.js:1686:25)\n    at E:\\Github\\Qingyu\\Qingyu_fronted\\tests\\unit\\design-system\\base\\Checkbox.test.ts:325:24\n    at file:///E:/Github/Qingyu/Qingyu_fronted/node_modules/@vitest/runner/dist/index.js:146:14\n    at file:///E:/Github/Qingyu/Qingyu_fronted/node_modules/@vitest/runner/dist/index.js:533:11\n    at runWithTimeout (file:///E:/Github/Qingyu/Qingyu_fronted/node_modules/@vitest/runner/dist/index.js:39:7)\n    at runTest (file:///E:/Github/Qingyu/Qingyu_fronted/node_modules/@vitest/runner/dist/index.js:1056:17)\n    at processTicksAndRejections (node:internal/process/task_queues:105:5)\n    at runSuite (file:///E:/Github/Qingyu/Qingyu_fronted/node_modules/@vitest/runner/dist/index.js:1205:15)"],"meta":{}},{"ancestorTitles":["Checkbox","CheckboxGroup 集成"],"fullName":"Checkbox CheckboxGroup 集成 vertical 垂直排列","status":"passed","title":"vertical 垂直排列","duration":19.778299999999945,"failureMessages":[],"meta":{}},{"ancestorTitles":["Checkbox","可访问性"],"fullName":"Checkbox 可访问性 支持键盘 Enter 键","status":"passed","title":"支持键盘 Enter 键","duration":8.994900000000598,"failureMessages":[],"meta":{}},{"ancestorTitles":["Checkbox","可访问性"],"fullName":"Checkbox 可访问性 支持空格键","status":"passed","title":"支持空格键","duration":11.273200000000543,"failureMessages":[],"meta":{}},{"ancestorTitles":["Checkbox","可访问性"],"fullName":"Checkbox 可访问性 有正确的 focus-visible 样式","status":"passed","title":"有正确的 focus-visible 样式","duration":8.716699999999946,"failureMessages":[],"meta":{}},{"ancestorTitles":["Checkbox","可访问性"],"fullName":"Checkbox 可访问性 有正确的 type 属性","status":"passed","title":"有正确的 type 属性","duration":32.09740000000056,"failureMessages":[],"meta":{}},{"ancestorTitles":["Checkbox","样式"],"fullName":"Checkbox 样式 接受自定义 class","status":"passed","title":"接受自定义 class","duration":8.363800000000083,"failureMessages":[],"meta":{}},{"ancestorTitles":["Checkbox","样式"],"fullName":"Checkbox 样式 有 transition 动画","status":"passed","title":"有 transition 动画","duration":8.90179999999964,"failureMessages":[],"meta":{}},{"ancestorTitles":["Checkbox","样式"],"fullName":"Checkbox 样式 有正确的边框样式","status":"passed","title":"有正确的边框样式","duration":16.878600000000006,"failureMessages":[],"meta":{}},{"ancestorTitles":["Checkbox","样式"],"fullName":"Checkbox 样式 选中时有正确的背景色","status":"passed","title":"选中时有正确的背景色","duration":12.725599999999758,"failureMessages":[],"meta":{}},{"ancestorTitles":["Checkbox","图标显示"],"fullName":"Checkbox 图标显示 选中时显示对勾图标","status":"passed","title":"选中时显示对勾图标","duration":8.344500000000153,"failureMessages":[],"meta":{}},{"ancestorTitles":["Checkbox","图标显示"],"fullName":"Checkbox 图标显示 未选中时不显示图标","status":"passed","title":"未选中时不显示图标","duration":11.529600000000755,"failureMessages":[],"meta":{}},{"ancestorTitles":["Checkbox","图标显示"],"fullName":"Checkbox 图标显示 半选时显示横线图标","status":"passed","title":"半选时显示横线图标","duration":8.692999999999302,"failureMessages":[],"meta":{}}],"startTime":1769254079808,"endTime":1769254080834.693,"status":"failed","message":"","name":"E:/Github/Qingyu/Qingyu_fronted/tests/unit/design-system/base/Checkbox.test.ts"},{"assertionResults":[{"ancestorTitles":["Divider 组件","基础渲染"],"fullName":"Divider 组件 基础渲染 应该正确渲染默认的水平分隔线","status":"passed","title":"应该正确渲染默认的水平分隔线","duration":116.71350000000075,"failureMessages":[],"meta":{}},{"ancestorTitles":["Divider 组件","基础渲染"],"fullName":"Divider 组件 基础渲染 应该应用正确的容器类名","status":"passed","title":"应该应用正确的容器类名","duration":17.261999999999716,"failureMessages":[],"meta":{}},{"ancestorTitles":["Divider 组件","基础渲染"],"fullName":"Divider 组件 基础渲染 应该应用正确的线条样式","status":"passed","title":"应该应用正确的线条样式","duration":23.640200000000732,"failureMessages":[],"meta":{}},{"ancestorTitles":["Divider 组件","方向切换"],"fullName":"Divider 组件 方向切换 应该正确渲染垂直分隔线","status":"passed","title":"应该正确渲染垂直分隔线","duration":8.745499999999993,"failureMessages":[],"meta":{}},{"ancestorTitles":["Divider 组件","方向切换"],"fullName":"Divider 组件 方向切换 垂直分隔线应该使用 border-l 而不是 border-t","status":"passed","title":"垂直分隔线应该使用 border-l 而不是 border-t","duration":16.306400000000394,"failureMessages":[],"meta":{}},{"ancestorTitles":["Divider 组件","方向切换"],"fullName":"Divider 组件 方向切换 水平分隔线应该使用 border-t","status":"passed","title":"水平分隔线应该使用 border-t","duration":10.311800000000403,"failureMessages":[],"meta":{}},{"ancestorTitles":["Divider 组件","标签文字"],"fullName":"Divider 组件 标签文字 应该显示标签文字","status":"passed","title":"应该显示标签文字","duration":11.83770000000004,"failureMessages":[],"meta":{}},{"ancestorTitles":["Divider 组件","标签文字"],"fullName":"Divider 组件 标签文字 标签应该有正确的样式类","status":"passed","title":"标签应该有正确的样式类","duration":9.014199999999619,"failureMessages":[],"meta":{}},{"ancestorTitles":["Divider 组件","标签文字"],"fullName":"Divider 组件 标签文字 有标签时应该渲染两条线","status":"passed","title":"有标签时应该渲染两条线","duration":13.773000000000138,"failureMessages":[],"meta":{}},{"ancestorTitles":["Divider 组件","标签文字"],"fullName":"Divider 组件 标签文字 无标签时只渲染一条线","status":"passed","title":"无标签时只渲染一条线","duration":8.288700000000063,"failureMessages":[],"meta":{}},{"ancestorTitles":["Divider 组件","标签文字"],"fullName":"Divider 组件 标签文字 标签应该是不可换行的","status":"passed","title":"标签应该是不可换行的","duration":7.267399999999725,"failureMessages":[],"meta":{}},{"ancestorTitles":["Divider 组件","变体样式"],"fullName":"Divider 组件 变体样式 应该正确应用 solid 变体","status":"passed","title":"应该正确应用 solid 变体","duration":41.767399999999725,"failureMessages":[],"meta":{}},{"ancestorTitles":["Divider 组件","变体样式"],"fullName":"Divider 组件 变体样式 应该正确应用 dashed 变体","status":"passed","title":"应该正确应用 dashed 变体","duration":4.556700000000092,"failureMessages":[],"meta":{}},{"ancestorTitles":["Divider 组件","变体样式"],"fullName":"Divider 组件 变体样式 应该正确应用 dotted 变体","status":"passed","title":"应该正确应用 dotted 变体","duration":9.923099999999977,"failureMessages":[],"meta":{}},{"ancestorTitles":["Divider 组件","变体样式"],"fullName":"Divider 组件 变体样式 默认应该使用 solid 变体","status":"passed","title":"默认应该使用 solid 变体","duration":5.373399999999492,"failureMessages":[],"meta":{}},{"ancestorTitles":["Divider 组件","深色模式"],"fullName":"Divider 组件 深色模式 应该支持深色模式样式","status":"passed","title":"应该支持深色模式样式","duration":5.328799999999319,"failureMessages":[],"meta":{}},{"ancestorTitles":["Divider 组件","深色模式"],"fullName":"Divider 组件 深色模式 标签在深色模式下应该有正确的颜色","status":"passed","title":"标签在深色模式下应该有正确的颜色","duration":18.490700000000288,"failureMessages":[],"meta":{}},{"ancestorTitles":["Divider 组件","组合使用"],"fullName":"Divider 组件 组合使用 应该同时支持方向和标签","status":"passed","title":"应该同时支持方向和标签","duration":18.08429999999953,"failureMessages":[],"meta":{}},{"ancestorTitles":["Divider 组件","组合使用"],"fullName":"Divider 组件 组合使用 应该同时支持变体和标签","status":"passed","title":"应该同时支持变体和标签","duration":16.614400000000387,"failureMessages":[],"meta":{}},{"ancestorTitles":["Divider 组件","组合使用"],"fullName":"Divider 组件 组合使用 应该同时支持所有属性","status":"passed","title":"应该同时支持所有属性","duration":22.685999999999694,"failureMessages":[],"meta":{}},{"ancestorTitles":["Divider 组件","自定义类名"],"fullName":"Divider 组件 自定义类名 应该支持自定义类名","status":"passed","title":"应该支持自定义类名","duration":30.41060000000016,"failureMessages":[],"meta":{}},{"ancestorTitles":["Divider 组件","响应式行为"],"fullName":"Divider 组件 响应式行为 水平分隔线应该占满容器宽度","status":"passed","title":"水平分隔线应该占满容器宽度","duration":27.643600000000333,"failureMessages":[],"meta":{}},{"ancestorTitles":["Divider 组件","响应式行为"],"fullName":"Divider 组件 响应式行为 垂直分隔线应该占满容器高度","status":"passed","title":"垂直分隔线应该占满容器高度","duration":19.963200000000143,"failureMessages":[],"meta":{}},{"ancestorTitles":["Divider 组件","边缘情况"],"fullName":"Divider 组件 边缘情况 空标签不应该显示内容","status":"passed","title":"空标签不应该显示内容","duration":3.51509999999962,"failureMessages":[],"meta":{}},{"ancestorTitles":["Divider 组件","边缘情况"],"fullName":"Divider 组件 边缘情况 非常长的标签应该正确显示","status":"passed","title":"非常长的标签应该正确显示","duration":3.9822000000003754,"failureMessages":[],"meta":{}},{"ancestorTitles":["Divider 组件","边缘情况"],"fullName":"Divider 组件 边缘情况 包含特殊字符的标签应该正确显示","status":"passed","title":"包含特殊字符的标签应该正确显示","duration":4.147100000000137,"failureMessages":[],"meta":{}}],"startTime":1769254086554,"endTime":1769254087038.1472,"status":"passed","message":"","name":"E:/Github/Qingyu/Qingyu_fronted/tests/unit/design-system/base/Divider.test.ts"},{"assertionResults":[{"ancestorTitles":["Empty 组件","基础渲染"],"fullName":"Empty 组件 基础渲染 应该正确渲染默认状态","status":"passed","title":"应该正确渲染默认状态","duration":100.84649999999965,"failureMessages":[],"meta":{}},{"ancestorTitles":["Empty 组件","基础渲染"],"fullName":"Empty 组件 基础渲染 应该渲染自定义描述","status":"passed","title":"应该渲染自定义描述","duration":14.975400000000263,"failureMessages":[],"meta":{}},{"ancestorTitles":["Empty 组件","基础渲染"],"fullName":"Empty 组件 基础渲染 应该渲染标题","status":"passed","title":"应该渲染标题","duration":10.495899999999892,"failureMessages":[],"meta":{}},{"ancestorTitles":["Empty 组件","尺寸变体"],"fullName":"Empty 组件 尺寸变体 应该正确渲染 sm 尺寸","status":"passed","title":"应该正确渲染 sm 尺寸","duration":22.00919999999951,"failureMessages":[],"meta":{}},{"ancestorTitles":["Empty 组件","尺寸变体"],"fullName":"Empty 组件 尺寸变体 应该正确渲染 md 尺寸","status":"passed","title":"应该正确渲染 md 尺寸","duration":10.603299999999763,"failureMessages":[],"meta":{}},{"ancestorTitles":["Empty 组件","尺寸变体"],"fullName":"Empty 组件 尺寸变体 应该正确渲染 lg 尺寸","status":"passed","title":"应该正确渲染 lg 尺寸","duration":9.064400000000205,"failureMessages":[],"meta":{}},{"ancestorTitles":["Empty 组件","尺寸变体"],"fullName":"Empty 组件 尺寸变体 应该正确渲染 xl 尺寸","status":"passed","title":"应该正确渲染 xl 尺寸","duration":9.171199999999772,"failureMessages":[],"meta":{}},{"ancestorTitles":["Empty 组件","图标渲染"],"fullName":"Empty 组件 图标渲染 当没有提供 icon 时不应该渲染图标","status":"passed","title":"当没有提供 icon 时不应该渲染图标","duration":12.422599999999875,"failureMessages":[],"meta":{}},{"ancestorTitles":["Empty 组件","图标渲染"],"fullName":"Empty 组件 图标渲染 应该渲染指定的图标","status":"failed","title":"应该渲染指定的图标","duration":57.63420000000042,"failureMessages":["AssertionError: expected false to be true // Object.is equality\n    at E:\\Github\\Qingyu\\Qingyu_fronted\\tests\\unit\\design-system\\base\\Empty.test.ts:108:64\n    at file:///E:/Github/Qingyu/Qingyu_fronted/node_modules/@vitest/runner/dist/index.js:146:14\n    at file:///E:/Github/Qingyu/Qingyu_fronted/node_modules/@vitest/runner/dist/index.js:533:11\n    at runWithTimeout (file:///E:/Github/Qingyu/Qingyu_fronted/node_modules/@vitest/runner/dist/index.js:39:7)\n    at runTest (file:///E:/Github/Qingyu/Qingyu_fronted/node_modules/@vitest/runner/dist/index.js:1056:17)\n    at processTicksAndRejections (node:internal/process/task_queues:105:5)\n    at runSuite (file:///E:/Github/Qingyu/Qingyu_fronted/node_modules/@vitest/runner/dist/index.js:1205:15)\n    at runSuite (file:///E:/Github/Qingyu/Qingyu_fronted/node_modules/@vitest/runner/dist/index.js:1205:15)\n    at runSuite (file:///E:/Github/Qingyu/Qingyu_fronted/node_modules/@vitest/runner/dist/index.js:1205:15)\n    at runFiles (file:///E:/Github/Qingyu/Qingyu_fronted/node_modules/@vitest/runner/dist/index.js:1262:5)"],"meta":{}},{"ancestorTitles":["Empty 组件","插槽"],"fullName":"Empty 组件 插槽 应该渲染 action 插槽内容","status":"passed","title":"应该渲染 action 插槽内容","duration":26.033900000000358,"failureMessages":[],"meta":{}},{"ancestorTitles":["Empty 组件","插槽"],"fullName":"Empty 组件 插槽 应该渲染默认插槽内容","status":"passed","title":"应该渲染默认插槽内容","duration":10.317299999999705,"failureMessages":[],"meta":{}},{"ancestorTitles":["Empty 组件","事件"],"fullName":"Empty 组件 事件 应该触发点击事件","status":"passed","title":"应该触发点击事件","duration":27.064800000000105,"failureMessages":[],"meta":{}},{"ancestorTitles":["Empty 组件","样式类名"],"fullName":"Empty 组件 样式类名 应该应用自定义类名","status":"passed","title":"应该应用自定义类名","duration":6.218400000000656,"failureMessages":[],"meta":{}},{"ancestorTitles":["Empty 组件","样式类名"],"fullName":"Empty 组件 样式类名 应该包含正确的布局类名","status":"passed","title":"应该包含正确的布局类名","duration":14.949800000000323,"failureMessages":[],"meta":{}},{"ancestorTitles":["Empty 组件","可访问性"],"fullName":"Empty 组件 可访问性 应该有正确的 role 属性","status":"passed","title":"应该有正确的 role 属性","duration":9.294600000000173,"failureMessages":[],"meta":{}},{"ancestorTitles":["Empty 组件","可访问性"],"fullName":"Empty 组件 可访问性 应该有 aria-live 属性","status":"passed","title":"应该有 aria-live 属性","duration":3.838300000000345,"failureMessages":[],"meta":{}},{"ancestorTitles":["Empty 组件","文字样式"],"fullName":"Empty 组件 文字样式 md 尺寸应该有正确的文字大小","status":"failed","title":"md 尺寸应该有正确的文字大小","duration":8.476699999999255,"failureMessages":["AssertionError: expected [ 'flex', 'flex-col', …(5) ] to include 'text-sm'\n    at Proxy.<anonymous> (file:///E:/Github/Qingyu/Qingyu_fronted/node_modules/@vitest/expect/dist/index.js:1196:17)\n    at Proxy.<anonymous> (file:///E:/Github/Qingyu/Qingyu_fronted/node_modules/@vitest/expect/dist/index.js:972:17)\n    at Proxy.methodWrapper (file:///E:/Github/Qingyu/Qingyu_fronted/node_modules/chai/index.js:1686:25)\n    at E:\\Github\\Qingyu\\Qingyu_fronted\\tests\\unit\\design-system\\base\\Empty.test.ts:201:33\n    at file:///E:/Github/Qingyu/Qingyu_fronted/node_modules/@vitest/runner/dist/index.js:146:14\n    at file:///E:/Github/Qingyu/Qingyu_fronted/node_modules/@vitest/runner/dist/index.js:533:11\n    at runWithTimeout (file:///E:/Github/Qingyu/Qingyu_fronted/node_modules/@vitest/runner/dist/index.js:39:7)\n    at runTest (file:///E:/Github/Qingyu/Qingyu_fronted/node_modules/@vitest/runner/dist/index.js:1056:17)\n    at processTicksAndRejections (node:internal/process/task_queues:105:5)\n    at runSuite (file:///E:/Github/Qingyu/Qingyu_fronted/node_modules/@vitest/runner/dist/index.js:1205:15)"],"meta":{}},{"ancestorTitles":["Empty 组件","文字样式"],"fullName":"Empty 组件 文字样式 xl 尺寸应该有更大的文字","status":"failed","title":"xl 尺寸应该有更大的文字","duration":5.911600000000362,"failureMessages":["AssertionError: expected [ 'flex', 'flex-col', …(5) ] to include 'text-lg'\n    at Proxy.<anonymous> (file:///E:/Github/Qingyu/Qingyu_fronted/node_modules/@vitest/expect/dist/index.js:1196:17)\n    at Proxy.<anonymous> (file:///E:/Github/Qingyu/Qingyu_fronted/node_modules/@vitest/expect/dist/index.js:972:17)\n    at Proxy.methodWrapper (file:///E:/Github/Qingyu/Qingyu_fronted/node_modules/chai/index.js:1686:25)\n    at E:\\Github\\Qingyu\\Qingyu_fronted\\tests\\unit\\design-system\\base\\Empty.test.ts:213:33\n    at file:///E:/Github/Qingyu/Qingyu_fronted/node_modules/@vitest/runner/dist/index.js:146:14\n    at file:///E:/Github/Qingyu/Qingyu_fronted/node_modules/@vitest/runner/dist/index.js:533:11\n    at runWithTimeout (file:///E:/Github/Qingyu/Qingyu_fronted/node_modules/@vitest/runner/dist/index.js:39:7)\n    at runTest (file:///E:/Github/Qingyu/Qingyu_fronted/node_modules/@vitest/runner/dist/index.js:1056:17)\n    at processTicksAndRejections (node:internal/process/task_queues:105:5)\n    at runSuite (file:///E:/Github/Qingyu/Qingyu_fronted/node_modules/@vitest/runner/dist/index.js:1205:15)"],"meta":{}},{"ancestorTitles":["Empty 组件","Props 默认值"],"fullName":"Empty 组件 Props 默认值 description 默认值应该是 \"暂无数据\"","status":"passed","title":"description 默认值应该是 \"暂无数据\"","duration":5.217499999999745,"failureMessages":[],"meta":{}},{"ancestorTitles":["Empty 组件","Props 默认值"],"fullName":"Empty 组件 Props 默认值 size 默认值应该是 \"md\"","status":"passed","title":"size 默认值应该是 \"md\"","duration":6.622199999999793,"failureMessages":[],"meta":{}}],"startTime":1769254088048,"endTime":1769254088423.6223,"status":"failed","message":"","name":"E:/Github/Qingyu/Qingyu_fronted/tests/unit/design-system/base/Empty.test.ts"},{"assertionResults":[{"ancestorTitles":["Icon","基础渲染"],"fullName":"Icon 基础渲染 默认渲染为 outline variant 和 md size","status":"passed","title":"默认渲染为 outline variant 和 md size","duration":83.77539999999954,"failureMessages":[],"meta":{}},{"ancestorTitles":["Icon","基础渲染"],"fullName":"Icon 基础渲染 正确渲染所有尺寸","status":"passed","title":"正确渲染所有尺寸","duration":67.34590000000026,"failureMessages":[],"meta":{}},{"ancestorTitles":["Icon","基础渲染"],"fullName":"Icon 基础渲染 正确渲染 outline 变体","status":"passed","title":"正确渲染 outline 变体","duration":16.077000000000226,"failureMessages":[],"meta":{}},{"ancestorTitles":["Icon","基础渲染"],"fullName":"Icon 基础渲染 正确渲染 solid 变体","status":"passed","title":"正确渲染 solid 变体","duration":16.06710000000021,"failureMessages":[],"meta":{}},{"ancestorTitles":["Icon","基础渲染"],"fullName":"Icon 基础渲染 渲染不存在的图标显示占位符","status":"passed","title":"渲染不存在的图标显示占位符","duration":18.83129999999983,"failureMessages":[],"meta":{}},{"ancestorTitles":["Icon","图标名称"],"fullName":"Icon 图标名称 正确渲染 home 图标","status":"passed","title":"正确渲染 home 图标","duration":12.650499999999738,"failureMessages":[],"meta":{}},{"ancestorTitles":["Icon","图标名称"],"fullName":"Icon 图标名称 正确渲染 user 图标","status":"passed","title":"正确渲染 user 图标","duration":10.034899999999652,"failureMessages":[],"meta":{}},{"ancestorTitles":["Icon","图标名称"],"fullName":"Icon 图标名称 正确渲染 check 图标","status":"passed","title":"正确渲染 check 图标","duration":5.95679999999993,"failureMessages":[],"meta":{}},{"ancestorTitles":["Icon","图标名称"],"fullName":"Icon 图标名称 正确渲染 arrow-down 图标","status":"passed","title":"正确渲染 arrow-down 图标","duration":8.751899999999296,"failureMessages":[],"meta":{}},{"ancestorTitles":["Icon","交互行为"],"fullName":"Icon 交互行为 点击时触发 click 事件","status":"passed","title":"点击时触发 click 事件","duration":14.669200000000274,"failureMessages":[],"meta":{}},{"ancestorTitles":["Icon","可访问性"],"fullName":"Icon 可访问性 使用 name 作为默认 aria-label","status":"passed","title":"使用 name 作为默认 aria-label","duration":4.8015000000004875,"failureMessages":[],"meta":{}},{"ancestorTitles":["Icon","可访问性"],"fullName":"Icon 可访问性 支持自定义 aria-label","status":"passed","title":"支持自定义 aria-label","duration":4.688099999999395,"failureMessages":[],"meta":{}},{"ancestorTitles":["Icon","可访问性"],"fullName":"Icon 可访问性 有正确的 inline-flex-shrink-0 类","status":"passed","title":"有正确的 inline-flex-shrink-0 类","duration":6.248099999999795,"failureMessages":[],"meta":{}},{"ancestorTitles":["Icon","样式"],"fullName":"Icon 样式 接受自定义 class","status":"passed","title":"接受自定义 class","duration":7.326000000000022,"failureMessages":[],"meta":{}},{"ancestorTitles":["Icon","样式"],"fullName":"Icon 样式 保持基础类名","status":"passed","title":"保持基础类名","duration":6.489699999999175,"failureMessages":[],"meta":{}},{"ancestorTitles":["Icon","边角情况"],"fullName":"Icon 边角情况 处理空字符串 name","status":"passed","title":"处理空字符串 name","duration":8.267499999999927,"failureMessages":[],"meta":{}},{"ancestorTitles":["Icon","边角情况"],"fullName":"Icon 边角情况 处理特殊字符的 ariaLabel","status":"passed","title":"处理特殊字符的 ariaLabel","duration":13.885700000000725,"failureMessages":[],"meta":{}}],"startTime":1769254090187,"endTime":1769254090495.8857,"status":"passed","message":"","name":"E:/Github/Qingyu/Qingyu_fronted/tests/unit/design-system/base/Icon.test.ts"},{"assertionResults":[{"ancestorTitles":["Image.vue","基础渲染"],"fullName":"Image.vue 基础渲染 应该正确渲染组件","status":"passed","title":"应该正确渲染组件","duration":242.79470000000038,"failureMessages":[],"meta":{}},{"ancestorTitles":["Image.vue","基础渲染"],"fullName":"Image.vue 基础渲染 应该设置正确的 aria-label","status":"passed","title":"应该设置正确的 aria-label","duration":35.814800000000105,"failureMessages":[],"meta":{}},{"ancestorTitles":["Image.vue","基础渲染"],"fullName":"Image.vue 基础渲染 应该在加载时显示骨架屏","status":"passed","title":"应该在加载时显示骨架屏","duration":68.33879999999954,"failureMessages":[],"meta":{}},{"ancestorTitles":["Image.vue","图片渲染"],"fullName":"Image.vue 图片渲染 应该渲染图片元素","status":"passed","title":"应该渲染图片元素","duration":35.129800000000614,"failureMessages":[],"meta":{}},{"ancestorTitles":["Image.vue","图片渲染"],"fullName":"Image.vue 图片渲染 应该在图片加载完成后隐藏骨架屏","status":"passed","title":"应该在图片加载完成后隐藏骨架屏","duration":902.6714999999995,"failureMessages":[],"meta":{}},{"ancestorTitles":["Image.vue","图片渲染"],"fullName":"Image.vue 图片渲染 应该在图片加载失败时显示错误状态","status":"passed","title":"应该在图片加载失败时显示错误状态","duration":86.88090000000011,"failureMessages":[],"meta":{}},{"ancestorTitles":["Image.vue","图片渲染"],"fullName":"Image.vue 图片渲染 应该在没有 src 时显示错误状态","status":"passed","title":"应该在没有 src 时显示错误状态","duration":46.84399999999914,"failureMessages":[],"meta":{}},{"ancestorTitles":["Image.vue","懒加载"],"fullName":"Image.vue 懒加载 应该默认启用懒加载","status":"passed","title":"应该默认启用懒加载","duration":22.450399999999718,"failureMessages":[],"meta":{}},{"ancestorTitles":["Image.vue","懒加载"],"fullName":"Image.vue 懒加载 应该支持禁用懒加载","status":"passed","title":"应该支持禁用懒加载","duration":43.96470000000045,"failureMessages":[],"meta":{}},{"ancestorTitles":["Image.vue","尺寸变体"],"fullName":"Image.vue 尺寸变体 应该正确应用 xs 尺寸","status":"passed","title":"应该正确应用 xs 尺寸","duration":54.721299999999246,"failureMessages":[],"meta":{}},{"ancestorTitles":["Image.vue","尺寸变体"],"fullName":"Image.vue 尺寸变体 应该正确应用 md 尺寸","status":"passed","title":"应该正确应用 md 尺寸","duration":7.341300000000047,"failureMessages":[],"meta":{}},{"ancestorTitles":["Image.vue","尺寸变体"],"fullName":"Image.vue 尺寸变体 应该正确应用 full 尺寸","status":"passed","title":"应该正确应用 full 尺寸","duration":11.813000000000102,"failureMessages":[],"meta":{}},{"ancestorTitles":["Image.vue","形状变体"],"fullName":"Image.vue 形状变体 应该正确应用 rect 形状","status":"passed","title":"应该正确应用 rect 形状","duration":8.766499999999724,"failureMessages":[],"meta":{}},{"ancestorTitles":["Image.vue","形状变体"],"fullName":"Image.vue 形状变体 应该正确应用 circle 形状","status":"passed","title":"应该正确应用 circle 形状","duration":5.733000000000175,"failureMessages":[],"meta":{}},{"ancestorTitles":["Image.vue","形状变体"],"fullName":"Image.vue 形状变体 应该正确应用 rounded 形状","status":"passed","title":"应该正确应用 rounded 形状","duration":9.121300000000701,"failureMessages":[],"meta":{}},{"ancestorTitles":["Image.vue","对象填充方式"],"fullName":"Image.vue 对象填充方式 应该正确应用 cover 填充","status":"passed","title":"应该正确应用 cover 填充","duration":6.356600000000981,"failureMessages":[],"meta":{}},{"ancestorTitles":["Image.vue","对象填充方式"],"fullName":"Image.vue 对象填充方式 应该正确应用 contain 填充","status":"passed","title":"应该正确应用 contain 填充","duration":6.170400000000882,"failureMessages":[],"meta":{}},{"ancestorTitles":["Image.vue","对象填充方式"],"fullName":"Image.vue 对象填充方式 应该正确应用 fill 填充","status":"passed","title":"应该正确应用 fill 填充","duration":7.521199999999226,"failureMessages":[],"meta":{}},{"ancestorTitles":["Image.vue","对象填充方式"],"fullName":"Image.vue 对象填充方式 应该默认使用 cover 填充","status":"passed","title":"应该默认使用 cover 填充","duration":10.174800000000687,"failureMessages":[],"meta":{}},{"ancestorTitles":["Image.vue","自定义尺寸"],"fullName":"Image.vue 自定义尺寸 应该支持自定义宽度","status":"passed","title":"应该支持自定义宽度","duration":29.345100000000457,"failureMessages":[],"meta":{}},{"ancestorTitles":["Image.vue","自定义尺寸"],"fullName":"Image.vue 自定义尺寸 应该支持自定义高度","status":"passed","title":"应该支持自定义高度","duration":6.108000000000175,"failureMessages":[],"meta":{}},{"ancestorTitles":["Image.vue","自定义尺寸"],"fullName":"Image.vue 自定义尺寸 应该同时支持自定义宽高","status":"passed","title":"应该同时支持自定义宽高","duration":8.205700000000434,"failureMessages":[],"meta":{}},{"ancestorTitles":["Image.vue","自定义尺寸"],"fullName":"Image.vue 自定义尺寸 自定义尺寸应该覆盖预设尺寸","status":"passed","title":"自定义尺寸应该覆盖预设尺寸","duration":6.635700000000725,"failureMessages":[],"meta":{}},{"ancestorTitles":["Image.vue","骨架屏"],"fullName":"Image.vue 骨架屏 应该默认显示骨架屏","status":"passed","title":"应该默认显示骨架屏","duration":8.137500000000728,"failureMessages":[],"meta":{}},{"ancestorTitles":["Image.vue","骨架屏"],"fullName":"Image.vue 骨架屏 应该支持禁用骨架屏","status":"passed","title":"应该支持禁用骨架屏","duration":4.992099999999482,"failureMessages":[],"meta":{}},{"ancestorTitles":["Image.vue","Fallback 图标"],"fullName":"Image.vue Fallback 图标 应该支持自定义 fallback 图标","status":"passed","title":"应该支持自定义 fallback 图标","duration":36.11609999999928,"failureMessages":[],"meta":{}},{"ancestorTitles":["Image.vue","Fallback 图标"],"fullName":"Image.vue Fallback 图标 应该默认使用 document 图标","status":"passed","title":"应该默认使用 document 图标","duration":25.983500000000276,"failureMessages":[],"meta":{}},{"ancestorTitles":["Image.vue","事件处理"],"fullName":"Image.vue 事件处理 应该正确触发 load 事件","status":"passed","title":"应该正确触发 load 事件","duration":33.6987999999983,"failureMessages":[],"meta":{}},{"ancestorTitles":["Image.vue","事件处理"],"fullName":"Image.vue 事件处理 应该正确触发 error 事件","status":"passed","title":"应该正确触发 error 事件","duration":50.07810000000063,"failureMessages":[],"meta":{}},{"ancestorTitles":["Image.vue","事件处理"],"fullName":"Image.vue 事件处理 应该正确触发 click 事件","status":"passed","title":"应该正确触发 click 事件","duration":83.2531999999992,"failureMessages":[],"meta":{}},{"ancestorTitles":["Image.vue","自定义类名"],"fullName":"Image.vue 自定义类名 应该正确应用自定义类名","status":"passed","title":"应该正确应用自定义类名","duration":18.653399999999237,"failureMessages":[],"meta":{}},{"ancestorTitles":["Image.vue","默认属性"],"fullName":"Image.vue 默认属性 应该使用默认尺寸 md","status":"passed","title":"应该使用默认尺寸 md","duration":8.61620000000039,"failureMessages":[],"meta":{}},{"ancestorTitles":["Image.vue","默认属性"],"fullName":"Image.vue 默认属性 应该使用默认形状 rect","status":"passed","title":"应该使用默认形状 rect","duration":8.446400000000722,"failureMessages":[],"meta":{}},{"ancestorTitles":["Image.vue","默认属性"],"fullName":"Image.vue 默认属性 应该使用默认填充方式 cover","status":"passed","title":"应该使用默认填充方式 cover","duration":30.18039999999928,"failureMessages":[],"meta":{}},{"ancestorTitles":["Image.vue","默认属性"],"fullName":"Image.vue 默认属性 应该默认启用懒加载","status":"passed","title":"应该默认启用懒加载","duration":22.12169999999969,"failureMessages":[],"meta":{}},{"ancestorTitles":["Image.vue","默认属性"],"fullName":"Image.vue 默认属性 应该默认显示骨架屏","status":"passed","title":"应该默认显示骨架屏","duration":17.572299999999814,"failureMessages":[],"meta":{}},{"ancestorTitles":["Image.vue","可访问性"],"fullName":"Image.vue 可访问性 应该设置正确的 role 属性","status":"passed","title":"应该设置正确的 role 属性","duration":44.21470000000045,"failureMessages":[],"meta":{}},{"ancestorTitles":["Image.vue","可访问性"],"fullName":"Image.vue 可访问性 应该设置 aria-label","status":"passed","title":"应该设置 aria-label","duration":16.90560000000005,"failureMessages":[],"meta":{}},{"ancestorTitles":["Image.vue","可访问性"],"fullName":"Image.vue 可访问性 应该为图片设置 alt 属性","status":"passed","title":"应该为图片设置 alt 属性","duration":34.286299999999756,"failureMessages":[],"meta":{}},{"ancestorTitles":["Image.vue","响应式"],"fullName":"Image.vue 响应式 应该在 src prop 变化时重置加载状态","status":"passed","title":"应该在 src prop 变化时重置加载状态","duration":20.731000000001586,"failureMessages":[],"meta":{}},{"ancestorTitles":["Image.vue","响应式"],"fullName":"Image.vue 响应式 应该在 size prop 变化时更新尺寸类","status":"passed","title":"应该在 size prop 变化时更新尺寸类","duration":10.514999999999418,"failureMessages":[],"meta":{}},{"ancestorTitles":["Image.vue","响应式"],"fullName":"Image.vue 响应式 应该在 shape prop 变化时更新形状类","status":"passed","title":"应该在 shape prop 变化时更新形状类","duration":7.641299999999319,"failureMessages":[],"meta":{}},{"ancestorTitles":["Image.vue","容器样式"],"fullName":"Image.vue 容器样式 应该有正确的背景色","status":"passed","title":"应该有正确的背景色","duration":5.209100000000035,"failureMessages":[],"meta":{}},{"ancestorTitles":["Image.vue","容器样式"],"fullName":"Image.vue 容器样式 应该有 overflow-hidden","status":"passed","title":"应该有 overflow-hidden","duration":4.858599999999569,"failureMessages":[],"meta":{}},{"ancestorTitles":["Image.vue","容器样式"],"fullName":"Image.vue 容器样式 应该是 inline-flex","status":"passed","title":"应该是 inline-flex","duration":12.137000000000626,"failureMessages":[],"meta":{}},{"ancestorTitles":["Image.vue","图片样式"],"fullName":"Image.vue 图片样式 应该有 block 和 w-full h-full","status":"passed","title":"应该有 block 和 w-full h-full","duration":6.501899999999296,"failureMessages":[],"meta":{}}],"startTime":1769254070867,"endTime":1769254073057.502,"status":"passed","message":"","name":"E:/Github/Qingyu/Qingyu_fronted/tests/unit/design-system/base/Image.test.ts"},{"assertionResults":[],"startTime":1769254062463,"endTime":1769254062463,"status":"failed","message":"Failed to resolve import \"@/design-system/base/List/List.vue\" from \"tests/unit/design-system/base/List.test.ts\". Does the file exist?","name":"E:/Github/Qingyu/Qingyu_fronted/tests/unit/design-system/base/List.test.ts"},{"assertionResults":[{"ancestorTitles":["Skeleton 组件","基础渲染"],"fullName":"Skeleton 组件 基础渲染 应该正确渲染默认的 text 类型骨架","status":"passed","title":"应该正确渲染默认的 text 类型骨架","duration":93.03359999999975,"failureMessages":[],"meta":{}},{"ancestorTitles":["Skeleton 组件","基础渲染"],"fullName":"Skeleton 组件 基础渲染 应该正确渲染 circle 类型骨架","status":"passed","title":"应该正确渲染 circle 类型骨架","duration":8.82930000000033,"failureMessages":[],"meta":{}},{"ancestorTitles":["Skeleton 组件","基础渲染"],"fullName":"Skeleton 组件 基础渲染 应该正确渲染 rect 类型骨架","status":"passed","title":"应该正确渲染 rect 类型骨架","duration":10.070600000000013,"failureMessages":[],"meta":{}},{"ancestorTitles":["Skeleton 组件","基础渲染"],"fullName":"Skeleton 组件 基础渲染 应该正确渲染 avatar 类型骨架","status":"passed","title":"应该正确渲染 avatar 类型骨架","duration":6.742699999999786,"failureMessages":[],"meta":{}},{"ancestorTitles":["Skeleton 组件","基础渲染"],"fullName":"Skeleton 组件 基础渲染 应该正确渲染 image 类型骨架","status":"passed","title":"应该正确渲染 image 类型骨架","duration":10.612599999999475,"failureMessages":[],"meta":{}},{"ancestorTitles":["Skeleton 组件","基础渲染"],"fullName":"Skeleton 组件 基础渲染 应该设置 aria-hidden 为 true","status":"passed","title":"应该设置 aria-hidden 为 true","duration":10.315800000000309,"failureMessages":[],"meta":{}},{"ancestorTitles":["Skeleton 组件","尺寸变体"],"fullName":"Skeleton 组件 尺寸变体 应该正确应用 text 类型的 xs 尺寸","status":"passed","title":"应该正确应用 text 类型的 xs 尺寸","duration":7.359599999999773,"failureMessages":[],"meta":{}},{"ancestorTitles":["Skeleton 组件","尺寸变体"],"fullName":"Skeleton 组件 尺寸变体 应该正确应用 text 类型的 sm 尺寸","status":"passed","title":"应该正确应用 text 类型的 sm 尺寸","duration":8.739900000000489,"failureMessages":[],"meta":{}},{"ancestorTitles":["Skeleton 组件","尺寸变体"],"fullName":"Skeleton 组件 尺寸变体 应该正确应用 text 类型的 md 尺寸","status":"passed","title":"应该正确应用 text 类型的 md 尺寸","duration":7.534299999999348,"failureMessages":[],"meta":{}},{"ancestorTitles":["Skeleton 组件","尺寸变体"],"fullName":"Skeleton 组件 尺寸变体 应该正确应用 text 类型的 lg 尺寸","status":"passed","title":"应该正确应用 text 类型的 lg 尺寸","duration":9.116500000000087,"failureMessages":[],"meta":{}},{"ancestorTitles":["Skeleton 组件","尺寸变体"],"fullName":"Skeleton 组件 尺寸变体 应该正确应用 text 类型的 xl 尺寸","status":"passed","title":"应该正确应用 text 类型的 xl 尺寸","duration":7.366500000000087,"failureMessages":[],"meta":{}},{"ancestorTitles":["Skeleton 组件","尺寸变体"],"fullName":"Skeleton 组件 尺寸变体 应该正确应用 circle 类型的 md 尺寸","status":"passed","title":"应该正确应用 circle 类型的 md 尺寸","duration":5.8049999999993815,"failureMessages":[],"meta":{}},{"ancestorTitles":["Skeleton 组件","尺寸变体"],"fullName":"Skeleton 组件 尺寸变体 应该正确应用 rect 类型的 md 尺寸","status":"passed","title":"应该正确应用 rect 类型的 md 尺寸","duration":5.159800000000359,"failureMessages":[],"meta":{}},{"ancestorTitles":["Skeleton 组件","尺寸变体"],"fullName":"Skeleton 组件 尺寸变体 应该正确应用 avatar 类型的 md 尺寸","status":"passed","title":"应该正确应用 avatar 类型的 md 尺寸","duration":3.7541999999994005,"failureMessages":[],"meta":{}},{"ancestorTitles":["Skeleton 组件","尺寸变体"],"fullName":"Skeleton 组件 尺寸变体 应该正确应用 image 类型的 md 尺寸","status":"passed","title":"应该正确应用 image 类型的 md 尺寸","duration":3.450300000000425,"failureMessages":[],"meta":{}},{"ancestorTitles":["Skeleton 组件","自定义尺寸"],"fullName":"Skeleton 组件 自定义尺寸 应该正确应用自定义宽度","status":"passed","title":"应该正确应用自定义宽度","duration":34.03430000000026,"failureMessages":[],"meta":{}},{"ancestorTitles":["Skeleton 组件","自定义尺寸"],"fullName":"Skeleton 组件 自定义尺寸 应该正确应用自定义高度","status":"passed","title":"应该正确应用自定义高度","duration":30.15679999999975,"failureMessages":[],"meta":{}},{"ancestorTitles":["Skeleton 组件","自定义尺寸"],"fullName":"Skeleton 组件 自定义尺寸 应该正确应用自定义宽度和高度","status":"passed","title":"应该正确应用自定义宽度和高度","duration":37.92079999999987,"failureMessages":[],"meta":{}},{"ancestorTitles":["Skeleton 组件","自定义尺寸"],"fullName":"Skeleton 组件 自定义尺寸 自定义尺寸应该覆盖默认尺寸类","status":"passed","title":"自定义尺寸应该覆盖默认尺寸类","duration":34.60820000000058,"failureMessages":[],"meta":{}},{"ancestorTitles":["Skeleton 组件","动画效果"],"fullName":"Skeleton 组件 动画效果 默认应该有动画效果","status":"passed","title":"默认应该有动画效果","duration":20.310599999999795,"failureMessages":[],"meta":{}},{"ancestorTitles":["Skeleton 组件","动画效果"],"fullName":"Skeleton 组件 动画效果 应该支持禁用动画","status":"passed","title":"应该支持禁用动画","duration":14.418999999999869,"failureMessages":[],"meta":{}},{"ancestorTitles":["Skeleton 组件","动画效果"],"fullName":"Skeleton 组件 动画效果 应该支持启用动画","status":"passed","title":"应该支持启用动画","duration":3.4367999999994936,"failureMessages":[],"meta":{}},{"ancestorTitles":["Skeleton 组件","自定义类名"],"fullName":"Skeleton 组件 自定义类名 应该支持自定义类名","status":"passed","title":"应该支持自定义类名","duration":7.88419999999951,"failureMessages":[],"meta":{}},{"ancestorTitles":["Skeleton 组件","自定义类名"],"fullName":"Skeleton 组件 自定义类名 应该保留基础类名","status":"passed","title":"应该保留基础类名","duration":5.148499999999331,"failureMessages":[],"meta":{}},{"ancestorTitles":["Skeleton 组件","组合使用"],"fullName":"Skeleton 组件 组合使用 应该可以组合多个 Skeleton 组件","status":"passed","title":"应该可以组合多个 Skeleton 组件","duration":43.97810000000027,"failureMessages":[],"meta":{}},{"ancestorTitles":["Skeleton 组件","组合使用"],"fullName":"Skeleton 组件 组合使用 应该可以在卡片中组合使用","status":"passed","title":"应该可以在卡片中组合使用","duration":21.01879999999983,"failureMessages":[],"meta":{}},{"ancestorTitles":["Skeleton 组件","暗色模式"],"fullName":"Skeleton 组件 暗色模式 应该支持暗色模式样式","status":"passed","title":"应该支持暗色模式样式","duration":3.0848000000005413,"failureMessages":[],"meta":{}},{"ancestorTitles":["Skeleton 组件","响应式更新"],"fullName":"Skeleton 组件 响应式更新 应该响应 type 属性变化","status":"passed","title":"应该响应 type 属性变化","duration":15.594500000000153,"failureMessages":[],"meta":{}},{"ancestorTitles":["Skeleton 组件","响应式更新"],"fullName":"Skeleton 组件 响应式更新 应该响应 size 属性变化","status":"passed","title":"应该响应 size 属性变化","duration":6.005999999999403,"failureMessages":[],"meta":{}},{"ancestorTitles":["Skeleton 组件","响应式更新"],"fullName":"Skeleton 组件 响应式更新 应该响应 animated 属性变化","status":"passed","title":"应该响应 animated 属性变化","duration":5.09230000000025,"failureMessages":[],"meta":{}},{"ancestorTitles":["Skeleton 组件","响应式更新"],"fullName":"Skeleton 组件 响应式更新 应该响应 width 属性变化","status":"passed","title":"应该响应 width 属性变化","duration":10.75210000000061,"failureMessages":[],"meta":{}},{"ancestorTitles":["Skeleton 组件","边界情况"],"fullName":"Skeleton 组件 边界情况 应该处理空字符串宽度","status":"passed","title":"应该处理空字符串宽度","duration":4.061799999999494,"failureMessages":[],"meta":{}},{"ancestorTitles":["Skeleton 组件","边界情况"],"fullName":"Skeleton 组件 边界情况 应该处理空字符串高度","status":"passed","title":"应该处理空字符串高度","duration":4.168300000000272,"failureMessages":[],"meta":{}},{"ancestorTitles":["Skeleton 组件","边界情况"],"fullName":"Skeleton 组件 边界情况 应该处理百分比尺寸","status":"passed","title":"应该处理百分比尺寸","duration":22.524199999999837,"failureMessages":[],"meta":{}},{"ancestorTitles":["Skeleton 组件","边界情况"],"fullName":"Skeleton 组件 边界情况 应该处理像素尺寸","status":"passed","title":"应该处理像素尺寸","duration":13.221099999999751,"failureMessages":[],"meta":{}},{"ancestorTitles":["Skeleton 组件","边界情况"],"fullName":"Skeleton 组件 边界情况 应该处理 rem 单位","status":"passed","title":"应该处理 rem 单位","duration":37.62989999999991,"failureMessages":[],"meta":{}},{"ancestorTitles":["Skeleton 组件","默认值"],"fullName":"Skeleton 组件 默认值 应该使用默认的 type 为 text","status":"passed","title":"应该使用默认的 type 为 text","duration":16.57629999999972,"failureMessages":[],"meta":{}},{"ancestorTitles":["Skeleton 组件","默认值"],"fullName":"Skeleton 组件 默认值 应该使用默认的 size 为 md","status":"passed","title":"应该使用默认的 size 为 md","duration":4.995899999999892,"failureMessages":[],"meta":{}},{"ancestorTitles":["Skeleton 组件","默认值"],"fullName":"Skeleton 组件 默认值 应该使用默认的 animated 为 true","status":"passed","title":"应该使用默认的 animated 为 true","duration":3.906099999999242,"failureMessages":[],"meta":{}}],"startTime":1769254084607,"endTime":1769254085211.906,"status":"passed","message":"","name":"E:/Github/Qingyu/Qingyu_fronted/tests/unit/design-system/base/Skeleton.test.ts"},{"assertionResults":[{"ancestorTitles":["Tag","基础渲染"],"fullName":"Tag 基础渲染 默认渲染为 default variant 和 md size","status":"passed","title":"默认渲染为 default variant 和 md size","duration":196.28330000000005,"failureMessages":[],"meta":{}},{"ancestorTitles":["Tag","基础渲染"],"fullName":"Tag 基础渲染 正确渲染所有变体","status":"passed","title":"正确渲染所有变体","duration":80.35879999999997,"failureMessages":[],"meta":{}},{"ancestorTitles":["Tag","基础渲染"],"fullName":"Tag 基础渲染 正确渲染所有尺寸","status":"passed","title":"正确渲染所有尺寸","duration":47.391599999999926,"failureMessages":[],"meta":{}},{"ancestorTitles":["Tag","基础渲染"],"fullName":"Tag 基础渲染 正确渲染插槽内容","status":"passed","title":"正确渲染插槽内容","duration":14.16399999999976,"failureMessages":[],"meta":{}},{"ancestorTitles":["Tag","可关闭功能"],"fullName":"Tag 可关闭功能 removable 为 false 时不显示关闭按钮","status":"passed","title":"removable 为 false 时不显示关闭按钮","duration":10.41059999999925,"failureMessages":[],"meta":{}},{"ancestorTitles":["Tag","可关闭功能"],"fullName":"Tag 可关闭功能 removable 为 true 时显示关闭按钮","status":"passed","title":"removable 为 true 时显示关闭按钮","duration":21.020400000000336,"failureMessages":[],"meta":{}},{"ancestorTitles":["Tag","可关闭功能"],"fullName":"Tag 可关闭功能 点击关闭按钮触发 close 事件","status":"passed","title":"点击关闭按钮触发 close 事件","duration":20.431899999999587,"failureMessages":[],"meta":{}},{"ancestorTitles":["Tag","可关闭功能"],"fullName":"Tag 可关闭功能 关闭按钮点击不会触发 Tag 的点击事件","status":"passed","title":"关闭按钮点击不会触发 Tag 的点击事件","duration":10.518299999999726,"failureMessages":[],"meta":{}},{"ancestorTitles":["Tag","图标功能"],"fullName":"Tag 图标功能 不显示图标时 icon prop 为空","status":"passed","title":"不显示图标时 icon prop 为空","duration":11.479599999999664,"failureMessages":[],"meta":{}},{"ancestorTitles":["Tag","图标功能"],"fullName":"Tag 图标功能 显示图标时渲染 Icon 组件","status":"passed","title":"显示图标时渲染 Icon 组件","duration":22.08050000000003,"failureMessages":[],"meta":{}},{"ancestorTitles":["Tag","交互行为"],"fullName":"Tag 交互行为 点击 Tag 触发 click 事件","status":"passed","title":"点击 Tag 触发 click 事件","duration":10.518399999999929,"failureMessages":[],"meta":{}},{"ancestorTitles":["Tag","交互行为"],"fullName":"Tag 交互行为 click 事件包含 MouseEvent","status":"passed","title":"click 事件包含 MouseEvent","duration":45.74529999999959,"failureMessages":[],"meta":{}},{"ancestorTitles":["Tag","样式"],"fullName":"Tag 样式 接受自定义 class","status":"passed","title":"接受自定义 class","duration":24.982699999999568,"failureMessages":[],"meta":{}},{"ancestorTitles":["Tag","样式"],"fullName":"Tag 样式 保持基础类名","status":"passed","title":"保持基础类名","duration":12.621500000000196,"failureMessages":[],"meta":{}},{"ancestorTitles":["Tag","样式"],"fullName":"Tag 样式 正确应用 variant 样式","status":"passed","title":"正确应用 variant 样式","duration":7.661399999999958,"failureMessages":[],"meta":{}},{"ancestorTitles":["Tag","样式"],"fullName":"Tag 样式 正确应用 size 样式","status":"passed","title":"正确应用 size 样式","duration":4.907899999999245,"failureMessages":[],"meta":{}},{"ancestorTitles":["Tag","过渡动画"],"fullName":"Tag 过渡动画 包含 transition-colors 类","status":"passed","title":"包含 transition-colors 类","duration":7.016000000000531,"failureMessages":[],"meta":{}},{"ancestorTitles":["Tag","过渡动画"],"fullName":"Tag 过渡动画 关闭按钮包含 transition 类","status":"passed","title":"关闭按钮包含 transition 类","duration":8.366399999999885,"failureMessages":[],"meta":{}},{"ancestorTitles":["Tag","可访问性"],"fullName":"Tag 可访问性 关闭按钮有正确的 aria-label","status":"passed","title":"关闭按钮有正确的 aria-label","duration":9.032900000000154,"failureMessages":[],"meta":{}},{"ancestorTitles":["Tag","可访问性"],"fullName":"Tag 可访问性 关闭按钮有正确的 type 属性","status":"passed","title":"关闭按钮有正确的 type 属性","duration":9.677200000000084,"failureMessages":[],"meta":{}},{"ancestorTitles":["Tag","边角情况"],"fullName":"Tag 边角情况 处理空内容","status":"passed","title":"处理空内容","duration":8.044300000000476,"failureMessages":[],"meta":{}},{"ancestorTitles":["Tag","边角情况"],"fullName":"Tag 边角情况 处理长文本内容","status":"passed","title":"处理长文本内容","duration":11.206100000000333,"failureMessages":[],"meta":{}},{"ancestorTitles":["Tag","边角情况"],"fullName":"Tag 边角情况 处理同时有 icon 和 removable","status":"passed","title":"处理同时有 icon 和 removable","duration":18.42069999999967,"failureMessages":[],"meta":{}},{"ancestorTitles":["Tag","边角情况"],"fullName":"Tag 边角情况 处理最小尺寸 sm 的关闭按钮","status":"passed","title":"处理最小尺寸 sm 的关闭按钮","duration":14.818000000000211,"failureMessages":[],"meta":{}},{"ancestorTitles":["Tag","边角情况"],"fullName":"Tag 边角情况 处理最大尺寸 lg 的关闭按钮","status":"passed","title":"处理最大尺寸 lg 的关闭按钮","duration":8.192199999999502,"failureMessages":[],"meta":{}},{"ancestorTitles":["Tag","不同变体的样式组合"],"fullName":"Tag 不同变体的样式组合 primary variant 有边框样式","status":"passed","title":"primary variant 有边框样式","duration":10.317299999999705,"failureMessages":[],"meta":{}},{"ancestorTitles":["Tag","不同变体的样式组合"],"fullName":"Tag 不同变体的样式组合 success variant 有边框样式","status":"passed","title":"success variant 有边框样式","duration":10.043700000000172,"failureMessages":[],"meta":{}},{"ancestorTitles":["Tag","不同变体的样式组合"],"fullName":"Tag 不同变体的样式组合 warning variant 有边框样式","status":"passed","title":"warning variant 有边框样式","duration":17.610599999999977,"failureMessages":[],"meta":{}},{"ancestorTitles":["Tag","不同变体的样式组合"],"fullName":"Tag 不同变体的样式组合 danger variant 有边框样式","status":"passed","title":"danger variant 有边框样式","duration":44.76710000000003,"failureMessages":[],"meta":{}}],"startTime":1769254084822,"endTime":1769254085545.767,"status":"passed","message":"","name":"E:/Github/Qingyu/Qingyu_fronted/tests/unit/design-system/base/Tag.test.ts"},{"assertionResults":[{"ancestorTitles":["Textarea","基础渲染"],"fullName":"Textarea 基础渲染 默认渲染为 md size","status":"passed","title":"默认渲染为 md size","duration":635.0432000000001,"failureMessages":[],"meta":{}},{"ancestorTitles":["Textarea","基础渲染"],"fullName":"Textarea 基础渲染 正确渲染所有尺寸","status":"passed","title":"正确渲染所有尺寸","duration":157.7994000000008,"failureMessages":[],"meta":{}},{"ancestorTitles":["Textarea","Props 测试"],"fullName":"Textarea Props 测试 正确设置 placeholder","status":"passed","title":"正确设置 placeholder","duration":62.03809999999976,"failureMessages":[],"meta":{}},{"ancestorTitles":["Textarea","Props 测试"],"fullName":"Textarea Props 测试 正确设置 rows","status":"passed","title":"正确设置 rows","duration":40.59979999999996,"failureMessages":[],"meta":{}},{"ancestorTitles":["Textarea","Props 测试"],"fullName":"Textarea Props 测试 正确设置 disabled 状态","status":"passed","title":"正确设置 disabled 状态","duration":41.318099999999504,"failureMessages":[],"meta":{}},{"ancestorTitles":["Textarea","Props 测试"],"fullName":"Textarea Props 测试 正确设置 readonly 状态","status":"passed","title":"正确设置 readonly 状态","duration":43.44380000000001,"failureMessages":[],"meta":{}},{"ancestorTitles":["Textarea","Props 测试"],"fullName":"Textarea Props 测试 正确设置 maxlength","status":"passed","title":"正确设置 maxlength","duration":52.98250000000007,"failureMessages":[],"meta":{}},{"ancestorTitles":["Textarea","Props 测试"],"fullName":"Textarea Props 测试 正确设置 minlength","status":"passed","title":"正确设置 minlength","duration":33.53940000000057,"failureMessages":[],"meta":{}},{"ancestorTitles":["Textarea","Props 测试"],"fullName":"Textarea Props 测试 正确设置 name 属性","status":"passed","title":"正确设置 name 属性","duration":29.40980000000036,"failureMessages":[],"meta":{}},{"ancestorTitles":["Textarea","Props 测试"],"fullName":"Textarea Props 测试 正确设置 id 属性","status":"passed","title":"正确设置 id 属性","duration":27.560999999999694,"failureMessages":[],"meta":{}},{"ancestorTitles":["Textarea","Props 测试"],"fullName":"Textarea Props 测试 正确设置 required 属性","status":"passed","title":"正确设置 required 属性","duration":32.68399999999929,"failureMessages":[],"meta":{}},{"ancestorTitles":["Textarea","Props 测试"],"fullName":"Textarea Props 测试 正确设置 autofocus 属性","status":"passed","title":"正确设置 autofocus 属性","duration":32.91530000000057,"failureMessages":[],"meta":{}},{"ancestorTitles":["Textarea","Props 测试"],"fullName":"Textarea Props 测试 正确设置 autocomplete 属性","status":"passed","title":"正确设置 autocomplete 属性","duration":42.59639999999854,"failureMessages":[],"meta":{}},{"ancestorTitles":["Textarea","状态测试"],"fullName":"Textarea 状态测试 正确应用默认状态样式","status":"passed","title":"正确应用默认状态样式","duration":38.17200000000048,"failureMessages":[],"meta":{}},{"ancestorTitles":["Textarea","状态测试"],"fullName":"Textarea 状态测试 正确应用错误状态样式","status":"passed","title":"正确应用错误状态样式","duration":35.9434999999994,"failureMessages":[],"meta":{}},{"ancestorTitles":["Textarea","状态测试"],"fullName":"Textarea 状态测试 正确应用成功状态样式","status":"passed","title":"正确应用成功状态样式","duration":33.15589999999975,"failureMessages":[],"meta":{}},{"ancestorTitles":["Textarea","状态测试"],"fullName":"Textarea 状态测试 正确应用警告状态样式","status":"passed","title":"正确应用警告状态样式","duration":23.11319999999978,"failureMessages":[],"meta":{}},{"ancestorTitles":["Textarea","状态测试"],"fullName":"Textarea 状态测试 error 属性覆盖 state 属性","status":"passed","title":"error 属性覆盖 state 属性","duration":26.188599999999497,"failureMessages":[],"meta":{}},{"ancestorTitles":["Textarea","调整大小测试"],"fullName":"Textarea 调整大小测试 正确应用 resize: none 样式","status":"passed","title":"正确应用 resize: none 样式","duration":25.638699999999517,"failureMessages":[],"meta":{}},{"ancestorTitles":["Textarea","调整大小测试"],"fullName":"Textarea 调整大小测试 正确应用 resize: both 样式","status":"passed","title":"正确应用 resize: both 样式","duration":32.03989999999976,"failureMessages":[],"meta":{}},{"ancestorTitles":["Textarea","调整大小测试"],"fullName":"Textarea 调整大小测试 正确应用 resize: horizontal 样式","status":"passed","title":"正确应用 resize: horizontal 样式","duration":29.2445000000007,"failureMessages":[],"meta":{}},{"ancestorTitles":["Textarea","调整大小测试"],"fullName":"Textarea 调整大小测试 正确应用 resize: vertical 样式","status":"passed","title":"正确应用 resize: vertical 样式","duration":21.457699999999022,"failureMessages":[],"meta":{}},{"ancestorTitles":["Textarea","字数统计测试"],"fullName":"Textarea 字数统计测试 showCount 和 maxlength 都设置时显示字数统计","status":"passed","title":"showCount 和 maxlength 都设置时显示字数统计","duration":18.79370000000017,"failureMessages":[],"meta":{}},{"ancestorTitles":["Textarea","字数统计测试"],"fullName":"Textarea 字数统计测试 showCount 为 false 时不显示字数统计","status":"passed","title":"showCount 为 false 时不显示字数统计","duration":12.062400000000707,"failureMessages":[],"meta":{}},{"ancestorTitles":["Textarea","v-model 测试"],"fullName":"Textarea v-model 测试 正确绑定初始值","status":"passed","title":"正确绑定初始值","duration":28.110000000000582,"failureMessages":[],"meta":{}},{"ancestorTitles":["Textarea","可访问性测试"],"fullName":"Textarea 可访问性测试 禁用状态正确设置","status":"passed","title":"禁用状态正确设置","duration":30.469900000000052,"failureMessages":[],"meta":{}},{"ancestorTitles":["Textarea","可访问性测试"],"fullName":"Textarea 可访问性测试 只读状态正确设置","status":"passed","title":"只读状态正确设置","duration":22.358099999999467,"failureMessages":[],"meta":{}},{"ancestorTitles":["Textarea","可访问性测试"],"fullName":"Textarea 可访问性测试 必填状态正确设置","status":"passed","title":"必填状态正确设置","duration":26.277100000001155,"failureMessages":[],"meta":{}},{"ancestorTitles":["Textarea","边角情况测试"],"fullName":"Textarea 边角情况测试 空字符串正确处理","status":"passed","title":"空字符串正确处理","duration":24.006400000000212,"failureMessages":[],"meta":{}},{"ancestorTitles":["Textarea","边角情况测试"],"fullName":"Textarea 边角情况测试 自定义 class 正确应用","status":"passed","title":"自定义 class 正确应用","duration":29.76009999999951,"failureMessages":[],"meta":{}}],"startTime":1769254087894,"endTime":1769254089594.76,"status":"passed","message":"","name":"E:/Github/Qingyu/Qingyu_fronted/tests/unit/design-system/base/Textarea.test.ts"},{"assertionResults":[],"startTime":1769254062463,"endTime":1769254062463,"status":"failed","message":"Failed to resolve import \"@/design-system/base/Collapse/Collapse.vue\" from \"tests/unit/design-system/data/Collapse.test.ts\". Does the file exist?","name":"E:/Github/Qingyu/Qingyu_fronted/tests/unit/design-system/data/Collapse.test.ts"},{"assertionResults":[],"startTime":1769254062463,"endTime":1769254062463,"status":"failed","message":"Failed to resolve import \"@/design-system/base/List/List.vue\" from \"tests/unit/design-system/data/List.test.ts\". Does the file exist?","name":"E:/Github/Qingyu/Qingyu_fronted/tests/unit/design-system/data/List.test.ts"},{"assertionResults":[{"ancestorTitles":["Pagination","基础渲染"],"fullName":"Pagination 基础渲染 默认渲染为第 1 页，每页 10 条，总数 0","status":"failed","title":"默认渲染为第 1 页，每页 10 条，总数 0","duration":829.2678999999998,"failureMessages":["TestingLibraryElementError: Found multiple elements with the role \"button\"\n\nHere are the matching elements:\n\nIgnored nodes: comments, script, style\n\u001b[36m<button\u001b[39m\n  \u001b[33mclass\u001b[39m=\u001b[32m\"inline-flex items-center justify-center rounded-md transition-all duration-200 text-slate-300 dark:text-slate-700 cursor-not-allowed h-8 w-8 text-sm\"\u001b[39m\n  \u001b[33mdisabled\u001b[39m=\u001b[32m\"\"\u001b[39m\n  \u001b[33mtype\u001b[39m=\u001b[32m\"button\"\u001b[39m\n\u001b[36m>\u001b[39m\n  \u001b[36m<svg\u001b[39m\n    \u001b[33mclass\u001b[39m=\u001b[32m\"h-4 w-4\"\u001b[39m\n    \u001b[33mfill\u001b[39m=\u001b[32m\"none\"\u001b[39m\n    \u001b[33mstroke\u001b[39m=\u001b[32m\"currentColor\"\u001b[39m\n    \u001b[33mviewBox\u001b[39m=\u001b[32m\"0 0 24 24\"\u001b[39m\n  \u001b[36m>\u001b[39m\n    \u001b[36m<path\u001b[39m\n      \u001b[33md\u001b[39m=\u001b[32m\"M15 19l-7-7 7-7\"\u001b[39m\n      \u001b[33mstroke-linecap\u001b[39m=\u001b[32m\"round\"\u001b[39m\n      \u001b[33mstroke-linejoin\u001b[39m=\u001b[32m\"round\"\u001b[39m\n      \u001b[33mstroke-width\u001b[39m=\u001b[32m\"2\"\u001b[39m\n    \u001b[36m/>\u001b[39m\n  \u001b[36m</svg>\u001b[39m\n\u001b[36m</button>\u001b[39m\n\nIgnored nodes: comments, script, style\n\u001b[36m<button\u001b[39m\n  \u001b[33mclass\u001b[39m=\u001b[32m\"inline-flex items-center justify-center rounded-md transition-all duration-200 text-slate-300 dark:text-slate-700 cursor-not-allowed h-8 w-8 text-sm\"\u001b[39m\n  \u001b[33mdisabled\u001b[39m=\u001b[32m\"\"\u001b[39m\n  \u001b[33mtype\u001b[39m=\u001b[32m\"button\"\u001b[39m\n\u001b[36m>\u001b[39m\n  \u001b[36m<svg\u001b[39m\n    \u001b[33mclass\u001b[39m=\u001b[32m\"h-4 w-4\"\u001b[39m\n    \u001b[33mfill\u001b[39m=\u001b[32m\"none\"\u001b[39m\n    \u001b[33mstroke\u001b[39m=\u001b[32m\"currentColor\"\u001b[39m\n    \u001b[33mviewBox\u001b[39m=\u001b[32m\"0 0 24 24\"\u001b[39m\n  \u001b[36m>\u001b[39m\n    \u001b[36m<path\u001b[39m\n      \u001b[33md\u001b[39m=\u001b[32m\"M9 5l7 7-7 7\"\u001b[39m\n      \u001b[33mstroke-linecap\u001b[39m=\u001b[32m\"round\"\u001b[39m\n      \u001b[33mstroke-linejoin\u001b[39m=\u001b[32m\"round\"\u001b[39m\n      \u001b[33mstroke-width\u001b[39m=\u001b[32m\"2\"\u001b[39m\n    \u001b[36m/>\u001b[39m\n  \u001b[36m</svg>\u001b[39m\n\u001b[36m</button>\u001b[39m\n\n(If this is intentional, then use the `*AllBy*` variant of the query (like `queryAllByText`, `getAllByText`, or `findAllByText`)).\n\nIgnored nodes: comments, script, style\n\u001b[36m<body>\u001b[39m\n  \u001b[36m<div>\u001b[39m\n    \u001b[36m<div\u001b[39m\n      \u001b[33mclass\u001b[39m=\u001b[32m\"flex flex-wrap items-center gap-2\"\u001b[39m\n    \u001b[36m>\u001b[39m\n      \u001b[36m<button\u001b[39m\n        \u001b[33mclass\u001b[39m=\u001b[32m\"inline-flex items-center justify-center rounded-md transition-all duration-200 text-slate-300 dark:text-slate-700 cursor-not-allowed h-8 w-8 text-sm\"\u001b[39m\n        \u001b[33mdisabled\u001b[39m=\u001b[32m\"\"\u001b[39m\n        \u001b[33mtype\u001b[39m=\u001b[32m\"button\"\u001b[39m\n      \u001b[36m>\u001b[39m\n        \u001b[36m<svg\u001b[39m\n          \u001b[33mclass\u001b[39m=\u001b[32m\"h-4 w-4\"\u001b[39m\n          \u001b[33mfill\u001b[39m=\u001b[32m\"none\"\u001b[39m\n          \u001b[33mstroke\u001b[39m=\u001b[32m\"currentColor\"\u001b[39m\n          \u001b[33mviewBox\u001b[39m=\u001b[32m\"0 0 24 24\"\u001b[39m\n        \u001b[36m>\u001b[39m\n          \u001b[36m<path\u001b[39m\n            \u001b[33md\u001b[39m=\u001b[32m\"M15 19l-7-7 7-7\"\u001b[39m\n            \u001b[33mstroke-linecap\u001b[39m=\u001b[32m\"round\"\u001b[39m\n            \u001b[33mstroke-linejoin\u001b[39m=\u001b[32m\"round\"\u001b[39m\n            \u001b[33mstroke-width\u001b[39m=\u001b[32m\"2\"\u001b[39m\n          \u001b[36m/>\u001b[39m\n        \u001b[36m</svg>\u001b[39m\n      \u001b[36m</button>\u001b[39m\n      \u001b[36m<div\u001b[39m\n        \u001b[33mclass\u001b[39m=\u001b[32m\"flex items-center gap-1\"\u001b[39m\n      \u001b[36m>\u001b[39m\n        \u001b[0m\u001b[0m\n        \u001b[0m\u001b[0m\n      \u001b[36m</div>\u001b[39m\n      \u001b[36m<button\u001b[39m\n        \u001b[33mclass\u001b[39m=\u001b[32m\"inline-flex items-center justify-center rounded-md transition-all duration-200 text-slate-300 dark:text-slate-700 cursor-not-allowed h-8 w-8 text-sm\"\u001b[39m\n        \u001b[33mdisabled\u001b[39m=\u001b[32m\"\"\u001b[39m\n        \u001b[33mtype\u001b[39m=\u001b[32m\"button\"\u001b[39m\n      \u001b[36m>\u001b[39m\n        \u001b[36m<svg\u001b[39m\n          \u001b[33mclass\u001b[39m=\u001b[32m\"h-4 w-4\"\u001b[39m\n          \u001b[33mfill\u001b[39m=\u001b[32m\"none\"\u001b[39m\n          \u001b[33mstroke\u001b[39m=\u001b[32m\"currentColor\"\u001b[39m\n          \u001b[33mviewBox\u001b[39m=\u001b[32m\"0 0 24 24\"\u001b[39m\n        \u001b[36m>\u001b[39m\n          \u001b[36m<path\u001b[39m\n            \u001b[33md\u001b[39m=\u001b[32m\"M9 5l7 7-7 7\"\u001b[39m\n            \u001b[33mstroke-linecap\u001b[39m=\u001b[32m\"round\"\u001b[39m\n            \u001b[33mstroke-linejoin\u001b[39m=\u001b[32m\"round\"\u001b[39m\n            \u001b[33mstroke-width\u001b[39m=\u001b[32m\"2\"\u001b[39m\n          \u001b[36m/>\u001b[39m\n        \u001b[36m</svg>\u001b[39m\n      \u001b[36m</button>\u001b[39m\n    \u001b[36m</div>\u001b[39m\n  \u001b[36m</div>\u001b[39m\n\u001b[36m</body>\u001b[39m\n    at Object.getElementError (E:\\Github\\Qingyu\\Qingyu_fronted\\node_modules\\@testing-library\\vue\\node_modules\\@testing-library\\dom\\dist\\config.js:37:19)\n    at getElementError (E:\\Github\\Qingyu\\Qingyu_fronted\\node_modules\\@testing-library\\vue\\node_modules\\@testing-library\\dom\\dist\\query-helpers.js:20:35)\n    at getMultipleElementsFoundError (E:\\Github\\Qingyu\\Qingyu_fronted\\node_modules\\@testing-library\\vue\\node_modules\\@testing-library\\dom\\dist\\query-helpers.js:23:10)\n    at E:\\Github\\Qingyu\\Qingyu_fronted\\node_modules\\@testing-library\\vue\\node_modules\\@testing-library\\dom\\dist\\query-helpers.js:55:13\n    at E:\\Github\\Qingyu\\Qingyu_fronted\\node_modules\\@testing-library\\vue\\node_modules\\@testing-library\\dom\\dist\\query-helpers.js:95:19\n    at E:\\Github\\Qingyu\\Qingyu_fronted\\tests\\unit\\design-system\\data\\Pagination.test.ts:15:26\n    at file:///E:/Github/Qingyu/Qingyu_fronted/node_modules/@vitest/runner/dist/index.js:146:14\n    at file:///E:/Github/Qingyu/Qingyu_fronted/node_modules/@vitest/runner/dist/index.js:533:11\n    at runWithTimeout (file:///E:/Github/Qingyu/Qingyu_fronted/node_modules/@vitest/runner/dist/index.js:39:7)\n    at runTest (file:///E:/Github/Qingyu/Qingyu_fronted/node_modules/@vitest/runner/dist/index.js:1056:17)"],"meta":{}},{"ancestorTitles":["Pagination","基础渲染"],"fullName":"Pagination 基础渲染 正确渲染总数信息","status":"passed","title":"正确渲染总数信息","duration":56.141599999999926,"failureMessages":[],"meta":{}},{"ancestorTitles":["Pagination","基础渲染"],"fullName":"Pagination 基础渲染 正确计算总页数","status":"failed","title":"正确计算总页数","duration":26.98409999999967,"failureMessages":["AssertionError: expected 6 to be 10 // Object.is equality\n    at E:\\Github\\Qingyu\\Qingyu_fronted\\tests\\unit\\design-system\\data\\Pagination.test.ts:43:35\n    at file:///E:/Github/Qingyu/Qingyu_fronted/node_modules/@vitest/runner/dist/index.js:146:14\n    at file:///E:/Github/Qingyu/Qingyu_fronted/node_modules/@vitest/runner/dist/index.js:533:11\n    at runWithTimeout (file:///E:/Github/Qingyu/Qingyu_fronted/node_modules/@vitest/runner/dist/index.js:39:7)\n    at runTest (file:///E:/Github/Qingyu/Qingyu_fronted/node_modules/@vitest/runner/dist/index.js:1056:17)\n    at processTicksAndRejections (node:internal/process/task_queues:105:5)\n    at runSuite (file:///E:/Github/Qingyu/Qingyu_fronted/node_modules/@vitest/runner/dist/index.js:1205:15)\n    at runSuite (file:///E:/Github/Qingyu/Qingyu_fronted/node_modules/@vitest/runner/dist/index.js:1205:15)\n    at runSuite (file:///E:/Github/Qingyu/Qingyu_fronted/node_modules/@vitest/runner/dist/index.js:1205:15)\n    at runFiles (file:///E:/Github/Qingyu/Qingyu_fronted/node_modules/@vitest/runner/dist/index.js:1262:5)"],"meta":{}},{"ancestorTitles":["Pagination","页码显示逻辑"],"fullName":"Pagination 页码显示逻辑 总页数小于等于 7 时显示所有页码","status":"passed","title":"总页数小于等于 7 时显示所有页码","duration":13.956499999999323,"failureMessages":[],"meta":{}},{"ancestorTitles":["Pagination","页码显示逻辑"],"fullName":"Pagination 页码显示逻辑 总页数大于 7 时使用省略号","status":"passed","title":"总页数大于 7 时使用省略号","duration":14.415799999999763,"failureMessages":[],"meta":{}},{"ancestorTitles":["Pagination","页码显示逻辑"],"fullName":"Pagination 页码显示逻辑 当前页在前面时正确显示","status":"passed","title":"当前页在前面时正确显示","duration":14.882899999999609,"failureMessages":[],"meta":{}},{"ancestorTitles":["Pagination","页码显示逻辑"],"fullName":"Pagination 页码显示逻辑 当前页在后面时正确显示","status":"passed","title":"当前页在后面时正确显示","duration":16.46770000000015,"failureMessages":[],"meta":{}},{"ancestorTitles":["Pagination","交互行为"],"fullName":"Pagination 交互行为 点击页码触发 update:currentPage 事件","status":"passed","title":"点击页码触发 update:currentPage 事件","duration":40.00489999999991,"failureMessages":[],"meta":{}},{"ancestorTitles":["Pagination","交互行为"],"fullName":"Pagination 交互行为 点击上一页按钮触发事件","status":"passed","title":"点击上一页按钮触发事件","duration":18.536000000000058,"failureMessages":[],"meta":{}},{"ancestorTitles":["Pagination","交互行为"],"fullName":"Pagination 交互行为 点击下一页按钮触发事件","status":"passed","title":"点击下一页按钮触发事件","duration":11.738800000000083,"failureMessages":[],"meta":{}},{"ancestorTitles":["Pagination","交互行为"],"fullName":"Pagination 交互行为 在第一页时上一页按钮禁用","status":"passed","title":"在第一页时上一页按钮禁用","duration":12.169600000000173,"failureMessages":[],"meta":{}},{"ancestorTitles":["Pagination","交互行为"],"fullName":"Pagination 交互行为 在最后一页时下一页按钮禁用","status":"passed","title":"在最后一页时下一页按钮禁用","duration":23.000099999999293,"failureMessages":[],"meta":{}},{"ancestorTitles":["Pagination","交互行为"],"fullName":"Pagination 交互行为 disabled 状态下所有按钮禁用","status":"passed","title":"disabled 状态下所有按钮禁用","duration":21.054299999999785,"failureMessages":[],"meta":{}},{"ancestorTitles":["Pagination","交互行为"],"fullName":"Pagination 交互行为 改变每页数量触发事件","status":"passed","title":"改变每页数量触发事件","duration":49.97649999999976,"failureMessages":[],"meta":{}},{"ancestorTitles":["Pagination","跳转功能"],"fullName":"Pagination 跳转功能 输入页码并按回车触发跳转","status":"passed","title":"输入页码并按回车触发跳转","duration":168.34979999999996,"failureMessages":[],"meta":{}},{"ancestorTitles":["Pagination","跳转功能"],"fullName":"Pagination 跳转功能 输入超出范围的页码时自动调整","status":"passed","title":"输入超出范围的页码时自动调整","duration":133.42230000000018,"failureMessages":[],"meta":{}},{"ancestorTitles":["Pagination","跳转功能"],"fullName":"Pagination 跳转功能 失焦时触发跳转","status":"passed","title":"失焦时触发跳转","duration":123.71500000000015,"failureMessages":[],"meta":{}},{"ancestorTitles":["Pagination","布局配置"],"fullName":"Pagination 布局配置 正确显示布局配置的各个部分","status":"passed","title":"正确显示布局配置的各个部分","duration":87.87960000000021,"failureMessages":[],"meta":{}},{"ancestorTitles":["Pagination","布局配置"],"fullName":"Pagination 布局配置 仅显示配置的布局部分","status":"passed","title":"仅显示配置的布局部分","duration":9.12159999999949,"failureMessages":[],"meta":{}},{"ancestorTitles":["Pagination","背景色样式"],"fullName":"Pagination 背景色样式 background 为 true 时按钮有边框","status":"passed","title":"background 为 true 时按钮有边框","duration":18.968599999999242,"failureMessages":[],"meta":{}},{"ancestorTitles":["Pagination","背景色样式"],"fullName":"Pagination 背景色样式 background 为 false 时按钮无边框","status":"passed","title":"background 为 false 时按钮无边框","duration":38.77229999999963,"failureMessages":[],"meta":{}},{"ancestorTitles":["Pagination","hideOnSinglePage"],"fullName":"Pagination hideOnSinglePage 只有一页且 hideOnSinglePage 为 true 时隐藏组件","status":"failed","title":"只有一页且 hideOnSinglePage 为 true 时隐藏组件","duration":18.687400000000707,"failureMessages":["AssertionError: expected undefined to be '' // Object.is equality\n    at E:\\Github\\Qingyu\\Qingyu_fronted\\tests\\unit\\design-system\\data\\Pagination.test.ts:411:44\n    at file:///E:/Github/Qingyu/Qingyu_fronted/node_modules/@vitest/runner/dist/index.js:146:14\n    at file:///E:/Github/Qingyu/Qingyu_fronted/node_modules/@vitest/runner/dist/index.js:533:11\n    at runWithTimeout (file:///E:/Github/Qingyu/Qingyu_fronted/node_modules/@vitest/runner/dist/index.js:39:7)\n    at runTest (file:///E:/Github/Qingyu/Qingyu_fronted/node_modules/@vitest/runner/dist/index.js:1056:17)\n    at processTicksAndRejections (node:internal/process/task_queues:105:5)\n    at runSuite (file:///E:/Github/Qingyu/Qingyu_fronted/node_modules/@vitest/runner/dist/index.js:1205:15)\n    at runSuite (file:///E:/Github/Qingyu/Qingyu_fronted/node_modules/@vitest/runner/dist/index.js:1205:15)\n    at runSuite (file:///E:/Github/Qingyu/Qingyu_fronted/node_modules/@vitest/runner/dist/index.js:1205:15)\n    at runFiles (file:///E:/Github/Qingyu/Qingyu_fronted/node_modules/@vitest/runner/dist/index.js:1262:5)"],"meta":{}},{"ancestorTitles":["Pagination","hideOnSinglePage"],"fullName":"Pagination hideOnSinglePage 只有一页且 hideOnSinglePage 为 false 时显示组件","status":"passed","title":"只有一页且 hideOnSinglePage 为 false 时显示组件","duration":14.846099999999751,"failureMessages":[],"meta":{}},{"ancestorTitles":["Pagination","hideOnSinglePage"],"fullName":"Pagination hideOnSinglePage 多页时始终显示组件","status":"passed","title":"多页时始终显示组件","duration":13.739299999999275,"failureMessages":[],"meta":{}},{"ancestorTitles":["Pagination","双向绑定"],"fullName":"Pagination 双向绑定 支持 v-model:currentPage 双向绑定","status":"passed","title":"支持 v-model:currentPage 双向绑定","duration":14.838400000000547,"failureMessages":[],"meta":{}},{"ancestorTitles":["Pagination","双向绑定"],"fullName":"Pagination 双向绑定 支持 v-model:pageSize 双向绑定","status":"passed","title":"支持 v-model:pageSize 双向绑定","duration":14.123000000000502,"failureMessages":[],"meta":{}},{"ancestorTitles":["Pagination","样式"],"fullName":"Pagination 样式 接受自定义 class","status":"passed","title":"接受自定义 class","duration":19.756799999999203,"failureMessages":[],"meta":{}},{"ancestorTitles":["Pagination","样式"],"fullName":"Pagination 样式 有 transition 动画","status":"passed","title":"有 transition 动画","duration":9.962999999999738,"failureMessages":[],"meta":{}},{"ancestorTitles":["Pagination","边界情况"],"fullName":"Pagination 边界情况 total 为 0 时不显示页码","status":"passed","title":"total 为 0 时不显示页码","duration":11.676699999999983,"failureMessages":[],"meta":{}},{"ancestorTitles":["Pagination","边界情况"],"fullName":"Pagination 边界情况 pageSize 为 0 时不显示页码","status":"failed","title":"pageSize 为 0 时不显示页码","duration":17.473500000000058,"failureMessages":["AssertionError: expected 5 to be +0 // Object.is equality\n    at E:\\Github\\Qingyu\\Qingyu_fronted\\tests\\unit\\design-system\\data\\Pagination.test.ts:540:35\n    at file:///E:/Github/Qingyu/Qingyu_fronted/node_modules/@vitest/runner/dist/index.js:146:14\n    at file:///E:/Github/Qingyu/Qingyu_fronted/node_modules/@vitest/runner/dist/index.js:533:11\n    at runWithTimeout (file:///E:/Github/Qingyu/Qingyu_fronted/node_modules/@vitest/runner/dist/index.js:39:7)\n    at runTest (file:///E:/Github/Qingyu/Qingyu_fronted/node_modules/@vitest/runner/dist/index.js:1056:17)\n    at processTicksAndRejections (node:internal/process/task_queues:105:5)\n    at runSuite (file:///E:/Github/Qingyu/Qingyu_fronted/node_modules/@vitest/runner/dist/index.js:1205:15)\n    at runSuite (file:///E:/Github/Qingyu/Qingyu_fronted/node_modules/@vitest/runner/dist/index.js:1205:15)\n    at runSuite (file:///E:/Github/Qingyu/Qingyu_fronted/node_modules/@vitest/runner/dist/index.js:1205:15)\n    at runFiles (file:///E:/Github/Qingyu/Qingyu_fronted/node_modules/@vitest/runner/dist/index.js:1262:5)"],"meta":{}},{"ancestorTitles":["Pagination","边界情况"],"fullName":"Pagination 边界情况 currentPage 超出范围时仍然渲染","status":"passed","title":"currentPage 超出范围时仍然渲染","duration":13.34689999999955,"failureMessages":[],"meta":{}}],"startTime":1769254078397,"endTime":1769254080280.347,"status":"failed","message":"","name":"E:/Github/Qingyu/Qingyu_fronted/tests/unit/design-system/data/Pagination.test.ts"},{"assertionResults":[{"ancestorTitles":["Table","基础渲染"],"fullName":"Table 基础渲染 默认渲染为空数据","status":"passed","title":"默认渲染为空数据","duration":208.22779999999966,"failureMessages":[],"meta":{}},{"ancestorTitles":["Table","基础渲染"],"fullName":"Table 基础渲染 正确渲染表格数据","status":"passed","title":"正确渲染表格数据","duration":128.00650000000041,"failureMessages":[],"meta":{}},{"ancestorTitles":["Table","基础渲染"],"fullName":"Table 基础渲染 正确渲染表头","status":"passed","title":"正确渲染表头","duration":56.02970000000005,"failureMessages":[],"meta":{}},{"ancestorTitles":["Table","基础渲染"],"fullName":"Table 基础渲染 showHeader 为 false 时不显示表头","status":"passed","title":"showHeader 为 false 时不显示表头","duration":73.77539999999954,"failureMessages":[],"meta":{}},{"ancestorTitles":["Table","样式类名"],"fullName":"Table 样式类名 border 为 true 时添加边框类名","status":"passed","title":"border 为 true 时添加边框类名","duration":64.22350000000006,"failureMessages":[],"meta":{}},{"ancestorTitles":["Table","样式类名"],"fullName":"Table 样式类名 stripe 为 true 时添加斑马纹","status":"passed","title":"stripe 为 true 时添加斑马纹","duration":34.9373999999998,"failureMessages":[],"meta":{}},{"ancestorTitles":["Table","样式类名"],"fullName":"Table 样式类名 highlightCurrentRow 为 true 时添加高亮样式","status":"passed","title":"highlightCurrentRow 为 true 时添加高亮样式","duration":36.0684999999994,"failureMessages":[],"meta":{}},{"ancestorTitles":["Table","样式类名"],"fullName":"Table 样式类名 接受自定义 class","status":"passed","title":"接受自定义 class","duration":35.54660000000058,"failureMessages":[],"meta":{}},{"ancestorTitles":["Table","尺寸变体"],"fullName":"Table 尺寸变体 size 为 sm 时使用小尺寸样式","status":"passed","title":"size 为 sm 时使用小尺寸样式","duration":46.936000000000604,"failureMessages":[],"meta":{}},{"ancestorTitles":["Table","尺寸变体"],"fullName":"Table 尺寸变体 size 为 md 时使用默认尺寸样式","status":"passed","title":"size 为 md 时使用默认尺寸样式","duration":25.22910000000047,"failureMessages":[],"meta":{}},{"ancestorTitles":["Table","尺寸变体"],"fullName":"Table 尺寸变体 size 为 lg 时使用大尺寸样式","status":"passed","title":"size 为 lg 时使用大尺寸样式","duration":24.257000000000517,"failureMessages":[],"meta":{}},{"ancestorTitles":["Table","列对齐"],"fullName":"Table 列对齐 左对齐列使用 text-left 类名","status":"passed","title":"左对齐列使用 text-left 类名","duration":21.09479999999985,"failureMessages":[],"meta":{}},{"ancestorTitles":["Table","列对齐"],"fullName":"Table 列对齐 居中对齐列使用 text-center 类名","status":"passed","title":"居中对齐列使用 text-center 类名","duration":21.842999999999847,"failureMessages":[],"meta":{}},{"ancestorTitles":["Table","列对齐"],"fullName":"Table 列对齐 右对齐列使用 text-right 类名","status":"passed","title":"右对齐列使用 text-right 类名","duration":13.835000000000036,"failureMessages":[],"meta":{}},{"ancestorTitles":["Table","交互行为"],"fullName":"Table 交互行为 点击行触发 rowClick 事件","status":"passed","title":"点击行触发 rowClick 事件","duration":58.41619999999966,"failureMessages":[],"meta":{}},{"ancestorTitles":["Table","交互行为"],"fullName":"Table 交互行为 双击行触发 rowDblclick 事件","status":"failed","title":"双击行触发 rowDblclick 事件","duration":43.46510000000035,"failureMessages":["TypeError: firstRow.dblclick is not a function\n    at E:\\Github\\Qingyu\\Qingyu_fronted\\tests\\unit\\design-system\\data\\Table.test.ts:273:24\n    at file:///E:/Github/Qingyu/Qingyu_fronted/node_modules/@vitest/runner/dist/index.js:146:14\n    at file:///E:/Github/Qingyu/Qingyu_fronted/node_modules/@vitest/runner/dist/index.js:533:11\n    at runWithTimeout (file:///E:/Github/Qingyu/Qingyu_fronted/node_modules/@vitest/runner/dist/index.js:39:7)\n    at runTest (file:///E:/Github/Qingyu/Qingyu_fronted/node_modules/@vitest/runner/dist/index.js:1056:17)\n    at processTicksAndRejections (node:internal/process/task_queues:105:5)\n    at runSuite (file:///E:/Github/Qingyu/Qingyu_fronted/node_modules/@vitest/runner/dist/index.js:1205:15)\n    at runSuite (file:///E:/Github/Qingyu/Qingyu_fronted/node_modules/@vitest/runner/dist/index.js:1205:15)\n    at runSuite (file:///E:/Github/Qingyu/Qingyu_fronted/node_modules/@vitest/runner/dist/index.js:1205:15)\n    at runFiles (file:///E:/Github/Qingyu/Qingyu_fronted/node_modules/@vitest/runner/dist/index.js:1262:5)"],"meta":{}},{"ancestorTitles":["Table","交互行为"],"fullName":"Table 交互行为 点击排序列触发 sortChange 事件","status":"passed","title":"点击排序列触发 sortChange 事件","duration":29.365099999999984,"failureMessages":[],"meta":{}},{"ancestorTitles":["Table","空数据状态"],"fullName":"Table 空数据状态 数据为空时显示空状态文本","status":"passed","title":"数据为空时显示空状态文本","duration":15.556600000000799,"failureMessages":[],"meta":{}},{"ancestorTitles":["Table","空数据状态"],"fullName":"Table 空数据状态 使用默认空状态文本","status":"passed","title":"使用默认空状态文本","duration":30.885299999999916,"failureMessages":[],"meta":{}},{"ancestorTitles":["Table","自定义渲染"],"fullName":"Table 自定义渲染 支持自定义单元格渲染函数","status":"passed","title":"支持自定义单元格渲染函数","duration":18.752400000000307,"failureMessages":[],"meta":{}},{"ancestorTitles":["Table","自定义样式"],"fullName":"Table 自定义样式 支持自定义行类名字符串","status":"passed","title":"支持自定义行类名字符串","duration":27.30450000000019,"failureMessages":[],"meta":{}},{"ancestorTitles":["Table","自定义样式"],"fullName":"Table 自定义样式 支持自定义行类名函数","status":"passed","title":"支持自定义行类名函数","duration":25.394500000000335,"failureMessages":[],"meta":{}},{"ancestorTitles":["Table","自定义样式"],"fullName":"Table 自定义样式 支持自定义单元格类名字符串","status":"passed","title":"支持自定义单元格类名字符串","duration":70.5060999999996,"failureMessages":[],"meta":{}},{"ancestorTitles":["Table","列宽度"],"fullName":"Table 列宽度 固定列宽时使用指定宽度","status":"passed","title":"固定列宽时使用指定宽度","duration":15.272100000000137,"failureMessages":[],"meta":{}},{"ancestorTitles":["Table","列宽度"],"fullName":"Table 列宽度 最小列宽时使用最小宽度","status":"passed","title":"最小列宽时使用最小宽度","duration":15.017800000000534,"failureMessages":[],"meta":{}},{"ancestorTitles":["Table","列宽度"],"fullName":"Table 列宽度 fit 为 true 时使用 table-fixed 布局","status":"passed","title":"fit 为 true 时使用 table-fixed 布局","duration":22.853100000000268,"failureMessages":[],"meta":{}},{"ancestorTitles":["Table","列宽度"],"fullName":"Table 列宽度 fit 为 false 时不使用 table-fixed 布局","status":"passed","title":"fit 为 false 时不使用 table-fixed 布局","duration":22.176000000000386,"failureMessages":[],"meta":{}},{"ancestorTitles":["Table","排序功能"],"fullName":"Table 排序功能 sortable 为 true 的列显示排序图标","status":"passed","title":"sortable 为 true 的列显示排序图标","duration":9.124300000000403,"failureMessages":[],"meta":{}},{"ancestorTitles":["Table","排序功能"],"fullName":"Table 排序功能 默认排序状态正确显示","status":"passed","title":"默认排序状态正确显示","duration":11.866899999999987,"failureMessages":[],"meta":{}},{"ancestorTitles":["Table","边界情况"],"fullName":"Table 边界情况 空列配置时不报错","status":"passed","title":"空列配置时不报错","duration":9.379799999999705,"failureMessages":[],"meta":{}},{"ancestorTitles":["Table","边界情况"],"fullName":"Table 边界情况 undefined 值正确显示","status":"passed","title":"undefined 值正确显示","duration":9.506100000000515,"failureMessages":[],"meta":{}},{"ancestorTitles":["Table","边界情况"],"fullName":"Table 边界情况 null 值正确显示","status":"passed","title":"null 值正确显示","duration":12.703599999999824,"failureMessages":[],"meta":{}},{"ancestorTitles":["Table","边界情况"],"fullName":"Table 边界情况 大数据量正常渲染","status":"passed","title":"大数据量正常渲染","duration":525.9898000000003,"failureMessages":[],"meta":{}},{"ancestorTitles":["Table","过渡动画"],"fullName":"Table 过渡动画 行有 transition 类名","status":"passed","title":"行有 transition 类名","duration":15.767300000001342,"failureMessages":[],"meta":{}}],"startTime":1769254079608,"endTime":1769254081409.7673,"status":"failed","message":"","name":"E:/Github/Qingyu/Qingyu_fronted/tests/unit/design-system/data/Table.test.ts"},{"assertionResults":[{"ancestorTitles":["Tabs 组件","基础渲染"],"fullName":"Tabs 组件 基础渲染 应该正确渲染 Tabs 组件","status":"passed","title":"应该正确渲染 Tabs 组件","duration":150.29509999999937,"failureMessages":[],"meta":{}},{"ancestorTitles":["Tabs 组件","基础渲染"],"fullName":"Tabs 组件 基础渲染 应该渲染所有子标签","status":"passed","title":"应该渲染所有子标签","duration":36.63580000000002,"failureMessages":[],"meta":{}},{"ancestorTitles":["Tabs 组件","基础渲染"],"fullName":"Tabs 组件 基础渲染 应该应用正确的容器类名","status":"passed","title":"应该应用正确的容器类名","duration":23.902500000000146,"failureMessages":[],"meta":{}},{"ancestorTitles":["Tabs 组件","v-model 双向绑定"],"fullName":"Tabs 组件 v-model 双向绑定 应该支持 v-model 绑定","status":"passed","title":"应该支持 v-model 绑定","duration":14.665600000000268,"failureMessages":[],"meta":{}},{"ancestorTitles":["Tabs 组件","v-model 双向绑定"],"fullName":"Tabs 组件 v-model 双向绑定 应该正确更新 modelValue","status":"failed","title":"应该正确更新 modelValue","duration":33.11620000000039,"failureMessages":["TypeError: Cannot create property 'value' on string ''\n    at E:\\Github\\Qingyu\\Qingyu_fronted\\tests\\unit\\design-system\\data\\Tabs.test.ts:97:30\n    at file:///E:/Github/Qingyu/Qingyu_fronted/node_modules/@vitest/runner/dist/index.js:146:14\n    at file:///E:/Github/Qingyu/Qingyu_fronted/node_modules/@vitest/runner/dist/index.js:533:11\n    at runWithTimeout (file:///E:/Github/Qingyu/Qingyu_fronted/node_modules/@vitest/runner/dist/index.js:39:7)\n    at runTest (file:///E:/Github/Qingyu/Qingyu_fronted/node_modules/@vitest/runner/dist/index.js:1056:17)\n    at processTicksAndRejections (node:internal/process/task_queues:105:5)\n    at runSuite (file:///E:/Github/Qingyu/Qingyu_fronted/node_modules/@vitest/runner/dist/index.js:1205:15)\n    at runSuite (file:///E:/Github/Qingyu/Qingyu_fronted/node_modules/@vitest/runner/dist/index.js:1205:15)\n    at runSuite (file:///E:/Github/Qingyu/Qingyu_fronted/node_modules/@vitest/runner/dist/index.js:1205:15)\n    at runFiles (file:///E:/Github/Qingyu/Qingyu_fronted/node_modules/@vitest/runner/dist/index.js:1262:5)"],"meta":{}},{"ancestorTitles":["Tabs 组件","v-model 双向绑定"],"fullName":"Tabs 组件 v-model 双向绑定 应该触发 tabChange 事件","status":"failed","title":"应该触发 tabChange 事件","duration":13.311400000000503,"failureMessages":["TypeError: Cannot create property 'value' on string ''\n    at E:\\Github\\Qingyu\\Qingyu_fronted\\tests\\unit\\design-system\\data\\Tabs.test.ts:116:30\n    at file:///E:/Github/Qingyu/Qingyu_fronted/node_modules/@vitest/runner/dist/index.js:146:14\n    at file:///E:/Github/Qingyu/Qingyu_fronted/node_modules/@vitest/runner/dist/index.js:533:11\n    at runWithTimeout (file:///E:/Github/Qingyu/Qingyu_fronted/node_modules/@vitest/runner/dist/index.js:39:7)\n    at runTest (file:///E:/Github/Qingyu/Qingyu_fronted/node_modules/@vitest/runner/dist/index.js:1056:17)\n    at processTicksAndRejections (node:internal/process/task_queues:105:5)\n    at runSuite (file:///E:/Github/Qingyu/Qingyu_fronted/node_modules/@vitest/runner/dist/index.js:1205:15)\n    at runSuite (file:///E:/Github/Qingyu/Qingyu_fronted/node_modules/@vitest/runner/dist/index.js:1205:15)\n    at runSuite (file:///E:/Github/Qingyu/Qingyu_fronted/node_modules/@vitest/runner/dist/index.js:1205:15)\n    at runFiles (file:///E:/Github/Qingyu/Qingyu_fronted/node_modules/@vitest/runner/dist/index.js:1262:5)"],"meta":{}},{"ancestorTitles":["Tabs 组件","类型变体"],"fullName":"Tabs 组件 类型变体 line 类型应该应用正确的样式","status":"failed","title":"line 类型应该应用正确的样式","duration":18.854600000000573,"failureMessages":["AssertionError: expected [ 'w-full', 'flex', …(2) ] to include 'border-b'\n    at Proxy.<anonymous> (file:///E:/Github/Qingyu/Qingyu_fronted/node_modules/@vitest/expect/dist/index.js:1196:17)\n    at Proxy.<anonymous> (file:///E:/Github/Qingyu/Qingyu_fronted/node_modules/@vitest/expect/dist/index.js:972:17)\n    at Proxy.methodWrapper (file:///E:/Github/Qingyu/Qingyu_fronted/node_modules/chai/index.js:1686:25)\n    at E:\\Github\\Qingyu\\Qingyu_fronted\\tests\\unit\\design-system\\data\\Tabs.test.ts:138:29\n    at file:///E:/Github/Qingyu/Qingyu_fronted/node_modules/@vitest/runner/dist/index.js:146:14\n    at file:///E:/Github/Qingyu/Qingyu_fronted/node_modules/@vitest/runner/dist/index.js:533:11\n    at runWithTimeout (file:///E:/Github/Qingyu/Qingyu_fronted/node_modules/@vitest/runner/dist/index.js:39:7)\n    at runTest (file:///E:/Github/Qingyu/Qingyu_fronted/node_modules/@vitest/runner/dist/index.js:1056:17)\n    at processTicksAndRejections (node:internal/process/task_queues:105:5)\n    at runSuite (file:///E:/Github/Qingyu/Qingyu_fronted/node_modules/@vitest/runner/dist/index.js:1205:15)"],"meta":{}},{"ancestorTitles":["Tabs 组件","类型变体"],"fullName":"Tabs 组件 类型变体 card 类型应该应用正确的样式","status":"failed","title":"card 类型应该应用正确的样式","duration":11.816600000000108,"failureMessages":["AssertionError: expected [ 'w-full', 'flex', …(2) ] to include 'bg-slate-100'\n    at Proxy.<anonymous> (file:///E:/Github/Qingyu/Qingyu_fronted/node_modules/@vitest/expect/dist/index.js:1196:17)\n    at Proxy.<anonymous> (file:///E:/Github/Qingyu/Qingyu_fronted/node_modules/@vitest/expect/dist/index.js:972:17)\n    at Proxy.methodWrapper (file:///E:/Github/Qingyu/Qingyu_fronted/node_modules/chai/index.js:1686:25)\n    at E:\\Github\\Qingyu\\Qingyu_fronted\\tests\\unit\\design-system\\data\\Tabs.test.ts:155:29\n    at file:///E:/Github/Qingyu/Qingyu_fronted/node_modules/@vitest/runner/dist/index.js:146:14\n    at file:///E:/Github/Qingyu/Qingyu_fronted/node_modules/@vitest/runner/dist/index.js:533:11\n    at runWithTimeout (file:///E:/Github/Qingyu/Qingyu_fronted/node_modules/@vitest/runner/dist/index.js:39:7)\n    at runTest (file:///E:/Github/Qingyu/Qingyu_fronted/node_modules/@vitest/runner/dist/index.js:1056:17)\n    at processTicksAndRejections (node:internal/process/task_queues:105:5)\n    at runSuite (file:///E:/Github/Qingyu/Qingyu_fronted/node_modules/@vitest/runner/dist/index.js:1205:15)"],"meta":{}},{"ancestorTitles":["Tabs 组件","类型变体"],"fullName":"Tabs 组件 类型变体 border-card 类型应该应用正确的样式","status":"failed","title":"border-card 类型应该应用正确的样式","duration":14.41609999999946,"failureMessages":["AssertionError: expected [ 'w-full', 'flex', …(2) ] to include 'border'\n    at Proxy.<anonymous> (file:///E:/Github/Qingyu/Qingyu_fronted/node_modules/@vitest/expect/dist/index.js:1196:17)\n    at Proxy.<anonymous> (file:///E:/Github/Qingyu/Qingyu_fronted/node_modules/@vitest/expect/dist/index.js:972:17)\n    at Proxy.methodWrapper (file:///E:/Github/Qingyu/Qingyu_fronted/node_modules/chai/index.js:1686:25)\n    at E:\\Github\\Qingyu\\Qingyu_fronted\\tests\\unit\\design-system\\data\\Tabs.test.ts:172:29\n    at file:///E:/Github/Qingyu/Qingyu_fronted/node_modules/@vitest/runner/dist/index.js:146:14\n    at file:///E:/Github/Qingyu/Qingyu_fronted/node_modules/@vitest/runner/dist/index.js:533:11\n    at runWithTimeout (file:///E:/Github/Qingyu/Qingyu_fronted/node_modules/@vitest/runner/dist/index.js:39:7)\n    at runTest (file:///E:/Github/Qingyu/Qingyu_fronted/node_modules/@vitest/runner/dist/index.js:1056:17)\n    at processTicksAndRejections (node:internal/process/task_queues:105:5)\n    at runSuite (file:///E:/Github/Qingyu/Qingyu_fronted/node_modules/@vitest/runner/dist/index.js:1205:15)"],"meta":{}},{"ancestorTitles":["Tabs 组件","标签位置"],"fullName":"Tabs 组件 标签位置 top 位置应该应用正确的样式","status":"passed","title":"top 位置应该应用正确的样式","duration":7.88590000000022,"failureMessages":[],"meta":{}},{"ancestorTitles":["Tabs 组件","标签位置"],"fullName":"Tabs 组件 标签位置 right 位置应该应用正确的样式","status":"passed","title":"right 位置应该应用正确的样式","duration":8.335399999999936,"failureMessages":[],"meta":{}},{"ancestorTitles":["Tabs 组件","标签位置"],"fullName":"Tabs 组件 标签位置 bottom 位置应该应用正确的样式","status":"passed","title":"bottom 位置应该应用正确的样式","duration":21.0029999999997,"failureMessages":[],"meta":{}},{"ancestorTitles":["Tabs 组件","标签位置"],"fullName":"Tabs 组件 标签位置 left 位置应该应用正确的样式","status":"passed","title":"left 位置应该应用正确的样式","duration":10.61029999999937,"failureMessages":[],"meta":{}},{"ancestorTitles":["Tabs 组件","标签管理"],"fullName":"Tabs 组件 标签管理 应该正确添加标签","status":"passed","title":"应该正确添加标签","duration":12.287000000000262,"failureMessages":[],"meta":{}},{"ancestorTitles":["Tabs 组件","标签管理"],"fullName":"Tabs 组件 标签管理 应该正确移除标签","status":"passed","title":"应该正确移除标签","duration":36.673500000000786,"failureMessages":[],"meta":{}},{"ancestorTitles":["Tabs 组件","标签点击"],"fullName":"Tabs 组件 标签点击 应该触发 tabClick 事件","status":"passed","title":"应该触发 tabClick 事件","duration":25.967999999999847,"failureMessages":[],"meta":{}},{"ancestorTitles":["Tabs 组件","标签点击"],"fullName":"Tabs 组件 标签点击 点击标签应该切换当前激活的标签","status":"passed","title":"点击标签应该切换当前激活的标签","duration":25.027000000000044,"failureMessages":[],"meta":{}},{"ancestorTitles":["Tabs 组件","标签移除"],"fullName":"Tabs 组件 标签移除 应该触发 tabRemove 事件","status":"passed","title":"应该触发 tabRemove 事件","duration":21.08809999999994,"failureMessages":[],"meta":{}},{"ancestorTitles":["Tabs 组件","标签移除"],"fullName":"Tabs 组件 标签移除 移除当前激活的标签应该激活前一个标签","status":"passed","title":"移除当前激活的标签应该激活前一个标签","duration":40.33430000000044,"failureMessages":[],"meta":{}},{"ancestorTitles":["TabPane 组件","基础渲染"],"fullName":"TabPane 组件 基础渲染 应该正确渲染 TabPane 组件","status":"passed","title":"应该正确渲染 TabPane 组件","duration":21.49739999999929,"failureMessages":[],"meta":{}},{"ancestorTitles":["TabPane 组件","基础渲染"],"fullName":"TabPane 组件 基础渲染 应该显示标签文本","status":"passed","title":"应该显示标签文本","duration":9.562399999999798,"failureMessages":[],"meta":{}},{"ancestorTitles":["TabPane 组件","基础渲染"],"fullName":"TabPane 组件 基础渲染 没有 name 时应该使用 uid","status":"passed","title":"没有 name 时应该使用 uid","duration":9.046899999999368,"failureMessages":[],"meta":{}},{"ancestorTitles":["TabPane 组件","激活状态"],"fullName":"TabPane 组件 激活状态 激活状态应该显示面板内容","status":"failed","title":"激活状态应该显示面板内容","duration":23.97860000000037,"failureMessages":["AssertionError: expected false to be true // Object.is equality\n    at E:\\Github\\Qingyu\\Qingyu_fronted\\tests\\unit\\design-system\\data\\Tabs.test.ts:469:35\n    at file:///E:/Github/Qingyu/Qingyu_fronted/node_modules/@vitest/runner/dist/index.js:146:14\n    at file:///E:/Github/Qingyu/Qingyu_fronted/node_modules/@vitest/runner/dist/index.js:533:11\n    at runWithTimeout (file:///E:/Github/Qingyu/Qingyu_fronted/node_modules/@vitest/runner/dist/index.js:39:7)\n    at runTest (file:///E:/Github/Qingyu/Qingyu_fronted/node_modules/@vitest/runner/dist/index.js:1056:17)\n    at processTicksAndRejections (node:internal/process/task_queues:105:5)\n    at runSuite (file:///E:/Github/Qingyu/Qingyu_fronted/node_modules/@vitest/runner/dist/index.js:1205:15)\n    at runSuite (file:///E:/Github/Qingyu/Qingyu_fronted/node_modules/@vitest/runner/dist/index.js:1205:15)\n    at runSuite (file:///E:/Github/Qingyu/Qingyu_fronted/node_modules/@vitest/runner/dist/index.js:1205:15)\n    at runFiles (file:///E:/Github/Qingyu/Qingyu_fronted/node_modules/@vitest/runner/dist/index.js:1262:5)"],"meta":{}},{"ancestorTitles":["TabPane 组件","激活状态"],"fullName":"TabPane 组件 激活状态 非激活状态应该隐藏面板内容","status":"passed","title":"非激活状态应该隐藏面板内容","duration":13.923400000000584,"failureMessages":[],"meta":{}},{"ancestorTitles":["TabPane 组件","禁用状态"],"fullName":"TabPane 组件 禁用状态 禁用的标签应该有正确的样式","status":"passed","title":"禁用的标签应该有正确的样式","duration":23.509299999999712,"failureMessages":[],"meta":{}},{"ancestorTitles":["TabPane 组件","禁用状态"],"fullName":"TabPane 组件 禁用状态 禁用的标签不应该响应点击","status":"passed","title":"禁用的标签不应该响应点击","duration":17.094700000000557,"failureMessages":[],"meta":{}},{"ancestorTitles":["TabPane 组件","禁用状态"],"fullName":"TabPane 组件 禁用状态 未禁用的标签应该响应点击","status":"passed","title":"未禁用的标签应该响应点击","duration":14.04780000000028,"failureMessages":[],"meta":{}},{"ancestorTitles":["TabPane 组件","可关闭状态"],"fullName":"TabPane 组件 可关闭状态 closable 为 true 时应该显示关闭按钮","status":"passed","title":"closable 为 true 时应该显示关闭按钮","duration":69.94999999999982,"failureMessages":[],"meta":{}},{"ancestorTitles":["TabPane 组件","可关闭状态"],"fullName":"TabPane 组件 可关闭状态 应该继承父组件的 closable 属性","status":"failed","title":"应该继承父组件的 closable 属性","duration":14.7458000000006,"failureMessages":["AssertionError: expected false to be true // Object.is equality\n    at E:\\Github\\Qingyu\\Qingyu_fronted\\tests\\unit\\design-system\\data\\Tabs.test.ts:631:37\n    at file:///E:/Github/Qingyu/Qingyu_fronted/node_modules/@vitest/runner/dist/index.js:146:14\n    at file:///E:/Github/Qingyu/Qingyu_fronted/node_modules/@vitest/runner/dist/index.js:533:11\n    at runWithTimeout (file:///E:/Github/Qingyu/Qingyu_fronted/node_modules/@vitest/runner/dist/index.js:39:7)\n    at runTest (file:///E:/Github/Qingyu/Qingyu_fronted/node_modules/@vitest/runner/dist/index.js:1056:17)\n    at processTicksAndRejections (node:internal/process/task_queues:105:5)\n    at runSuite (file:///E:/Github/Qingyu/Qingyu_fronted/node_modules/@vitest/runner/dist/index.js:1205:15)\n    at runSuite (file:///E:/Github/Qingyu/Qingyu_fronted/node_modules/@vitest/runner/dist/index.js:1205:15)\n    at runSuite (file:///E:/Github/Qingyu/Qingyu_fronted/node_modules/@vitest/runner/dist/index.js:1205:15)\n    at runFiles (file:///E:/Github/Qingyu/Qingyu_fronted/node_modules/@vitest/runner/dist/index.js:1262:5)"],"meta":{}},{"ancestorTitles":["TabPane 组件","可关闭状态"],"fullName":"TabPane 组件 可关闭状态 自身的 closable 属性应该优先于父组件","status":"passed","title":"自身的 closable 属性应该优先于父组件","duration":9.285300000000461,"failureMessages":[],"meta":{}},{"ancestorTitles":["TabPane 组件","插槽"],"fullName":"TabPane 组件 插槽 应该支持自定义标签插槽","status":"passed","title":"应该支持自定义标签插槽","duration":76.34090000000015,"failureMessages":[],"meta":{}},{"ancestorTitles":["TabPane 组件","插槽"],"fullName":"TabPane 组件 插槽 应该支持默认内容插槽","status":"failed","title":"应该支持默认内容插槽","duration":24.69709999999941,"failureMessages":["AssertionError: expected '<!-- 标签头 -->\\n<div class=\"relative fl…' to contain '自定义内容'\n    at E:\\Github\\Qingyu\\Qingyu_fronted\\tests\\unit\\design-system\\data\\Tabs.test.ts:712:30\n    at file:///E:/Github/Qingyu/Qingyu_fronted/node_modules/@vitest/runner/dist/index.js:146:14\n    at file:///E:/Github/Qingyu/Qingyu_fronted/node_modules/@vitest/runner/dist/index.js:533:11\n    at runWithTimeout (file:///E:/Github/Qingyu/Qingyu_fronted/node_modules/@vitest/runner/dist/index.js:39:7)\n    at runTest (file:///E:/Github/Qingyu/Qingyu_fronted/node_modules/@vitest/runner/dist/index.js:1056:17)\n    at processTicksAndRejections (node:internal/process/task_queues:105:5)\n    at runSuite (file:///E:/Github/Qingyu/Qingyu_fronted/node_modules/@vitest/runner/dist/index.js:1205:15)\n    at runSuite (file:///E:/Github/Qingyu/Qingyu_fronted/node_modules/@vitest/runner/dist/index.js:1205:15)\n    at runSuite (file:///E:/Github/Qingyu/Qingyu_fronted/node_modules/@vitest/runner/dist/index.js:1205:15)\n    at runFiles (file:///E:/Github/Qingyu/Qingyu_fronted/node_modules/@vitest/runner/dist/index.js:1262:5)"],"meta":{}},{"ancestorTitles":["TabPane 组件","样式类名"],"fullName":"TabPane 组件 样式类名 应该应用正确的标签类名","status":"passed","title":"应该应用正确的标签类名","duration":7.743799999999283,"failureMessages":[],"meta":{}},{"ancestorTitles":["TabPane 组件","样式类名"],"fullName":"TabPane 组件 样式类名 应该支持自定义类名","status":"passed","title":"应该支持自定义类名","duration":15.822500000000218,"failureMessages":[],"meta":{}},{"ancestorTitles":["TabPane 组件","生命周期"],"fullName":"TabPane 组件 生命周期 组件挂载时应该注册到 Tabs","status":"passed","title":"组件挂载时应该注册到 Tabs","duration":4.092000000000553,"failureMessages":[],"meta":{}},{"ancestorTitles":["TabPane 组件","生命周期"],"fullName":"TabPane 组件 生命周期 组件卸载时应该从 Tabs 移除","status":"passed","title":"组件卸载时应该从 Tabs 移除","duration":35.36629999999968,"failureMessages":[],"meta":{}},{"ancestorTitles":["TabPane 组件","边缘情况"],"fullName":"TabPane 组件 边缘情况 数字类型的 name 应该正常工作","status":"failed","title":"数字类型的 name 应该正常工作","duration":11.457399999999325,"failureMessages":["AssertionError: expected false to be true // Object.is equality\n    at E:\\Github\\Qingyu\\Qingyu_fronted\\tests\\unit\\design-system\\data\\Tabs.test.ts:846:35\n    at file:///E:/Github/Qingyu/Qingyu_fronted/node_modules/@vitest/runner/dist/index.js:146:14\n    at file:///E:/Github/Qingyu/Qingyu_fronted/node_modules/@vitest/runner/dist/index.js:533:11\n    at runWithTimeout (file:///E:/Github/Qingyu/Qingyu_fronted/node_modules/@vitest/runner/dist/index.js:39:7)\n    at runTest (file:///E:/Github/Qingyu/Qingyu_fronted/node_modules/@vitest/runner/dist/index.js:1056:17)\n    at processTicksAndRejections (node:internal/process/task_queues:105:5)\n    at runSuite (file:///E:/Github/Qingyu/Qingyu_fronted/node_modules/@vitest/runner/dist/index.js:1205:15)\n    at runSuite (file:///E:/Github/Qingyu/Qingyu_fronted/node_modules/@vitest/runner/dist/index.js:1205:15)\n    at runSuite (file:///E:/Github/Qingyu/Qingyu_fronted/node_modules/@vitest/runner/dist/index.js:1205:15)\n    at runFiles (file:///E:/Github/Qingyu/Qingyu_fronted/node_modules/@vitest/runner/dist/index.js:1262:5)"],"meta":{}},{"ancestorTitles":["TabPane 组件","边缘情况"],"fullName":"TabPane 组件 边缘情况 空标签应该使用插槽内容","status":"passed","title":"空标签应该使用插槽内容","duration":7.068100000000413,"failureMessages":[],"meta":{}}],"startTime":1769254070536,"endTime":1769254071482.068,"status":"failed","message":"","name":"E:/Github/Qingyu/Qingyu_fronted/tests/unit/design-system/data/Tabs.test.ts"},{"assertionResults":[{"ancestorTitles":["Tree 组件","基础渲染"],"fullName":"Tree 组件 基础渲染 应该正确渲染树形结构","status":"failed","title":"应该正确渲染树形结构","duration":216.22040000000015,"failureMessages":["AssertionError: expected +0 to be 3 // Object.is equality\n    at E:\\Github\\Qingyu\\Qingyu_fronted\\tests\\unit\\design-system\\data\\Tree.test.ts:67:52\n    at file:///E:/Github/Qingyu/Qingyu_fronted/node_modules/@vitest/runner/dist/index.js:146:14\n    at file:///E:/Github/Qingyu/Qingyu_fronted/node_modules/@vitest/runner/dist/index.js:533:11\n    at runWithTimeout (file:///E:/Github/Qingyu/Qingyu_fronted/node_modules/@vitest/runner/dist/index.js:39:7)\n    at runTest (file:///E:/Github/Qingyu/Qingyu_fronted/node_modules/@vitest/runner/dist/index.js:1056:17)\n    at processTicksAndRejections (node:internal/process/task_queues:105:5)\n    at runSuite (file:///E:/Github/Qingyu/Qingyu_fronted/node_modules/@vitest/runner/dist/index.js:1205:15)\n    at runSuite (file:///E:/Github/Qingyu/Qingyu_fronted/node_modules/@vitest/runner/dist/index.js:1205:15)\n    at runSuite (file:///E:/Github/Qingyu/Qingyu_fronted/node_modules/@vitest/runner/dist/index.js:1205:15)\n    at runFiles (file:///E:/Github/Qingyu/Qingyu_fronted/node_modules/@vitest/runner/dist/index.js:1262:5)"],"meta":{}},{"ancestorTitles":["Tree 组件","基础渲染"],"fullName":"Tree 组件 基础渲染 应该显示所有一级节点","status":"failed","title":"应该显示所有一级节点","duration":44.17479999999978,"failureMessages":["AssertionError: expected +0 to be 3 // Object.is equality\n    at E:\\Github\\Qingyu\\Qingyu_fronted\\tests\\unit\\design-system\\data\\Tree.test.ts:76:28\n    at file:///E:/Github/Qingyu/Qingyu_fronted/node_modules/@vitest/runner/dist/index.js:146:14\n    at file:///E:/Github/Qingyu/Qingyu_fronted/node_modules/@vitest/runner/dist/index.js:533:11\n    at runWithTimeout (file:///E:/Github/Qingyu/Qingyu_fronted/node_modules/@vitest/runner/dist/index.js:39:7)\n    at runTest (file:///E:/Github/Qingyu/Qingyu_fronted/node_modules/@vitest/runner/dist/index.js:1056:17)\n    at processTicksAndRejections (node:internal/process/task_queues:105:5)\n    at runSuite (file:///E:/Github/Qingyu/Qingyu_fronted/node_modules/@vitest/runner/dist/index.js:1205:15)\n    at runSuite (file:///E:/Github/Qingyu/Qingyu_fronted/node_modules/@vitest/runner/dist/index.js:1205:15)\n    at runSuite (file:///E:/Github/Qingyu/Qingyu_fronted/node_modules/@vitest/runner/dist/index.js:1205:15)\n    at runFiles (file:///E:/Github/Qingyu/Qingyu_fronted/node_modules/@vitest/runner/dist/index.js:1262:5)"],"meta":{}},{"ancestorTitles":["Tree 组件","基础渲染"],"fullName":"Tree 组件 基础渲染 应该显示节点的 label","status":"failed","title":"应该显示节点的 label","duration":10.456000000000131,"failureMessages":["TypeError: Cannot read properties of undefined (reading 'text')\n    at E:\\Github\\Qingyu\\Qingyu_fronted\\tests\\unit\\design-system\\data\\Tree.test.ts:85:24\n    at file:///E:/Github/Qingyu/Qingyu_fronted/node_modules/@vitest/runner/dist/index.js:146:14\n    at file:///E:/Github/Qingyu/Qingyu_fronted/node_modules/@vitest/runner/dist/index.js:533:11\n    at runWithTimeout (file:///E:/Github/Qingyu/Qingyu_fronted/node_modules/@vitest/runner/dist/index.js:39:7)\n    at runTest (file:///E:/Github/Qingyu/Qingyu_fronted/node_modules/@vitest/runner/dist/index.js:1056:17)\n    at processTicksAndRejections (node:internal/process/task_queues:105:5)\n    at runSuite (file:///E:/Github/Qingyu/Qingyu_fronted/node_modules/@vitest/runner/dist/index.js:1205:15)\n    at runSuite (file:///E:/Github/Qingyu/Qingyu_fronted/node_modules/@vitest/runner/dist/index.js:1205:15)\n    at runSuite (file:///E:/Github/Qingyu/Qingyu_fronted/node_modules/@vitest/runner/dist/index.js:1205:15)\n    at runFiles (file:///E:/Github/Qingyu/Qingyu_fronted/node_modules/@vitest/runner/dist/index.js:1262:5)"],"meta":{}},{"ancestorTitles":["Tree 组件","展开/收起"],"fullName":"Tree 组件 展开/收起 默认情况下不展开子节点","status":"passed","title":"默认情况下不展开子节点","duration":26.22440000000006,"failureMessages":[],"meta":{}},{"ancestorTitles":["Tree 组件","展开/收起"],"fullName":"Tree 组件 展开/收起 defaultExpandAll 为 true 时应该展开所有节点","status":"failed","title":"defaultExpandAll 为 true 时应该展开所有节点","duration":22.325200000000223,"failureMessages":["AssertionError: expected '<div class=\"tree\"> {nodeStates.map((n…' to contain '二级 1-1'\n    at E:\\Github\\Qingyu\\Qingyu_fronted\\tests\\unit\\design-system\\data\\Tree.test.ts:113:30\n    at file:///E:/Github/Qingyu/Qingyu_fronted/node_modules/@vitest/runner/dist/index.js:146:14\n    at file:///E:/Github/Qingyu/Qingyu_fronted/node_modules/@vitest/runner/dist/index.js:533:11\n    at runWithTimeout (file:///E:/Github/Qingyu/Qingyu_fronted/node_modules/@vitest/runner/dist/index.js:39:7)\n    at runTest (file:///E:/Github/Qingyu/Qingyu_fronted/node_modules/@vitest/runner/dist/index.js:1056:17)\n    at processTicksAndRejections (node:internal/process/task_queues:105:5)\n    at runSuite (file:///E:/Github/Qingyu/Qingyu_fronted/node_modules/@vitest/runner/dist/index.js:1205:15)\n    at runSuite (file:///E:/Github/Qingyu/Qingyu_fronted/node_modules/@vitest/runner/dist/index.js:1205:15)\n    at runSuite (file:///E:/Github/Qingyu/Qingyu_fronted/node_modules/@vitest/runner/dist/index.js:1205:15)\n    at runFiles (file:///E:/Github/Qingyu/Qingyu_fronted/node_modules/@vitest/runner/dist/index.js:1262:5)"],"meta":{}},{"ancestorTitles":["Tree 组件","展开/收起"],"fullName":"Tree 组件 展开/收起 应该能切换展开/收起状态","status":"failed","title":"应该能切换展开/收起状态","duration":11.915799999999763,"failureMessages":["Error: Cannot call trigger on an empty DOMWrapper.\n    at Object.get (E:\\Github\\Qingyu\\Qingyu_fronted\\node_modules\\@vue\\test-utils\\dist\\vue-test-utils.cjs.js:1574:27)\n    at E:\\Github\\Qingyu\\Qingyu_fronted\\tests\\unit\\design-system\\data\\Tree.test.ts:127:24\n    at file:///E:/Github/Qingyu/Qingyu_fronted/node_modules/@vitest/runner/dist/index.js:146:14\n    at file:///E:/Github/Qingyu/Qingyu_fronted/node_modules/@vitest/runner/dist/index.js:533:11\n    at runWithTimeout (file:///E:/Github/Qingyu/Qingyu_fronted/node_modules/@vitest/runner/dist/index.js:39:7)\n    at runTest (file:///E:/Github/Qingyu/Qingyu_fronted/node_modules/@vitest/runner/dist/index.js:1056:17)\n    at processTicksAndRejections (node:internal/process/task_queues:105:5)\n    at runSuite (file:///E:/Github/Qingyu/Qingyu_fronted/node_modules/@vitest/runner/dist/index.js:1205:15)\n    at runSuite (file:///E:/Github/Qingyu/Qingyu_fronted/node_modules/@vitest/runner/dist/index.js:1205:15)\n    at runSuite (file:///E:/Github/Qingyu/Qingyu_fronted/node_modules/@vitest/runner/dist/index.js:1205:15)"],"meta":{}},{"ancestorTitles":["Tree 组件","展开/收起"],"fullName":"Tree 组件 展开/收起 defaultExpandedKeys 应该默认展开指定节点","status":"failed","title":"defaultExpandedKeys 应该默认展开指定节点","duration":11.75839999999971,"failureMessages":["AssertionError: expected '<div class=\"tree\"> {nodeStates.map((n…' to contain '二级 1-1'\n    at E:\\Github\\Qingyu\\Qingyu_fronted\\tests\\unit\\design-system\\data\\Tree.test.ts:142:30\n    at file:///E:/Github/Qingyu/Qingyu_fronted/node_modules/@vitest/runner/dist/index.js:146:14\n    at file:///E:/Github/Qingyu/Qingyu_fronted/node_modules/@vitest/runner/dist/index.js:533:11\n    at runWithTimeout (file:///E:/Github/Qingyu/Qingyu_fronted/node_modules/@vitest/runner/dist/index.js:39:7)\n    at runTest (file:///E:/Github/Qingyu/Qingyu_fronted/node_modules/@vitest/runner/dist/index.js:1056:17)\n    at processTicksAndRejections (node:internal/process/task_queues:105:5)\n    at runSuite (file:///E:/Github/Qingyu/Qingyu_fronted/node_modules/@vitest/runner/dist/index.js:1205:15)\n    at runSuite (file:///E:/Github/Qingyu/Qingyu_fronted/node_modules/@vitest/runner/dist/index.js:1205:15)\n    at runSuite (file:///E:/Github/Qingyu/Qingyu_fronted/node_modules/@vitest/runner/dist/index.js:1205:15)\n    at runFiles (file:///E:/Github/Qingyu/Qingyu_fronted/node_modules/@vitest/runner/dist/index.js:1262:5)"],"meta":{}},{"ancestorTitles":["Tree 组件","勾选功能"],"fullName":"Tree 组件 勾选功能 checkable 为 true 时应该显示复选框","status":"failed","title":"checkable 为 true 时应该显示复选框","duration":11.576000000000022,"failureMessages":["AssertionError: expected false to be true // Object.is equality\n    at E:\\Github\\Qingyu\\Qingyu_fronted\\tests\\unit\\design-system\\data\\Tree.test.ts:156:58\n    at file:///E:/Github/Qingyu/Qingyu_fronted/node_modules/@vitest/runner/dist/index.js:146:14\n    at file:///E:/Github/Qingyu/Qingyu_fronted/node_modules/@vitest/runner/dist/index.js:533:11\n    at runWithTimeout (file:///E:/Github/Qingyu/Qingyu_fronted/node_modules/@vitest/runner/dist/index.js:39:7)\n    at runTest (file:///E:/Github/Qingyu/Qingyu_fronted/node_modules/@vitest/runner/dist/index.js:1056:17)\n    at processTicksAndRejections (node:internal/process/task_queues:105:5)\n    at runSuite (file:///E:/Github/Qingyu/Qingyu_fronted/node_modules/@vitest/runner/dist/index.js:1205:15)\n    at runSuite (file:///E:/Github/Qingyu/Qingyu_fronted/node_modules/@vitest/runner/dist/index.js:1205:15)\n    at runSuite (file:///E:/Github/Qingyu/Qingyu_fronted/node_modules/@vitest/runner/dist/index.js:1205:15)\n    at runFiles (file:///E:/Github/Qingyu/Qingyu_fronted/node_modules/@vitest/runner/dist/index.js:1262:5)"],"meta":{}},{"ancestorTitles":["Tree 组件","勾选功能"],"fullName":"Tree 组件 勾选功能 checkable 为 false 时不应该显示复选框","status":"passed","title":"checkable 为 false 时不应该显示复选框","duration":26.685500000000502,"failureMessages":[],"meta":{}},{"ancestorTitles":["Tree 组件","勾选功能"],"fullName":"Tree 组件 勾选功能 应该能切换选中状态","status":"failed","title":"应该能切换选中状态","duration":18.208599999999933,"failureMessages":["Error: Cannot call trigger on an empty DOMWrapper.\n    at Object.get (E:\\Github\\Qingyu\\Qingyu_fronted\\node_modules\\@vue\\test-utils\\dist\\vue-test-utils.cjs.js:1574:27)\n    at E:\\Github\\Qingyu\\Qingyu_fronted\\tests\\unit\\design-system\\data\\Tree.test.ts:179:22\n    at file:///E:/Github/Qingyu/Qingyu_fronted/node_modules/@vitest/runner/dist/index.js:146:14\n    at file:///E:/Github/Qingyu/Qingyu_fronted/node_modules/@vitest/runner/dist/index.js:533:11\n    at runWithTimeout (file:///E:/Github/Qingyu/Qingyu_fronted/node_modules/@vitest/runner/dist/index.js:39:7)\n    at runTest (file:///E:/Github/Qingyu/Qingyu_fronted/node_modules/@vitest/runner/dist/index.js:1056:17)\n    at processTicksAndRejections (node:internal/process/task_queues:105:5)\n    at runSuite (file:///E:/Github/Qingyu/Qingyu_fronted/node_modules/@vitest/runner/dist/index.js:1205:15)\n    at runSuite (file:///E:/Github/Qingyu/Qingyu_fronted/node_modules/@vitest/runner/dist/index.js:1205:15)\n    at runSuite (file:///E:/Github/Qingyu/Qingyu_fronted/node_modules/@vitest/runner/dist/index.js:1205:15)"],"meta":{}},{"ancestorTitles":["Tree 组件","勾选功能"],"fullName":"Tree 组件 勾选功能 defaultCheckedKeys 应该默认选中指定节点","status":"failed","title":"defaultCheckedKeys 应该默认选中指定节点","duration":8.438100000000304,"failureMessages":["AssertionError: expected undefined to be truthy\n    at E:\\Github\\Qingyu\\Qingyu_fronted\\tests\\unit\\design-system\\data\\Tree.test.ts:197:23\n    at file:///E:/Github/Qingyu/Qingyu_fronted/node_modules/@vitest/runner/dist/index.js:146:14\n    at file:///E:/Github/Qingyu/Qingyu_fronted/node_modules/@vitest/runner/dist/index.js:533:11\n    at runWithTimeout (file:///E:/Github/Qingyu/Qingyu_fronted/node_modules/@vitest/runner/dist/index.js:39:7)\n    at runTest (file:///E:/Github/Qingyu/Qingyu_fronted/node_modules/@vitest/runner/dist/index.js:1056:17)\n    at processTicksAndRejections (node:internal/process/task_queues:105:5)\n    at runSuite (file:///E:/Github/Qingyu/Qingyu_fronted/node_modules/@vitest/runner/dist/index.js:1205:15)\n    at runSuite (file:///E:/Github/Qingyu/Qingyu_fronted/node_modules/@vitest/runner/dist/index.js:1205:15)\n    at runSuite (file:///E:/Github/Qingyu/Qingyu_fronted/node_modules/@vitest/runner/dist/index.js:1205:15)\n    at runFiles (file:///E:/Github/Qingyu/Qingyu_fronted/node_modules/@vitest/runner/dist/index.js:1262:5)"],"meta":{}},{"ancestorTitles":["Tree 组件","勾选功能"],"fullName":"Tree 组件 勾选功能 选中父节点时应该选中所有子节点","status":"failed","title":"选中父节点时应该选中所有子节点","duration":12.856500000000779,"failureMessages":["TypeError: Cannot read properties of undefined (reading 'trigger')\n    at E:\\Github\\Qingyu\\Qingyu_fronted\\tests\\unit\\design-system\\data\\Tree.test.ts:211:27\n    at file:///E:/Github/Qingyu/Qingyu_fronted/node_modules/@vitest/runner/dist/index.js:146:14\n    at file:///E:/Github/Qingyu/Qingyu_fronted/node_modules/@vitest/runner/dist/index.js:533:11\n    at runWithTimeout (file:///E:/Github/Qingyu/Qingyu_fronted/node_modules/@vitest/runner/dist/index.js:39:7)\n    at runTest (file:///E:/Github/Qingyu/Qingyu_fronted/node_modules/@vitest/runner/dist/index.js:1056:17)\n    at processTicksAndRejections (node:internal/process/task_queues:105:5)\n    at runSuite (file:///E:/Github/Qingyu/Qingyu_fronted/node_modules/@vitest/runner/dist/index.js:1205:15)\n    at runSuite (file:///E:/Github/Qingyu/Qingyu_fronted/node_modules/@vitest/runner/dist/index.js:1205:15)\n    at runSuite (file:///E:/Github/Qingyu/Qingyu_fronted/node_modules/@vitest/runner/dist/index.js:1205:15)\n    at runFiles (file:///E:/Github/Qingyu/Qingyu_fronted/node_modules/@vitest/runner/dist/index.js:1262:5)"],"meta":{}},{"ancestorTitles":["Tree 组件","高亮当前节点"],"fullName":"Tree 组件 高亮当前节点 highlightCurrent 为 false 时不应该高亮节点","status":"failed","title":"highlightCurrent 为 false 时不应该高亮节点","duration":9.166199999999662,"failureMessages":["Error: Cannot call classes on an empty DOMWrapper.\n    at Object.get (E:\\Github\\Qingyu\\Qingyu_fronted\\node_modules\\@vue\\test-utils\\dist\\vue-test-utils.cjs.js:1574:27)\n    at E:\\Github\\Qingyu\\Qingyu_fronted\\tests\\unit\\design-system\\data\\Tree.test.ts:228:19\n    at file:///E:/Github/Qingyu/Qingyu_fronted/node_modules/@vitest/runner/dist/index.js:146:14\n    at file:///E:/Github/Qingyu/Qingyu_fronted/node_modules/@vitest/runner/dist/index.js:533:11\n    at runWithTimeout (file:///E:/Github/Qingyu/Qingyu_fronted/node_modules/@vitest/runner/dist/index.js:39:7)\n    at runTest (file:///E:/Github/Qingyu/Qingyu_fronted/node_modules/@vitest/runner/dist/index.js:1056:17)\n    at processTicksAndRejections (node:internal/process/task_queues:105:5)\n    at runSuite (file:///E:/Github/Qingyu/Qingyu_fronted/node_modules/@vitest/runner/dist/index.js:1205:15)\n    at runSuite (file:///E:/Github/Qingyu/Qingyu_fronted/node_modules/@vitest/runner/dist/index.js:1205:15)\n    at runSuite (file:///E:/Github/Qingyu/Qingyu_fronted/node_modules/@vitest/runner/dist/index.js:1205:15)"],"meta":{}},{"ancestorTitles":["Tree 组件","高亮当前节点"],"fullName":"Tree 组件 高亮当前节点 点击节点时应该高亮（highlightCurrent 为 true）","status":"failed","title":"点击节点时应该高亮（highlightCurrent 为 true）","duration":6.589899999999943,"failureMessages":["Error: Cannot call trigger on an empty DOMWrapper.\n    at Object.get (E:\\Github\\Qingyu\\Qingyu_fronted\\node_modules\\@vue\\test-utils\\dist\\vue-test-utils.cjs.js:1574:27)\n    at E:\\Github\\Qingyu\\Qingyu_fronted\\tests\\unit\\design-system\\data\\Tree.test.ts:240:18\n    at file:///E:/Github/Qingyu/Qingyu_fronted/node_modules/@vitest/runner/dist/index.js:146:14\n    at file:///E:/Github/Qingyu/Qingyu_fronted/node_modules/@vitest/runner/dist/index.js:533:11\n    at runWithTimeout (file:///E:/Github/Qingyu/Qingyu_fronted/node_modules/@vitest/runner/dist/index.js:39:7)\n    at runTest (file:///E:/Github/Qingyu/Qingyu_fronted/node_modules/@vitest/runner/dist/index.js:1056:17)\n    at processTicksAndRejections (node:internal/process/task_queues:105:5)\n    at runSuite (file:///E:/Github/Qingyu/Qingyu_fronted/node_modules/@vitest/runner/dist/index.js:1205:15)\n    at runSuite (file:///E:/Github/Qingyu/Qingyu_fronted/node_modules/@vitest/runner/dist/index.js:1205:15)\n    at runSuite (file:///E:/Github/Qingyu/Qingyu_fronted/node_modules/@vitest/runner/dist/index.js:1205:15)"],"meta":{}},{"ancestorTitles":["Tree 组件","点击节点展开"],"fullName":"Tree 组件 点击节点展开 expandOnClickNode 为 true 时点击节点应该展开","status":"failed","title":"expandOnClickNode 为 true 时点击节点应该展开","duration":7.072000000000116,"failureMessages":["Error: Cannot call trigger on an empty DOMWrapper.\n    at Object.get (E:\\Github\\Qingyu\\Qingyu_fronted\\node_modules\\@vue\\test-utils\\dist\\vue-test-utils.cjs.js:1574:27)\n    at E:\\Github\\Qingyu\\Qingyu_fronted\\tests\\unit\\design-system\\data\\Tree.test.ts:257:18\n    at file:///E:/Github/Qingyu/Qingyu_fronted/node_modules/@vitest/runner/dist/index.js:146:14\n    at file:///E:/Github/Qingyu/Qingyu_fronted/node_modules/@vitest/runner/dist/index.js:533:11\n    at runWithTimeout (file:///E:/Github/Qingyu/Qingyu_fronted/node_modules/@vitest/runner/dist/index.js:39:7)\n    at runTest (file:///E:/Github/Qingyu/Qingyu_fronted/node_modules/@vitest/runner/dist/index.js:1056:17)\n    at processTicksAndRejections (node:internal/process/task_queues:105:5)\n    at runSuite (file:///E:/Github/Qingyu/Qingyu_fronted/node_modules/@vitest/runner/dist/index.js:1205:15)\n    at runSuite (file:///E:/Github/Qingyu/Qingyu_fronted/node_modules/@vitest/runner/dist/index.js:1205:15)\n    at runSuite (file:///E:/Github/Qingyu/Qingyu_fronted/node_modules/@vitest/runner/dist/index.js:1205:15)"],"meta":{}},{"ancestorTitles":["Tree 组件","点击节点展开"],"fullName":"Tree 组件 点击节点展开 expandOnClickNode 为 false 时点击节点不应该展开","status":"failed","title":"expandOnClickNode 为 false 时点击节点不应该展开","duration":6.708599999999933,"failureMessages":["Error: Cannot call trigger on an empty DOMWrapper.\n    at Object.get (E:\\Github\\Qingyu\\Qingyu_fronted\\node_modules\\@vue\\test-utils\\dist\\vue-test-utils.cjs.js:1574:27)\n    at E:\\Github\\Qingyu\\Qingyu_fronted\\tests\\unit\\design-system\\data\\Tree.test.ts:273:18\n    at file:///E:/Github/Qingyu/Qingyu_fronted/node_modules/@vitest/runner/dist/index.js:146:14\n    at file:///E:/Github/Qingyu/Qingyu_fronted/node_modules/@vitest/runner/dist/index.js:533:11\n    at runWithTimeout (file:///E:/Github/Qingyu/Qingyu_fronted/node_modules/@vitest/runner/dist/index.js:39:7)\n    at runTest (file:///E:/Github/Qingyu/Qingyu_fronted/node_modules/@vitest/runner/dist/index.js:1056:17)\n    at processTicksAndRejections (node:internal/process/task_queues:105:5)\n    at runSuite (file:///E:/Github/Qingyu/Qingyu_fronted/node_modules/@vitest/runner/dist/index.js:1205:15)\n    at runSuite (file:///E:/Github/Qingyu/Qingyu_fronted/node_modules/@vitest/runner/dist/index.js:1205:15)\n    at runSuite (file:///E:/Github/Qingyu/Qingyu_fronted/node_modules/@vitest/runner/dist/index.js:1205:15)"],"meta":{}},{"ancestorTitles":["Tree 组件","禁用状态"],"fullName":"Tree 组件 禁用状态 禁用的节点应该有正确的样式","status":"failed","title":"禁用的节点应该有正确的样式","duration":5.6273999999993976,"failureMessages":["TypeError: Cannot read properties of undefined (reading 'classes')\n    at E:\\Github\\Qingyu\\Qingyu_fronted\\tests\\unit\\design-system\\data\\Tree.test.ts:310:23\n    at file:///E:/Github/Qingyu/Qingyu_fronted/node_modules/@vitest/runner/dist/index.js:146:14\n    at file:///E:/Github/Qingyu/Qingyu_fronted/node_modules/@vitest/runner/dist/index.js:533:11\n    at runWithTimeout (file:///E:/Github/Qingyu/Qingyu_fronted/node_modules/@vitest/runner/dist/index.js:39:7)\n    at runTest (file:///E:/Github/Qingyu/Qingyu_fronted/node_modules/@vitest/runner/dist/index.js:1056:17)\n    at processTicksAndRejections (node:internal/process/task_queues:105:5)\n    at runSuite (file:///E:/Github/Qingyu/Qingyu_fronted/node_modules/@vitest/runner/dist/index.js:1205:15)\n    at runSuite (file:///E:/Github/Qingyu/Qingyu_fronted/node_modules/@vitest/runner/dist/index.js:1205:15)\n    at runSuite (file:///E:/Github/Qingyu/Qingyu_fronted/node_modules/@vitest/runner/dist/index.js:1205:15)\n    at runFiles (file:///E:/Github/Qingyu/Qingyu_fronted/node_modules/@vitest/runner/dist/index.js:1262:5)"],"meta":{}},{"ancestorTitles":["Tree 组件","禁用状态"],"fullName":"Tree 组件 禁用状态 禁用的节点不应该响应点击","status":"failed","title":"禁用的节点不应该响应点击","duration":5.222700000000259,"failureMessages":["TypeError: Cannot read properties of undefined (reading 'trigger')\n    at E:\\Github\\Qingyu\\Qingyu_fronted\\tests\\unit\\design-system\\data\\Tree.test.ts:323:26\n    at file:///E:/Github/Qingyu/Qingyu_fronted/node_modules/@vitest/runner/dist/index.js:146:14\n    at file:///E:/Github/Qingyu/Qingyu_fronted/node_modules/@vitest/runner/dist/index.js:533:11\n    at runWithTimeout (file:///E:/Github/Qingyu/Qingyu_fronted/node_modules/@vitest/runner/dist/index.js:39:7)\n    at runTest (file:///E:/Github/Qingyu/Qingyu_fronted/node_modules/@vitest/runner/dist/index.js:1056:17)\n    at processTicksAndRejections (node:internal/process/task_queues:105:5)\n    at runSuite (file:///E:/Github/Qingyu/Qingyu_fronted/node_modules/@vitest/runner/dist/index.js:1205:15)\n    at runSuite (file:///E:/Github/Qingyu/Qingyu_fronted/node_modules/@vitest/runner/dist/index.js:1205:15)\n    at runSuite (file:///E:/Github/Qingyu/Qingyu_fronted/node_modules/@vitest/runner/dist/index.js:1205:15)\n    at runFiles (file:///E:/Github/Qingyu/Qingyu_fronted/node_modules/@vitest/runner/dist/index.js:1262:5)"],"meta":{}},{"ancestorTitles":["Tree 组件","禁用状态"],"fullName":"Tree 组件 禁用状态 禁用的节点不应该可以被勾选","status":"failed","title":"禁用的节点不应该可以被勾选","duration":9.449200000000019,"failureMessages":["TypeError: Cannot read properties of undefined (reading 'trigger')\n    at E:\\Github\\Qingyu\\Qingyu_fronted\\tests\\unit\\design-system\\data\\Tree.test.ts:338:30\n    at file:///E:/Github/Qingyu/Qingyu_fronted/node_modules/@vitest/runner/dist/index.js:146:14\n    at file:///E:/Github/Qingyu/Qingyu_fronted/node_modules/@vitest/runner/dist/index.js:533:11\n    at runWithTimeout (file:///E:/Github/Qingyu/Qingyu_fronted/node_modules/@vitest/runner/dist/index.js:39:7)\n    at runTest (file:///E:/Github/Qingyu/Qingyu_fronted/node_modules/@vitest/runner/dist/index.js:1056:17)\n    at processTicksAndRejections (node:internal/process/task_queues:105:5)\n    at runSuite (file:///E:/Github/Qingyu/Qingyu_fronted/node_modules/@vitest/runner/dist/index.js:1205:15)\n    at runSuite (file:///E:/Github/Qingyu/Qingyu_fronted/node_modules/@vitest/runner/dist/index.js:1205:15)\n    at runSuite (file:///E:/Github/Qingyu/Qingyu_fronted/node_modules/@vitest/runner/dist/index.js:1205:15)\n    at runFiles (file:///E:/Github/Qingyu/Qingyu_fronted/node_modules/@vitest/runner/dist/index.js:1262:5)"],"meta":{}},{"ancestorTitles":["Tree 组件","尺寸"],"fullName":"Tree 组件 尺寸 应该正确应用 sm 尺寸","status":"failed","title":"应该正确应用 sm 尺寸","duration":60.51419999999962,"failureMessages":["AssertionError: expected [ 'tree' ] to include 'text-sm'\n    at Proxy.<anonymous> (file:///E:/Github/Qingyu/Qingyu_fronted/node_modules/@vitest/expect/dist/index.js:1196:17)\n    at Proxy.<anonymous> (file:///E:/Github/Qingyu/Qingyu_fronted/node_modules/@vitest/expect/dist/index.js:972:17)\n    at Proxy.methodWrapper (file:///E:/Github/Qingyu/Qingyu_fronted/node_modules/chai/index.js:1686:25)\n    at E:\\Github\\Qingyu\\Qingyu_fronted\\tests\\unit\\design-system\\data\\Tree.test.ts:354:47\n    at file:///E:/Github/Qingyu/Qingyu_fronted/node_modules/@vitest/runner/dist/index.js:146:14\n    at file:///E:/Github/Qingyu/Qingyu_fronted/node_modules/@vitest/runner/dist/index.js:533:11\n    at runWithTimeout (file:///E:/Github/Qingyu/Qingyu_fronted/node_modules/@vitest/runner/dist/index.js:39:7)\n    at runTest (file:///E:/Github/Qingyu/Qingyu_fronted/node_modules/@vitest/runner/dist/index.js:1056:17)\n    at processTicksAndRejections (node:internal/process/task_queues:105:5)\n    at runSuite (file:///E:/Github/Qingyu/Qingyu_fronted/node_modules/@vitest/runner/dist/index.js:1205:15)"],"meta":{}},{"ancestorTitles":["Tree 组件","尺寸"],"fullName":"Tree 组件 尺寸 应该正确应用 md 尺寸","status":"failed","title":"应该正确应用 md 尺寸","duration":15.495100000000093,"failureMessages":["AssertionError: expected [ 'tree' ] to include 'text-base'\n    at Proxy.<anonymous> (file:///E:/Github/Qingyu/Qingyu_fronted/node_modules/@vitest/expect/dist/index.js:1196:17)\n    at Proxy.<anonymous> (file:///E:/Github/Qingyu/Qingyu_fronted/node_modules/@vitest/expect/dist/index.js:972:17)\n    at Proxy.methodWrapper (file:///E:/Github/Qingyu/Qingyu_fronted/node_modules/chai/index.js:1686:25)\n    at E:\\Github\\Qingyu\\Qingyu_fronted\\tests\\unit\\design-system\\data\\Tree.test.ts:365:47\n    at file:///E:/Github/Qingyu/Qingyu_fronted/node_modules/@vitest/runner/dist/index.js:146:14\n    at file:///E:/Github/Qingyu/Qingyu_fronted/node_modules/@vitest/runner/dist/index.js:533:11\n    at runWithTimeout (file:///E:/Github/Qingyu/Qingyu_fronted/node_modules/@vitest/runner/dist/index.js:39:7)\n    at runTest (file:///E:/Github/Qingyu/Qingyu_fronted/node_modules/@vitest/runner/dist/index.js:1056:17)\n    at processTicksAndRejections (node:internal/process/task_queues:105:5)\n    at runSuite (file:///E:/Github/Qingyu/Qingyu_fronted/node_modules/@vitest/runner/dist/index.js:1205:15)"],"meta":{}},{"ancestorTitles":["Tree 组件","尺寸"],"fullName":"Tree 组件 尺寸 应该正确应用 lg 尺寸","status":"failed","title":"应该正确应用 lg 尺寸","duration":7.6820000000006985,"failureMessages":["AssertionError: expected [ 'tree' ] to include 'text-lg'\n    at Proxy.<anonymous> (file:///E:/Github/Qingyu/Qingyu_fronted/node_modules/@vitest/expect/dist/index.js:1196:17)\n    at Proxy.<anonymous> (file:///E:/Github/Qingyu/Qingyu_fronted/node_modules/@vitest/expect/dist/index.js:972:17)\n    at Proxy.methodWrapper (file:///E:/Github/Qingyu/Qingyu_fronted/node_modules/chai/index.js:1686:25)\n    at E:\\Github\\Qingyu\\Qingyu_fronted\\tests\\unit\\design-system\\data\\Tree.test.ts:376:47\n    at file:///E:/Github/Qingyu/Qingyu_fronted/node_modules/@vitest/runner/dist/index.js:146:14\n    at file:///E:/Github/Qingyu/Qingyu_fronted/node_modules/@vitest/runner/dist/index.js:533:11\n    at runWithTimeout (file:///E:/Github/Qingyu/Qingyu_fronted/node_modules/@vitest/runner/dist/index.js:39:7)\n    at runTest (file:///E:/Github/Qingyu/Qingyu_fronted/node_modules/@vitest/runner/dist/index.js:1056:17)\n    at processTicksAndRejections (node:internal/process/task_queues:105:5)\n    at runSuite (file:///E:/Github/Qingyu/Qingyu_fronted/node_modules/@vitest/runner/dist/index.js:1205:15)"],"meta":{}},{"ancestorTitles":["Tree 组件","自定义内容"],"fullName":"Tree 组件 自定义内容 应该渲染自定义插槽内容","status":"failed","title":"应该渲染自定义插槽内容","duration":61.03149999999914,"failureMessages":["AssertionError: expected '<div class=\"tree\"> {nodeStates.map((n…' to contain 'Custom'\n    at E:\\Github\\Qingyu\\Qingyu_fronted\\tests\\unit\\design-system\\data\\Tree.test.ts:395:30\n    at file:///E:/Github/Qingyu/Qingyu_fronted/node_modules/@vitest/runner/dist/index.js:146:14\n    at file:///E:/Github/Qingyu/Qingyu_fronted/node_modules/@vitest/runner/dist/index.js:533:11\n    at runWithTimeout (file:///E:/Github/Qingyu/Qingyu_fronted/node_modules/@vitest/runner/dist/index.js:39:7)\n    at runTest (file:///E:/Github/Qingyu/Qingyu_fronted/node_modules/@vitest/runner/dist/index.js:1056:17)\n    at processTicksAndRejections (node:internal/process/task_queues:105:5)\n    at runSuite (file:///E:/Github/Qingyu/Qingyu_fronted/node_modules/@vitest/runner/dist/index.js:1205:15)\n    at runSuite (file:///E:/Github/Qingyu/Qingyu_fronted/node_modules/@vitest/runner/dist/index.js:1205:15)\n    at runSuite (file:///E:/Github/Qingyu/Qingyu_fronted/node_modules/@vitest/runner/dist/index.js:1205:15)\n    at runFiles (file:///E:/Github/Qingyu/Qingyu_fronted/node_modules/@vitest/runner/dist/index.js:1262:5)"],"meta":{}},{"ancestorTitles":["Tree 组件","实例方法"],"fullName":"Tree 组件 实例方法 getCheckedNodes 应该返回选中的节点","status":"passed","title":"getCheckedNodes 应该返回选中的节点","duration":3.4827000000004773,"failureMessages":[],"meta":{}},{"ancestorTitles":["Tree 组件","实例方法"],"fullName":"Tree 组件 实例方法 getCheckedKeys 应该返回选中的节点 key","status":"passed","title":"getCheckedKeys 应该返回选中的节点 key","duration":4.245999999999185,"failureMessages":[],"meta":{}},{"ancestorTitles":["Tree 组件","实例方法"],"fullName":"Tree 组件 实例方法 setCheckedKeys 应该设置选中的节点","status":"failed","title":"setCheckedKeys 应该设置选中的节点","duration":7.447500000000218,"failureMessages":["TypeError: Cannot create property 'value' on boolean 'false'\n    at updateNodeCheckState (E:\\Github\\Qingyu\\Qingyu_fronted\\src\\design-system\\data\\Tree\\Tree.vue:131:31)\n    at E:\\Github\\Qingyu\\Qingyu_fronted\\src\\design-system\\data\\Tree\\Tree.vue:252:9\n    at wrappedFn (E:\\Github\\Qingyu\\Qingyu_fronted\\node_modules\\@vue\\reactivity\\dist\\reactivity.cjs.js:878:19)\n    at Array.forEach (<anonymous>)\n    at apply (E:\\Github\\Qingyu\\Qingyu_fronted\\node_modules\\@vue\\reactivity\\dist\\reactivity.cjs.js:886:27)\n    at Proxy.forEach (E:\\Github\\Qingyu\\Qingyu_fronted\\node_modules\\@vue\\reactivity\\dist\\reactivity.cjs.js:794:12)\n    at Proxy.setCheckedKeys (E:\\Github\\Qingyu\\Qingyu_fronted\\src\\design-system\\data\\Tree\\Tree.vue:249:24)\n    at E:\\Github\\Qingyu\\Qingyu_fronted\\tests\\unit\\design-system\\data\\Tree.test.ts:439:16\n    at file:///E:/Github/Qingyu/Qingyu_fronted/node_modules/@vitest/runner/dist/index.js:146:14\n    at file:///E:/Github/Qingyu/Qingyu_fronted/node_modules/@vitest/runner/dist/index.js:533:11"],"meta":{}},{"ancestorTitles":["Tree 组件","实例方法"],"fullName":"Tree 组件 实例方法 getExpandedKeys 应该返回展开的节点 key","status":"passed","title":"getExpandedKeys 应该返回展开的节点 key","duration":13.026199999999335,"failureMessages":[],"meta":{}},{"ancestorTitles":["Tree 组件","实例方法"],"fullName":"Tree 组件 实例方法 setExpandedKeys 应该设置展开的节点","status":"failed","title":"setExpandedKeys 应该设置展开的节点","duration":4.0252999999993335,"failureMessages":["TypeError: Cannot create property 'value' on boolean 'false'\n    at E:\\Github\\Qingyu\\Qingyu_fronted\\src\\design-system\\data\\Tree\\Tree.vue:264:34\n    at wrappedFn (E:\\Github\\Qingyu\\Qingyu_fronted\\node_modules\\@vue\\reactivity\\dist\\reactivity.cjs.js:878:19)\n    at Array.forEach (<anonymous>)\n    at apply (E:\\Github\\Qingyu\\Qingyu_fronted\\node_modules\\@vue\\reactivity\\dist\\reactivity.cjs.js:886:27)\n    at Proxy.forEach (E:\\Github\\Qingyu\\Qingyu_fronted\\node_modules\\@vue\\reactivity\\dist\\reactivity.cjs.js:794:12)\n    at Proxy.setExpandedKeys (E:\\Github\\Qingyu\\Qingyu_fronted\\src\\design-system\\data\\Tree\\Tree.vue:262:24)\n    at E:\\Github\\Qingyu\\Qingyu_fronted\\tests\\unit\\design-system\\data\\Tree.test.ts:466:16\n    at file:///E:/Github/Qingyu/Qingyu_fronted/node_modules/@vitest/runner/dist/index.js:146:14\n    at file:///E:/Github/Qingyu/Qingyu_fronted/node_modules/@vitest/runner/dist/index.js:533:11\n    at runWithTimeout (file:///E:/Github/Qingyu/Qingyu_fronted/node_modules/@vitest/runner/dist/index.js:39:7)"],"meta":{}},{"ancestorTitles":["Tree 组件","事件"],"fullName":"Tree 组件 事件 点击节点应该触发 nodeClick 事件","status":"failed","title":"点击节点应该触发 nodeClick 事件","duration":5.040100000000166,"failureMessages":["Error: Cannot call trigger on an empty DOMWrapper.\n    at Object.get (E:\\Github\\Qingyu\\Qingyu_fronted\\node_modules\\@vue\\test-utils\\dist\\vue-test-utils.cjs.js:1574:27)\n    at E:\\Github\\Qingyu\\Qingyu_fronted\\tests\\unit\\design-system\\data\\Tree.test.ts:481:18\n    at file:///E:/Github/Qingyu/Qingyu_fronted/node_modules/@vitest/runner/dist/index.js:146:14\n    at file:///E:/Github/Qingyu/Qingyu_fronted/node_modules/@vitest/runner/dist/index.js:533:11\n    at runWithTimeout (file:///E:/Github/Qingyu/Qingyu_fronted/node_modules/@vitest/runner/dist/index.js:39:7)\n    at runTest (file:///E:/Github/Qingyu/Qingyu_fronted/node_modules/@vitest/runner/dist/index.js:1056:17)\n    at processTicksAndRejections (node:internal/process/task_queues:105:5)\n    at runSuite (file:///E:/Github/Qingyu/Qingyu_fronted/node_modules/@vitest/runner/dist/index.js:1205:15)\n    at runSuite (file:///E:/Github/Qingyu/Qingyu_fronted/node_modules/@vitest/runner/dist/index.js:1205:15)\n    at runSuite (file:///E:/Github/Qingyu/Qingyu_fronted/node_modules/@vitest/runner/dist/index.js:1205:15)"],"meta":{}},{"ancestorTitles":["Tree 组件","事件"],"fullName":"Tree 组件 事件 展开/收起节点应该触发 nodeExpand 事件","status":"failed","title":"展开/收起节点应该触发 nodeExpand 事件","duration":11.169100000000071,"failureMessages":["Error: Cannot call trigger on an empty DOMWrapper.\n    at Object.get (E:\\Github\\Qingyu\\Qingyu_fronted\\node_modules\\@vue\\test-utils\\dist\\vue-test-utils.cjs.js:1574:27)\n    at E:\\Github\\Qingyu\\Qingyu_fronted\\tests\\unit\\design-system\\data\\Tree.test.ts:494:24\n    at file:///E:/Github/Qingyu/Qingyu_fronted/node_modules/@vitest/runner/dist/index.js:146:14\n    at file:///E:/Github/Qingyu/Qingyu_fronted/node_modules/@vitest/runner/dist/index.js:533:11\n    at runWithTimeout (file:///E:/Github/Qingyu/Qingyu_fronted/node_modules/@vitest/runner/dist/index.js:39:7)\n    at runTest (file:///E:/Github/Qingyu/Qingyu_fronted/node_modules/@vitest/runner/dist/index.js:1056:17)\n    at processTicksAndRejections (node:internal/process/task_queues:105:5)\n    at runSuite (file:///E:/Github/Qingyu/Qingyu_fronted/node_modules/@vitest/runner/dist/index.js:1205:15)\n    at runSuite (file:///E:/Github/Qingyu/Qingyu_fronted/node_modules/@vitest/runner/dist/index.js:1205:15)\n    at runSuite (file:///E:/Github/Qingyu/Qingyu_fronted/node_modules/@vitest/runner/dist/index.js:1205:15)"],"meta":{}},{"ancestorTitles":["Tree 组件","事件"],"fullName":"Tree 组件 事件 勾选/取消勾选节点应该触发 checkChange 事件","status":"failed","title":"勾选/取消勾选节点应该触发 checkChange 事件","duration":11.135800000000017,"failureMessages":["Error: Cannot call trigger on an empty DOMWrapper.\n    at Object.get (E:\\Github\\Qingyu\\Qingyu_fronted\\node_modules\\@vue\\test-utils\\dist\\vue-test-utils.cjs.js:1574:27)\n    at E:\\Github\\Qingyu\\Qingyu_fronted\\tests\\unit\\design-system\\data\\Tree.test.ts:508:22\n    at file:///E:/Github/Qingyu/Qingyu_fronted/node_modules/@vitest/runner/dist/index.js:146:14\n    at file:///E:/Github/Qingyu/Qingyu_fronted/node_modules/@vitest/runner/dist/index.js:533:11\n    at runWithTimeout (file:///E:/Github/Qingyu/Qingyu_fronted/node_modules/@vitest/runner/dist/index.js:39:7)\n    at runTest (file:///E:/Github/Qingyu/Qingyu_fronted/node_modules/@vitest/runner/dist/index.js:1056:17)\n    at processTicksAndRejections (node:internal/process/task_queues:105:5)\n    at runSuite (file:///E:/Github/Qingyu/Qingyu_fronted/node_modules/@vitest/runner/dist/index.js:1205:15)\n    at runSuite (file:///E:/Github/Qingyu/Qingyu_fronted/node_modules/@vitest/runner/dist/index.js:1205:15)\n    at runSuite (file:///E:/Github/Qingyu/Qingyu_fronted/node_modules/@vitest/runner/dist/index.js:1205:15)"],"meta":{}},{"ancestorTitles":["Tree 组件","可访问性"],"fullName":"Tree 组件 可访问性 应该支持键盘导航","status":"failed","title":"应该支持键盘导航","duration":7.794100000000071,"failureMessages":["Error: Cannot call attributes on an empty DOMWrapper.\n    at Object.get (E:\\Github\\Qingyu\\Qingyu_fronted\\node_modules\\@vue\\test-utils\\dist\\vue-test-utils.cjs.js:1574:27)\n    at E:\\Github\\Qingyu\\Qingyu_fronted\\tests\\unit\\design-system\\data\\Tree.test.ts:523:19\n    at file:///E:/Github/Qingyu/Qingyu_fronted/node_modules/@vitest/runner/dist/index.js:146:14\n    at file:///E:/Github/Qingyu/Qingyu_fronted/node_modules/@vitest/runner/dist/index.js:533:11\n    at runWithTimeout (file:///E:/Github/Qingyu/Qingyu_fronted/node_modules/@vitest/runner/dist/index.js:39:7)\n    at runTest (file:///E:/Github/Qingyu/Qingyu_fronted/node_modules/@vitest/runner/dist/index.js:1056:17)\n    at processTicksAndRejections (node:internal/process/task_queues:105:5)\n    at runSuite (file:///E:/Github/Qingyu/Qingyu_fronted/node_modules/@vitest/runner/dist/index.js:1205:15)\n    at runSuite (file:///E:/Github/Qingyu/Qingyu_fronted/node_modules/@vitest/runner/dist/index.js:1205:15)\n    at runSuite (file:///E:/Github/Qingyu/Qingyu_fronted/node_modules/@vitest/runner/dist/index.js:1205:15)"],"meta":{}},{"ancestorTitles":["Tree 组件","可访问性"],"fullName":"Tree 组件 可访问性 禁用的节点应该有正确的 aria 属性","status":"failed","title":"禁用的节点应该有正确的 aria 属性","duration":14.156200000000354,"failureMessages":["Error: Cannot call classes on an empty DOMWrapper.\n    at Object.get (E:\\Github\\Qingyu\\Qingyu_fronted\\node_modules\\@vue\\test-utils\\dist\\vue-test-utils.cjs.js:1574:27)\n    at E:\\Github\\Qingyu\\Qingyu_fronted\\tests\\unit\\design-system\\data\\Tree.test.ts:542:19\n    at file:///E:/Github/Qingyu/Qingyu_fronted/node_modules/@vitest/runner/dist/index.js:146:14\n    at file:///E:/Github/Qingyu/Qingyu_fronted/node_modules/@vitest/runner/dist/index.js:533:11\n    at runWithTimeout (file:///E:/Github/Qingyu/Qingyu_fronted/node_modules/@vitest/runner/dist/index.js:39:7)\n    at runTest (file:///E:/Github/Qingyu/Qingyu_fronted/node_modules/@vitest/runner/dist/index.js:1056:17)\n    at processTicksAndRejections (node:internal/process/task_queues:105:5)\n    at runSuite (file:///E:/Github/Qingyu/Qingyu_fronted/node_modules/@vitest/runner/dist/index.js:1205:15)\n    at runSuite (file:///E:/Github/Qingyu/Qingyu_fronted/node_modules/@vitest/runner/dist/index.js:1205:15)\n    at runSuite (file:///E:/Github/Qingyu/Qingyu_fronted/node_modules/@vitest/runner/dist/index.js:1205:15)"],"meta":{}},{"ancestorTitles":["Tree 组件","样式"],"fullName":"Tree 组件 样式 应该接受自定义 class","status":"passed","title":"应该接受自定义 class","duration":7.890899999999419,"failureMessages":[],"meta":{}},{"ancestorTitles":["Tree 组件","样式"],"fullName":"Tree 组件 样式 应该有正确的过渡动画","status":"failed","title":"应该有正确的过渡动画","duration":6.072000000000116,"failureMessages":["Error: Cannot call classes on an empty DOMWrapper.\n    at Object.get (E:\\Github\\Qingyu\\Qingyu_fronted\\node_modules\\@vue\\test-utils\\dist\\vue-test-utils.cjs.js:1574:27)\n    at E:\\Github\\Qingyu\\Qingyu_fronted\\tests\\unit\\design-system\\data\\Tree.test.ts:566:19\n    at file:///E:/Github/Qingyu/Qingyu_fronted/node_modules/@vitest/runner/dist/index.js:146:14\n    at file:///E:/Github/Qingyu/Qingyu_fronted/node_modules/@vitest/runner/dist/index.js:533:11\n    at runWithTimeout (file:///E:/Github/Qingyu/Qingyu_fronted/node_modules/@vitest/runner/dist/index.js:39:7)\n    at runTest (file:///E:/Github/Qingyu/Qingyu_fronted/node_modules/@vitest/runner/dist/index.js:1056:17)\n    at processTicksAndRejections (node:internal/process/task_queues:105:5)\n    at runSuite (file:///E:/Github/Qingyu/Qingyu_fronted/node_modules/@vitest/runner/dist/index.js:1205:15)\n    at runSuite (file:///E:/Github/Qingyu/Qingyu_fronted/node_modules/@vitest/runner/dist/index.js:1205:15)\n    at runSuite (file:///E:/Github/Qingyu/Qingyu_fronted/node_modules/@vitest/runner/dist/index.js:1205:15)"],"meta":{}},{"ancestorTitles":["Tree 组件","边界情况"],"fullName":"Tree 组件 边界情况 空数据应该正常渲染","status":"passed","title":"空数据应该正常渲染","duration":3.457399999999325,"failureMessages":[],"meta":{}},{"ancestorTitles":["Tree 组件","边界情况"],"fullName":"Tree 组件 边界情况 没有 id 的节点应该使用 label 作为标识","status":"failed","title":"没有 id 的节点应该使用 label 作为标识","duration":6.8004000000000815,"failureMessages":["AssertionError: expected '<div class=\"tree\"> {nodeStates.map((n…' to contain '节点 1'\n    at E:\\Github\\Qingyu\\Qingyu_fronted\\tests\\unit\\design-system\\data\\Tree.test.ts:597:30\n    at file:///E:/Github/Qingyu/Qingyu_fronted/node_modules/@vitest/runner/dist/index.js:146:14\n    at file:///E:/Github/Qingyu/Qingyu_fronted/node_modules/@vitest/runner/dist/index.js:533:11\n    at runWithTimeout (file:///E:/Github/Qingyu/Qingyu_fronted/node_modules/@vitest/runner/dist/index.js:39:7)\n    at runTest (file:///E:/Github/Qingyu/Qingyu_fronted/node_modules/@vitest/runner/dist/index.js:1056:17)\n    at processTicksAndRejections (node:internal/process/task_queues:105:5)\n    at runSuite (file:///E:/Github/Qingyu/Qingyu_fronted/node_modules/@vitest/runner/dist/index.js:1205:15)\n    at runSuite (file:///E:/Github/Qingyu/Qingyu_fronted/node_modules/@vitest/runner/dist/index.js:1205:15)\n    at runSuite (file:///E:/Github/Qingyu/Qingyu_fronted/node_modules/@vitest/runner/dist/index.js:1205:15)\n    at runFiles (file:///E:/Github/Qingyu/Qingyu_fronted/node_modules/@vitest/runner/dist/index.js:1262:5)"],"meta":{}},{"ancestorTitles":["Tree 组件","边界情况"],"fullName":"Tree 组件 边界情况 深层嵌套的节点应该正确渲染","status":"failed","title":"深层嵌套的节点应该正确渲染","duration":8.233799999999974,"failureMessages":["AssertionError: expected '<div class=\"tree\"> {nodeStates.map((n…' to contain '四级'\n    at E:\\Github\\Qingyu\\Qingyu_fronted\\tests\\unit\\design-system\\data\\Tree.test.ts:633:30\n    at file:///E:/Github/Qingyu/Qingyu_fronted/node_modules/@vitest/runner/dist/index.js:146:14\n    at file:///E:/Github/Qingyu/Qingyu_fronted/node_modules/@vitest/runner/dist/index.js:533:11\n    at runWithTimeout (file:///E:/Github/Qingyu/Qingyu_fronted/node_modules/@vitest/runner/dist/index.js:39:7)\n    at runTest (file:///E:/Github/Qingyu/Qingyu_fronted/node_modules/@vitest/runner/dist/index.js:1056:17)\n    at processTicksAndRejections (node:internal/process/task_queues:105:5)\n    at runSuite (file:///E:/Github/Qingyu/Qingyu_fronted/node_modules/@vitest/runner/dist/index.js:1205:15)\n    at runSuite (file:///E:/Github/Qingyu/Qingyu_fronted/node_modules/@vitest/runner/dist/index.js:1205:15)\n    at runSuite (file:///E:/Github/Qingyu/Qingyu_fronted/node_modules/@vitest/runner/dist/index.js:1205:15)\n    at runFiles (file:///E:/Github/Qingyu/Qingyu_fronted/node_modules/@vitest/runner/dist/index.js:1262:5)"],"meta":{}}],"startTime":1769254076627,"endTime":1769254077362.234,"status":"failed","message":"","name":"E:/Github/Qingyu/Qingyu_fronted/tests/unit/design-system/data/Tree.test.ts"},{"assertionResults":[{"ancestorTitles":["Alert","基础渲染"],"fullName":"Alert 基础渲染 默认渲染为 info 类型","status":"passed","title":"默认渲染为 info 类型","duration":253.5682999999999,"failureMessages":[],"meta":{}},{"ancestorTitles":["Alert","基础渲染"],"fullName":"Alert 基础渲染 正确渲染 success 类型","status":"passed","title":"正确渲染 success 类型","duration":59.39649999999983,"failureMessages":[],"meta":{}},{"ancestorTitles":["Alert","基础渲染"],"fullName":"Alert 基础渲染 正确渲染 info 类型","status":"passed","title":"正确渲染 info 类型","duration":36.17370000000028,"failureMessages":[],"meta":{}},{"ancestorTitles":["Alert","基础渲染"],"fullName":"Alert 基础渲染 正确渲染 warning 类型","status":"passed","title":"正确渲染 warning 类型","duration":41.17370000000028,"failureMessages":[],"meta":{}},{"ancestorTitles":["Alert","基础渲染"],"fullName":"Alert 基础渲染 正确渲染 error 类型","status":"passed","title":"正确渲染 error 类型","duration":40.121399999999994,"failureMessages":[],"meta":{}},{"ancestorTitles":["Alert","基础渲染"],"fullName":"Alert 基础渲染 正确渲染描述内容","status":"passed","title":"正确渲染描述内容","duration":42.95679999999993,"failureMessages":[],"meta":{}},{"ancestorTitles":["Alert","基础渲染"],"fullName":"Alert 基础渲染 正确渲染标题","status":"passed","title":"正确渲染标题","duration":47.42149999999947,"failureMessages":[],"meta":{}},{"ancestorTitles":["Alert","基础渲染"],"fullName":"Alert 基础渲染 有正确的 role 属性","status":"passed","title":"有正确的 role 属性","duration":36.54579999999987,"failureMessages":[],"meta":{}},{"ancestorTitles":["Alert","基础渲染"],"fullName":"Alert 基础渲染 有正确的 aria-live 属性","status":"passed","title":"有正确的 aria-live 属性","duration":45.6287999999995,"failureMessages":[],"meta":{}},{"ancestorTitles":["Alert","基础渲染"],"fullName":"Alert 基础渲染 error 类型有 aria-live=\"assertive\"","status":"passed","title":"error 类型有 aria-live=\"assertive\"","duration":27.162900000000263,"failureMessages":[],"meta":{}},{"ancestorTitles":["Alert","基础渲染"],"fullName":"Alert 基础渲染 warning 类型有 aria-live=\"assertive\"","status":"passed","title":"warning 类型有 aria-live=\"assertive\"","duration":23.039099999999962,"failureMessages":[],"meta":{}},{"ancestorTitles":["Alert","图标功能"],"fullName":"Alert 图标功能 默认显示图标","status":"passed","title":"默认显示图标","duration":10.523699999999735,"failureMessages":[],"meta":{}},{"ancestorTitles":["Alert","图标功能"],"fullName":"Alert 图标功能 showIcon 为 false 时不显示图标","status":"passed","title":"showIcon 为 false 时不显示图标","duration":28.14680000000044,"failureMessages":[],"meta":{}},{"ancestorTitles":["Alert","图标功能"],"fullName":"Alert 图标功能 success 类型显示 check 图标","status":"passed","title":"success 类型显示 check 图标","duration":30.658800000000156,"failureMessages":[],"meta":{}},{"ancestorTitles":["Alert","图标功能"],"fullName":"Alert 图标功能 info 类型显示 information-circle 图标","status":"passed","title":"info 类型显示 information-circle 图标","duration":23.3733000000002,"failureMessages":[],"meta":{}},{"ancestorTitles":["Alert","图标功能"],"fullName":"Alert 图标功能 warning 类型显示图标","status":"passed","title":"warning 类型显示图标","duration":22.88880000000063,"failureMessages":[],"meta":{}},{"ancestorTitles":["Alert","图标功能"],"fullName":"Alert 图标功能 error 类型显示图标","status":"passed","title":"error 类型显示图标","duration":41.8139000000001,"failureMessages":[],"meta":{}},{"ancestorTitles":["Alert","关闭功能"],"fullName":"Alert 关闭功能 closable 为 false 时不显示关闭按钮","status":"passed","title":"closable 为 false 时不显示关闭按钮","duration":46.85530000000017,"failureMessages":[],"meta":{}},{"ancestorTitles":["Alert","关闭功能"],"fullName":"Alert 关闭功能 closable 为 true 时显示关闭按钮","status":"passed","title":"closable 为 true 时显示关闭按钮","duration":86.53210000000036,"failureMessages":[],"meta":{}},{"ancestorTitles":["Alert","关闭功能"],"fullName":"Alert 关闭功能 点击关闭按钮触发 close 事件","status":"passed","title":"点击关闭按钮触发 close 事件","duration":94.72130000000016,"failureMessages":[],"meta":{}},{"ancestorTitles":["Alert","关闭功能"],"fullName":"Alert 关闭功能 点击关闭按钮后触发 afterClose 事件","status":"passed","title":"点击关闭按钮后触发 afterClose 事件","duration":340.2494000000006,"failureMessages":[],"meta":{}},{"ancestorTitles":["Alert","关闭功能"],"fullName":"Alert 关闭功能 关闭后 Alert 被隐藏","status":"passed","title":"关闭后 Alert 被隐藏","duration":341.6786000000011,"failureMessages":[],"meta":{}},{"ancestorTitles":["Alert","关闭功能"],"fullName":"Alert 关闭功能 关闭按钮有正确的样式","status":"passed","title":"关闭按钮有正确的样式","duration":28.322100000001228,"failureMessages":[],"meta":{}},{"ancestorTitles":["Alert","居中功能"],"fullName":"Alert 居中功能 center 为 false 时默认左对齐","status":"passed","title":"center 为 false 时默认左对齐","duration":40.42030000000159,"failureMessages":[],"meta":{}},{"ancestorTitles":["Alert","居中功能"],"fullName":"Alert 居中功能 center 为 true 时文字居中","status":"passed","title":"center 为 true 时文字居中","duration":25.28229999999894,"failureMessages":[],"meta":{}},{"ancestorTitles":["Alert","居中功能"],"fullName":"Alert 居中功能 center 为 true 时图标居中","status":"passed","title":"center 为 true 时图标居中","duration":40.44629999999961,"failureMessages":[],"meta":{}},{"ancestorTitles":["Alert","居中功能"],"fullName":"Alert 居中功能 center 为 false 时图标不居中","status":"passed","title":"center 为 false 时图标不居中","duration":10.474200000000565,"failureMessages":[],"meta":{}},{"ancestorTitles":["Alert","插槽功能"],"fullName":"Alert 插槽功能 默认插槽渲染描述内容","status":"passed","title":"默认插槽渲染描述内容","duration":38.35100000000057,"failureMessages":[],"meta":{}},{"ancestorTitles":["Alert","插槽功能"],"fullName":"Alert 插槽功能 title 插槽覆盖 title prop","status":"passed","title":"title 插槽覆盖 title prop","duration":17.303799999999683,"failureMessages":[],"meta":{}},{"ancestorTitles":["Alert","插槽功能"],"fullName":"Alert 插槽功能 title 插槽可以包含 HTML","status":"passed","title":"title 插槽可以包含 HTML","duration":36.7570999999989,"failureMessages":[],"meta":{}},{"ancestorTitles":["Alert","插槽功能"],"fullName":"Alert 插槽功能 默认插槽可以包含 HTML","status":"passed","title":"默认插槽可以包含 HTML","duration":14.031800000000658,"failureMessages":[],"meta":{}},{"ancestorTitles":["Alert","样式"],"fullName":"Alert 样式 接受自定义 class","status":"passed","title":"接受自定义 class","duration":16.239299999999275,"failureMessages":[],"meta":{}},{"ancestorTitles":["Alert","样式"],"fullName":"Alert 样式 保持基础样式类","status":"passed","title":"保持基础样式类","duration":50.98819999999978,"failureMessages":[],"meta":{}},{"ancestorTitles":["Alert","样式"],"fullName":"Alert 样式 有过渡动画类","status":"passed","title":"有过渡动画类","duration":49.0637999999999,"failureMessages":[],"meta":{}},{"ancestorTitles":["Alert","样式"],"fullName":"Alert 样式 有正确的边框样式","status":"passed","title":"有正确的边框样式","duration":19.014400000000023,"failureMessages":[],"meta":{}},{"ancestorTitles":["Alert","可访问性"],"fullName":"Alert 可访问性 关闭按钮有正确的 aria-label","status":"passed","title":"关闭按钮有正确的 aria-label","duration":20.2512999999999,"failureMessages":[],"meta":{}},{"ancestorTitles":["Alert","可访问性"],"fullName":"Alert 可访问性 关闭按钮有正确的 type 属性","status":"passed","title":"关闭按钮有正确的 type 属性","duration":44.993099999999686,"failureMessages":[],"meta":{}},{"ancestorTitles":["Alert","可访问性"],"fullName":"Alert 可访问性 Alert 有 role=\"alert\"","status":"passed","title":"Alert 有 role=\"alert\"","duration":30.803099999999176,"failureMessages":[],"meta":{}},{"ancestorTitles":["Alert","可访问性"],"fullName":"Alert 可访问性 success 类型有 aria-live=\"polite\"","status":"passed","title":"success 类型有 aria-live=\"polite\"","duration":29.561600000000908,"failureMessages":[],"meta":{}},{"ancestorTitles":["Alert","可访问性"],"fullName":"Alert 可访问性 info 类型有 aria-live=\"polite\"","status":"passed","title":"info 类型有 aria-live=\"polite\"","duration":11.06579999999849,"failureMessages":[],"meta":{}},{"ancestorTitles":["Alert","边角情况"],"fullName":"Alert 边角情况 处理空描述","status":"passed","title":"处理空描述","duration":10.630300000000716,"failureMessages":[],"meta":{}},{"ancestorTitles":["Alert","边角情况"],"fullName":"Alert 边角情况 处理只有标题没有描述","status":"passed","title":"处理只有标题没有描述","duration":8.421200000000681,"failureMessages":[],"meta":{}},{"ancestorTitles":["Alert","边角情况"],"fullName":"Alert 边角情况 处理长文本描述","status":"passed","title":"处理长文本描述","duration":14.113400000000183,"failureMessages":[],"meta":{}},{"ancestorTitles":["Alert","边角情况"],"fullName":"Alert 边角情况 处理所有属性组合","status":"passed","title":"处理所有属性组合","duration":12.534499999999753,"failureMessages":[],"meta":{}},{"ancestorTitles":["Alert","动画"],"fullName":"Alert 动画 初始状态显示","status":"passed","title":"初始状态显示","duration":27.982500000000073,"failureMessages":[],"meta":{}},{"ancestorTitles":["Alert","动画"],"fullName":"Alert 动画 关闭时添加关闭动画类","status":"passed","title":"关闭时添加关闭动画类","duration":26.939300000000003,"failureMessages":[],"meta":{}},{"ancestorTitles":["Alert","图标样式"],"fullName":"Alert 图标样式 图标容器有正确的间距","status":"passed","title":"图标容器有正确的间距","duration":31.884100000001126,"failureMessages":[],"meta":{}},{"ancestorTitles":["Alert","图标样式"],"fullName":"Alert 图标样式 center 模式下图标有正确的样式","status":"passed","title":"center 模式下图标有正确的样式","duration":21.18419999999969,"failureMessages":[],"meta":{}},{"ancestorTitles":["Alert","内容区域"],"fullName":"Alert 内容区域 内容区域有 flex-1 类","status":"passed","title":"内容区域有 flex-1 类","duration":11.536599999999453,"failureMessages":[],"meta":{}},{"ancestorTitles":["Alert","内容区域"],"fullName":"Alert 内容区域 标题有 font-semibold 类","status":"passed","title":"标题有 font-semibold 类","duration":11.3117000000002,"failureMessages":[],"meta":{}},{"ancestorTitles":["Alert","内容区域"],"fullName":"Alert 内容区域 描述有 text-sm 类","status":"passed","title":"描述有 text-sm 类","duration":11.745699999999488,"failureMessages":[],"meta":{}}],"startTime":1769254070768,"endTime":1769254073207.7456,"status":"passed","message":"","name":"E:/Github/Qingyu/Qingyu_fronted/tests/unit/design-system/feedback/Alert.test.ts"},{"assertionResults":[{"ancestorTitles":["Dialog 组件","基础渲染"],"fullName":"Dialog 组件 基础渲染 应该正确渲染默认状态的 Dialog","status":"passed","title":"应该正确渲染默认状态的 Dialog","duration":241.27629999999954,"failureMessages":[],"meta":{}},{"ancestorTitles":["Dialog 组件","基础渲染"],"fullName":"Dialog 组件 基础渲染 visible 为 true 时应该显示对话框","status":"passed","title":"visible 为 true 时应该显示对话框","duration":180.15830000000005,"failureMessages":[],"meta":{}},{"ancestorTitles":["Dialog 组件","基础渲染"],"fullName":"Dialog 组件 基础渲染 应该正确显示标题","status":"passed","title":"应该正确显示标题","duration":50.173899999999776,"failureMessages":[],"meta":{}},{"ancestorTitles":["Dialog 组件","基础渲染"],"fullName":"Dialog 组件 基础渲染 应该正确渲染默认内容","status":"passed","title":"应该正确渲染默认内容","duration":64.07510000000002,"failureMessages":[],"meta":{}},{"ancestorTitles":["Dialog 组件","基础渲染"],"fullName":"Dialog 组件 基础渲染 应该渲染遮罩层","status":"passed","title":"应该渲染遮罩层","duration":46.73039999999946,"failureMessages":[],"meta":{}},{"ancestorTitles":["Dialog 组件","基础渲染"],"fullName":"Dialog 组件 基础渲染 modal 为 false 时不应该渲染遮罩层","status":"passed","title":"modal 为 false 时不应该渲染遮罩层","duration":18.761199999999917,"failureMessages":[],"meta":{}},{"ancestorTitles":["Dialog 组件","基础渲染"],"fullName":"Dialog 组件 基础渲染 应该显示关闭按钮","status":"failed","title":"应该显示关闭按钮","duration":1116.306300000001,"failureMessages":["Error: \u001b[2mexpect(\u001b[22m\u001b[31mreceived\u001b[39m\u001b[2m).toBeInTheDocument()\u001b[22m\n\n\u001b[31mreceived\u001b[39m value must be an HTMLElement or an SVGElement.\n\n\nIgnored nodes: comments, script, style\n\u001b[36m<html>\u001b[39m\n  \u001b[36m<head />\u001b[39m\n  \u001b[36m<body>\u001b[39m\n    \u001b[36m<div />\u001b[39m\n    \u001b[0m\u001b[0m\n    \u001b[36m<transition-stub\u001b[39m\n      \u001b[33mappear\u001b[39m=\u001b[32m\"false\"\u001b[39m\n      \u001b[33mcss\u001b[39m=\u001b[32m\"true\"\u001b[39m\n      \u001b[33mdata-v-65a60499\u001b[39m=\u001b[32m\"\"\u001b[39m\n      \u001b[33menteractiveclass\u001b[39m=\u001b[32m\"transition-opacity duration-300\"\u001b[39m\n      \u001b[33menterfromclass\u001b[39m=\u001b[32m\"opacity-0\"\u001b[39m\n      \u001b[33mentertoclass\u001b[39m=\u001b[32m\"opacity-100\"\u001b[39m\n      \u001b[33mleaveactiveclass\u001b[39m=\u001b[32m\"transition-opacity duration-300\"\u001b[39m\n      \u001b[33mleavefromclass\u001b[39m=\u001b[32m\"opacity-100\"\u001b[39m\n      \u001b[33mleavetoclass\u001b[39m=\u001b[32m\"opacity-0\"\u001b[39m\n      \u001b[33mpersisted\u001b[39m=\u001b[32m\"false\"\u001b[39m\n    \u001b[36m>\u001b[39m\n      \u001b[36m<div\u001b[39m\n        \u001b[33maria-hidden\u001b[39m=\u001b[32m\"true\"\u001b[39m\n        \u001b[33mclass\u001b[39m=\u001b[32m\"fixed inset-0 bg-black/50 z-40 transition-opacity duration-300\"\u001b[39m\n        \u001b[33mdata-v-65a60499\u001b[39m=\u001b[32m\"\"\u001b[39m\n      \u001b[36m/>\u001b[39m\n    \u001b[36m</transition-stub>\u001b[39m\n    \u001b[36m<transition-stub\u001b[39m\n      \u001b[33mappear\u001b[39m=\u001b[32m\"false\"\u001b[39m\n      \u001b[33mcss\u001b[39m=\u001b[32m\"true\"\u001b[39m\n      \u001b[33mdata-v-65a60499\u001b[39m=\u001b[32m\"\"\u001b[39m\n      \u001b[33menteractiveclass\u001b[39m=\u001b[32m\"transition-all duration-300 ease-out\"\u001b[39m\n      \u001b[33menterfromclass\u001b[39m=\u001b[32m\"opacity-0 scale-95\"\u001b[39m\n      \u001b[33mentertoclass\u001b[39m=\u001b[32m\"opacity-100 scale-100\"\u001b[39m\n      \u001b[33mleaveactiveclass\u001b[39m=\u001b[32m\"transition-all duration-300 ease-in\"\u001b[39m\n      \u001b[33mleavefromclass\u001b[39m=\u001b[32m\"opacity-100 scale-100\"\u001b[39m\n      \u001b[33mleavetoclass\u001b[39m=\u001b[32m\"opacity-0 scale-95\"\u001b[39m\n      \u001b[33mpersisted\u001b[39m=\u001b[32m\"false\"\u001b[39m\n    \u001b[36m>\u001b[39m\n      \u001b[36m<div\u001b[39m\n        \u001b[33maria-modal\u001b[39m=\u001b[32m\"true\"\u001b[39m\n        \u001b[33mclass\u001b[39m=\u001b[32m\"fixed z-50 bg-white dark:bg-neutral-800 rounded-lg shadow-xl flex flex-col max-h-[90vh] w-full max-w-md top-20 left-1/2 -translate-x-1/2 transition-all duration-300 ease-in-out\"\u001b[39m\n        \u001b[33mdata-v-65a60499\u001b[39m=\u001b[32m\"\"\u001b[39m\n        \u001b[33mrole\u001b[39m=\u001b[32m\"dialog\"\u001b[39m\n      \u001b[36m>\u001b[39m\n        \u001b[36m<div\u001b[39m\n          \u001b[33mclass\u001b[39m=\u001b[32m\"flex-1 overflow-auto px-6 py-4\"\u001b[39m\n          \u001b[33mdata-v-65a60499\u001b[39m=\u001b[32m\"\"\u001b[39m\n        \u001b[36m>\u001b[39m\n          \u001b[0m\u001b[0m\n          \u001b[36m<p\u001b[39m\n            \u001b[33mclass\u001b[39m=\u001b[32m\"text-neutral-600 dark:text-neutral-400\"\u001b[39m\n            \u001b[33mdata-v-65a60499\u001b[39m=\u001b[32m\"\"\u001b[39m\n          \u001b[36m>\u001b[39m\n            \u001b[0m 对话框内容 \u001b[0m\n          \u001b[36m</p>\u001b[39m\n          \u001b[0m\u001b[0m\n        \u001b[36m</div>\u001b[39m\n      \u001b[36m</div>\u001b[39m\n    \u001b[36m</transition-stub>\u001b[39m\n    \u001b[0m\u001b[0m\n  \u001b[36m</body>\u001b[39m\n\u001b[36m</html>\u001b[39m\n    at Proxy.expectWrapper (file:///E:/Github/Qingyu/Qingyu_fronted/node_modules/@vitest/expect/dist/index.js:1986:42)\n    at Proxy.<anonymous> (file:///E:/Github/Qingyu/Qingyu_fronted/node_modules/@vitest/expect/dist/index.js:972:17)\n    at Proxy.methodWrapper (file:///E:/Github/Qingyu/Qingyu_fronted/node_modules/chai/index.js:1686:25)\n    at E:\\Github\\Qingyu\\Qingyu_fronted\\tests\\unit\\design-system\\feedback\\Dialog.test.ts:116:29\n    at runWithExpensiveErrorDiagnosticsDisabled (E:\\Github\\Qingyu\\Qingyu_fronted\\node_modules\\@testing-library\\vue\\node_modules\\@testing-library\\dom\\dist\\config.js:47:12)\n    at checkCallback (E:\\Github\\Qingyu\\Qingyu_fronted\\node_modules\\@testing-library\\vue\\node_modules\\@testing-library\\dom\\dist\\wait-for.js:124:77)\n    at Timeout.checkRealTimersCallback (E:\\Github\\Qingyu\\Qingyu_fronted\\node_modules\\@testing-library\\vue\\node_modules\\@testing-library\\dom\\dist\\wait-for.js:118:16)\n    at listOnTimeout (node:internal/timers:588:17)\n    at processTimers (node:internal/timers:523:7)"],"meta":{}},{"ancestorTitles":["Dialog 组件","基础渲染"],"fullName":"Dialog 组件 基础渲染 showClose 为 false 时不应该显示关闭按钮","status":"passed","title":"showClose 为 false 时不应该显示关闭按钮","duration":19.48409999999967,"failureMessages":[],"meta":{}},{"ancestorTitles":["Dialog 组件","显示/隐藏"],"fullName":"Dialog 组件 显示/隐藏 点击关闭按钮应该关闭对话框","status":"passed","title":"点击关闭按钮应该关闭对话框","duration":421.90099999999984,"failureMessages":[],"meta":{}},{"ancestorTitles":["Dialog 组件","显示/隐藏"],"fullName":"Dialog 组件 显示/隐藏 点击遮罩层应该关闭对话框","status":"passed","title":"点击遮罩层应该关闭对话框","duration":402.66409999999996,"failureMessages":[],"meta":{}},{"ancestorTitles":["Dialog 组件","显示/隐藏"],"fullName":"Dialog 组件 显示/隐藏 closeOnClickModal 为 false 时不应该通过点击遮罩层关闭","status":"passed","title":"closeOnClickModal 为 false 时不应该通过点击遮罩层关闭","duration":64.41599999999926,"failureMessages":[],"meta":{}},{"ancestorTitles":["Dialog 组件","显示/隐藏"],"fullName":"Dialog 组件 显示/隐藏 按 ESC 键应该关闭对话框","status":"passed","title":"按 ESC 键应该关闭对话框","duration":394.6769999999997,"failureMessages":[],"meta":{}},{"ancestorTitles":["Dialog 组件","显示/隐藏"],"fullName":"Dialog 组件 显示/隐藏 closeOnPressEscape 为 false 时不应该通过 ESC 键关闭","status":"passed","title":"closeOnPressEscape 为 false 时不应该通过 ESC 键关闭","duration":35.22789999999986,"failureMessages":[],"meta":{}},{"ancestorTitles":["Dialog 组件","显示/隐藏"],"fullName":"Dialog 组件 显示/隐藏 对话框打开时应该禁用 body 滚动","status":"failed","title":"对话框打开时应该禁用 body 滚动","duration":1071.5043999999998,"failureMessages":["AssertionError: expected '' to be 'hidden' // Object.is equality\n\nIgnored nodes: comments, script, style\n\u001b[36m<html>\u001b[39m\n  \u001b[36m<head />\u001b[39m\n  \u001b[36m<body>\u001b[39m\n    \u001b[36m<div />\u001b[39m\n    \u001b[0m\u001b[0m\n    \u001b[36m<transition-stub\u001b[39m\n      \u001b[33mappear\u001b[39m=\u001b[32m\"false\"\u001b[39m\n      \u001b[33mcss\u001b[39m=\u001b[32m\"true\"\u001b[39m\n      \u001b[33mdata-v-65a60499\u001b[39m=\u001b[32m\"\"\u001b[39m\n      \u001b[33menteractiveclass\u001b[39m=\u001b[32m\"transition-opacity duration-300\"\u001b[39m\n      \u001b[33menterfromclass\u001b[39m=\u001b[32m\"opacity-0\"\u001b[39m\n      \u001b[33mentertoclass\u001b[39m=\u001b[32m\"opacity-100\"\u001b[39m\n      \u001b[33mleaveactiveclass\u001b[39m=\u001b[32m\"transition-opacity duration-300\"\u001b[39m\n      \u001b[33mleavefromclass\u001b[39m=\u001b[32m\"opacity-100\"\u001b[39m\n      \u001b[33mleavetoclass\u001b[39m=\u001b[32m\"opacity-0\"\u001b[39m\n      \u001b[33mpersisted\u001b[39m=\u001b[32m\"false\"\u001b[39m\n    \u001b[36m>\u001b[39m\n      \u001b[36m<div\u001b[39m\n        \u001b[33maria-hidden\u001b[39m=\u001b[32m\"true\"\u001b[39m\n        \u001b[33mclass\u001b[39m=\u001b[32m\"fixed inset-0 bg-black/50 z-40 transition-opacity duration-300\"\u001b[39m\n        \u001b[33mdata-v-65a60499\u001b[39m=\u001b[32m\"\"\u001b[39m\n      \u001b[36m/>\u001b[39m\n    \u001b[36m</transition-stub>\u001b[39m\n    \u001b[36m<transition-stub\u001b[39m\n      \u001b[33mappear\u001b[39m=\u001b[32m\"false\"\u001b[39m\n      \u001b[33mcss\u001b[39m=\u001b[32m\"true\"\u001b[39m\n      \u001b[33mdata-v-65a60499\u001b[39m=\u001b[32m\"\"\u001b[39m\n      \u001b[33menteractiveclass\u001b[39m=\u001b[32m\"transition-all duration-300 ease-out\"\u001b[39m\n      \u001b[33menterfromclass\u001b[39m=\u001b[32m\"opacity-0 scale-95\"\u001b[39m\n      \u001b[33mentertoclass\u001b[39m=\u001b[32m\"opacity-100 scale-100\"\u001b[39m\n      \u001b[33mleaveactiveclass\u001b[39m=\u001b[32m\"transition-all duration-300 ease-in\"\u001b[39m\n      \u001b[33mleavefromclass\u001b[39m=\u001b[32m\"opacity-100 scale-100\"\u001b[39m\n      \u001b[33mleavetoclass\u001b[39m=\u001b[32m\"opacity-0 scale-95\"\u001b[39m\n      \u001b[33mpersisted\u001b[39m=\u001b[32m\"false\"\u001b[39m\n    \u001b[36m>\u001b[39m\n      \u001b[36m<div\u001b[39m\n        \u001b[33maria-modal\u001b[39m=\u001b[32m\"true\"\u001b[39m\n        \u001b[33mclass\u001b[39m=\u001b[32m\"fixed z-50 bg-white dark:bg-neutral-800 rounded-lg shadow-xl flex flex-col max-h-[90vh] w-full max-w-md top-20 left-1/2 -translate-x-1/2 transition-all duration-300 ease-in-out\"\u001b[39m\n        \u001b[33mdata-v-65a60499\u001b[39m=\u001b[32m\"\"\u001b[39m\n        \u001b[33mrole\u001b[39m=\u001b[32m\"dialog\"\u001b[39m\n      \u001b[36m>\u001b[39m\n        \u001b[36m<div\u001b[39m\n          \u001b[33mclass\u001b[39m=\u001b[32m\"flex-1 overflow-auto px-6 py-4\"\u001b[39m\n          \u001b[33mdata-v-65a60499\u001b[39m=\u001b[32m\"\"\u001b[39m\n        \u001b[36m>\u001b[39m\n          \u001b[0m\u001b[0m\n          \u001b[36m<p\u001b[39m\n            \u001b[33mclass\u001b[39m=\u001b[32m\"text-neutral-600 dark:text-neutral-400\"\u001b[39m\n            \u001b[33mdata-v-65a60499\u001b[39m=\u001b[32m\"\"\u001b[39m\n          \u001b[36m>\u001b[39m\n            \u001b[0m 对话框内容 \u001b[0m\n          \u001b[36m</p>\u001b[39m\n          \u001b[0m\u001b[0m\n        \u001b[36m</div>\u001b[39m\n      \u001b[36m</div>\u001b[39m\n    \u001b[36m</transition-stub>\u001b[39m\n    \u001b[0m\u001b[0m\n  \u001b[36m</body>\u001b[39m\n\u001b[36m</html>\u001b[39m\n    at E:\\Github\\Qingyu\\Qingyu_fronted\\tests\\unit\\design-system\\feedback\\Dialog.test.ts:260:46\n    at runWithExpensiveErrorDiagnosticsDisabled (E:\\Github\\Qingyu\\Qingyu_fronted\\node_modules\\@testing-library\\vue\\node_modules\\@testing-library\\dom\\dist\\config.js:47:12)\n    at checkCallback (E:\\Github\\Qingyu\\Qingyu_fronted\\node_modules\\@testing-library\\vue\\node_modules\\@testing-library\\dom\\dist\\wait-for.js:124:77)\n    at Timeout.checkRealTimersCallback (E:\\Github\\Qingyu\\Qingyu_fronted\\node_modules\\@testing-library\\vue\\node_modules\\@testing-library\\dom\\dist\\wait-for.js:118:16)\n    at listOnTimeout (node:internal/timers:588:17)\n    at processTimers (node:internal/timers:523:7)"],"meta":{}},{"ancestorTitles":["Dialog 组件","显示/隐藏"],"fullName":"Dialog 组件 显示/隐藏 对话框关闭时应该恢复 body 滚动","status":"failed","title":"对话框关闭时应该恢复 body 滚动","duration":1089.4628000000012,"failureMessages":["AssertionError: expected '' to be 'hidden' // Object.is equality\n\nIgnored nodes: comments, script, style\n\u001b[36m<html>\u001b[39m\n  \u001b[36m<head />\u001b[39m\n  \u001b[36m<body>\u001b[39m\n    \u001b[36m<div />\u001b[39m\n    \u001b[0m\u001b[0m\n    \u001b[36m<transition-stub\u001b[39m\n      \u001b[33mappear\u001b[39m=\u001b[32m\"false\"\u001b[39m\n      \u001b[33mcss\u001b[39m=\u001b[32m\"true\"\u001b[39m\n      \u001b[33mdata-v-65a60499\u001b[39m=\u001b[32m\"\"\u001b[39m\n      \u001b[33menteractiveclass\u001b[39m=\u001b[32m\"transition-opacity duration-300\"\u001b[39m\n      \u001b[33menterfromclass\u001b[39m=\u001b[32m\"opacity-0\"\u001b[39m\n      \u001b[33mentertoclass\u001b[39m=\u001b[32m\"opacity-100\"\u001b[39m\n      \u001b[33mleaveactiveclass\u001b[39m=\u001b[32m\"transition-opacity duration-300\"\u001b[39m\n      \u001b[33mleavefromclass\u001b[39m=\u001b[32m\"opacity-100\"\u001b[39m\n      \u001b[33mleavetoclass\u001b[39m=\u001b[32m\"opacity-0\"\u001b[39m\n      \u001b[33mpersisted\u001b[39m=\u001b[32m\"false\"\u001b[39m\n    \u001b[36m>\u001b[39m\n      \u001b[36m<div\u001b[39m\n        \u001b[33maria-hidden\u001b[39m=\u001b[32m\"true\"\u001b[39m\n        \u001b[33mclass\u001b[39m=\u001b[32m\"fixed inset-0 bg-black/50 z-40 transition-opacity duration-300\"\u001b[39m\n        \u001b[33mdata-v-65a60499\u001b[39m=\u001b[32m\"\"\u001b[39m\n      \u001b[36m/>\u001b[39m\n    \u001b[36m</transition-stub>\u001b[39m\n    \u001b[36m<transition-stub\u001b[39m\n      \u001b[33mappear\u001b[39m=\u001b[32m\"false\"\u001b[39m\n      \u001b[33mcss\u001b[39m=\u001b[32m\"true\"\u001b[39m\n      \u001b[33mdata-v-65a60499\u001b[39m=\u001b[32m\"\"\u001b[39m\n      \u001b[33menteractiveclass\u001b[39m=\u001b[32m\"transition-all duration-300 ease-out\"\u001b[39m\n      \u001b[33menterfromclass\u001b[39m=\u001b[32m\"opacity-0 scale-95\"\u001b[39m\n      \u001b[33mentertoclass\u001b[39m=\u001b[32m\"opacity-100 scale-100\"\u001b[39m\n      \u001b[33mleaveactiveclass\u001b[39m=\u001b[32m\"transition-all duration-300 ease-in\"\u001b[39m\n      \u001b[33mleavefromclass\u001b[39m=\u001b[32m\"opacity-100 scale-100\"\u001b[39m\n      \u001b[33mleavetoclass\u001b[39m=\u001b[32m\"opacity-0 scale-95\"\u001b[39m\n      \u001b[33mpersisted\u001b[39m=\u001b[32m\"false\"\u001b[39m\n    \u001b[36m>\u001b[39m\n      \u001b[36m<div\u001b[39m\n        \u001b[33maria-modal\u001b[39m=\u001b[32m\"true\"\u001b[39m\n        \u001b[33mclass\u001b[39m=\u001b[32m\"fixed z-50 bg-white dark:bg-neutral-800 rounded-lg shadow-xl flex flex-col max-h-[90vh] w-full max-w-md top-20 left-1/2 -translate-x-1/2 transition-all duration-300 ease-in-out\"\u001b[39m\n        \u001b[33mdata-v-65a60499\u001b[39m=\u001b[32m\"\"\u001b[39m\n        \u001b[33mrole\u001b[39m=\u001b[32m\"dialog\"\u001b[39m\n      \u001b[36m>\u001b[39m\n        \u001b[36m<div\u001b[39m\n          \u001b[33mclass\u001b[39m=\u001b[32m\"flex-1 overflow-auto px-6 py-4\"\u001b[39m\n          \u001b[33mdata-v-65a60499\u001b[39m=\u001b[32m\"\"\u001b[39m\n        \u001b[36m>\u001b[39m\n          \u001b[0m\u001b[0m\n          \u001b[36m<p\u001b[39m\n            \u001b[33mclass\u001b[39m=\u001b[32m\"text-neutral-600 dark:text-neutral-400\"\u001b[39m\n            \u001b[33mdata-v-65a60499\u001b[39m=\u001b[32m\"\"\u001b[39m\n          \u001b[36m>\u001b[39m\n            \u001b[0m 对话框内容 \u001b[0m\n          \u001b[36m</p>\u001b[39m\n          \u001b[0m\u001b[0m\n        \u001b[36m</div>\u001b[39m\n      \u001b[36m</div>\u001b[39m\n    \u001b[36m</transition-stub>\u001b[39m\n    \u001b[0m\u001b[0m\n  \u001b[36m</body>\u001b[39m\n\u001b[36m</html>\u001b[39m\n    at E:\\Github\\Qingyu\\Qingyu_fronted\\tests\\unit\\design-system\\feedback\\Dialog.test.ts:273:46\n    at runWithExpensiveErrorDiagnosticsDisabled (E:\\Github\\Qingyu\\Qingyu_fronted\\node_modules\\@testing-library\\vue\\node_modules\\@testing-library\\dom\\dist\\config.js:47:12)\n    at checkCallback (E:\\Github\\Qingyu\\Qingyu_fronted\\node_modules\\@testing-library\\vue\\node_modules\\@testing-library\\dom\\dist\\wait-for.js:124:77)\n    at Timeout.checkRealTimersCallback (E:\\Github\\Qingyu\\Qingyu_fronted\\node_modules\\@testing-library\\vue\\node_modules\\@testing-library\\dom\\dist\\wait-for.js:118:16)\n    at listOnTimeout (node:internal/timers:588:17)\n    at processTimers (node:internal/timers:523:7)"],"meta":{}},{"ancestorTitles":["Dialog 组件","尺寸变体"],"fullName":"Dialog 组件 尺寸变体 应该正确应用 sm 尺寸","status":"passed","title":"应该正确应用 sm 尺寸","duration":36.39519999999902,"failureMessages":[],"meta":{}},{"ancestorTitles":["Dialog 组件","尺寸变体"],"fullName":"Dialog 组件 尺寸变体 应该正确应用 md 尺寸","status":"passed","title":"应该正确应用 md 尺寸","duration":46.46399999999994,"failureMessages":[],"meta":{}},{"ancestorTitles":["Dialog 组件","尺寸变体"],"fullName":"Dialog 组件 尺寸变体 应该正确应用 lg 尺寸","status":"passed","title":"应该正确应用 lg 尺寸","duration":12.760299999999916,"failureMessages":[],"meta":{}},{"ancestorTitles":["Dialog 组件","尺寸变体"],"fullName":"Dialog 组件 尺寸变体 应该正确应用 xl 尺寸","status":"passed","title":"应该正确应用 xl 尺寸","duration":13.395500000000538,"failureMessages":[],"meta":{}},{"ancestorTitles":["Dialog 组件","尺寸变体"],"fullName":"Dialog 组件 尺寸变体 应该正确应用 full 尺寸","status":"passed","title":"应该正确应用 full 尺寸","duration":14.267100000000937,"failureMessages":[],"meta":{}},{"ancestorTitles":["Dialog 组件","居中显示"],"fullName":"Dialog 组件 居中显示 center 为 false 时应该默认在顶部显示","status":"passed","title":"center 为 false 时应该默认在顶部显示","duration":13.645200000000841,"failureMessages":[],"meta":{}},{"ancestorTitles":["Dialog 组件","居中显示"],"fullName":"Dialog 组件 居中显示 center 为 true 时应该居中显示","status":"passed","title":"center 为 true 时应该居中显示","duration":13.674999999999272,"failureMessages":[],"meta":{}},{"ancestorTitles":["Dialog 组件","插槽"],"fullName":"Dialog 组件 插槽 应该渲染默认插槽内容","status":"passed","title":"应该渲染默认插槽内容","duration":19.063099999999395,"failureMessages":[],"meta":{}},{"ancestorTitles":["Dialog 组件","插槽"],"fullName":"Dialog 组件 插槽 应该渲染 header 插槽内容","status":"passed","title":"应该渲染 header 插槽内容","duration":29.410499999999956,"failureMessages":[],"meta":{}},{"ancestorTitles":["Dialog 组件","插槽"],"fullName":"Dialog 组件 插槽 header 插槽优先级高于 title prop","status":"passed","title":"header 插槽优先级高于 title prop","duration":42.84610000000066,"failureMessages":[],"meta":{}},{"ancestorTitles":["Dialog 组件","插槽"],"fullName":"Dialog 组件 插槽 应该渲染 footer 插槽内容","status":"passed","title":"应该渲染 footer 插槽内容","duration":16.26970000000074,"failureMessages":[],"meta":{}},{"ancestorTitles":["Dialog 组件","插槽"],"fullName":"Dialog 组件 插槽 应该渲染 title 插槽内容","status":"failed","title":"应该渲染 title 插槽内容","duration":1039.6019000000015,"failureMessages":["Error: Unable to find an element with the text: 自定义标题. This could be because the text is broken up by multiple elements. In this case, you can provide a function for your text matcher to make your matcher more flexible.\n\nIgnored nodes: comments, script, style\n\u001b[36m<body>\u001b[39m\n  \u001b[36m<div />\u001b[39m\n  \u001b[0m\u001b[0m\n  \u001b[36m<transition-stub\u001b[39m\n    \u001b[33mappear\u001b[39m=\u001b[32m\"false\"\u001b[39m\n    \u001b[33mcss\u001b[39m=\u001b[32m\"true\"\u001b[39m\n    \u001b[33mdata-v-65a60499\u001b[39m=\u001b[32m\"\"\u001b[39m\n    \u001b[33menteractiveclass\u001b[39m=\u001b[32m\"transition-opacity duration-300\"\u001b[39m\n    \u001b[33menterfromclass\u001b[39m=\u001b[32m\"opacity-0\"\u001b[39m\n    \u001b[33mentertoclass\u001b[39m=\u001b[32m\"opacity-100\"\u001b[39m\n    \u001b[33mleaveactiveclass\u001b[39m=\u001b[32m\"transition-opacity duration-300\"\u001b[39m\n    \u001b[33mleavefromclass\u001b[39m=\u001b[32m\"opacity-100\"\u001b[39m\n    \u001b[33mleavetoclass\u001b[39m=\u001b[32m\"opacity-0\"\u001b[39m\n    \u001b[33mpersisted\u001b[39m=\u001b[32m\"false\"\u001b[39m\n  \u001b[36m>\u001b[39m\n    \u001b[36m<div\u001b[39m\n      \u001b[33maria-hidden\u001b[39m=\u001b[32m\"true\"\u001b[39m\n      \u001b[33mclass\u001b[39m=\u001b[32m\"fixed inset-0 bg-black/50 z-40 transition-opacity duration-300\"\u001b[39m\n      \u001b[33mdata-v-65a60499\u001b[39m=\u001b[32m\"\"\u001b[39m\n    \u001b[36m/>\u001b[39m\n  \u001b[36m</transition-stub>\u001b[39m\n  \u001b[36m<transition-stub\u001b[39m\n    \u001b[33mappear\u001b[39m=\u001b[32m\"false\"\u001b[39m\n    \u001b[33mcss\u001b[39m=\u001b[32m\"true\"\u001b[39m\n    \u001b[33mdata-v-65a60499\u001b[39m=\u001b[32m\"\"\u001b[39m\n    \u001b[33menteractiveclass\u001b[39m=\u001b[32m\"transition-all duration-300 ease-out\"\u001b[39m\n    \u001b[33menterfromclass\u001b[39m=\u001b[32m\"opacity-0 scale-95\"\u001b[39m\n    \u001b[33mentertoclass\u001b[39m=\u001b[32m\"opacity-100 scale-100\"\u001b[39m\n    \u001b[33mleaveactiveclass\u001b[39m=\u001b[32m\"transition-all duration-300 ease-in\"\u001b[39m\n    \u001b[33mleavefromclass\u001b[39m=\u001b[32m\"opacity-100 scale-100\"\u001b[39m\n    \u001b[33mleavetoclass\u001b[39m=\u001b[32m\"opacity-0 scale-95\"\u001b[39m\n    \u001b[33mpersisted\u001b[39m=\u001b[32m\"false\"\u001b[39m\n  \u001b[36m>\u001b[39m\n    \u001b[36m<div\u001b[39m\n      \u001b[33maria-labelledby\u001b[39m=\u001b[32m\"dialog-title\"\u001b[39m\n      \u001b[33maria-modal\u001b[39m=\u001b[32m\"true\"\u001b[39m\n      \u001b[33mclass\u001b[39m=\u001b[32m\"fixed z-50 bg-white dark:bg-neutral-800 rounded-lg shadow-xl flex flex-col max-h-[90vh] w-full max-w-md top-20 left-1/2 -translate-x-1/2 transition-all duration-300 ease-in-out\"\u001b[39m\n      \u001b[33mdata-v-65a60499\u001b[39m=\u001b[32m\"\"\u001b[39m\n      \u001b[33mrole\u001b[39m=\u001b[32m\"dialog\"\u001b[39m\n    \u001b[36m>\u001b[39m\n      \u001b[36m<div\u001b[39m\n        \u001b[33mclass\u001b[39m=\u001b[32m\"flex items-center justify-between px-6 py-4 border-b border-neutral-200 dark:border-neutral-700\"\u001b[39m\n        \u001b[33mdata-v-65a60499\u001b[39m=\u001b[32m\"\"\u001b[39m\n      \u001b[36m>\u001b[39m\n        \u001b[36m<div\u001b[39m\n          \u001b[33mclass\u001b[39m=\u001b[32m\"flex items-center gap-3\"\u001b[39m\n          \u001b[33mdata-v-65a60499\u001b[39m=\u001b[32m\"\"\u001b[39m\n        \u001b[36m>\u001b[39m\n          \u001b[0m\u001b[0m\n          \u001b[36m<h3\u001b[39m\n            \u001b[33mclass\u001b[39m=\u001b[32m\"text-lg font-semibold text-neutral-900 dark:text-neutral-100\"\u001b[39m\n            \u001b[33mdata-v-65a60499\u001b[39m=\u001b[32m\"\"\u001b[39m\n            \u001b[33mid\u001b[39m=\u001b[32m\"dialog-title\"\u001b[39m\n          \u001b[36m>\u001b[39m\n            \u001b[0m默认标题\u001b[0m\n          \u001b[36m</h3>\u001b[39m\n          \u001b[0m\u001b[0m\n        \u001b[36m</div>\u001b[39m\n        \u001b[36m<button\u001b[39m\n          \u001b[33maria-label\u001b[39m=\u001b[32m\"关闭对话框\"\u001b[39m\n          \u001b[33mclass\u001b[39m=\u001b[32m\"text-neutral-400 hover:text-neutral-600 dark:text-neutral-500 dark:hover:text-neutral-300 transition-colors p-1 rounded-md hover:bg-neutral-100 dark:hover:bg-neutral-700 focus:outline-none focus:ring-2 focus:ring-primary-500\"\u001b[39m\n          \u001b[33mdata-v-65a60499\u001b[39m=\u001b[32m\"\"\u001b[39m\n          \u001b[33mtype\u001b[39m=\u001b[32m\"button\"\u001b[39m\n        \u001b[36m>\u001b[39m\n          \u001b[36m<div\u001b[39m\n            \u001b[33mdata-v-65a60499\u001b[39m=\u001b[32m\"\"\u001b[39m\n          \u001b[36m>\u001b[39m\n            \u001b[36m<svg\u001b[39m\n              \u001b[33maria-label\u001b[39m=\u001b[32m\"x-mark\"\u001b[39m\n              \u001b[33mclass\u001b[39m=\u001b[32m\"h-5 w-5 inline-flex-shrink-0\"\u001b[39m\n              \u001b[33mfill\u001b[39m=\u001b[32m\"none\"\u001b[39m\n              \u001b[33mstroke\u001b[39m=\u001b[32m\"currentColor\"\u001b[39m\n              \u001b[33mstroke-width\u001b[39m=\u001b[32m\"1.5\"\u001b[39m\n              \u001b[33mviewBox\u001b[39m=\u001b[32m\"0 0 24 24\"\u001b[39m\n              \u001b[33mxmlns\u001b[39m=\u001b[32m\"http://www.w3.org/2000/svg\"\u001b[39m\n            \u001b[36m>\u001b[39m\n              \u001b[36m<path\u001b[39m\n                \u001b[33md\u001b[39m=\u001b[32m\"M6 18 18 6M6 6l12 12\"\u001b[39m\n                \u001b[33mstroke-linecap\u001b[39m=\u001b[32m\"round\"\u001b[39m\n                \u001b[33mstroke-linejoin\u001b[39m=\u001b[32m\"round\"\u001b[39m\n              \u001b[36m/>\u001b[39m\n            \u001b[36m</svg>\u001b[39m\n          \u001b[36m</div>\u001b[39m\n        \u001b[36m</button>\u001b[39m\n      \u001b[36m</div>\u001b[39m\n      \u001b[36m<div\u001b[39m\n        \u001b[33mclass\u001b[39m=\u001b[32m\"flex-1 overflow-auto px-6 py-4\"\u001b[39m\n        \u001b[33mdata-v-65a60499\u001b[39m=\u001b[32m\"\"\u001b[39m\n      \u001b[36m>\u001b[39m\n        \u001b[0m\u001b[0m\n        \u001b[36m<p\u001b[39m\n          \u001b[33mclass\u001b[39m=\u001b[32m\"text-neutral-600 dark:text-neutral-400\"\u001b[39m\n          \u001b[33mdata-v-65a60499\u001b[39m=\u001b[32m\"\"\u001b[39m\n        \u001b[36m>\u001b[39m\n          \u001b[0m 对话框内容 \u001b[0m\n        \u001b[36m</p>\u001b[39m\n        \u001b[0m\u001b[0m\n      \u001b[36m</div>\u001b[39m\n    \u001b[36m</div>\u001b[39m\n  \u001b[36m</transition-stub>\u001b[39m\n  \u001b[0m\u001b[0m\n\u001b[36m</body>\u001b[39m\n    at Proxy.waitForWrapper (E:\\Github\\Qingyu\\Qingyu_fronted\\node_modules\\@testing-library\\vue\\node_modules\\@testing-library\\dom\\dist\\wait-for.js:163:27)\n    at E:\\Github\\Qingyu\\Qingyu_fronted\\tests\\unit\\design-system\\feedback\\Dialog.test.ts:466:13\n    at file:///E:/Github/Qingyu/Qingyu_fronted/node_modules/@vitest/runner/dist/index.js:146:14\n    at file:///E:/Github/Qingyu/Qingyu_fronted/node_modules/@vitest/runner/dist/index.js:533:11\n    at runWithTimeout (file:///E:/Github/Qingyu/Qingyu_fronted/node_modules/@vitest/runner/dist/index.js:39:7)\n    at runTest (file:///E:/Github/Qingyu/Qingyu_fronted/node_modules/@vitest/runner/dist/index.js:1056:17)\n    at runSuite (file:///E:/Github/Qingyu/Qingyu_fronted/node_modules/@vitest/runner/dist/index.js:1205:15)\n    at runSuite (file:///E:/Github/Qingyu/Qingyu_fronted/node_modules/@vitest/runner/dist/index.js:1205:15)\n    at runSuite (file:///E:/Github/Qingyu/Qingyu_fronted/node_modules/@vitest/runner/dist/index.js:1205:15)\n    at runFiles (file:///E:/Github/Qingyu/Qingyu_fronted/node_modules/@vitest/runner/dist/index.js:1262:5)"],"meta":{}},{"ancestorTitles":["Dialog 组件","事件"],"fullName":"Dialog 组件 事件 打开对话框时应该触发 open 事件","status":"failed","title":"打开对话框时应该触发 open 事件","duration":1053.9856,"failureMessages":["AssertionError: expected \"spy\" to be called at least once\n\nIgnored nodes: comments, script, style\n\u001b[36m<html>\u001b[39m\n  \u001b[36m<head />\u001b[39m\n  \u001b[36m<body>\u001b[39m\n    \u001b[36m<div />\u001b[39m\n    \u001b[0m\u001b[0m\n    \u001b[36m<transition-stub\u001b[39m\n      \u001b[33mappear\u001b[39m=\u001b[32m\"false\"\u001b[39m\n      \u001b[33mcss\u001b[39m=\u001b[32m\"true\"\u001b[39m\n      \u001b[33mdata-v-65a60499\u001b[39m=\u001b[32m\"\"\u001b[39m\n      \u001b[33menteractiveclass\u001b[39m=\u001b[32m\"transition-opacity duration-300\"\u001b[39m\n      \u001b[33menterfromclass\u001b[39m=\u001b[32m\"opacity-0\"\u001b[39m\n      \u001b[33mentertoclass\u001b[39m=\u001b[32m\"opacity-100\"\u001b[39m\n      \u001b[33mleaveactiveclass\u001b[39m=\u001b[32m\"transition-opacity duration-300\"\u001b[39m\n      \u001b[33mleavefromclass\u001b[39m=\u001b[32m\"opacity-100\"\u001b[39m\n      \u001b[33mleavetoclass\u001b[39m=\u001b[32m\"opacity-0\"\u001b[39m\n      \u001b[33mpersisted\u001b[39m=\u001b[32m\"false\"\u001b[39m\n    \u001b[36m>\u001b[39m\n      \u001b[36m<div\u001b[39m\n        \u001b[33maria-hidden\u001b[39m=\u001b[32m\"true\"\u001b[39m\n        \u001b[33mclass\u001b[39m=\u001b[32m\"fixed inset-0 bg-black/50 z-40 transition-opacity duration-300\"\u001b[39m\n        \u001b[33mdata-v-65a60499\u001b[39m=\u001b[32m\"\"\u001b[39m\n      \u001b[36m/>\u001b[39m\n    \u001b[36m</transition-stub>\u001b[39m\n    \u001b[36m<transition-stub\u001b[39m\n      \u001b[33mappear\u001b[39m=\u001b[32m\"false\"\u001b[39m\n      \u001b[33mcss\u001b[39m=\u001b[32m\"true\"\u001b[39m\n      \u001b[33mdata-v-65a60499\u001b[39m=\u001b[32m\"\"\u001b[39m\n      \u001b[33menteractiveclass\u001b[39m=\u001b[32m\"transition-all duration-300 ease-out\"\u001b[39m\n      \u001b[33menterfromclass\u001b[39m=\u001b[32m\"opacity-0 scale-95\"\u001b[39m\n      \u001b[33mentertoclass\u001b[39m=\u001b[32m\"opacity-100 scale-100\"\u001b[39m\n      \u001b[33mleaveactiveclass\u001b[39m=\u001b[32m\"transition-all duration-300 ease-in\"\u001b[39m\n      \u001b[33mleavefromclass\u001b[39m=\u001b[32m\"opacity-100 scale-100\"\u001b[39m\n      \u001b[33mleavetoclass\u001b[39m=\u001b[32m\"opacity-0 scale-95\"\u001b[39m\n      \u001b[33mpersisted\u001b[39m=\u001b[32m\"false\"\u001b[39m\n    \u001b[36m>\u001b[39m\n      \u001b[36m<div\u001b[39m\n        \u001b[33maria-modal\u001b[39m=\u001b[32m\"true\"\u001b[39m\n        \u001b[33mclass\u001b[39m=\u001b[32m\"fixed z-50 bg-white dark:bg-neutral-800 rounded-lg shadow-xl flex flex-col max-h-[90vh] w-full max-w-md top-20 left-1/2 -translate-x-1/2 transition-all duration-300 ease-in-out\"\u001b[39m\n        \u001b[33mdata-v-65a60499\u001b[39m=\u001b[32m\"\"\u001b[39m\n        \u001b[33mrole\u001b[39m=\u001b[32m\"dialog\"\u001b[39m\n      \u001b[36m>\u001b[39m\n        \u001b[36m<div\u001b[39m\n          \u001b[33mclass\u001b[39m=\u001b[32m\"flex-1 overflow-auto px-6 py-4\"\u001b[39m\n          \u001b[33mdata-v-65a60499\u001b[39m=\u001b[32m\"\"\u001b[39m\n        \u001b[36m>\u001b[39m\n          \u001b[0m\u001b[0m\n          \u001b[36m<p\u001b[39m\n            \u001b[33mclass\u001b[39m=\u001b[32m\"text-neutral-600 dark:text-neutral-400\"\u001b[39m\n            \u001b[33mdata-v-65a60499\u001b[39m=\u001b[32m\"\"\u001b[39m\n          \u001b[36m>\u001b[39m\n            \u001b[0m 对话框内容 \u001b[0m\n          \u001b[36m</p>\u001b[39m\n          \u001b[0m\u001b[0m\n        \u001b[36m</div>\u001b[39m\n      \u001b[36m</div>\u001b[39m\n    \u001b[36m</transition-stub>\u001b[39m\n    \u001b[0m\u001b[0m\n  \u001b[36m</body>\u001b[39m\n\u001b[36m</html>\u001b[39m\n    at Proxy.<anonymous> (file:///E:/Github/Qingyu/Qingyu_fronted/node_modules/@vitest/expect/dist/index.js:1448:13)\n    at Proxy.<anonymous> (file:///E:/Github/Qingyu/Qingyu_fronted/node_modules/@vitest/expect/dist/index.js:972:17)\n    at Proxy.methodWrapper (file:///E:/Github/Qingyu/Qingyu_fronted/node_modules/chai/index.js:1686:25)\n    at E:\\Github\\Qingyu\\Qingyu_fronted\\tests\\unit\\design-system\\feedback\\Dialog.test.ts:485:24\n    at runWithExpensiveErrorDiagnosticsDisabled (E:\\Github\\Qingyu\\Qingyu_fronted\\node_modules\\@testing-library\\vue\\node_modules\\@testing-library\\dom\\dist\\config.js:47:12)\n    at checkCallback (E:\\Github\\Qingyu\\Qingyu_fronted\\node_modules\\@testing-library\\vue\\node_modules\\@testing-library\\dom\\dist\\wait-for.js:124:77)\n    at Timeout.checkRealTimersCallback (E:\\Github\\Qingyu\\Qingyu_fronted\\node_modules\\@testing-library\\vue\\node_modules\\@testing-library\\dom\\dist\\wait-for.js:118:16)\n    at listOnTimeout (node:internal/timers:588:17)\n    at processTimers (node:internal/timers:523:7)"],"meta":{}},{"ancestorTitles":["Dialog 组件","事件"],"fullName":"Dialog 组件 事件 关闭对话框时应该触发 close 事件","status":"failed","title":"关闭对话框时应该触发 close 事件","duration":46.27219999999943,"failureMessages":["Error: Unable to fire a \"click\" event - please provide a DOM element.\n    at createEvent (E:\\Github\\Qingyu\\Qingyu_fronted\\node_modules\\@testing-library\\vue\\node_modules\\@testing-library\\dom\\dist\\events.js:27:11)\n    at Function.createEvent.<computed> [as click] (E:\\Github\\Qingyu\\Qingyu_fronted\\node_modules\\@testing-library\\vue\\node_modules\\@testing-library\\dom\\dist\\events.js:106:38)\n    at Function.fireEvent.<computed> [as click] (E:\\Github\\Qingyu\\Qingyu_fronted\\node_modules\\@testing-library\\vue\\node_modules\\@testing-library\\dom\\dist\\events.js:110:68)\n    at Function.<anonymous> (E:\\Github\\Qingyu\\Qingyu_fronted\\node_modules\\@testing-library\\vue\\dist\\fire-event.js:27:24)\n    at Generator.next (<anonymous>)\n    at asyncGeneratorStep (E:\\Github\\Qingyu\\Qingyu_fronted\\node_modules\\@testing-library\\vue\\dist\\fire-event.js:8:103)\n    at _next (E:\\Github\\Qingyu\\Qingyu_fronted\\node_modules\\@testing-library\\vue\\dist\\fire-event.js:9:194)\n    at E:\\Github\\Qingyu\\Qingyu_fronted\\node_modules\\@testing-library\\vue\\dist\\fire-event.js:9:364\n    at new Promise (<anonymous>)\n    at Function.click (E:\\Github\\Qingyu\\Qingyu_fronted\\node_modules\\@testing-library\\vue\\dist\\fire-event.js:9:97)"],"meta":{}},{"ancestorTitles":["Dialog 组件","事件"],"fullName":"Dialog 组件 事件 对话框显示时应该触发 opened 事件","status":"failed","title":"对话框显示时应该触发 opened 事件","duration":554.9337000000014,"failureMessages":["AssertionError: expected \"spy\" to be called at least once\n\nIgnored nodes: comments, script, style\n\u001b[36m<html>\u001b[39m\n  \u001b[36m<head />\u001b[39m\n  \u001b[36m<body>\u001b[39m\n    \u001b[36m<div />\u001b[39m\n    \u001b[0m\u001b[0m\n    \u001b[36m<transition-stub\u001b[39m\n      \u001b[33mappear\u001b[39m=\u001b[32m\"false\"\u001b[39m\n      \u001b[33mcss\u001b[39m=\u001b[32m\"true\"\u001b[39m\n      \u001b[33mdata-v-65a60499\u001b[39m=\u001b[32m\"\"\u001b[39m\n      \u001b[33menteractiveclass\u001b[39m=\u001b[32m\"transition-opacity duration-300\"\u001b[39m\n      \u001b[33menterfromclass\u001b[39m=\u001b[32m\"opacity-0\"\u001b[39m\n      \u001b[33mentertoclass\u001b[39m=\u001b[32m\"opacity-100\"\u001b[39m\n      \u001b[33mleaveactiveclass\u001b[39m=\u001b[32m\"transition-opacity duration-300\"\u001b[39m\n      \u001b[33mleavefromclass\u001b[39m=\u001b[32m\"opacity-100\"\u001b[39m\n      \u001b[33mleavetoclass\u001b[39m=\u001b[32m\"opacity-0\"\u001b[39m\n      \u001b[33mpersisted\u001b[39m=\u001b[32m\"false\"\u001b[39m\n    \u001b[36m>\u001b[39m\n      \u001b[36m<div\u001b[39m\n        \u001b[33maria-hidden\u001b[39m=\u001b[32m\"true\"\u001b[39m\n        \u001b[33mclass\u001b[39m=\u001b[32m\"fixed inset-0 bg-black/50 z-40 transition-opacity duration-300\"\u001b[39m\n        \u001b[33mdata-v-65a60499\u001b[39m=\u001b[32m\"\"\u001b[39m\n      \u001b[36m/>\u001b[39m\n    \u001b[36m</transition-stub>\u001b[39m\n    \u001b[36m<transition-stub\u001b[39m\n      \u001b[33mappear\u001b[39m=\u001b[32m\"false\"\u001b[39m\n      \u001b[33mcss\u001b[39m=\u001b[32m\"true\"\u001b[39m\n      \u001b[33mdata-v-65a60499\u001b[39m=\u001b[32m\"\"\u001b[39m\n      \u001b[33menteractiveclass\u001b[39m=\u001b[32m\"transition-all duration-300 ease-out\"\u001b[39m\n      \u001b[33menterfromclass\u001b[39m=\u001b[32m\"opacity-0 scale-95\"\u001b[39m\n      \u001b[33mentertoclass\u001b[39m=\u001b[32m\"opacity-100 scale-100\"\u001b[39m\n      \u001b[33mleaveactiveclass\u001b[39m=\u001b[32m\"transition-all duration-300 ease-in\"\u001b[39m\n      \u001b[33mleavefromclass\u001b[39m=\u001b[32m\"opacity-100 scale-100\"\u001b[39m\n      \u001b[33mleavetoclass\u001b[39m=\u001b[32m\"opacity-0 scale-95\"\u001b[39m\n      \u001b[33mpersisted\u001b[39m=\u001b[32m\"false\"\u001b[39m\n    \u001b[36m>\u001b[39m\n      \u001b[36m<div\u001b[39m\n        \u001b[33maria-modal\u001b[39m=\u001b[32m\"true\"\u001b[39m\n        \u001b[33mclass\u001b[39m=\u001b[32m\"fixed z-50 bg-white dark:bg-neutral-800 rounded-lg shadow-xl flex flex-col max-h-[90vh] w-full max-w-md top-20 left-1/2 -translate-x-1/2 transition-all duration-300 ease-in-out\"\u001b[39m\n        \u001b[33mdata-v-65a60499\u001b[39m=\u001b[32m\"\"\u001b[39m\n        \u001b[33mrole\u001b[39m=\u001b[32m\"dialog\"\u001b[39m\n      \u001b[36m>\u001b[39m\n        \u001b[36m<div\u001b[39m\n          \u001b[33mclass\u001b[39m=\u001b[32m\"flex-1 overflow-auto px-6 py-4\"\u001b[39m\n          \u001b[33mdata-v-65a60499\u001b[39m=\u001b[32m\"\"\u001b[39m\n        \u001b[36m>\u001b[39m\n          \u001b[0m\u001b[0m\n          \u001b[36m<p\u001b[39m\n            \u001b[33mclass\u001b[39m=\u001b[32m\"text-neutral-600 dark:text-neutral-400\"\u001b[39m\n            \u001b[33mdata-v-65a60499\u001b[39m=\u001b[32m\"\"\u001b[39m\n          \u001b[36m>\u001b[39m\n            \u001b[0m 对话框内容 \u001b[0m\n          \u001b[36m</p>\u001b[39m\n          \u001b[0m\u001b[0m\n        \u001b[36m</div>\u001b[39m\n      \u001b[36m</div>\u001b[39m\n    \u001b[36m</transition-stub>\u001b[39m\n    \u001b[0m\u001b[0m\n  \u001b[36m</body>\u001b[39m\n\u001b[36m</html>\u001b[39m\n    at Proxy.<anonymous> (file:///E:/Github/Qingyu/Qingyu_fronted/node_modules/@vitest/expect/dist/index.js:1448:13)\n    at Proxy.<anonymous> (file:///E:/Github/Qingyu/Qingyu_fronted/node_modules/@vitest/expect/dist/index.js:972:17)\n    at Proxy.methodWrapper (file:///E:/Github/Qingyu/Qingyu_fronted/node_modules/chai/index.js:1686:25)\n    at __vite_ssr_import_1__.waitFor.timeout (E:\\Github\\Qingyu\\Qingyu_fronted\\tests\\unit\\design-system\\feedback\\Dialog.test.ts:521:26)\n    at runWithExpensiveErrorDiagnosticsDisabled (E:\\Github\\Qingyu\\Qingyu_fronted\\node_modules\\@testing-library\\vue\\node_modules\\@testing-library\\dom\\dist\\config.js:47:12)\n    at checkCallback (E:\\Github\\Qingyu\\Qingyu_fronted\\node_modules\\@testing-library\\vue\\node_modules\\@testing-library\\dom\\dist\\wait-for.js:124:77)\n    at Timeout.checkRealTimersCallback (E:\\Github\\Qingyu\\Qingyu_fronted\\node_modules\\@testing-library\\vue\\node_modules\\@testing-library\\dom\\dist\\wait-for.js:118:16)\n    at listOnTimeout (node:internal/timers:588:17)\n    at processTimers (node:internal/timers:523:7)"],"meta":{}},{"ancestorTitles":["Dialog 组件","事件"],"fullName":"Dialog 组件 事件 对话框隐藏时应该触发 closed 事件","status":"passed","title":"对话框隐藏时应该触发 closed 事件","duration":774.9853999999996,"failureMessages":[],"meta":{}},{"ancestorTitles":["Dialog 组件","beforeClose 回调"],"fullName":"Dialog 组件 beforeClose 回调 beforeClose 返回 false 应该阻止关闭","status":"failed","title":"beforeClose 返回 false 应该阻止关闭","duration":29.100900000001275,"failureMessages":["Error: Unable to fire a \"click\" event - please provide a DOM element.\n    at createEvent (E:\\Github\\Qingyu\\Qingyu_fronted\\node_modules\\@testing-library\\vue\\node_modules\\@testing-library\\dom\\dist\\events.js:27:11)\n    at Function.createEvent.<computed> [as click] (E:\\Github\\Qingyu\\Qingyu_fronted\\node_modules\\@testing-library\\vue\\node_modules\\@testing-library\\dom\\dist\\events.js:106:38)\n    at Function.fireEvent.<computed> [as click] (E:\\Github\\Qingyu\\Qingyu_fronted\\node_modules\\@testing-library\\vue\\node_modules\\@testing-library\\dom\\dist\\events.js:110:68)\n    at Function.<anonymous> (E:\\Github\\Qingyu\\Qingyu_fronted\\node_modules\\@testing-library\\vue\\dist\\fire-event.js:27:24)\n    at Generator.next (<anonymous>)\n    at asyncGeneratorStep (E:\\Github\\Qingyu\\Qingyu_fronted\\node_modules\\@testing-library\\vue\\dist\\fire-event.js:8:103)\n    at _next (E:\\Github\\Qingyu\\Qingyu_fronted\\node_modules\\@testing-library\\vue\\dist\\fire-event.js:9:194)\n    at E:\\Github\\Qingyu\\Qingyu_fronted\\node_modules\\@testing-library\\vue\\dist\\fire-event.js:9:364\n    at new Promise (<anonymous>)\n    at Function.click (E:\\Github\\Qingyu\\Qingyu_fronted\\node_modules\\@testing-library\\vue\\dist\\fire-event.js:9:97)"],"meta":{}},{"ancestorTitles":["Dialog 组件","beforeClose 回调"],"fullName":"Dialog 组件 beforeClose 回调 beforeClose 返回 true 应该允许关闭","status":"failed","title":"beforeClose 返回 true 应该允许关闭","duration":23.459600000001956,"failureMessages":["Error: Unable to fire a \"click\" event - please provide a DOM element.\n    at createEvent (E:\\Github\\Qingyu\\Qingyu_fronted\\node_modules\\@testing-library\\vue\\node_modules\\@testing-library\\dom\\dist\\events.js:27:11)\n    at Function.createEvent.<computed> [as click] (E:\\Github\\Qingyu\\Qingyu_fronted\\node_modules\\@testing-library\\vue\\node_modules\\@testing-library\\dom\\dist\\events.js:106:38)\n    at Function.fireEvent.<computed> [as click] (E:\\Github\\Qingyu\\Qingyu_fronted\\node_modules\\@testing-library\\vue\\node_modules\\@testing-library\\dom\\dist\\events.js:110:68)\n    at Function.<anonymous> (E:\\Github\\Qingyu\\Qingyu_fronted\\node_modules\\@testing-library\\vue\\dist\\fire-event.js:27:24)\n    at Generator.next (<anonymous>)\n    at asyncGeneratorStep (E:\\Github\\Qingyu\\Qingyu_fronted\\node_modules\\@testing-library\\vue\\dist\\fire-event.js:8:103)\n    at _next (E:\\Github\\Qingyu\\Qingyu_fronted\\node_modules\\@testing-library\\vue\\dist\\fire-event.js:9:194)\n    at E:\\Github\\Qingyu\\Qingyu_fronted\\node_modules\\@testing-library\\vue\\dist\\fire-event.js:9:364\n    at new Promise (<anonymous>)\n    at Function.click (E:\\Github\\Qingyu\\Qingyu_fronted\\node_modules\\@testing-library\\vue\\dist\\fire-event.js:9:97)"],"meta":{}},{"ancestorTitles":["Dialog 组件","beforeClose 回调"],"fullName":"Dialog 组件 beforeClose 回调 beforeClose 返回 Promise 应该等待异步操作","status":"failed","title":"beforeClose 返回 Promise 应该等待异步操作","duration":27.270300000000134,"failureMessages":["Error: Unable to fire a \"click\" event - please provide a DOM element.\n    at createEvent (E:\\Github\\Qingyu\\Qingyu_fronted\\node_modules\\@testing-library\\vue\\node_modules\\@testing-library\\dom\\dist\\events.js:27:11)\n    at Function.createEvent.<computed> [as click] (E:\\Github\\Qingyu\\Qingyu_fronted\\node_modules\\@testing-library\\vue\\node_modules\\@testing-library\\dom\\dist\\events.js:106:38)\n    at Function.fireEvent.<computed> [as click] (E:\\Github\\Qingyu\\Qingyu_fronted\\node_modules\\@testing-library\\vue\\node_modules\\@testing-library\\dom\\dist\\events.js:110:68)\n    at Function.<anonymous> (E:\\Github\\Qingyu\\Qingyu_fronted\\node_modules\\@testing-library\\vue\\dist\\fire-event.js:27:24)\n    at Generator.next (<anonymous>)\n    at asyncGeneratorStep (E:\\Github\\Qingyu\\Qingyu_fronted\\node_modules\\@testing-library\\vue\\dist\\fire-event.js:8:103)\n    at _next (E:\\Github\\Qingyu\\Qingyu_fronted\\node_modules\\@testing-library\\vue\\dist\\fire-event.js:9:194)\n    at E:\\Github\\Qingyu\\Qingyu_fronted\\node_modules\\@testing-library\\vue\\dist\\fire-event.js:9:364\n    at new Promise (<anonymous>)\n    at Function.click (E:\\Github\\Qingyu\\Qingyu_fronted\\node_modules\\@testing-library\\vue\\dist\\fire-event.js:9:97)"],"meta":{}},{"ancestorTitles":["Dialog 组件","自定义类名"],"fullName":"Dialog 组件 自定义类名 应该正确应用自定义对话框类名","status":"passed","title":"应该正确应用自定义对话框类名","duration":27.85150000000067,"failureMessages":[],"meta":{}},{"ancestorTitles":["Dialog 组件","自定义类名"],"fullName":"Dialog 组件 自定义类名 应该正确应用自定义遮罩层类名","status":"passed","title":"应该正确应用自定义遮罩层类名","duration":55.400299999997515,"failureMessages":[],"meta":{}},{"ancestorTitles":["Dialog 组件","可访问性"],"fullName":"Dialog 组件 可访问性 应该有正确的 role 属性","status":"passed","title":"应该有正确的 role 属性","duration":39.77140000000145,"failureMessages":[],"meta":{}},{"ancestorTitles":["Dialog 组件","可访问性"],"fullName":"Dialog 组件 可访问性 应该有 aria-modal 属性","status":"passed","title":"应该有 aria-modal 属性","duration":48.451600000000326,"failureMessages":[],"meta":{}},{"ancestorTitles":["Dialog 组件","可访问性"],"fullName":"Dialog 组件 可访问性 有标题时应该有 aria-labelledby 属性","status":"passed","title":"有标题时应该有 aria-labelledby 属性","duration":24.44640000000072,"failureMessages":[],"meta":{}},{"ancestorTitles":["Dialog 组件","可访问性"],"fullName":"Dialog 组件 可访问性 关闭按钮应该有正确的 aria-label","status":"failed","title":"关闭按钮应该有正确的 aria-label","duration":1043.227600000002,"failureMessages":["Error: \u001b[2mexpect(\u001b[22m\u001b[31mreceived\u001b[39m\u001b[2m).toBeInTheDocument()\u001b[22m\n\n\u001b[31mreceived\u001b[39m value must be an HTMLElement or an SVGElement.\n\n\nIgnored nodes: comments, script, style\n\u001b[36m<html>\u001b[39m\n  \u001b[36m<head />\u001b[39m\n  \u001b[36m<body>\u001b[39m\n    \u001b[36m<div />\u001b[39m\n    \u001b[0m\u001b[0m\n    \u001b[36m<transition-stub\u001b[39m\n      \u001b[33mappear\u001b[39m=\u001b[32m\"false\"\u001b[39m\n      \u001b[33mcss\u001b[39m=\u001b[32m\"true\"\u001b[39m\n      \u001b[33mdata-v-65a60499\u001b[39m=\u001b[32m\"\"\u001b[39m\n      \u001b[33menteractiveclass\u001b[39m=\u001b[32m\"transition-opacity duration-300\"\u001b[39m\n      \u001b[33menterfromclass\u001b[39m=\u001b[32m\"opacity-0\"\u001b[39m\n      \u001b[33mentertoclass\u001b[39m=\u001b[32m\"opacity-100\"\u001b[39m\n      \u001b[33mleaveactiveclass\u001b[39m=\u001b[32m\"transition-opacity duration-300\"\u001b[39m\n      \u001b[33mleavefromclass\u001b[39m=\u001b[32m\"opacity-100\"\u001b[39m\n      \u001b[33mleavetoclass\u001b[39m=\u001b[32m\"opacity-0\"\u001b[39m\n      \u001b[33mpersisted\u001b[39m=\u001b[32m\"false\"\u001b[39m\n    \u001b[36m>\u001b[39m\n      \u001b[36m<div\u001b[39m\n        \u001b[33maria-hidden\u001b[39m=\u001b[32m\"true\"\u001b[39m\n        \u001b[33mclass\u001b[39m=\u001b[32m\"fixed inset-0 bg-black/50 z-40 transition-opacity duration-300\"\u001b[39m\n        \u001b[33mdata-v-65a60499\u001b[39m=\u001b[32m\"\"\u001b[39m\n      \u001b[36m/>\u001b[39m\n    \u001b[36m</transition-stub>\u001b[39m\n    \u001b[36m<transition-stub\u001b[39m\n      \u001b[33mappear\u001b[39m=\u001b[32m\"false\"\u001b[39m\n      \u001b[33mcss\u001b[39m=\u001b[32m\"true\"\u001b[39m\n      \u001b[33mdata-v-65a60499\u001b[39m=\u001b[32m\"\"\u001b[39m\n      \u001b[33menteractiveclass\u001b[39m=\u001b[32m\"transition-all duration-300 ease-out\"\u001b[39m\n      \u001b[33menterfromclass\u001b[39m=\u001b[32m\"opacity-0 scale-95\"\u001b[39m\n      \u001b[33mentertoclass\u001b[39m=\u001b[32m\"opacity-100 scale-100\"\u001b[39m\n      \u001b[33mleaveactiveclass\u001b[39m=\u001b[32m\"transition-all duration-300 ease-in\"\u001b[39m\n      \u001b[33mleavefromclass\u001b[39m=\u001b[32m\"opacity-100 scale-100\"\u001b[39m\n      \u001b[33mleavetoclass\u001b[39m=\u001b[32m\"opacity-0 scale-95\"\u001b[39m\n      \u001b[33mpersisted\u001b[39m=\u001b[32m\"false\"\u001b[39m\n    \u001b[36m>\u001b[39m\n      \u001b[36m<div\u001b[39m\n        \u001b[33maria-modal\u001b[39m=\u001b[32m\"true\"\u001b[39m\n        \u001b[33mclass\u001b[39m=\u001b[32m\"fixed z-50 bg-white dark:bg-neutral-800 rounded-lg shadow-xl flex flex-col max-h-[90vh] w-full max-w-md top-20 left-1/2 -translate-x-1/2 transition-all duration-300 ease-in-out\"\u001b[39m\n        \u001b[33mdata-v-65a60499\u001b[39m=\u001b[32m\"\"\u001b[39m\n        \u001b[33mrole\u001b[39m=\u001b[32m\"dialog\"\u001b[39m\n      \u001b[36m>\u001b[39m\n        \u001b[36m<div\u001b[39m\n          \u001b[33mclass\u001b[39m=\u001b[32m\"flex-1 overflow-auto px-6 py-4\"\u001b[39m\n          \u001b[33mdata-v-65a60499\u001b[39m=\u001b[32m\"\"\u001b[39m\n        \u001b[36m>\u001b[39m\n          \u001b[0m\u001b[0m\n          \u001b[36m<p\u001b[39m\n            \u001b[33mclass\u001b[39m=\u001b[32m\"text-neutral-600 dark:text-neutral-400\"\u001b[39m\n            \u001b[33mdata-v-65a60499\u001b[39m=\u001b[32m\"\"\u001b[39m\n          \u001b[36m>\u001b[39m\n            \u001b[0m 对话框内容 \u001b[0m\n          \u001b[36m</p>\u001b[39m\n          \u001b[0m\u001b[0m\n        \u001b[36m</div>\u001b[39m\n      \u001b[36m</div>\u001b[39m\n    \u001b[36m</transition-stub>\u001b[39m\n    \u001b[0m\u001b[0m\n  \u001b[36m</body>\u001b[39m\n\u001b[36m</html>\u001b[39m\n    at Proxy.expectWrapper (file:///E:/Github/Qingyu/Qingyu_fronted/node_modules/@vitest/expect/dist/index.js:1986:42)\n    at Proxy.<anonymous> (file:///E:/Github/Qingyu/Qingyu_fronted/node_modules/@vitest/expect/dist/index.js:972:17)\n    at Proxy.methodWrapper (file:///E:/Github/Qingyu/Qingyu_fronted/node_modules/chai/index.js:1686:25)\n    at E:\\Github\\Qingyu\\Qingyu_fronted\\tests\\unit\\design-system\\feedback\\Dialog.test.ts:719:29\n    at runWithExpensiveErrorDiagnosticsDisabled (E:\\Github\\Qingyu\\Qingyu_fronted\\node_modules\\@testing-library\\vue\\node_modules\\@testing-library\\dom\\dist\\config.js:47:12)\n    at checkCallback (E:\\Github\\Qingyu\\Qingyu_fronted\\node_modules\\@testing-library\\vue\\node_modules\\@testing-library\\dom\\dist\\wait-for.js:124:77)\n    at Timeout.checkRealTimersCallback (E:\\Github\\Qingyu\\Qingyu_fronted\\node_modules\\@testing-library\\vue\\node_modules\\@testing-library\\dom\\dist\\wait-for.js:118:16)\n    at listOnTimeout (node:internal/timers:588:17)\n    at processTimers (node:internal/timers:523:7)"],"meta":{}},{"ancestorTitles":["Dialog 组件","点击事件冒泡"],"fullName":"Dialog 组件 点击事件冒泡 点击对话框内容不应该关闭对话框","status":"passed","title":"点击对话框内容不应该关闭对话框","duration":88.39420000000246,"failureMessages":[],"meta":{}}],"startTime":1769254070869,"endTime":1769254081230.3943,"status":"failed","message":"","name":"E:/Github/Qingyu/Qingyu_fronted/tests/unit/design-system/feedback/Dialog.test.ts"},{"assertionResults":[{"ancestorTitles":["Tooltip 组件","基础功能"],"fullName":"Tooltip 组件 基础功能 应该正确渲染组件","status":"passed","title":"应该正确渲染组件","duration":332.5564000000004,"failureMessages":[],"meta":{}},{"ancestorTitles":["Tooltip 组件","基础功能"],"fullName":"Tooltip 组件 基础功能 应该包含触发元素","status":"passed","title":"应该包含触发元素","duration":39.43870000000061,"failureMessages":[],"meta":{}},{"ancestorTitles":["Tooltip 组件","基础功能"],"fullName":"Tooltip 组件 基础功能 应该渲染默认内容","status":"passed","title":"应该渲染默认内容","duration":62.59659999999985,"failureMessages":[],"meta":{}},{"ancestorTitles":["Tooltip 组件","基础功能"],"fullName":"Tooltip 组件 基础功能 应该渲染自定义内容插槽","status":"passed","title":"应该渲染自定义内容插槽","duration":34.82729999999992,"failureMessages":[],"meta":{}},{"ancestorTitles":["Tooltip 组件","触发方式"],"fullName":"Tooltip 组件 触发方式 应该在鼠标悬停时显示提示 (hover)","status":"passed","title":"应该在鼠标悬停时显示提示 (hover)","duration":28.787199999999757,"failureMessages":[],"meta":{}},{"ancestorTitles":["Tooltip 组件","触发方式"],"fullName":"Tooltip 组件 触发方式 应该在鼠标离开时隐藏提示 (hover)","status":"passed","title":"应该在鼠标离开时隐藏提示 (hover)","duration":28.90440000000035,"failureMessages":[],"meta":{}},{"ancestorTitles":["Tooltip 组件","触发方式"],"fullName":"Tooltip 组件 触发方式 应该在点击时切换显示状态 (click)","status":"passed","title":"应该在点击时切换显示状态 (click)","duration":48.50659999999971,"failureMessages":[],"meta":{}},{"ancestorTitles":["Tooltip 组件","触发方式"],"fullName":"Tooltip 组件 触发方式 应该在获得焦点时显示提示 (focus)","status":"passed","title":"应该在获得焦点时显示提示 (focus)","duration":440.5037000000002,"failureMessages":[],"meta":{}},{"ancestorTitles":["Tooltip 组件","触发方式"],"fullName":"Tooltip 组件 触发方式 应该在失去焦点时隐藏提示 (focus)","status":"passed","title":"应该在失去焦点时隐藏提示 (focus)","duration":140.85319999999956,"failureMessages":[],"meta":{}},{"ancestorTitles":["Tooltip 组件","位置选项"],"fullName":"Tooltip 组件 位置选项 应该支持 top 位置","status":"passed","title":"应该支持 top 位置","duration":48.91949999999997,"failureMessages":[],"meta":{}},{"ancestorTitles":["Tooltip 组件","位置选项"],"fullName":"Tooltip 组件 位置选项 应该支持 top-start 位置","status":"passed","title":"应该支持 top-start 位置","duration":23.997800000000097,"failureMessages":[],"meta":{}},{"ancestorTitles":["Tooltip 组件","位置选项"],"fullName":"Tooltip 组件 位置选项 应该支持 top-end 位置","status":"passed","title":"应该支持 top-end 位置","duration":29.787600000000566,"failureMessages":[],"meta":{}},{"ancestorTitles":["Tooltip 组件","位置选项"],"fullName":"Tooltip 组件 位置选项 应该支持 bottom 位置","status":"passed","title":"应该支持 bottom 位置","duration":24.165399999999863,"failureMessages":[],"meta":{}},{"ancestorTitles":["Tooltip 组件","位置选项"],"fullName":"Tooltip 组件 位置选项 应该支持 bottom-start 位置","status":"passed","title":"应该支持 bottom-start 位置","duration":17.256900000000314,"failureMessages":[],"meta":{}},{"ancestorTitles":["Tooltip 组件","位置选项"],"fullName":"Tooltip 组件 位置选项 应该支持 bottom-end 位置","status":"passed","title":"应该支持 bottom-end 位置","duration":23.74409999999989,"failureMessages":[],"meta":{}},{"ancestorTitles":["Tooltip 组件","位置选项"],"fullName":"Tooltip 组件 位置选项 应该支持 left 位置","status":"passed","title":"应该支持 left 位置","duration":22.397099999999227,"failureMessages":[],"meta":{}},{"ancestorTitles":["Tooltip 组件","位置选项"],"fullName":"Tooltip 组件 位置选项 应该支持 left-start 位置","status":"passed","title":"应该支持 left-start 位置","duration":18.024999999999636,"failureMessages":[],"meta":{}},{"ancestorTitles":["Tooltip 组件","位置选项"],"fullName":"Tooltip 组件 位置选项 应该支持 left-end 位置","status":"passed","title":"应该支持 left-end 位置","duration":22.442799999999806,"failureMessages":[],"meta":{}},{"ancestorTitles":["Tooltip 组件","位置选项"],"fullName":"Tooltip 组件 位置选项 应该支持 right 位置","status":"passed","title":"应该支持 right 位置","duration":50.12369999999919,"failureMessages":[],"meta":{}},{"ancestorTitles":["Tooltip 组件","位置选项"],"fullName":"Tooltip 组件 位置选项 应该支持 right-start 位置","status":"passed","title":"应该支持 right-start 位置","duration":41.65270000000055,"failureMessages":[],"meta":{}},{"ancestorTitles":["Tooltip 组件","位置选项"],"fullName":"Tooltip 组件 位置选项 应该支持 right-end 位置","status":"passed","title":"应该支持 right-end 位置","duration":31.238799999999173,"failureMessages":[],"meta":{}},{"ancestorTitles":["Tooltip 组件","主题"],"fullName":"Tooltip 组件 主题 应该应用暗色主题样式","status":"passed","title":"应该应用暗色主题样式","duration":32.060999999999694,"failureMessages":[],"meta":{}},{"ancestorTitles":["Tooltip 组件","主题"],"fullName":"Tooltip 组件 主题 应该应用亮色主题样式","status":"passed","title":"应该应用亮色主题样式","duration":101.7487000000001,"failureMessages":[],"meta":{}},{"ancestorTitles":["Tooltip 组件","箭头显示"],"fullName":"Tooltip 组件 箭头显示 应该默认显示箭头","status":"passed","title":"应该默认显示箭头","duration":53.88160000000062,"failureMessages":[],"meta":{}},{"ancestorTitles":["Tooltip 组件","箭头显示"],"fullName":"Tooltip 组件 箭头显示 应该支持隐藏箭头","status":"passed","title":"应该支持隐藏箭头","duration":15.604800000000978,"failureMessages":[],"meta":{}},{"ancestorTitles":["Tooltip 组件","偏移量"],"fullName":"Tooltip 组件 偏移量 应该支持自定义偏移量","status":"passed","title":"应该支持自定义偏移量","duration":20.48479999999836,"failureMessages":[],"meta":{}},{"ancestorTitles":["Tooltip 组件","延迟控制"],"fullName":"Tooltip 组件 延迟控制 应该支持显示延迟","status":"passed","title":"应该支持显示延迟","duration":36.53769999999895,"failureMessages":[],"meta":{}},{"ancestorTitles":["Tooltip 组件","延迟控制"],"fullName":"Tooltip 组件 延迟控制 应该支持隐藏延迟","status":"passed","title":"应该支持隐藏延迟","duration":31.962100000000646,"failureMessages":[],"meta":{}},{"ancestorTitles":["Tooltip 组件","禁用状态"],"fullName":"Tooltip 组件 禁用状态 应该在禁用状态下不显示提示","status":"passed","title":"应该在禁用状态下不显示提示","duration":17.90810000000056,"failureMessages":[],"meta":{}},{"ancestorTitles":["Tooltip 组件","事件回调"],"fullName":"Tooltip 组件 事件回调 应该支持事件回调属性","status":"passed","title":"应该支持事件回调属性","duration":35.28179999999884,"failureMessages":[],"meta":{}},{"ancestorTitles":["Tooltip 组件","可访问性"],"fullName":"Tooltip 组件 可访问性 应该设置正确的 role 属性","status":"passed","title":"应该设置正确的 role 属性","duration":17.52860000000146,"failureMessages":[],"meta":{}},{"ancestorTitles":["Tooltip 组件","可访问性"],"fullName":"Tooltip 组件 可访问性 应该支持键盘焦点","status":"passed","title":"应该支持键盘焦点","duration":26.606799999999566,"failureMessages":[],"meta":{}},{"ancestorTitles":["Tooltip 组件","自定义类名"],"fullName":"Tooltip 组件 自定义类名 应该支持自定义触发器类名","status":"passed","title":"应该支持自定义触发器类名","duration":21.305599999999686,"failureMessages":[],"meta":{}},{"ancestorTitles":["Tooltip 组件","自定义类名"],"fullName":"Tooltip 组件 自定义类名 应该支持自定义 popper 类名","status":"passed","title":"应该支持自定义 popper 类名","duration":27.828999999999724,"failureMessages":[],"meta":{}},{"ancestorTitles":["Tooltip 组件","过渡动画"],"fullName":"Tooltip 组件 过渡动画 应该使用默认过渡动画","status":"passed","title":"应该使用默认过渡动画","duration":26.794199999998455,"failureMessages":[],"meta":{}},{"ancestorTitles":["Tooltip 组件","过渡动画"],"fullName":"Tooltip 组件 过渡动画 应该支持自定义过渡动画","status":"passed","title":"应该支持自定义过渡动画","duration":19.075300000000425,"failureMessages":[],"meta":{}},{"ancestorTitles":["Tooltip 组件","销毁行为"],"fullName":"Tooltip 组件 销毁行为 应该在关闭后保留 DOM (destroyOnClose = false)","status":"passed","title":"应该在关闭后保留 DOM (destroyOnClose = false)","duration":19.39390000000094,"failureMessages":[],"meta":{}},{"ancestorTitles":["Tooltip 组件","Props 默认值"],"fullName":"Tooltip 组件 Props 默认值 应该使用默认的 trigger 值","status":"passed","title":"应该使用默认的 trigger 值","duration":18.876800000000003,"failureMessages":[],"meta":{}},{"ancestorTitles":["Tooltip 组件","Props 默认值"],"fullName":"Tooltip 组件 Props 默认值 应该使用默认的 placement 值","status":"passed","title":"应该使用默认的 placement 值","duration":19.790399999999863,"failureMessages":[],"meta":{}},{"ancestorTitles":["Tooltip 组件","Props 默认值"],"fullName":"Tooltip 组件 Props 默认值 应该使用默认的 effect 值","status":"passed","title":"应该使用默认的 effect 值","duration":15.06919999999991,"failureMessages":[],"meta":{}},{"ancestorTitles":["Tooltip 组件","Props 默认值"],"fullName":"Tooltip 组件 Props 默认值 应该使用默认的 showArrow 值","status":"passed","title":"应该使用默认的 showArrow 值","duration":156.52980000000025,"failureMessages":[],"meta":{}}],"startTime":1769254070317,"endTime":1769254072548.5298,"status":"passed","message":"","name":"E:/Github/Qingyu/Qingyu_fronted/tests/unit/design-system/feedback/Tooltip.test.ts"},{"assertionResults":[{"ancestorTitles":["DatePicker","基础渲染"],"fullName":"DatePicker 基础渲染 默认渲染为 date 类型和 md 尺寸","status":"passed","title":"默认渲染为 date 类型和 md 尺寸","duration":134.03920000000016,"failureMessages":[],"meta":{}},{"ancestorTitles":["DatePicker","基础渲染"],"fullName":"DatePicker 基础渲染 正确渲染所有尺寸","status":"passed","title":"正确渲染所有尺寸","duration":53.63299999999981,"failureMessages":[],"meta":{}},{"ancestorTitles":["DatePicker","基础渲染"],"fullName":"DatePicker 基础渲染 正确渲染所有类型","status":"passed","title":"正确渲染所有类型","duration":78.2467999999999,"failureMessages":[],"meta":{}},{"ancestorTitles":["DatePicker","Props 测试"],"fullName":"DatePicker Props 测试 正确设置 placeholder","status":"passed","title":"正确设置 placeholder","duration":11.28309999999965,"failureMessages":[],"meta":{}},{"ancestorTitles":["DatePicker","Props 测试"],"fullName":"DatePicker Props 测试 正确设置禁用状态","status":"passed","title":"正确设置禁用状态","duration":19.230000000000473,"failureMessages":[],"meta":{}},{"ancestorTitles":["DatePicker","Props 测试"],"fullName":"DatePicker Props 测试 正确设置只读状态","status":"passed","title":"正确设置只读状态","duration":8.23279999999977,"failureMessages":[],"meta":{}},{"ancestorTitles":["DatePicker","Props 测试"],"fullName":"DatePicker Props 测试 正确设置错误状态","status":"passed","title":"正确设置错误状态","duration":10.654900000000453,"failureMessages":[],"meta":{}},{"ancestorTitles":["DatePicker","Props 测试"],"fullName":"DatePicker Props 测试 正确设置最小日期","status":"passed","title":"正确设置最小日期","duration":9.384300000000621,"failureMessages":[],"meta":{}},{"ancestorTitles":["DatePicker","Props 测试"],"fullName":"DatePicker Props 测试 正确设置最大日期","status":"passed","title":"正确设置最大日期","duration":8.076399999999921,"failureMessages":[],"meta":{}},{"ancestorTitles":["DatePicker","v-model 绑定测试"],"fullName":"DatePicker v-model 绑定测试 正确绑定单日期值","status":"passed","title":"正确绑定单日期值","duration":9.978000000000065,"failureMessages":[],"meta":{}},{"ancestorTitles":["DatePicker","v-model 绑定测试"],"fullName":"DatePicker v-model 绑定测试 正确更新单日期值","status":"passed","title":"正确更新单日期值","duration":23.652000000000044,"failureMessages":[],"meta":{}},{"ancestorTitles":["DatePicker","v-model 绑定测试"],"fullName":"DatePicker v-model 绑定测试 正确绑定日期范围值","status":"passed","title":"正确绑定日期范围值","duration":15.981699999999364,"failureMessages":[],"meta":{}},{"ancestorTitles":["DatePicker","v-model 绑定测试"],"fullName":"DatePicker v-model 绑定测试 正确更新日期范围值","status":"passed","title":"正确更新日期范围值","duration":14.531799999999748,"failureMessages":[],"meta":{}},{"ancestorTitles":["DatePicker","v-model 绑定测试"],"fullName":"DatePicker v-model 绑定测试 空值时正确处理","status":"passed","title":"空值时正确处理","duration":7.071700000000419,"failureMessages":[],"meta":{}},{"ancestorTitles":["DatePicker","快捷选项测试"],"fullName":"DatePicker 快捷选项测试 渲染快捷选项","status":"passed","title":"渲染快捷选项","duration":18.37790000000041,"failureMessages":[],"meta":{}},{"ancestorTitles":["DatePicker","快捷选项测试"],"fullName":"DatePicker 快捷选项测试 点击快捷选项触发更新","status":"passed","title":"点击快捷选项触发更新","duration":45.699899999999616,"failureMessages":[],"meta":{}},{"ancestorTitles":["DatePicker","快捷选项测试"],"fullName":"DatePicker 快捷选项测试 快捷选项禁用时不可点击","status":"failed","title":"快捷选项禁用时不可点击","duration":54.78740000000016,"failureMessages":["AssertionError: expected \"spy\" to not be called at all, but actually been called 1 times\u001b[90m\n\nReceived: \n\n\u001b[1m  1st spy call:\n\n\u001b[22m    Array [\n      2026-01-24T11:27:51.065Z,\n    ]\n\u001b[39m\u001b[90m\n\nNumber of calls: \u001b[1m1\u001b[22m\n\u001b[39m\n    at Proxy.<anonymous> (file:///E:/Github/Qingyu/Qingyu_fronted/node_modules/@vitest/expect/dist/index.js:1448:13)\n    at Proxy.<anonymous> (file:///E:/Github/Qingyu/Qingyu_fronted/node_modules/@vitest/expect/dist/index.js:972:17)\n    at Proxy.methodWrapper (file:///E:/Github/Qingyu/Qingyu_fronted/node_modules/chai/index.js:1686:25)\n    at E:\\Github\\Qingyu\\Qingyu_fronted\\tests\\unit\\design-system\\form\\DatePicker.test.ts:253:28\n    at processTicksAndRejections (node:internal/process/task_queues:105:5)\n    at file:///E:/Github/Qingyu/Qingyu_fronted/node_modules/@vitest/runner/dist/index.js:533:5\n    at runTest (file:///E:/Github/Qingyu/Qingyu_fronted/node_modules/@vitest/runner/dist/index.js:1056:11)\n    at runSuite (file:///E:/Github/Qingyu/Qingyu_fronted/node_modules/@vitest/runner/dist/index.js:1205:15)\n    at runSuite (file:///E:/Github/Qingyu/Qingyu_fronted/node_modules/@vitest/runner/dist/index.js:1205:15)\n    at runSuite (file:///E:/Github/Qingyu/Qingyu_fronted/node_modules/@vitest/runner/dist/index.js:1205:15)"],"meta":{}},{"ancestorTitles":["DatePicker","前缀图标测试"],"fullName":"DatePicker 前缀图标测试 显示前缀图标","status":"passed","title":"显示前缀图标","duration":22.057200000000194,"failureMessages":[],"meta":{}},{"ancestorTitles":["DatePicker","前缀图标测试"],"fullName":"DatePicker 前缀图标测试 showPrefix 为 false 时不显示前缀图标","status":"passed","title":"showPrefix 为 false 时不显示前缀图标","duration":8.056799999999384,"failureMessages":[],"meta":{}},{"ancestorTitles":["DatePicker","前缀图标测试"],"fullName":"DatePicker 前缀图标测试 前缀图标时输入框有正确的左侧内边距","status":"passed","title":"前缀图标时输入框有正确的左侧内边距","duration":11.343799999999646,"failureMessages":[],"meta":{}},{"ancestorTitles":["DatePicker","可清空功能测试"],"fullName":"DatePicker 可清空功能测试 有值时显示清空按钮","status":"passed","title":"有值时显示清空按钮","duration":11.643500000000131,"failureMessages":[],"meta":{}},{"ancestorTitles":["DatePicker","可清空功能测试"],"fullName":"DatePicker 可清空功能测试 无值时不显示清空按钮","status":"passed","title":"无值时不显示清空按钮","duration":13.297199999999975,"failureMessages":[],"meta":{}},{"ancestorTitles":["DatePicker","可清空功能测试"],"fullName":"DatePicker 可清空功能测试 禁用状态不显示清空按钮","status":"passed","title":"禁用状态不显示清空按钮","duration":9.458999999999833,"failureMessages":[],"meta":{}},{"ancestorTitles":["DatePicker","可清空功能测试"],"fullName":"DatePicker 可清空功能测试 只读状态不显示清空按钮","status":"passed","title":"只读状态不显示清空按钮","duration":10.555299999999988,"failureMessages":[],"meta":{}},{"ancestorTitles":["DatePicker","可清空功能测试"],"fullName":"DatePicker 可清空功能测试 点击清空按钮触发 clear 事件","status":"passed","title":"点击清空按钮触发 clear 事件","duration":19.118099999999686,"failureMessages":[],"meta":{}},{"ancestorTitles":["DatePicker","日期时间类型测试"],"fullName":"DatePicker 日期时间类型测试 datetime 类型使用 datetime-local 输入","status":"passed","title":"datetime 类型使用 datetime-local 输入","duration":8.240300000000389,"failureMessages":[],"meta":{}},{"ancestorTitles":["DatePicker","日期时间类型测试"],"fullName":"DatePicker 日期时间类型测试 datetimerange 类型使用两个 datetime-local 输入","status":"passed","title":"datetimerange 类型使用两个 datetime-local 输入","duration":13.289999999999964,"failureMessages":[],"meta":{}},{"ancestorTitles":["DatePicker","日期时间类型测试"],"fullName":"DatePicker 日期时间类型测试 datetime 类型正确格式化值","status":"passed","title":"datetime 类型正确格式化值","duration":24.084399999999732,"failureMessages":[],"meta":{}},{"ancestorTitles":["DatePicker","事件测试"],"fullName":"DatePicker 事件测试 触发 focus 事件","status":"passed","title":"触发 focus 事件","duration":18.973799999999756,"failureMessages":[],"meta":{}},{"ancestorTitles":["DatePicker","事件测试"],"fullName":"DatePicker 事件测试 触发 blur 事件","status":"passed","title":"触发 blur 事件","duration":14.342799999999443,"failureMessages":[],"meta":{}},{"ancestorTitles":["DatePicker","事件测试"],"fullName":"DatePicker 事件测试 输入改变时触发 update 和 change 事件","status":"passed","title":"输入改变时触发 update 和 change 事件","duration":16.702299999999923,"failureMessages":[],"meta":{}},{"ancestorTitles":["DatePicker","错误状态测试"],"fullName":"DatePicker 错误状态测试 error 为 true 时应用错误样式","status":"passed","title":"error 为 true 时应用错误样式","duration":21.91030000000046,"failureMessages":[],"meta":{}},{"ancestorTitles":["DatePicker","错误状态测试"],"fullName":"DatePicker 错误状态测试 error 为 false 时应用默认样式","status":"passed","title":"error 为 false 时应用默认样式","duration":30.719500000000153,"failureMessages":[],"meta":{}},{"ancestorTitles":["DatePicker","日期范围选择器测试"],"fullName":"DatePicker 日期范围选择器测试 daterange 类型渲染两个输入框","status":"passed","title":"daterange 类型渲染两个输入框","duration":36.30490000000009,"failureMessages":[],"meta":{}},{"ancestorTitles":["DatePicker","日期范围选择器测试"],"fullName":"DatePicker 日期范围选择器测试 daterange 类型有分隔符","status":"passed","title":"daterange 类型有分隔符","duration":40.43279999999959,"failureMessages":[],"meta":{}},{"ancestorTitles":["DatePicker","日期范围选择器测试"],"fullName":"DatePicker 日期范围选择器测试 daterange 类型使用默认占位符","status":"passed","title":"daterange 类型使用默认占位符","duration":32.07369999999992,"failureMessages":[],"meta":{}},{"ancestorTitles":["DatePicker","日期范围选择器测试"],"fullName":"DatePicker 日期范围选择器测试 datetimerange 类型正确渲染","status":"passed","title":"datetimerange 类型正确渲染","duration":33.873500000000604,"failureMessages":[],"meta":{}},{"ancestorTitles":["DatePicker","插槽测试"],"fullName":"DatePicker 插槽测试 渲染 prefix 插槽内容","status":"passed","title":"渲染 prefix 插槽内容","duration":63.99510000000009,"failureMessages":[],"meta":{}},{"ancestorTitles":["DatePicker","插槽测试"],"fullName":"DatePicker 插槽测试 prefix 插槽覆盖 prefix 属性","status":"passed","title":"prefix 插槽覆盖 prefix 属性","duration":37.26799999999912,"failureMessages":[],"meta":{}},{"ancestorTitles":["DatePicker","插槽测试"],"fullName":"DatePicker 插槽测试 渲染 suffix 插槽内容","status":"failed","title":"渲染 suffix 插槽内容","duration":23.031199999999444,"failureMessages":["AssertionError: the given combination of arguments (undefined and string) is invalid for this assertion. You can use an array, a map, an object, a set, a string, or a weakset instead of a string\n    at Proxy.<anonymous> (file:///E:/Github/Qingyu/Qingyu_fronted/node_modules/@vitest/expect/dist/index.js:1196:17)\n    at Proxy.<anonymous> (file:///E:/Github/Qingyu/Qingyu_fronted/node_modules/@vitest/expect/dist/index.js:972:17)\n    at Proxy.methodWrapper (file:///E:/Github/Qingyu/Qingyu_fronted/node_modules/chai/index.js:1686:25)\n    at E:\\Github\\Qingyu\\Qingyu_fronted\\tests\\unit\\design-system\\form\\DatePicker.test.ts:510:39\n    at file:///E:/Github/Qingyu/Qingyu_fronted/node_modules/@vitest/runner/dist/index.js:146:14\n    at file:///E:/Github/Qingyu/Qingyu_fronted/node_modules/@vitest/runner/dist/index.js:533:11\n    at runWithTimeout (file:///E:/Github/Qingyu/Qingyu_fronted/node_modules/@vitest/runner/dist/index.js:39:7)\n    at runTest (file:///E:/Github/Qingyu/Qingyu_fronted/node_modules/@vitest/runner/dist/index.js:1056:17)\n    at processTicksAndRejections (node:internal/process/task_queues:105:5)\n    at runSuite (file:///E:/Github/Qingyu/Qingyu_fronted/node_modules/@vitest/runner/dist/index.js:1205:15)"],"meta":{}},{"ancestorTitles":["DatePicker","边角情况测试"],"fullName":"DatePicker 边角情况测试 modelValue 为 null 时不报错","status":"passed","title":"modelValue 为 null 时不报错","duration":12.148999999999432,"failureMessages":[],"meta":{}},{"ancestorTitles":["DatePicker","边角情况测试"],"fullName":"DatePicker 边角情况测试 modelValue 为 undefined 时不报错","status":"passed","title":"modelValue 为 undefined 时不报错","duration":8.212299999999232,"failureMessages":[],"meta":{}},{"ancestorTitles":["DatePicker","边角情况测试"],"fullName":"DatePicker 边角情况测试 字符串日期值正确处理","status":"passed","title":"字符串日期值正确处理","duration":8.092999999998938,"failureMessages":[],"meta":{}},{"ancestorTitles":["DatePicker","边角情况测试"],"fullName":"DatePicker 边角情况测试 自定义 class 正确应用","status":"passed","title":"自定义 class 正确应用","duration":6.763499999999112,"failureMessages":[],"meta":{}},{"ancestorTitles":["DatePicker","边角情况测试"],"fullName":"DatePicker 边角情况测试 日期范围的数组为空时正确处理","status":"passed","title":"日期范围的数组为空时正确处理","duration":12.262100000001737,"failureMessages":[],"meta":{}},{"ancestorTitles":["DatePicker","暴露方法测试"],"fullName":"DatePicker 暴露方法测试 暴露 focus 方法","status":"passed","title":"暴露 focus 方法","duration":58.67690000000039,"failureMessages":[],"meta":{}},{"ancestorTitles":["DatePicker","暴露方法测试"],"fullName":"DatePicker 暴露方法测试 暴露 blur 方法","status":"passed","title":"暴露 blur 方法","duration":27.196200000000317,"failureMessages":[],"meta":{}},{"ancestorTitles":["DatePicker","响应式测试"],"fullName":"DatePicker 响应式测试 输入框宽度自适应","status":"passed","title":"输入框宽度自适应","duration":13.026200000000244,"failureMessages":[],"meta":{}}],"startTime":1769254070590,"endTime":1769254071794.0261,"status":"failed","message":"","name":"E:/Github/Qingyu/Qingyu_fronted/tests/unit/design-system/form/DatePicker.test.ts"},{"assertionResults":[{"ancestorTitles":["Form 组件","基础渲染"],"fullName":"Form 组件 基础渲染 应该正确渲染 Form 组件","status":"passed","title":"应该正确渲染 Form 组件","duration":176.90750000000025,"failureMessages":[],"meta":{}},{"ancestorTitles":["Form 组件","基础渲染"],"fullName":"Form 组件 基础渲染 应该渲染子组件","status":"passed","title":"应该渲染子组件","duration":84.2493000000004,"failureMessages":[],"meta":{}},{"ancestorTitles":["Form 组件","基础渲染"],"fullName":"Form 组件 基础渲染 应该应用自定义类名","status":"passed","title":"应该应用自定义类名","duration":32.690700000000106,"failureMessages":[],"meta":{}},{"ancestorTitles":["Form 组件","Props 测试"],"fullName":"Form 组件 Props 测试 应该正确设置 labelWidth","status":"passed","title":"应该正确设置 labelWidth","duration":25.853799999999865,"failureMessages":[],"meta":{}},{"ancestorTitles":["Form 组件","Props 测试"],"fullName":"Form 组件 Props 测试 应该正确设置 labelPosition","status":"passed","title":"应该正确设置 labelPosition","duration":29.42450000000008,"failureMessages":[],"meta":{}},{"ancestorTitles":["Form 组件","Props 测试"],"fullName":"Form 组件 Props 测试 应该正确设置 size","status":"passed","title":"应该正确设置 size","duration":24.988400000000183,"failureMessages":[],"meta":{}},{"ancestorTitles":["Form 组件","Props 测试"],"fullName":"Form 组件 Props 测试 应该正确设置 disabled","status":"passed","title":"应该正确设置 disabled","duration":16.17579999999998,"failureMessages":[],"meta":{}},{"ancestorTitles":["Form 组件","Props 测试"],"fullName":"Form 组件 Props 测试 应该正确设置 showColon","status":"passed","title":"应该正确设置 showColon","duration":23.883200000000215,"failureMessages":[],"meta":{}},{"ancestorTitles":["Form 组件","Props 测试"],"fullName":"Form 组件 Props 测试 应该正确设置 requireAsterisk","status":"passed","title":"应该正确设置 requireAsterisk","duration":24.905099999999948,"failureMessages":[],"meta":{}},{"ancestorTitles":["Form 组件","表单验证"],"fullName":"Form 组件 表单验证 应该验证整个表单","status":"failed","title":"应该验证整个表单","duration":132.73919999999998,"failureMessages":["TypeError: Cannot read properties of undefined (reading 'username')\n    at eval (eval at processSlot (E:\\Github\\Qingyu\\Qingyu_fronted\\node_modules\\@vue\\test-utils\\dist\\vue-test-utils.cjs.js:7818:32), <anonymous>:17:36)\n    at renderFnWithContext (E:\\Github\\Qingyu\\Qingyu_fronted\\node_modules\\@vue\\runtime-core\\dist\\runtime-core.cjs.js:692:13)\n    at Module.renderSlot (E:\\Github\\Qingyu\\Qingyu_fronted\\node_modules\\@vue\\runtime-core\\dist\\runtime-core.cjs.js:3027:53)\n    at Proxy._sfc_render (E:\\Github\\Qingyu\\Qingyu_fronted\\src\\design-system\\form\\Form\\FormItem.vue:369:7)\n    at renderComponentRoot (E:\\Github\\Qingyu\\Qingyu_fronted\\node_modules\\@vue\\runtime-core\\dist\\runtime-core.cjs.js:6530:16)\n    at ReactiveEffect.componentUpdateFn [as fn] (E:\\Github\\Qingyu\\Qingyu_fronted\\node_modules\\@vue\\runtime-core\\dist\\runtime-core.cjs.js:5330:46)\n    at ReactiveEffect.run (E:\\Github\\Qingyu\\Qingyu_fronted\\node_modules\\@vue\\reactivity\\dist\\reactivity.cjs.js:241:19)\n    at setupRenderEffect (E:\\Github\\Qingyu\\Qingyu_fronted\\node_modules\\@vue\\runtime-core\\dist\\runtime-core.cjs.js:5465:5)\n    at mountComponent (E:\\Github\\Qingyu\\Qingyu_fronted\\node_modules\\@vue\\runtime-core\\dist\\runtime-core.cjs.js:5239:7)\n    at processComponent (E:\\Github\\Qingyu\\Qingyu_fronted\\node_modules\\@vue\\runtime-core\\dist\\runtime-core.cjs.js:5191:9)"],"meta":{}},{"ancestorTitles":["Form 组件","表单验证"],"fullName":"Form 组件 表单验证 应该在所有字段有效时返回 true","status":"failed","title":"应该在所有字段有效时返回 true","duration":22.23859999999968,"failureMessages":["TypeError: Cannot read properties of undefined (reading 'username')\n    at eval (eval at processSlot (E:\\Github\\Qingyu\\Qingyu_fronted\\node_modules\\@vue\\test-utils\\dist\\vue-test-utils.cjs.js:7818:32), <anonymous>:17:36)\n    at renderFnWithContext (E:\\Github\\Qingyu\\Qingyu_fronted\\node_modules\\@vue\\runtime-core\\dist\\runtime-core.cjs.js:692:13)\n    at Module.renderSlot (E:\\Github\\Qingyu\\Qingyu_fronted\\node_modules\\@vue\\runtime-core\\dist\\runtime-core.cjs.js:3027:53)\n    at Proxy._sfc_render (E:\\Github\\Qingyu\\Qingyu_fronted\\src\\design-system\\form\\Form\\FormItem.vue:369:7)\n    at renderComponentRoot (E:\\Github\\Qingyu\\Qingyu_fronted\\node_modules\\@vue\\runtime-core\\dist\\runtime-core.cjs.js:6530:16)\n    at ReactiveEffect.componentUpdateFn [as fn] (E:\\Github\\Qingyu\\Qingyu_fronted\\node_modules\\@vue\\runtime-core\\dist\\runtime-core.cjs.js:5330:46)\n    at ReactiveEffect.run (E:\\Github\\Qingyu\\Qingyu_fronted\\node_modules\\@vue\\reactivity\\dist\\reactivity.cjs.js:241:19)\n    at setupRenderEffect (E:\\Github\\Qingyu\\Qingyu_fronted\\node_modules\\@vue\\runtime-core\\dist\\runtime-core.cjs.js:5465:5)\n    at mountComponent (E:\\Github\\Qingyu\\Qingyu_fronted\\node_modules\\@vue\\runtime-core\\dist\\runtime-core.cjs.js:5239:7)\n    at processComponent (E:\\Github\\Qingyu\\Qingyu_fronted\\node_modules\\@vue\\runtime-core\\dist\\runtime-core.cjs.js:5191:9)"],"meta":{}},{"ancestorTitles":["Form 组件","表单验证"],"fullName":"Form 组件 表单验证 应该验证指定字段","status":"failed","title":"应该验证指定字段","duration":13.88419999999951,"failureMessages":["TypeError: Cannot read properties of undefined (reading 'username')\n    at eval (eval at processSlot (E:\\Github\\Qingyu\\Qingyu_fronted\\node_modules\\@vue\\test-utils\\dist\\vue-test-utils.cjs.js:7818:32), <anonymous>:17:36)\n    at renderFnWithContext (E:\\Github\\Qingyu\\Qingyu_fronted\\node_modules\\@vue\\runtime-core\\dist\\runtime-core.cjs.js:692:13)\n    at Module.renderSlot (E:\\Github\\Qingyu\\Qingyu_fronted\\node_modules\\@vue\\runtime-core\\dist\\runtime-core.cjs.js:3027:53)\n    at Proxy._sfc_render (E:\\Github\\Qingyu\\Qingyu_fronted\\src\\design-system\\form\\Form\\FormItem.vue:369:7)\n    at renderComponentRoot (E:\\Github\\Qingyu\\Qingyu_fronted\\node_modules\\@vue\\runtime-core\\dist\\runtime-core.cjs.js:6530:16)\n    at ReactiveEffect.componentUpdateFn [as fn] (E:\\Github\\Qingyu\\Qingyu_fronted\\node_modules\\@vue\\runtime-core\\dist\\runtime-core.cjs.js:5330:46)\n    at ReactiveEffect.run (E:\\Github\\Qingyu\\Qingyu_fronted\\node_modules\\@vue\\reactivity\\dist\\reactivity.cjs.js:241:19)\n    at setupRenderEffect (E:\\Github\\Qingyu\\Qingyu_fronted\\node_modules\\@vue\\runtime-core\\dist\\runtime-core.cjs.js:5465:5)\n    at mountComponent (E:\\Github\\Qingyu\\Qingyu_fronted\\node_modules\\@vue\\runtime-core\\dist\\runtime-core.cjs.js:5239:7)\n    at processComponent (E:\\Github\\Qingyu\\Qingyu_fronted\\node_modules\\@vue\\runtime-core\\dist\\runtime-core.cjs.js:5191:9)"],"meta":{}},{"ancestorTitles":["Form 组件","表单验证"],"fullName":"Form 组件 表单验证 应该验证多个指定字段","status":"failed","title":"应该验证多个指定字段","duration":15.260800000000017,"failureMessages":["TypeError: Cannot read properties of undefined (reading 'username')\n    at eval (eval at processSlot (E:\\Github\\Qingyu\\Qingyu_fronted\\node_modules\\@vue\\test-utils\\dist\\vue-test-utils.cjs.js:7818:32), <anonymous>:17:36)\n    at renderFnWithContext (E:\\Github\\Qingyu\\Qingyu_fronted\\node_modules\\@vue\\runtime-core\\dist\\runtime-core.cjs.js:692:13)\n    at Module.renderSlot (E:\\Github\\Qingyu\\Qingyu_fronted\\node_modules\\@vue\\runtime-core\\dist\\runtime-core.cjs.js:3027:53)\n    at Proxy._sfc_render (E:\\Github\\Qingyu\\Qingyu_fronted\\src\\design-system\\form\\Form\\FormItem.vue:369:7)\n    at renderComponentRoot (E:\\Github\\Qingyu\\Qingyu_fronted\\node_modules\\@vue\\runtime-core\\dist\\runtime-core.cjs.js:6530:16)\n    at ReactiveEffect.componentUpdateFn [as fn] (E:\\Github\\Qingyu\\Qingyu_fronted\\node_modules\\@vue\\runtime-core\\dist\\runtime-core.cjs.js:5330:46)\n    at ReactiveEffect.run (E:\\Github\\Qingyu\\Qingyu_fronted\\node_modules\\@vue\\reactivity\\dist\\reactivity.cjs.js:241:19)\n    at setupRenderEffect (E:\\Github\\Qingyu\\Qingyu_fronted\\node_modules\\@vue\\runtime-core\\dist\\runtime-core.cjs.js:5465:5)\n    at mountComponent (E:\\Github\\Qingyu\\Qingyu_fronted\\node_modules\\@vue\\runtime-core\\dist\\runtime-core.cjs.js:5239:7)\n    at processComponent (E:\\Github\\Qingyu\\Qingyu_fronted\\node_modules\\@vue\\runtime-core\\dist\\runtime-core.cjs.js:5191:9)"],"meta":{}},{"ancestorTitles":["Form 组件","表单重置"],"fullName":"Form 组件 表单重置 应该重置所有字段","status":"failed","title":"应该重置所有字段","duration":44.122299999999996,"failureMessages":["TypeError: Cannot read properties of undefined (reading 'username')\n    at eval (eval at processSlot (E:\\Github\\Qingyu\\Qingyu_fronted\\node_modules\\@vue\\test-utils\\dist\\vue-test-utils.cjs.js:7818:32), <anonymous>:17:36)\n    at renderFnWithContext (E:\\Github\\Qingyu\\Qingyu_fronted\\node_modules\\@vue\\runtime-core\\dist\\runtime-core.cjs.js:692:13)\n    at Module.renderSlot (E:\\Github\\Qingyu\\Qingyu_fronted\\node_modules\\@vue\\runtime-core\\dist\\runtime-core.cjs.js:3027:53)\n    at Proxy._sfc_render (E:\\Github\\Qingyu\\Qingyu_fronted\\src\\design-system\\form\\Form\\FormItem.vue:369:7)\n    at renderComponentRoot (E:\\Github\\Qingyu\\Qingyu_fronted\\node_modules\\@vue\\runtime-core\\dist\\runtime-core.cjs.js:6530:16)\n    at ReactiveEffect.componentUpdateFn [as fn] (E:\\Github\\Qingyu\\Qingyu_fronted\\node_modules\\@vue\\runtime-core\\dist\\runtime-core.cjs.js:5330:46)\n    at ReactiveEffect.run (E:\\Github\\Qingyu\\Qingyu_fronted\\node_modules\\@vue\\reactivity\\dist\\reactivity.cjs.js:241:19)\n    at setupRenderEffect (E:\\Github\\Qingyu\\Qingyu_fronted\\node_modules\\@vue\\runtime-core\\dist\\runtime-core.cjs.js:5465:5)\n    at mountComponent (E:\\Github\\Qingyu\\Qingyu_fronted\\node_modules\\@vue\\runtime-core\\dist\\runtime-core.cjs.js:5239:7)\n    at processComponent (E:\\Github\\Qingyu\\Qingyu_fronted\\node_modules\\@vue\\runtime-core\\dist\\runtime-core.cjs.js:5191:9)"],"meta":{}},{"ancestorTitles":["Form 组件","清除验证"],"fullName":"Form 组件 清除验证 应该清除所有验证","status":"failed","title":"应该清除所有验证","duration":32.54639999999927,"failureMessages":["TypeError: Cannot read properties of undefined (reading 'username')\n    at eval (eval at processSlot (E:\\Github\\Qingyu\\Qingyu_fronted\\node_modules\\@vue\\test-utils\\dist\\vue-test-utils.cjs.js:7818:32), <anonymous>:17:36)\n    at renderFnWithContext (E:\\Github\\Qingyu\\Qingyu_fronted\\node_modules\\@vue\\runtime-core\\dist\\runtime-core.cjs.js:692:13)\n    at Module.renderSlot (E:\\Github\\Qingyu\\Qingyu_fronted\\node_modules\\@vue\\runtime-core\\dist\\runtime-core.cjs.js:3027:53)\n    at Proxy._sfc_render (E:\\Github\\Qingyu\\Qingyu_fronted\\src\\design-system\\form\\Form\\FormItem.vue:369:7)\n    at renderComponentRoot (E:\\Github\\Qingyu\\Qingyu_fronted\\node_modules\\@vue\\runtime-core\\dist\\runtime-core.cjs.js:6530:16)\n    at ReactiveEffect.componentUpdateFn [as fn] (E:\\Github\\Qingyu\\Qingyu_fronted\\node_modules\\@vue\\runtime-core\\dist\\runtime-core.cjs.js:5330:46)\n    at ReactiveEffect.run (E:\\Github\\Qingyu\\Qingyu_fronted\\node_modules\\@vue\\reactivity\\dist\\reactivity.cjs.js:241:19)\n    at setupRenderEffect (E:\\Github\\Qingyu\\Qingyu_fronted\\node_modules\\@vue\\runtime-core\\dist\\runtime-core.cjs.js:5465:5)\n    at mountComponent (E:\\Github\\Qingyu\\Qingyu_fronted\\node_modules\\@vue\\runtime-core\\dist\\runtime-core.cjs.js:5239:7)\n    at processComponent (E:\\Github\\Qingyu\\Qingyu_fronted\\node_modules\\@vue\\runtime-core\\dist\\runtime-core.cjs.js:5191:9)"],"meta":{}},{"ancestorTitles":["Form 组件","清除验证"],"fullName":"Form 组件 清除验证 应该清除指定字段验证","status":"failed","title":"应该清除指定字段验证","duration":41.00460000000021,"failureMessages":["TypeError: Cannot read properties of undefined (reading 'username')\n    at eval (eval at processSlot (E:\\Github\\Qingyu\\Qingyu_fronted\\node_modules\\@vue\\test-utils\\dist\\vue-test-utils.cjs.js:7818:32), <anonymous>:17:36)\n    at renderFnWithContext (E:\\Github\\Qingyu\\Qingyu_fronted\\node_modules\\@vue\\runtime-core\\dist\\runtime-core.cjs.js:692:13)\n    at Module.renderSlot (E:\\Github\\Qingyu\\Qingyu_fronted\\node_modules\\@vue\\runtime-core\\dist\\runtime-core.cjs.js:3027:53)\n    at Proxy._sfc_render (E:\\Github\\Qingyu\\Qingyu_fronted\\src\\design-system\\form\\Form\\FormItem.vue:369:7)\n    at renderComponentRoot (E:\\Github\\Qingyu\\Qingyu_fronted\\node_modules\\@vue\\runtime-core\\dist\\runtime-core.cjs.js:6530:16)\n    at ReactiveEffect.componentUpdateFn [as fn] (E:\\Github\\Qingyu\\Qingyu_fronted\\node_modules\\@vue\\runtime-core\\dist\\runtime-core.cjs.js:5330:46)\n    at ReactiveEffect.run (E:\\Github\\Qingyu\\Qingyu_fronted\\node_modules\\@vue\\reactivity\\dist\\reactivity.cjs.js:241:19)\n    at setupRenderEffect (E:\\Github\\Qingyu\\Qingyu_fronted\\node_modules\\@vue\\runtime-core\\dist\\runtime-core.cjs.js:5465:5)\n    at mountComponent (E:\\Github\\Qingyu\\Qingyu_fronted\\node_modules\\@vue\\runtime-core\\dist\\runtime-core.cjs.js:5239:7)\n    at processComponent (E:\\Github\\Qingyu\\Qingyu_fronted\\node_modules\\@vue\\runtime-core\\dist\\runtime-core.cjs.js:5191:9)"],"meta":{}},{"ancestorTitles":["Form 组件","表单数据"],"fullName":"Form 组件 表单数据 应该获取表单数据","status":"passed","title":"应该获取表单数据","duration":20.876000000000204,"failureMessages":[],"meta":{}},{"ancestorTitles":["Form 组件","表单数据"],"fullName":"Form 组件 表单数据 应该设置表单数据","status":"passed","title":"应该设置表单数据","duration":22.15389999999934,"failureMessages":[],"meta":{}},{"ancestorTitles":["Form 组件","事件触发"],"fullName":"Form 组件 事件触发 应该在验证成功时触发 validate 事件","status":"failed","title":"应该在验证成功时触发 validate 事件","duration":17.09059999999954,"failureMessages":["TypeError: Cannot read properties of undefined (reading 'username')\n    at eval (eval at processSlot (E:\\Github\\Qingyu\\Qingyu_fronted\\node_modules\\@vue\\test-utils\\dist\\vue-test-utils.cjs.js:7818:32), <anonymous>:17:36)\n    at renderFnWithContext (E:\\Github\\Qingyu\\Qingyu_fronted\\node_modules\\@vue\\runtime-core\\dist\\runtime-core.cjs.js:692:13)\n    at Module.renderSlot (E:\\Github\\Qingyu\\Qingyu_fronted\\node_modules\\@vue\\runtime-core\\dist\\runtime-core.cjs.js:3027:53)\n    at Proxy._sfc_render (E:\\Github\\Qingyu\\Qingyu_fronted\\src\\design-system\\form\\Form\\FormItem.vue:369:7)\n    at renderComponentRoot (E:\\Github\\Qingyu\\Qingyu_fronted\\node_modules\\@vue\\runtime-core\\dist\\runtime-core.cjs.js:6530:16)\n    at ReactiveEffect.componentUpdateFn [as fn] (E:\\Github\\Qingyu\\Qingyu_fronted\\node_modules\\@vue\\runtime-core\\dist\\runtime-core.cjs.js:5330:46)\n    at ReactiveEffect.run (E:\\Github\\Qingyu\\Qingyu_fronted\\node_modules\\@vue\\reactivity\\dist\\reactivity.cjs.js:241:19)\n    at setupRenderEffect (E:\\Github\\Qingyu\\Qingyu_fronted\\node_modules\\@vue\\runtime-core\\dist\\runtime-core.cjs.js:5465:5)\n    at mountComponent (E:\\Github\\Qingyu\\Qingyu_fronted\\node_modules\\@vue\\runtime-core\\dist\\runtime-core.cjs.js:5239:7)\n    at processComponent (E:\\Github\\Qingyu\\Qingyu_fronted\\node_modules\\@vue\\runtime-core\\dist\\runtime-core.cjs.js:5191:9)"],"meta":{}},{"ancestorTitles":["Form 组件","事件触发"],"fullName":"Form 组件 事件触发 应该在验证失败时触发 validate-failed 事件","status":"failed","title":"应该在验证失败时触发 validate-failed 事件","duration":15.70799999999872,"failureMessages":["TypeError: Cannot read properties of undefined (reading 'username')\n    at eval (eval at processSlot (E:\\Github\\Qingyu\\Qingyu_fronted\\node_modules\\@vue\\test-utils\\dist\\vue-test-utils.cjs.js:7818:32), <anonymous>:17:36)\n    at renderFnWithContext (E:\\Github\\Qingyu\\Qingyu_fronted\\node_modules\\@vue\\runtime-core\\dist\\runtime-core.cjs.js:692:13)\n    at Module.renderSlot (E:\\Github\\Qingyu\\Qingyu_fronted\\node_modules\\@vue\\runtime-core\\dist\\runtime-core.cjs.js:3027:53)\n    at Proxy._sfc_render (E:\\Github\\Qingyu\\Qingyu_fronted\\src\\design-system\\form\\Form\\FormItem.vue:369:7)\n    at renderComponentRoot (E:\\Github\\Qingyu\\Qingyu_fronted\\node_modules\\@vue\\runtime-core\\dist\\runtime-core.cjs.js:6530:16)\n    at ReactiveEffect.componentUpdateFn [as fn] (E:\\Github\\Qingyu\\Qingyu_fronted\\node_modules\\@vue\\runtime-core\\dist\\runtime-core.cjs.js:5330:46)\n    at ReactiveEffect.run (E:\\Github\\Qingyu\\Qingyu_fronted\\node_modules\\@vue\\reactivity\\dist\\reactivity.cjs.js:241:19)\n    at setupRenderEffect (E:\\Github\\Qingyu\\Qingyu_fronted\\node_modules\\@vue\\runtime-core\\dist\\runtime-core.cjs.js:5465:5)\n    at mountComponent (E:\\Github\\Qingyu\\Qingyu_fronted\\node_modules\\@vue\\runtime-core\\dist\\runtime-core.cjs.js:5239:7)\n    at processComponent (E:\\Github\\Qingyu\\Qingyu_fronted\\node_modules\\@vue\\runtime-core\\dist\\runtime-core.cjs.js:5191:9)"],"meta":{}},{"ancestorTitles":["FormItem 组件","基础渲染"],"fullName":"FormItem 组件 基础渲染 应该正确渲染 FormItem 组件","status":"passed","title":"应该正确渲染 FormItem 组件","duration":97.52100000000064,"failureMessages":[],"meta":{}},{"ancestorTitles":["FormItem 组件","基础渲染"],"fullName":"FormItem 组件 基础渲染 应该渲染标签文本","status":"passed","title":"应该渲染标签文本","duration":27.730199999999968,"failureMessages":[],"meta":{}},{"ancestorTitles":["FormItem 组件","基础渲染"],"fullName":"FormItem 组件 基础渲染 应该渲染自定义标签插槽","status":"passed","title":"应该渲染自定义标签插槽","duration":19.348399999998946,"failureMessages":[],"meta":{}},{"ancestorTitles":["FormItem 组件","基础渲染"],"fullName":"FormItem 组件 基础渲染 应该渲染内容插槽","status":"passed","title":"应该渲染内容插槽","duration":15.617700000000696,"failureMessages":[],"meta":{}},{"ancestorTitles":["FormItem 组件","基础渲染"],"fullName":"FormItem 组件 基础渲染 应该应用自定义类名","status":"passed","title":"应该应用自定义类名","duration":8.05999999999949,"failureMessages":[],"meta":{}},{"ancestorTitles":["FormItem 组件","Props 测试"],"fullName":"FormItem 组件 Props 测试 应该显示必填星号","status":"passed","title":"应该显示必填星号","duration":9.833199999999124,"failureMessages":[],"meta":{}},{"ancestorTitles":["FormItem 组件","Props 测试"],"fullName":"FormItem 组件 Props 测试 应该显示错误信息","status":"passed","title":"应该显示错误信息","duration":10.666700000001583,"failureMessages":[],"meta":{}},{"ancestorTitles":["FormItem 组件","Props 测试"],"fullName":"FormItem 组件 Props 测试 应该在 showMessage 为 false 时不显示错误信息","status":"failed","title":"应该在 showMessage 为 false 时不显示错误信息","duration":54.85809999999947,"failureMessages":["AssertionError: expected true to be false // Object.is equality\n    at E:\\Github\\Qingyu\\Qingyu_fronted\\tests\\unit\\design-system\\form\\Form.test.ts:763:60\n    at processTicksAndRejections (node:internal/process/task_queues:105:5)\n    at file:///E:/Github/Qingyu/Qingyu_fronted/node_modules/@vitest/runner/dist/index.js:533:5\n    at runTest (file:///E:/Github/Qingyu/Qingyu_fronted/node_modules/@vitest/runner/dist/index.js:1056:11)\n    at runSuite (file:///E:/Github/Qingyu/Qingyu_fronted/node_modules/@vitest/runner/dist/index.js:1205:15)\n    at runSuite (file:///E:/Github/Qingyu/Qingyu_fronted/node_modules/@vitest/runner/dist/index.js:1205:15)\n    at runSuite (file:///E:/Github/Qingyu/Qingyu_fronted/node_modules/@vitest/runner/dist/index.js:1205:15)\n    at runFiles (file:///E:/Github/Qingyu/Qingyu_fronted/node_modules/@vitest/runner/dist/index.js:1262:5)\n    at startTests (file:///E:/Github/Qingyu/Qingyu_fronted/node_modules/@vitest/runner/dist/index.js:1271:3)\n    at file:///E:/Github/Qingyu/Qingyu_fronted/node_modules/vitest/dist/chunks/runBaseTests.3qpJUEJM.js:126:11"],"meta":{}},{"ancestorTitles":["FormItem 组件","Props 测试"],"fullName":"FormItem 组件 Props 测试 应该在 inline 为 true 时应用行内样式","status":"passed","title":"应该在 inline 为 true 时应用行内样式","duration":9.969199999999546,"failureMessages":[],"meta":{}},{"ancestorTitles":["FormItem 组件","验证功能"],"fullName":"FormItem 组件 验证功能 应该验证必填规则","status":"passed","title":"应该验证必填规则","duration":18.51679999999942,"failureMessages":[],"meta":{}},{"ancestorTitles":["FormItem 组件","验证功能"],"fullName":"FormItem 组件 验证功能 应该在有值时验证通过","status":"passed","title":"应该在有值时验证通过","duration":17.313900000001013,"failureMessages":[],"meta":{}},{"ancestorTitles":["FormItem 组件","验证功能"],"fullName":"FormItem 组件 验证功能 应该验证长度规则","status":"passed","title":"应该验证长度规则","duration":36.55209999999897,"failureMessages":[],"meta":{}},{"ancestorTitles":["FormItem 组件","验证功能"],"fullName":"FormItem 组件 验证功能 应该验证正则规则","status":"passed","title":"应该验证正则规则","duration":11.323999999998705,"failureMessages":[],"meta":{}},{"ancestorTitles":["FormItem 组件","验证功能"],"fullName":"FormItem 组件 验证功能 应该验证自定义验证器","status":"passed","title":"应该验证自定义验证器","duration":8.253000000000611,"failureMessages":[],"meta":{}},{"ancestorTitles":["FormItem 组件","方法测试"],"fullName":"FormItem 组件 方法测试 应该清除验证","status":"failed","title":"应该清除验证","duration":8.952100000000428,"failureMessages":["AssertionError: expected true to be false // Object.is equality\n    at E:\\Github\\Qingyu\\Qingyu_fronted\\tests\\unit\\design-system\\form\\Form.test.ts:1023:60\n    at processTicksAndRejections (node:internal/process/task_queues:105:5)\n    at file:///E:/Github/Qingyu/Qingyu_fronted/node_modules/@vitest/runner/dist/index.js:533:5\n    at runTest (file:///E:/Github/Qingyu/Qingyu_fronted/node_modules/@vitest/runner/dist/index.js:1056:11)\n    at runSuite (file:///E:/Github/Qingyu/Qingyu_fronted/node_modules/@vitest/runner/dist/index.js:1205:15)\n    at runSuite (file:///E:/Github/Qingyu/Qingyu_fronted/node_modules/@vitest/runner/dist/index.js:1205:15)\n    at runSuite (file:///E:/Github/Qingyu/Qingyu_fronted/node_modules/@vitest/runner/dist/index.js:1205:15)\n    at runFiles (file:///E:/Github/Qingyu/Qingyu_fronted/node_modules/@vitest/runner/dist/index.js:1262:5)\n    at startTests (file:///E:/Github/Qingyu/Qingyu_fronted/node_modules/@vitest/runner/dist/index.js:1271:3)\n    at file:///E:/Github/Qingyu/Qingyu_fronted/node_modules/vitest/dist/chunks/runBaseTests.3qpJUEJM.js:126:11"],"meta":{}},{"ancestorTitles":["FormItem 组件","方法测试"],"fullName":"FormItem 组件 方法测试 应该设置错误信息","status":"passed","title":"应该设置错误信息","duration":8.538399999999456,"failureMessages":[],"meta":{}},{"ancestorTitles":["FormItem 组件","方法测试"],"fullName":"FormItem 组件 方法测试 应该获取当前值","status":"passed","title":"应该获取当前值","duration":39.809400000000096,"failureMessages":[],"meta":{}},{"ancestorTitles":["FormItem 组件","方法测试"],"fullName":"FormItem 组件 方法测试 应该设置值","status":"passed","title":"应该设置值","duration":17.154899999999543,"failureMessages":[],"meta":{}},{"ancestorTitles":["FormItem 组件","方法测试"],"fullName":"FormItem 组件 方法测试 应该重置字段","status":"passed","title":"应该重置字段","duration":28.455700000000434,"failureMessages":[],"meta":{}},{"ancestorTitles":["FormItem 组件","事件触发"],"fullName":"FormItem 组件 事件触发 应该在值改变时触发 change 事件","status":"failed","title":"应该在值改变时触发 change 事件","duration":10.284100000000763,"failureMessages":["AssertionError: expected undefined to be truthy\n    at E:\\Github\\Qingyu\\Qingyu_fronted\\tests\\unit\\design-system\\form\\Form.test.ts:1186:41\n    at processTicksAndRejections (node:internal/process/task_queues:105:5)\n    at file:///E:/Github/Qingyu/Qingyu_fronted/node_modules/@vitest/runner/dist/index.js:533:5\n    at runTest (file:///E:/Github/Qingyu/Qingyu_fronted/node_modules/@vitest/runner/dist/index.js:1056:11)\n    at runSuite (file:///E:/Github/Qingyu/Qingyu_fronted/node_modules/@vitest/runner/dist/index.js:1205:15)\n    at runSuite (file:///E:/Github/Qingyu/Qingyu_fronted/node_modules/@vitest/runner/dist/index.js:1205:15)\n    at runSuite (file:///E:/Github/Qingyu/Qingyu_fronted/node_modules/@vitest/runner/dist/index.js:1205:15)\n    at runFiles (file:///E:/Github/Qingyu/Qingyu_fronted/node_modules/@vitest/runner/dist/index.js:1262:5)\n    at startTests (file:///E:/Github/Qingyu/Qingyu_fronted/node_modules/@vitest/runner/dist/index.js:1271:3)\n    at file:///E:/Github/Qingyu/Qingyu_fronted/node_modules/vitest/dist/chunks/runBaseTests.3qpJUEJM.js:126:11"],"meta":{}},{"ancestorTitles":["FormItem 组件","事件触发"],"fullName":"FormItem 组件 事件触发 应该在验证通过时触发 validate 事件","status":"passed","title":"应该在验证通过时触发 validate 事件","duration":6.434499999999389,"failureMessages":[],"meta":{}},{"ancestorTitles":["FormItem 组件","事件触发"],"fullName":"FormItem 组件 事件触发 应该在验证失败时触发 validate-failed 事件","status":"passed","title":"应该在验证失败时触发 validate-failed 事件","duration":12.448200000000725,"failureMessages":[],"meta":{}},{"ancestorTitles":["Form 和 FormItem 集成测试"],"fullName":"Form 和 FormItem 集成测试 应该正确集成 Form 和 FormItem","status":"failed","title":"应该正确集成 Form 和 FormItem","duration":37.264900000000125,"failureMessages":["TypeError: Cannot read properties of undefined (reading 'username')\n    at eval (eval at processSlot (E:\\Github\\Qingyu\\Qingyu_fronted\\node_modules\\@vue\\test-utils\\dist\\vue-test-utils.cjs.js:7818:32), <anonymous>:17:36)\n    at renderFnWithContext (E:\\Github\\Qingyu\\Qingyu_fronted\\node_modules\\@vue\\runtime-core\\dist\\runtime-core.cjs.js:692:13)\n    at Module.renderSlot (E:\\Github\\Qingyu\\Qingyu_fronted\\node_modules\\@vue\\runtime-core\\dist\\runtime-core.cjs.js:3027:53)\n    at Proxy._sfc_render (E:\\Github\\Qingyu\\Qingyu_fronted\\src\\design-system\\form\\Form\\FormItem.vue:369:7)\n    at renderComponentRoot (E:\\Github\\Qingyu\\Qingyu_fronted\\node_modules\\@vue\\runtime-core\\dist\\runtime-core.cjs.js:6530:16)\n    at ReactiveEffect.componentUpdateFn [as fn] (E:\\Github\\Qingyu\\Qingyu_fronted\\node_modules\\@vue\\runtime-core\\dist\\runtime-core.cjs.js:5330:46)\n    at ReactiveEffect.run (E:\\Github\\Qingyu\\Qingyu_fronted\\node_modules\\@vue\\reactivity\\dist\\reactivity.cjs.js:241:19)\n    at setupRenderEffect (E:\\Github\\Qingyu\\Qingyu_fronted\\node_modules\\@vue\\runtime-core\\dist\\runtime-core.cjs.js:5465:5)\n    at mountComponent (E:\\Github\\Qingyu\\Qingyu_fronted\\node_modules\\@vue\\runtime-core\\dist\\runtime-core.cjs.js:5239:7)\n    at processComponent (E:\\Github\\Qingyu\\Qingyu_fronted\\node_modules\\@vue\\runtime-core\\dist\\runtime-core.cjs.js:5191:9)"],"meta":{}},{"ancestorTitles":["Form 和 FormItem 集成测试"],"fullName":"Form 和 FormItem 集成测试 应该在整个表单验证失败时显示错误信息","status":"failed","title":"应该在整个表单验证失败时显示错误信息","duration":15.278699999998935,"failureMessages":["TypeError: Cannot read properties of undefined (reading 'username')\n    at eval (eval at processSlot (E:\\Github\\Qingyu\\Qingyu_fronted\\node_modules\\@vue\\test-utils\\dist\\vue-test-utils.cjs.js:7818:32), <anonymous>:17:36)\n    at renderFnWithContext (E:\\Github\\Qingyu\\Qingyu_fronted\\node_modules\\@vue\\runtime-core\\dist\\runtime-core.cjs.js:692:13)\n    at Module.renderSlot (E:\\Github\\Qingyu\\Qingyu_fronted\\node_modules\\@vue\\runtime-core\\dist\\runtime-core.cjs.js:3027:53)\n    at Proxy._sfc_render (E:\\Github\\Qingyu\\Qingyu_fronted\\src\\design-system\\form\\Form\\FormItem.vue:369:7)\n    at renderComponentRoot (E:\\Github\\Qingyu\\Qingyu_fronted\\node_modules\\@vue\\runtime-core\\dist\\runtime-core.cjs.js:6530:16)\n    at ReactiveEffect.componentUpdateFn [as fn] (E:\\Github\\Qingyu\\Qingyu_fronted\\node_modules\\@vue\\runtime-core\\dist\\runtime-core.cjs.js:5330:46)\n    at ReactiveEffect.run (E:\\Github\\Qingyu\\Qingyu_fronted\\node_modules\\@vue\\reactivity\\dist\\reactivity.cjs.js:241:19)\n    at setupRenderEffect (E:\\Github\\Qingyu\\Qingyu_fronted\\node_modules\\@vue\\runtime-core\\dist\\runtime-core.cjs.js:5465:5)\n    at mountComponent (E:\\Github\\Qingyu\\Qingyu_fronted\\node_modules\\@vue\\runtime-core\\dist\\runtime-core.cjs.js:5239:7)\n    at processComponent (E:\\Github\\Qingyu\\Qingyu_fronted\\node_modules\\@vue\\runtime-core\\dist\\runtime-core.cjs.js:5191:9)"],"meta":{}},{"ancestorTitles":["Form 和 FormItem 集成测试"],"fullName":"Form 和 FormItem 集成测试 应该在表单重置时清除所有错误信息","status":"failed","title":"应该在表单重置时清除所有错误信息","duration":29.603399999999965,"failureMessages":["TypeError: Cannot read properties of undefined (reading 'username')\n    at eval (eval at processSlot (E:\\Github\\Qingyu\\Qingyu_fronted\\node_modules\\@vue\\test-utils\\dist\\vue-test-utils.cjs.js:7818:32), <anonymous>:17:36)\n    at renderFnWithContext (E:\\Github\\Qingyu\\Qingyu_fronted\\node_modules\\@vue\\runtime-core\\dist\\runtime-core.cjs.js:692:13)\n    at Module.renderSlot (E:\\Github\\Qingyu\\Qingyu_fronted\\node_modules\\@vue\\runtime-core\\dist\\runtime-core.cjs.js:3027:53)\n    at Proxy._sfc_render (E:\\Github\\Qingyu\\Qingyu_fronted\\src\\design-system\\form\\Form\\FormItem.vue:369:7)\n    at renderComponentRoot (E:\\Github\\Qingyu\\Qingyu_fronted\\node_modules\\@vue\\runtime-core\\dist\\runtime-core.cjs.js:6530:16)\n    at ReactiveEffect.componentUpdateFn [as fn] (E:\\Github\\Qingyu\\Qingyu_fronted\\node_modules\\@vue\\runtime-core\\dist\\runtime-core.cjs.js:5330:46)\n    at ReactiveEffect.run (E:\\Github\\Qingyu\\Qingyu_fronted\\node_modules\\@vue\\reactivity\\dist\\reactivity.cjs.js:241:19)\n    at setupRenderEffect (E:\\Github\\Qingyu\\Qingyu_fronted\\node_modules\\@vue\\runtime-core\\dist\\runtime-core.cjs.js:5465:5)\n    at mountComponent (E:\\Github\\Qingyu\\Qingyu_fronted\\node_modules\\@vue\\runtime-core\\dist\\runtime-core.cjs.js:5239:7)\n    at processComponent (E:\\Github\\Qingyu\\Qingyu_fronted\\node_modules\\@vue\\runtime-core\\dist\\runtime-core.cjs.js:5191:9)"],"meta":{}}],"startTime":1769254070864,"endTime":1769254072255.6035,"status":"failed","message":"","name":"E:/Github/Qingyu/Qingyu_fronted/tests/unit/design-system/form/Form.test.ts"},{"assertionResults":[{"ancestorTitles":["Input","基础渲染"],"fullName":"Input 基础渲染 默认渲染为 text 类型和 md 尺寸","status":"passed","title":"默认渲染为 text 类型和 md 尺寸","duration":128.64300000000003,"failureMessages":[],"meta":{}},{"ancestorTitles":["Input","基础渲染"],"fullName":"Input 基础渲染 正确渲染所有尺寸","status":"passed","title":"正确渲染所有尺寸","duration":60.63250000000062,"failureMessages":[],"meta":{}},{"ancestorTitles":["Input","基础渲染"],"fullName":"Input 基础渲染 正确渲染所有输入类型","status":"passed","title":"正确渲染所有输入类型","duration":89.25480000000061,"failureMessages":[],"meta":{}},{"ancestorTitles":["Input","Props 测试"],"fullName":"Input Props 测试 正确设置 placeholder","status":"passed","title":"正确设置 placeholder","duration":7.293700000000172,"failureMessages":[],"meta":{}},{"ancestorTitles":["Input","Props 测试"],"fullName":"Input Props 测试 正确设置禁用状态","status":"passed","title":"正确设置禁用状态","duration":8.844500000000153,"failureMessages":[],"meta":{}},{"ancestorTitles":["Input","Props 测试"],"fullName":"Input Props 测试 正确设置只读状态","status":"passed","title":"正确设置只读状态","duration":8.807399999999689,"failureMessages":[],"meta":{}},{"ancestorTitles":["Input","Props 测试"],"fullName":"Input Props 测试 正确设置错误状态","status":"passed","title":"正确设置错误状态","duration":12.200700000000325,"failureMessages":[],"meta":{}},{"ancestorTitles":["Input","Props 测试"],"fullName":"Input Props 测试 正确设置 maxlength","status":"passed","title":"正确设置 maxlength","duration":13.218899999999849,"failureMessages":[],"meta":{}},{"ancestorTitles":["Input","v-model 绑定测试"],"fullName":"Input v-model 绑定测试 正确绑定 string 类型值","status":"passed","title":"正确绑定 string 类型值","duration":13.858299999999872,"failureMessages":[],"meta":{}},{"ancestorTitles":["Input","v-model 绑定测试"],"fullName":"Input v-model 绑定测试 正确绑定 number 类型值","status":"passed","title":"正确绑定 number 类型值","duration":8.996600000000399,"failureMessages":[],"meta":{}},{"ancestorTitles":["Input","v-model 绑定测试"],"fullName":"Input v-model 绑定测试 正确更新 modelValue","status":"passed","title":"正确更新 modelValue","duration":13.037199999999757,"failureMessages":[],"meta":{}},{"ancestorTitles":["Input","v-model 绑定测试"],"fullName":"Input v-model 绑定测试 数字类型正确转换为数字","status":"passed","title":"数字类型正确转换为数字","duration":8.067399999999907,"failureMessages":[],"meta":{}},{"ancestorTitles":["Input","前缀/后缀图标测试"],"fullName":"Input 前缀/后缀图标测试 显示前缀图标","status":"passed","title":"显示前缀图标","duration":76.77019999999993,"failureMessages":[],"meta":{}},{"ancestorTitles":["Input","前缀/后缀图标测试"],"fullName":"Input 前缀/后缀图标测试 显示后缀图标","status":"passed","title":"显示后缀图标","duration":30.22139999999945,"failureMessages":[],"meta":{}},{"ancestorTitles":["Input","前缀/后缀图标测试"],"fullName":"Input 前缀/后缀图标测试 同时显示前缀和后缀图标","status":"passed","title":"同时显示前缀和后缀图标","duration":26.906800000000658,"failureMessages":[],"meta":{}},{"ancestorTitles":["Input","前缀/后缀图标测试"],"fullName":"Input 前缀/后缀图标测试 前缀图标时输入框有正确的左侧内边距","status":"passed","title":"前缀图标时输入框有正确的左侧内边距","duration":19.240099999999984,"failureMessages":[],"meta":{}},{"ancestorTitles":["Input","前缀/后缀图标测试"],"fullName":"Input 前缀/后缀图标测试 后缀图标时输入框有正确的右侧内边距","status":"passed","title":"后缀图标时输入框有正确的右侧内边距","duration":10.935600000000704,"failureMessages":[],"meta":{}},{"ancestorTitles":["Input","插槽测试"],"fullName":"Input 插槽测试 渲染 prepend 插槽内容","status":"passed","title":"渲染 prepend 插槽内容","duration":31.874899999999798,"failureMessages":[],"meta":{}},{"ancestorTitles":["Input","插槽测试"],"fullName":"Input 插槽测试 渲染 append 插槽内容","status":"passed","title":"渲染 append 插槽内容","duration":29.995500000000902,"failureMessages":[],"meta":{}},{"ancestorTitles":["Input","插槽测试"],"fullName":"Input 插槽测试 同时渲染 prepend 和 append 插槽","status":"passed","title":"同时渲染 prepend 和 append 插槽","duration":19.267100000000028,"failureMessages":[],"meta":{}},{"ancestorTitles":["Input","插槽测试"],"fullName":"Input 插槽测试 prefix 插槽覆盖 prefix 属性","status":"passed","title":"prefix 插槽覆盖 prefix 属性","duration":11.056899999999587,"failureMessages":[],"meta":{}},{"ancestorTitles":["Input","插槽测试"],"fullName":"Input 插槽测试 suffix 插槽覆盖 suffix 属性","status":"passed","title":"suffix 插槽覆盖 suffix 属性","duration":17.240200000000186,"failureMessages":[],"meta":{}},{"ancestorTitles":["Input","可清空功能测试"],"fullName":"Input 可清空功能测试 有值时显示清空按钮","status":"passed","title":"有值时显示清空按钮","duration":17.73790000000008,"failureMessages":[],"meta":{}},{"ancestorTitles":["Input","可清空功能测试"],"fullName":"Input 可清空功能测试 无值时不显示清空按钮","status":"passed","title":"无值时不显示清空按钮","duration":15.698100000000522,"failureMessages":[],"meta":{}},{"ancestorTitles":["Input","可清空功能测试"],"fullName":"Input 可清空功能测试 禁用状态不显示清空按钮","status":"passed","title":"禁用状态不显示清空按钮","duration":12.626900000000205,"failureMessages":[],"meta":{}},{"ancestorTitles":["Input","可清空功能测试"],"fullName":"Input 可清空功能测试 只读状态不显示清空按钮","status":"passed","title":"只读状态不显示清空按钮","duration":12.837899999999536,"failureMessages":[],"meta":{}},{"ancestorTitles":["Input","可清空功能测试"],"fullName":"Input 可清空功能测试 点击清空按钮触发 clear 事件","status":"passed","title":"点击清空按钮触发 clear 事件","duration":31.59019999999964,"failureMessages":[],"meta":{}},{"ancestorTitles":["Input","可清空功能测试"],"fullName":"Input 可清空功能测试 清空后重新聚焦输入框","status":"passed","title":"清空后重新聚焦输入框","duration":15.651899999999841,"failureMessages":[],"meta":{}},{"ancestorTitles":["Input","字数统计测试"],"fullName":"Input 字数统计测试 showCount 和 maxlength 都设置时显示字数统计","status":"passed","title":"showCount 和 maxlength 都设置时显示字数统计","duration":13.670000000000073,"failureMessages":[],"meta":{}},{"ancestorTitles":["Input","字数统计测试"],"fullName":"Input 字数统计测试 正确计算字符长度","status":"passed","title":"正确计算字符长度","duration":11.117299999999886,"failureMessages":[],"meta":{}},{"ancestorTitles":["Input","字数统计测试"],"fullName":"Input 字数统计测试 空值显示为 0","status":"passed","title":"空值显示为 0","duration":9.733000000000175,"failureMessages":[],"meta":{}},{"ancestorTitles":["Input","字数统计测试"],"fullName":"Input 字数统计测试 超出长度时显示红色","status":"passed","title":"超出长度时显示红色","duration":29.709100000000035,"failureMessages":[],"meta":{}},{"ancestorTitles":["Input","事件测试"],"fullName":"Input 事件测试 触发 focus 事件","status":"passed","title":"触发 focus 事件","duration":23.89130000000023,"failureMessages":[],"meta":{}},{"ancestorTitles":["Input","事件测试"],"fullName":"Input 事件测试 触发 blur 事件","status":"passed","title":"触发 blur 事件","duration":7.386099999999715,"failureMessages":[],"meta":{}},{"ancestorTitles":["Input","事件测试"],"fullName":"Input 事件测试 触发 change 事件","status":"passed","title":"触发 change 事件","duration":10.968399999999747,"failureMessages":[],"meta":{}},{"ancestorTitles":["Input","事件测试"],"fullName":"Input 事件测试 change 事件传递正确的值","status":"passed","title":"change 事件传递正确的值","duration":10.585800000000745,"failureMessages":[],"meta":{}},{"ancestorTitles":["Input","事件测试"],"fullName":"Input 事件测试 数字类型 change 事件传递数字值","status":"passed","title":"数字类型 change 事件传递数字值","duration":16.35859999999957,"failureMessages":[],"meta":{}},{"ancestorTitles":["Input","错误状态测试"],"fullName":"Input 错误状态测试 error 为 true 时应用错误样式","status":"passed","title":"error 为 true 时应用错误样式","duration":8.567900000000009,"failureMessages":[],"meta":{}},{"ancestorTitles":["Input","错误状态测试"],"fullName":"Input 错误状态测试 error 为 false 时应用默认样式","status":"passed","title":"error 为 false 时应用默认样式","duration":7.442599999999402,"failureMessages":[],"meta":{}},{"ancestorTitles":["Input","边角情况测试"],"fullName":"Input 边角情况测试 modelValue 为 null 时不报错","status":"passed","title":"modelValue 为 null 时不报错","duration":11.5632999999998,"failureMessages":[],"meta":{}},{"ancestorTitles":["Input","边角情况测试"],"fullName":"Input 边角情况测试 modelValue 为 undefined 时不报错","status":"passed","title":"modelValue 为 undefined 时不报错","duration":15.50130000000081,"failureMessages":[],"meta":{}},{"ancestorTitles":["Input","边角情况测试"],"fullName":"Input 边角情况测试 数字类型输入空值时返回空字符串","status":"passed","title":"数字类型输入空值时返回空字符串","duration":24.626900000000205,"failureMessages":[],"meta":{}},{"ancestorTitles":["Input","边角情况测试"],"fullName":"Input 边角情况测试 同时有 suffix 和 clearable 时右侧内边距正确","status":"passed","title":"同时有 suffix 和 clearable 时右侧内边距正确","duration":15.892300000000432,"failureMessages":[],"meta":{}},{"ancestorTitles":["Input","边角情况测试"],"fullName":"Input 边角情况测试 自定义 class 正确应用","status":"passed","title":"自定义 class 正确应用","duration":11.890800000000127,"failureMessages":[],"meta":{}},{"ancestorTitles":["Input","边角情况测试"],"fullName":"Input 边角情况测试 所有尺寸的清空按钮都正确渲染","status":"passed","title":"所有尺寸的清空按钮都正确渲染","duration":30.02679999999964,"failureMessages":[],"meta":{}},{"ancestorTitles":["Input","暴露方法测试"],"fullName":"Input 暴露方法测试 暴露 focus 方法","status":"passed","title":"暴露 focus 方法","duration":11.009299999999712,"failureMessages":[],"meta":{}},{"ancestorTitles":["Input","暴露方法测试"],"fullName":"Input 暴露方法测试 暴露 blur 方法","status":"passed","title":"暴露 blur 方法","duration":9.815299999999297,"failureMessages":[],"meta":{}}],"startTime":1769254070695,"endTime":1769254071735.8152,"status":"passed","message":"","name":"E:/Github/Qingyu/Qingyu_fronted/tests/unit/design-system/form/Input.test.ts"},{"assertionResults":[{"ancestorTitles":["Radio 组件","Radio 单选框"],"fullName":"Radio 组件 Radio 单选框 应该正确渲染","status":"passed","title":"应该正确渲染","duration":166.78510000000006,"failureMessages":[],"meta":{}},{"ancestorTitles":["Radio 组件","Radio 单选框"],"fullName":"Radio 组件 Radio 单选框 应该根据 value 和 modelValue 正确设置选中状态","status":"failed","title":"应该根据 value 和 modelValue 正确设置选中状态","duration":33.373499999999694,"failureMessages":["AssertionError: expected false to be true // Object.is equality\n    at E:\\Github\\Qingyu\\Qingyu_fronted\\tests\\unit\\design-system\\form\\Radio.test.ts:49:59\n    at file:///E:/Github/Qingyu/Qingyu_fronted/node_modules/@vitest/runner/dist/index.js:146:14\n    at file:///E:/Github/Qingyu/Qingyu_fronted/node_modules/@vitest/runner/dist/index.js:533:11\n    at runWithTimeout (file:///E:/Github/Qingyu/Qingyu_fronted/node_modules/@vitest/runner/dist/index.js:39:7)\n    at runTest (file:///E:/Github/Qingyu/Qingyu_fronted/node_modules/@vitest/runner/dist/index.js:1056:17)\n    at processTicksAndRejections (node:internal/process/task_queues:105:5)\n    at runSuite (file:///E:/Github/Qingyu/Qingyu_fronted/node_modules/@vitest/runner/dist/index.js:1205:15)\n    at runSuite (file:///E:/Github/Qingyu/Qingyu_fronted/node_modules/@vitest/runner/dist/index.js:1205:15)\n    at runSuite (file:///E:/Github/Qingyu/Qingyu_fronted/node_modules/@vitest/runner/dist/index.js:1205:15)\n    at runFiles (file:///E:/Github/Qingyu/Qingyu_fronted/node_modules/@vitest/runner/dist/index.js:1262:5)"],"meta":{}},{"ancestorTitles":["Radio 组件","Radio 单选框"],"fullName":"Radio 组件 Radio 单选框 未选中时应该不显示选中状态","status":"passed","title":"未选中时应该不显示选中状态","duration":8.849199999999655,"failureMessages":[],"meta":{}},{"ancestorTitles":["Radio 组件","Radio 单选框"],"fullName":"Radio 组件 Radio 单选框 禁用状态下不应该可点击","status":"passed","title":"禁用状态下不应该可点击","duration":7.8598000000001775,"failureMessages":[],"meta":{}},{"ancestorTitles":["Radio 组件","Radio 单选框"],"fullName":"Radio 组件 Radio 单选框 点击时应该触发 update:modelValue 事件","status":"passed","title":"点击时应该触发 update:modelValue 事件","duration":19.881100000000515,"failureMessages":[],"meta":{}},{"ancestorTitles":["Radio 组件","Radio 单选框"],"fullName":"Radio 组件 Radio 单选框 点击时应该触发 change 事件","status":"passed","title":"点击时应该触发 change 事件","duration":8.281200000000354,"failureMessages":[],"meta":{}},{"ancestorTitles":["Radio 组件","Radio 单选框"],"fullName":"Radio 组件 Radio 单选框 应该支持自定义插槽内容","status":"passed","title":"应该支持自定义插槽内容","duration":31.384100000000217,"failureMessages":[],"meta":{}},{"ancestorTitles":["Radio 组件","Radio 单选框"],"fullName":"Radio 组件 Radio 单选框 应该正确应用 size 类名","status":"passed","title":"应该正确应用 size 类名","duration":43.0622000000003,"failureMessages":[],"meta":{}},{"ancestorTitles":["Radio 组件","Radio 单选框"],"fullName":"Radio 组件 Radio 单选框 按钮模式应该隐藏原生 input","status":"passed","title":"按钮模式应该隐藏原生 input","duration":8.03729999999996,"failureMessages":[],"meta":{}},{"ancestorTitles":["Radio 组件","RadioGroup 单选框组"],"fullName":"Radio 组件 RadioGroup 单选框组 应该正确渲染所有子 Radio 组件","status":"failed","title":"应该正确渲染所有子 Radio 组件","duration":69.38619999999992,"failureMessages":["AssertionError: expected +0 to be 3 // Object.is equality\n    at E:\\Github\\Qingyu\\Qingyu_fronted\\tests\\unit\\design-system\\form\\Radio.test.ts:222:55\n    at file:///E:/Github/Qingyu/Qingyu_fronted/node_modules/@vitest/runner/dist/index.js:146:14\n    at file:///E:/Github/Qingyu/Qingyu_fronted/node_modules/@vitest/runner/dist/index.js:533:11\n    at runWithTimeout (file:///E:/Github/Qingyu/Qingyu_fronted/node_modules/@vitest/runner/dist/index.js:39:7)\n    at runTest (file:///E:/Github/Qingyu/Qingyu_fronted/node_modules/@vitest/runner/dist/index.js:1056:17)\n    at processTicksAndRejections (node:internal/process/task_queues:105:5)\n    at runSuite (file:///E:/Github/Qingyu/Qingyu_fronted/node_modules/@vitest/runner/dist/index.js:1205:15)\n    at runSuite (file:///E:/Github/Qingyu/Qingyu_fronted/node_modules/@vitest/runner/dist/index.js:1205:15)\n    at runSuite (file:///E:/Github/Qingyu/Qingyu_fronted/node_modules/@vitest/runner/dist/index.js:1205:15)\n    at runFiles (file:///E:/Github/Qingyu/Qingyu_fronted/node_modules/@vitest/runner/dist/index.js:1262:5)"],"meta":{}},{"ancestorTitles":["Radio 组件","RadioGroup 单选框组"],"fullName":"Radio 组件 RadioGroup 单选框组 应该正确传递 v-model 值","status":"passed","title":"应该正确传递 v-model 值","duration":48.46059999999943,"failureMessages":[],"meta":{}},{"ancestorTitles":["Radio 组件","RadioGroup 单选框组"],"fullName":"Radio 组件 RadioGroup 单选框组 应该正确传递 size 属性","status":"failed","title":"应该正确传递 size 属性","duration":38.96740000000045,"failureMessages":["AssertionError: expected 'md' to be 'lg' // Object.is equality\n    at E:\\Github\\Qingyu\\Qingyu_fronted\\tests\\unit\\design-system\\form\\Radio.test.ts:267:37\n    at Array.forEach (<anonymous>)\n    at E:\\Github\\Qingyu\\Qingyu_fronted\\tests\\unit\\design-system\\form\\Radio.test.ts:265:14\n    at file:///E:/Github/Qingyu/Qingyu_fronted/node_modules/@vitest/runner/dist/index.js:146:14\n    at file:///E:/Github/Qingyu/Qingyu_fronted/node_modules/@vitest/runner/dist/index.js:533:11\n    at runWithTimeout (file:///E:/Github/Qingyu/Qingyu_fronted/node_modules/@vitest/runner/dist/index.js:39:7)\n    at runTest (file:///E:/Github/Qingyu/Qingyu_fronted/node_modules/@vitest/runner/dist/index.js:1056:17)\n    at processTicksAndRejections (node:internal/process/task_queues:105:5)\n    at runSuite (file:///E:/Github/Qingyu/Qingyu_fronted/node_modules/@vitest/runner/dist/index.js:1205:15)\n    at runSuite (file:///E:/Github/Qingyu/Qingyu_fronted/node_modules/@vitest/runner/dist/index.js:1205:15)"],"meta":{}},{"ancestorTitles":["Radio 组件","RadioGroup 单选框组"],"fullName":"Radio 组件 RadioGroup 单选框组 应该正确传递 disabled 属性","status":"failed","title":"应该正确传递 disabled 属性","duration":27.548499999999876,"failureMessages":["AssertionError: expected false to be true // Object.is equality\n    at E:\\Github\\Qingyu\\Qingyu_fronted\\tests\\unit\\design-system\\form\\Radio.test.ts:284:41\n    at Array.forEach (<anonymous>)\n    at E:\\Github\\Qingyu\\Qingyu_fronted\\tests\\unit\\design-system\\form\\Radio.test.ts:283:14\n    at file:///E:/Github/Qingyu/Qingyu_fronted/node_modules/@vitest/runner/dist/index.js:146:14\n    at file:///E:/Github/Qingyu/Qingyu_fronted/node_modules/@vitest/runner/dist/index.js:533:11\n    at runWithTimeout (file:///E:/Github/Qingyu/Qingyu_fronted/node_modules/@vitest/runner/dist/index.js:39:7)\n    at runTest (file:///E:/Github/Qingyu/Qingyu_fronted/node_modules/@vitest/runner/dist/index.js:1056:17)\n    at processTicksAndRejections (node:internal/process/task_queues:105:5)\n    at runSuite (file:///E:/Github/Qingyu/Qingyu_fronted/node_modules/@vitest/runner/dist/index.js:1205:15)\n    at runSuite (file:///E:/Github/Qingyu/Qingyu_fronted/node_modules/@vitest/runner/dist/index.js:1205:15)"],"meta":{}},{"ancestorTitles":["Radio 组件","RadioGroup 单选框组"],"fullName":"Radio 组件 RadioGroup 单选框组 应该根据 vertical 属性设置正确的布局","status":"passed","title":"应该根据 vertical 属性设置正确的布局","duration":28.46889999999985,"failureMessages":[],"meta":{}},{"ancestorTitles":["Radio 组件","RadioGroup 单选框组"],"fullName":"Radio 组件 RadioGroup 单选框组 应该正确传递 button 属性","status":"failed","title":"应该正确传递 button 属性","duration":32.42540000000008,"failureMessages":["AssertionError: expected false to be true // Object.is equality\n    at E:\\Github\\Qingyu\\Qingyu_fronted\\tests\\unit\\design-system\\form\\Radio.test.ts:320:39\n    at Array.forEach (<anonymous>)\n    at E:\\Github\\Qingyu\\Qingyu_fronted\\tests\\unit\\design-system\\form\\Radio.test.ts:319:14\n    at file:///E:/Github/Qingyu/Qingyu_fronted/node_modules/@vitest/runner/dist/index.js:146:14\n    at file:///E:/Github/Qingyu/Qingyu_fronted/node_modules/@vitest/runner/dist/index.js:533:11\n    at runWithTimeout (file:///E:/Github/Qingyu/Qingyu_fronted/node_modules/@vitest/runner/dist/index.js:39:7)\n    at runTest (file:///E:/Github/Qingyu/Qingyu_fronted/node_modules/@vitest/runner/dist/index.js:1056:17)\n    at processTicksAndRejections (node:internal/process/task_queues:105:5)\n    at runSuite (file:///E:/Github/Qingyu/Qingyu_fronted/node_modules/@vitest/runner/dist/index.js:1205:15)\n    at runSuite (file:///E:/Github/Qingyu/Qingyu_fronted/node_modules/@vitest/runner/dist/index.js:1205:15)"],"meta":{}},{"ancestorTitles":["Radio 组件","RadioGroup 单选框组"],"fullName":"Radio 组件 RadioGroup 单选框组 应该触发 change 事件","status":"failed","title":"应该触发 change 事件","duration":47.76299999999992,"failureMessages":["AssertionError: expected undefined to be 'option2' // Object.is equality\n    at E:\\Github\\Qingyu\\Qingyu_fronted\\tests\\unit\\design-system\\form\\Radio.test.ts:348:28\n    at processTicksAndRejections (node:internal/process/task_queues:105:5)\n    at file:///E:/Github/Qingyu/Qingyu_fronted/node_modules/@vitest/runner/dist/index.js:533:5\n    at runTest (file:///E:/Github/Qingyu/Qingyu_fronted/node_modules/@vitest/runner/dist/index.js:1056:11)\n    at runSuite (file:///E:/Github/Qingyu/Qingyu_fronted/node_modules/@vitest/runner/dist/index.js:1205:15)\n    at runSuite (file:///E:/Github/Qingyu/Qingyu_fronted/node_modules/@vitest/runner/dist/index.js:1205:15)\n    at runSuite (file:///E:/Github/Qingyu/Qingyu_fronted/node_modules/@vitest/runner/dist/index.js:1205:15)\n    at runFiles (file:///E:/Github/Qingyu/Qingyu_fronted/node_modules/@vitest/runner/dist/index.js:1262:5)\n    at startTests (file:///E:/Github/Qingyu/Qingyu_fronted/node_modules/@vitest/runner/dist/index.js:1271:3)\n    at file:///E:/Github/Qingyu/Qingyu_fronted/node_modules/vitest/dist/chunks/runBaseTests.3qpJUEJM.js:126:11"],"meta":{}},{"ancestorTitles":["Radio 组件","RadioGroup 单选框组"],"fullName":"Radio 组件 RadioGroup 单选框组 单个 Radio 的 disabled 属性应该覆盖 Group 的 disabled","status":"failed","title":"单个 Radio 的 disabled 属性应该覆盖 Group 的 disabled","duration":26.824600000000828,"failureMessages":["AssertionError: expected false to be true // Object.is equality\n    at E:\\Github\\Qingyu\\Qingyu_fronted\\tests\\unit\\design-system\\form\\Radio.test.ts:365:43\n    at file:///E:/Github/Qingyu/Qingyu_fronted/node_modules/@vitest/runner/dist/index.js:146:14\n    at file:///E:/Github/Qingyu/Qingyu_fronted/node_modules/@vitest/runner/dist/index.js:533:11\n    at runWithTimeout (file:///E:/Github/Qingyu/Qingyu_fronted/node_modules/@vitest/runner/dist/index.js:39:7)\n    at runTest (file:///E:/Github/Qingyu/Qingyu_fronted/node_modules/@vitest/runner/dist/index.js:1056:17)\n    at processTicksAndRejections (node:internal/process/task_queues:105:5)\n    at runSuite (file:///E:/Github/Qingyu/Qingyu_fronted/node_modules/@vitest/runner/dist/index.js:1205:15)\n    at runSuite (file:///E:/Github/Qingyu/Qingyu_fronted/node_modules/@vitest/runner/dist/index.js:1205:15)\n    at runSuite (file:///E:/Github/Qingyu/Qingyu_fronted/node_modules/@vitest/runner/dist/index.js:1205:15)\n    at runFiles (file:///E:/Github/Qingyu/Qingyu_fronted/node_modules/@vitest/runner/dist/index.js:1262:5)"],"meta":{}},{"ancestorTitles":["Radio 组件","可访问性"],"fullName":"Radio 组件 可访问性 应该有正确的 label 关联","status":"passed","title":"应该有正确的 label 关联","duration":5.0294999999996435,"failureMessages":[],"meta":{}},{"ancestorTitles":["Radio 组件","可访问性"],"fullName":"Radio 组件 可访问性 禁用的 Radio 应该有正确的属性","status":"passed","title":"禁用的 Radio 应该有正确的属性","duration":6.119399999999587,"failureMessages":[],"meta":{}},{"ancestorTitles":["Radio 组件","按钮模式"],"fullName":"Radio 组件 按钮模式 按钮模式应该正确渲染","status":"failed","title":"按钮模式应该正确渲染","duration":40.245099999999184,"failureMessages":["AssertionError: expected [ 'appearance-none', 'border', …(15) ] to include 'sr-only'\n    at Proxy.<anonymous> (file:///E:/Github/Qingyu/Qingyu_fronted/node_modules/@vitest/expect/dist/index.js:1196:17)\n    at Proxy.<anonymous> (file:///E:/Github/Qingyu/Qingyu_fronted/node_modules/@vitest/expect/dist/index.js:972:17)\n    at Proxy.methodWrapper (file:///E:/Github/Qingyu/Qingyu_fronted/node_modules/chai/index.js:1686:25)\n    at E:\\Github\\Qingyu\\Qingyu_fronted\\tests\\unit\\design-system\\form\\Radio.test.ts:429:33\n    at Array.forEach (<anonymous>)\n    at E:\\Github\\Qingyu\\Qingyu_fronted\\tests\\unit\\design-system\\form\\Radio.test.ts:428:14\n    at file:///E:/Github/Qingyu/Qingyu_fronted/node_modules/@vitest/runner/dist/index.js:146:14\n    at file:///E:/Github/Qingyu/Qingyu_fronted/node_modules/@vitest/runner/dist/index.js:533:11\n    at runWithTimeout (file:///E:/Github/Qingyu/Qingyu_fronted/node_modules/@vitest/runner/dist/index.js:39:7)\n    at runTest (file:///E:/Github/Qingyu/Qingyu_fronted/node_modules/@vitest/runner/dist/index.js:1056:17)"],"meta":{}},{"ancestorTitles":["Radio 组件","按钮模式"],"fullName":"Radio 组件 按钮模式 按钮模式选中的应该有正确的样式","status":"failed","title":"按钮模式选中的应该有正确的样式","duration":22.73989999999958,"failureMessages":["AssertionError: expected undefined to be defined\n    at E:\\Github\\Qingyu\\Qingyu_fronted\\tests\\unit\\design-system\\form\\Radio.test.ts:453:27\n    at file:///E:/Github/Qingyu/Qingyu_fronted/node_modules/@vitest/runner/dist/index.js:146:14\n    at file:///E:/Github/Qingyu/Qingyu_fronted/node_modules/@vitest/runner/dist/index.js:533:11\n    at runWithTimeout (file:///E:/Github/Qingyu/Qingyu_fronted/node_modules/@vitest/runner/dist/index.js:39:7)\n    at runTest (file:///E:/Github/Qingyu/Qingyu_fronted/node_modules/@vitest/runner/dist/index.js:1056:17)\n    at processTicksAndRejections (node:internal/process/task_queues:105:5)\n    at runSuite (file:///E:/Github/Qingyu/Qingyu_fronted/node_modules/@vitest/runner/dist/index.js:1205:15)\n    at runSuite (file:///E:/Github/Qingyu/Qingyu_fronted/node_modules/@vitest/runner/dist/index.js:1205:15)\n    at runSuite (file:///E:/Github/Qingyu/Qingyu_fronted/node_modules/@vitest/runner/dist/index.js:1205:15)\n    at runFiles (file:///E:/Github/Qingyu/Qingyu_fronted/node_modules/@vitest/runner/dist/index.js:1262:5)"],"meta":{}}],"startTime":1769254079092,"endTime":1769254079815.74,"status":"failed","message":"","name":"E:/Github/Qingyu/Qingyu_fronted/tests/unit/design-system/form/Radio.test.ts"},{"assertionResults":[{"ancestorTitles":["Rate","基础渲染"],"fullName":"Rate 基础渲染 默认渲染为 0 分和 md size","status":"failed","title":"默认渲染为 0 分和 md size","duration":158.5672999999997,"failureMessages":["ReferenceError: React is not defined\n    at Object.outline (E:\\Github\\Qingyu\\Qingyu_fronted\\src\\design-system\\form\\Rate\\Rate.vue:30:44)\n    at E:\\Github\\Qingyu\\Qingyu_fronted\\src\\design-system\\form\\Rate\\Rate.vue:227:89\n    at Module.renderList (E:\\Github\\Qingyu\\Qingyu_fronted\\node_modules\\@vue\\runtime-core\\dist\\runtime-core.cjs.js:2962:16)\n    at Proxy._sfc_render (E:\\Github\\Qingyu\\Qingyu_fronted\\src\\design-system\\form\\Rate\\Rate.vue:230:11)\n    at renderComponentRoot (E:\\Github\\Qingyu\\Qingyu_fronted\\node_modules\\@vue\\runtime-core\\dist\\runtime-core.cjs.js:6530:16)\n    at ReactiveEffect.componentUpdateFn [as fn] (E:\\Github\\Qingyu\\Qingyu_fronted\\node_modules\\@vue\\runtime-core\\dist\\runtime-core.cjs.js:5330:46)\n    at ReactiveEffect.run (E:\\Github\\Qingyu\\Qingyu_fronted\\node_modules\\@vue\\reactivity\\dist\\reactivity.cjs.js:241:19)\n    at setupRenderEffect (E:\\Github\\Qingyu\\Qingyu_fronted\\node_modules\\@vue\\runtime-core\\dist\\runtime-core.cjs.js:5465:5)\n    at mountComponent (E:\\Github\\Qingyu\\Qingyu_fronted\\node_modules\\@vue\\runtime-core\\dist\\runtime-core.cjs.js:5239:7)\n    at processComponent (E:\\Github\\Qingyu\\Qingyu_fronted\\node_modules\\@vue\\runtime-core\\dist\\runtime-core.cjs.js:5191:9)"],"meta":{}},{"ancestorTitles":["Rate","基础渲染"],"fullName":"Rate 基础渲染 正确渲染所有尺寸","status":"failed","title":"正确渲染所有尺寸","duration":9.511799999999312,"failureMessages":["ReferenceError: React is not defined\n    at Object.outline (E:\\Github\\Qingyu\\Qingyu_fronted\\src\\design-system\\form\\Rate\\Rate.vue:30:44)\n    at E:\\Github\\Qingyu\\Qingyu_fronted\\src\\design-system\\form\\Rate\\Rate.vue:227:89\n    at Module.renderList (E:\\Github\\Qingyu\\Qingyu_fronted\\node_modules\\@vue\\runtime-core\\dist\\runtime-core.cjs.js:2962:16)\n    at Proxy._sfc_render (E:\\Github\\Qingyu\\Qingyu_fronted\\src\\design-system\\form\\Rate\\Rate.vue:230:11)\n    at renderComponentRoot (E:\\Github\\Qingyu\\Qingyu_fronted\\node_modules\\@vue\\runtime-core\\dist\\runtime-core.cjs.js:6530:16)\n    at ReactiveEffect.componentUpdateFn [as fn] (E:\\Github\\Qingyu\\Qingyu_fronted\\node_modules\\@vue\\runtime-core\\dist\\runtime-core.cjs.js:5330:46)\n    at ReactiveEffect.run (E:\\Github\\Qingyu\\Qingyu_fronted\\node_modules\\@vue\\reactivity\\dist\\reactivity.cjs.js:241:19)\n    at setupRenderEffect (E:\\Github\\Qingyu\\Qingyu_fronted\\node_modules\\@vue\\runtime-core\\dist\\runtime-core.cjs.js:5465:5)\n    at mountComponent (E:\\Github\\Qingyu\\Qingyu_fronted\\node_modules\\@vue\\runtime-core\\dist\\runtime-core.cjs.js:5239:7)\n    at processComponent (E:\\Github\\Qingyu\\Qingyu_fronted\\node_modules\\@vue\\runtime-core\\dist\\runtime-core.cjs.js:5191:9)"],"meta":{}},{"ancestorTitles":["Rate","基础渲染"],"fullName":"Rate 基础渲染 正确渲染默认数量的星星（5 个）","status":"failed","title":"正确渲染默认数量的星星（5 个）","duration":12.553899999999885,"failureMessages":["ReferenceError: React is not defined\n    at Object.outline (E:\\Github\\Qingyu\\Qingyu_fronted\\src\\design-system\\form\\Rate\\Rate.vue:30:44)\n    at E:\\Github\\Qingyu\\Qingyu_fronted\\src\\design-system\\form\\Rate\\Rate.vue:227:89\n    at Module.renderList (E:\\Github\\Qingyu\\Qingyu_fronted\\node_modules\\@vue\\runtime-core\\dist\\runtime-core.cjs.js:2962:16)\n    at Proxy._sfc_render (E:\\Github\\Qingyu\\Qingyu_fronted\\src\\design-system\\form\\Rate\\Rate.vue:230:11)\n    at renderComponentRoot (E:\\Github\\Qingyu\\Qingyu_fronted\\node_modules\\@vue\\runtime-core\\dist\\runtime-core.cjs.js:6530:16)\n    at ReactiveEffect.componentUpdateFn [as fn] (E:\\Github\\Qingyu\\Qingyu_fronted\\node_modules\\@vue\\runtime-core\\dist\\runtime-core.cjs.js:5330:46)\n    at ReactiveEffect.run (E:\\Github\\Qingyu\\Qingyu_fronted\\node_modules\\@vue\\reactivity\\dist\\reactivity.cjs.js:241:19)\n    at setupRenderEffect (E:\\Github\\Qingyu\\Qingyu_fronted\\node_modules\\@vue\\runtime-core\\dist\\runtime-core.cjs.js:5465:5)\n    at mountComponent (E:\\Github\\Qingyu\\Qingyu_fronted\\node_modules\\@vue\\runtime-core\\dist\\runtime-core.cjs.js:5239:7)\n    at processComponent (E:\\Github\\Qingyu\\Qingyu_fronted\\node_modules\\@vue\\runtime-core\\dist\\runtime-core.cjs.js:5191:9)"],"meta":{}},{"ancestorTitles":["Rate","基础渲染"],"fullName":"Rate 基础渲染 正确渲染自定义数量的星星","status":"failed","title":"正确渲染自定义数量的星星","duration":7.7674000000006345,"failureMessages":["ReferenceError: React is not defined\n    at Object.outline (E:\\Github\\Qingyu\\Qingyu_fronted\\src\\design-system\\form\\Rate\\Rate.vue:30:44)\n    at E:\\Github\\Qingyu\\Qingyu_fronted\\src\\design-system\\form\\Rate\\Rate.vue:227:89\n    at Module.renderList (E:\\Github\\Qingyu\\Qingyu_fronted\\node_modules\\@vue\\runtime-core\\dist\\runtime-core.cjs.js:2962:16)\n    at Proxy._sfc_render (E:\\Github\\Qingyu\\Qingyu_fronted\\src\\design-system\\form\\Rate\\Rate.vue:230:11)\n    at renderComponentRoot (E:\\Github\\Qingyu\\Qingyu_fronted\\node_modules\\@vue\\runtime-core\\dist\\runtime-core.cjs.js:6530:16)\n    at ReactiveEffect.componentUpdateFn [as fn] (E:\\Github\\Qingyu\\Qingyu_fronted\\node_modules\\@vue\\runtime-core\\dist\\runtime-core.cjs.js:5330:46)\n    at ReactiveEffect.run (E:\\Github\\Qingyu\\Qingyu_fronted\\node_modules\\@vue\\reactivity\\dist\\reactivity.cjs.js:241:19)\n    at setupRenderEffect (E:\\Github\\Qingyu\\Qingyu_fronted\\node_modules\\@vue\\runtime-core\\dist\\runtime-core.cjs.js:5465:5)\n    at mountComponent (E:\\Github\\Qingyu\\Qingyu_fronted\\node_modules\\@vue\\runtime-core\\dist\\runtime-core.cjs.js:5239:7)\n    at processComponent (E:\\Github\\Qingyu\\Qingyu_fronted\\node_modules\\@vue\\runtime-core\\dist\\runtime-core.cjs.js:5191:9)"],"meta":{}},{"ancestorTitles":["Rate","基础渲染"],"fullName":"Rate 基础渲染 未选中状态有正确的样式","status":"failed","title":"未选中状态有正确的样式","duration":10.081100000000333,"failureMessages":["ReferenceError: React is not defined\n    at Object.outline (E:\\Github\\Qingyu\\Qingyu_fronted\\src\\design-system\\form\\Rate\\Rate.vue:30:44)\n    at E:\\Github\\Qingyu\\Qingyu_fronted\\src\\design-system\\form\\Rate\\Rate.vue:227:89\n    at Module.renderList (E:\\Github\\Qingyu\\Qingyu_fronted\\node_modules\\@vue\\runtime-core\\dist\\runtime-core.cjs.js:2962:16)\n    at Proxy._sfc_render (E:\\Github\\Qingyu\\Qingyu_fronted\\src\\design-system\\form\\Rate\\Rate.vue:230:11)\n    at renderComponentRoot (E:\\Github\\Qingyu\\Qingyu_fronted\\node_modules\\@vue\\runtime-core\\dist\\runtime-core.cjs.js:6530:16)\n    at ReactiveEffect.componentUpdateFn [as fn] (E:\\Github\\Qingyu\\Qingyu_fronted\\node_modules\\@vue\\runtime-core\\dist\\runtime-core.cjs.js:5330:46)\n    at ReactiveEffect.run (E:\\Github\\Qingyu\\Qingyu_fronted\\node_modules\\@vue\\reactivity\\dist\\reactivity.cjs.js:241:19)\n    at setupRenderEffect (E:\\Github\\Qingyu\\Qingyu_fronted\\node_modules\\@vue\\runtime-core\\dist\\runtime-core.cjs.js:5465:5)\n    at mountComponent (E:\\Github\\Qingyu\\Qingyu_fronted\\node_modules\\@vue\\runtime-core\\dist\\runtime-core.cjs.js:5239:7)\n    at processComponent (E:\\Github\\Qingyu\\Qingyu_fronted\\node_modules\\@vue\\runtime-core\\dist\\runtime-core.cjs.js:5191:9)"],"meta":{}},{"ancestorTitles":["Rate","基础渲染"],"fullName":"Rate 基础渲染 选中状态有正确的样式","status":"failed","title":"选中状态有正确的样式","duration":7.073699999999917,"failureMessages":["ReferenceError: React is not defined\n    at Object.filled (E:\\Github\\Qingyu\\Qingyu_fronted\\src\\design-system\\form\\Rate\\Rate.vue:230:11)\n    at E:\\Github\\Qingyu\\Qingyu_fronted\\src\\design-system\\form\\Rate\\Rate.vue:227:89\n    at Module.renderList (E:\\Github\\Qingyu\\Qingyu_fronted\\node_modules\\@vue\\runtime-core\\dist\\runtime-core.cjs.js:2962:16)\n    at Proxy._sfc_render (E:\\Github\\Qingyu\\Qingyu_fronted\\src\\design-system\\form\\Rate\\Rate.vue:230:11)\n    at renderComponentRoot (E:\\Github\\Qingyu\\Qingyu_fronted\\node_modules\\@vue\\runtime-core\\dist\\runtime-core.cjs.js:6530:16)\n    at ReactiveEffect.componentUpdateFn [as fn] (E:\\Github\\Qingyu\\Qingyu_fronted\\node_modules\\@vue\\runtime-core\\dist\\runtime-core.cjs.js:5330:46)\n    at ReactiveEffect.run (E:\\Github\\Qingyu\\Qingyu_fronted\\node_modules\\@vue\\reactivity\\dist\\reactivity.cjs.js:241:19)\n    at setupRenderEffect (E:\\Github\\Qingyu\\Qingyu_fronted\\node_modules\\@vue\\runtime-core\\dist\\runtime-core.cjs.js:5465:5)\n    at mountComponent (E:\\Github\\Qingyu\\Qingyu_fronted\\node_modules\\@vue\\runtime-core\\dist\\runtime-core.cjs.js:5239:7)\n    at processComponent (E:\\Github\\Qingyu\\Qingyu_fronted\\node_modules\\@vue\\runtime-core\\dist\\runtime-core.cjs.js:5191:9)"],"meta":{}},{"ancestorTitles":["Rate","v-model 双向绑定"],"fullName":"Rate v-model 双向绑定 点击星星更新值","status":"failed","title":"点击星星更新值","duration":6.044700000000375,"failureMessages":["ReferenceError: React is not defined\n    at Object.outline (E:\\Github\\Qingyu\\Qingyu_fronted\\src\\design-system\\form\\Rate\\Rate.vue:30:44)\n    at E:\\Github\\Qingyu\\Qingyu_fronted\\src\\design-system\\form\\Rate\\Rate.vue:227:89\n    at Module.renderList (E:\\Github\\Qingyu\\Qingyu_fronted\\node_modules\\@vue\\runtime-core\\dist\\runtime-core.cjs.js:2962:16)\n    at Proxy._sfc_render (E:\\Github\\Qingyu\\Qingyu_fronted\\src\\design-system\\form\\Rate\\Rate.vue:230:11)\n    at renderComponentRoot (E:\\Github\\Qingyu\\Qingyu_fronted\\node_modules\\@vue\\runtime-core\\dist\\runtime-core.cjs.js:6530:16)\n    at ReactiveEffect.componentUpdateFn [as fn] (E:\\Github\\Qingyu\\Qingyu_fronted\\node_modules\\@vue\\runtime-core\\dist\\runtime-core.cjs.js:5330:46)\n    at ReactiveEffect.run (E:\\Github\\Qingyu\\Qingyu_fronted\\node_modules\\@vue\\reactivity\\dist\\reactivity.cjs.js:241:19)\n    at setupRenderEffect (E:\\Github\\Qingyu\\Qingyu_fronted\\node_modules\\@vue\\runtime-core\\dist\\runtime-core.cjs.js:5465:5)\n    at mountComponent (E:\\Github\\Qingyu\\Qingyu_fronted\\node_modules\\@vue\\runtime-core\\dist\\runtime-core.cjs.js:5239:7)\n    at processComponent (E:\\Github\\Qingyu\\Qingyu_fronted\\node_modules\\@vue\\runtime-core\\dist\\runtime-core.cjs.js:5191:9)"],"meta":{}},{"ancestorTitles":["Rate","v-model 双向绑定"],"fullName":"Rate v-model 双向绑定 点击第5个星星设置为5分","status":"failed","title":"点击第5个星星设置为5分","duration":4.71140000000014,"failureMessages":["ReferenceError: React is not defined\n    at Object.outline (E:\\Github\\Qingyu\\Qingyu_fronted\\src\\design-system\\form\\Rate\\Rate.vue:30:44)\n    at E:\\Github\\Qingyu\\Qingyu_fronted\\src\\design-system\\form\\Rate\\Rate.vue:227:89\n    at Module.renderList (E:\\Github\\Qingyu\\Qingyu_fronted\\node_modules\\@vue\\runtime-core\\dist\\runtime-core.cjs.js:2962:16)\n    at Proxy._sfc_render (E:\\Github\\Qingyu\\Qingyu_fronted\\src\\design-system\\form\\Rate\\Rate.vue:230:11)\n    at renderComponentRoot (E:\\Github\\Qingyu\\Qingyu_fronted\\node_modules\\@vue\\runtime-core\\dist\\runtime-core.cjs.js:6530:16)\n    at ReactiveEffect.componentUpdateFn [as fn] (E:\\Github\\Qingyu\\Qingyu_fronted\\node_modules\\@vue\\runtime-core\\dist\\runtime-core.cjs.js:5330:46)\n    at ReactiveEffect.run (E:\\Github\\Qingyu\\Qingyu_fronted\\node_modules\\@vue\\reactivity\\dist\\reactivity.cjs.js:241:19)\n    at setupRenderEffect (E:\\Github\\Qingyu\\Qingyu_fronted\\node_modules\\@vue\\runtime-core\\dist\\runtime-core.cjs.js:5465:5)\n    at mountComponent (E:\\Github\\Qingyu\\Qingyu_fronted\\node_modules\\@vue\\runtime-core\\dist\\runtime-core.cjs.js:5239:7)\n    at processComponent (E:\\Github\\Qingyu\\Qingyu_fronted\\node_modules\\@vue\\runtime-core\\dist\\runtime-core.cjs.js:5191:9)"],"meta":{}},{"ancestorTitles":["Rate","v-model 双向绑定"],"fullName":"Rate v-model 双向绑定 支持响应式更新","status":"failed","title":"支持响应式更新","duration":6.009399999999914,"failureMessages":["ReferenceError: React is not defined\n    at Object.filled (E:\\Github\\Qingyu\\Qingyu_fronted\\src\\design-system\\form\\Rate\\Rate.vue:230:11)\n    at E:\\Github\\Qingyu\\Qingyu_fronted\\src\\design-system\\form\\Rate\\Rate.vue:227:89\n    at Module.renderList (E:\\Github\\Qingyu\\Qingyu_fronted\\node_modules\\@vue\\runtime-core\\dist\\runtime-core.cjs.js:2962:16)\n    at Proxy._sfc_render (E:\\Github\\Qingyu\\Qingyu_fronted\\src\\design-system\\form\\Rate\\Rate.vue:230:11)\n    at renderComponentRoot (E:\\Github\\Qingyu\\Qingyu_fronted\\node_modules\\@vue\\runtime-core\\dist\\runtime-core.cjs.js:6530:16)\n    at ReactiveEffect.componentUpdateFn [as fn] (E:\\Github\\Qingyu\\Qingyu_fronted\\node_modules\\@vue\\runtime-core\\dist\\runtime-core.cjs.js:5330:46)\n    at ReactiveEffect.run (E:\\Github\\Qingyu\\Qingyu_fronted\\node_modules\\@vue\\reactivity\\dist\\reactivity.cjs.js:241:19)\n    at setupRenderEffect (E:\\Github\\Qingyu\\Qingyu_fronted\\node_modules\\@vue\\runtime-core\\dist\\runtime-core.cjs.js:5465:5)\n    at mountComponent (E:\\Github\\Qingyu\\Qingyu_fronted\\node_modules\\@vue\\runtime-core\\dist\\runtime-core.cjs.js:5239:7)\n    at processComponent (E:\\Github\\Qingyu\\Qingyu_fronted\\node_modules\\@vue\\runtime-core\\dist\\runtime-core.cjs.js:5191:9)"],"meta":{}},{"ancestorTitles":["Rate","半星评分"],"fullName":"Rate 半星评分 启用半星后可以设置半星分数","status":"failed","title":"启用半星后可以设置半星分数","duration":6.023600000000442,"failureMessages":["ReferenceError: React is not defined\n    at Object.filled (E:\\Github\\Qingyu\\Qingyu_fronted\\src\\design-system\\form\\Rate\\Rate.vue:230:11)\n    at E:\\Github\\Qingyu\\Qingyu_fronted\\src\\design-system\\form\\Rate\\Rate.vue:227:89\n    at Module.renderList (E:\\Github\\Qingyu\\Qingyu_fronted\\node_modules\\@vue\\runtime-core\\dist\\runtime-core.cjs.js:2962:16)\n    at Proxy._sfc_render (E:\\Github\\Qingyu\\Qingyu_fronted\\src\\design-system\\form\\Rate\\Rate.vue:230:11)\n    at renderComponentRoot (E:\\Github\\Qingyu\\Qingyu_fronted\\node_modules\\@vue\\runtime-core\\dist\\runtime-core.cjs.js:6530:16)\n    at ReactiveEffect.componentUpdateFn [as fn] (E:\\Github\\Qingyu\\Qingyu_fronted\\node_modules\\@vue\\runtime-core\\dist\\runtime-core.cjs.js:5330:46)\n    at ReactiveEffect.run (E:\\Github\\Qingyu\\Qingyu_fronted\\node_modules\\@vue\\reactivity\\dist\\reactivity.cjs.js:241:19)\n    at setupRenderEffect (E:\\Github\\Qingyu\\Qingyu_fronted\\node_modules\\@vue\\runtime-core\\dist\\runtime-core.cjs.js:5465:5)\n    at mountComponent (E:\\Github\\Qingyu\\Qingyu_fronted\\node_modules\\@vue\\runtime-core\\dist\\runtime-core.cjs.js:5239:7)\n    at processComponent (E:\\Github\\Qingyu\\Qingyu_fronted\\node_modules\\@vue\\runtime-core\\dist\\runtime-core.cjs.js:5191:9)"],"meta":{}},{"ancestorTitles":["Rate","半星评分"],"fullName":"Rate 半星评分 半星模式下点击左侧选择半星","status":"failed","title":"半星模式下点击左侧选择半星","duration":4.15349999999944,"failureMessages":["ReferenceError: React is not defined\n    at Object.outline (E:\\Github\\Qingyu\\Qingyu_fronted\\src\\design-system\\form\\Rate\\Rate.vue:30:44)\n    at E:\\Github\\Qingyu\\Qingyu_fronted\\src\\design-system\\form\\Rate\\Rate.vue:227:89\n    at Module.renderList (E:\\Github\\Qingyu\\Qingyu_fronted\\node_modules\\@vue\\runtime-core\\dist\\runtime-core.cjs.js:2962:16)\n    at Proxy._sfc_render (E:\\Github\\Qingyu\\Qingyu_fronted\\src\\design-system\\form\\Rate\\Rate.vue:230:11)\n    at renderComponentRoot (E:\\Github\\Qingyu\\Qingyu_fronted\\node_modules\\@vue\\runtime-core\\dist\\runtime-core.cjs.js:6530:16)\n    at ReactiveEffect.componentUpdateFn [as fn] (E:\\Github\\Qingyu\\Qingyu_fronted\\node_modules\\@vue\\runtime-core\\dist\\runtime-core.cjs.js:5330:46)\n    at ReactiveEffect.run (E:\\Github\\Qingyu\\Qingyu_fronted\\node_modules\\@vue\\reactivity\\dist\\reactivity.cjs.js:241:19)\n    at setupRenderEffect (E:\\Github\\Qingyu\\Qingyu_fronted\\node_modules\\@vue\\runtime-core\\dist\\runtime-core.cjs.js:5465:5)\n    at mountComponent (E:\\Github\\Qingyu\\Qingyu_fronted\\node_modules\\@vue\\runtime-core\\dist\\runtime-core.cjs.js:5239:7)\n    at processComponent (E:\\Github\\Qingyu\\Qingyu_fronted\\node_modules\\@vue\\runtime-core\\dist\\runtime-core.cjs.js:5191:9)"],"meta":{}},{"ancestorTitles":["Rate","禁用状态"],"fullName":"Rate 禁用状态 禁用状态下不响应点击","status":"failed","title":"禁用状态下不响应点击","duration":5.009299999999712,"failureMessages":["ReferenceError: React is not defined\n    at Object.outline (E:\\Github\\Qingyu\\Qingyu_fronted\\src\\design-system\\form\\Rate\\Rate.vue:30:44)\n    at E:\\Github\\Qingyu\\Qingyu_fronted\\src\\design-system\\form\\Rate\\Rate.vue:227:89\n    at Module.renderList (E:\\Github\\Qingyu\\Qingyu_fronted\\node_modules\\@vue\\runtime-core\\dist\\runtime-core.cjs.js:2962:16)\n    at Proxy._sfc_render (E:\\Github\\Qingyu\\Qingyu_fronted\\src\\design-system\\form\\Rate\\Rate.vue:230:11)\n    at renderComponentRoot (E:\\Github\\Qingyu\\Qingyu_fronted\\node_modules\\@vue\\runtime-core\\dist\\runtime-core.cjs.js:6530:16)\n    at ReactiveEffect.componentUpdateFn [as fn] (E:\\Github\\Qingyu\\Qingyu_fronted\\node_modules\\@vue\\runtime-core\\dist\\runtime-core.cjs.js:5330:46)\n    at ReactiveEffect.run (E:\\Github\\Qingyu\\Qingyu_fronted\\node_modules\\@vue\\reactivity\\dist\\reactivity.cjs.js:241:19)\n    at setupRenderEffect (E:\\Github\\Qingyu\\Qingyu_fronted\\node_modules\\@vue\\runtime-core\\dist\\runtime-core.cjs.js:5465:5)\n    at mountComponent (E:\\Github\\Qingyu\\Qingyu_fronted\\node_modules\\@vue\\runtime-core\\dist\\runtime-core.cjs.js:5239:7)\n    at processComponent (E:\\Github\\Qingyu\\Qingyu_fronted\\node_modules\\@vue\\runtime-core\\dist\\runtime-core.cjs.js:5191:9)"],"meta":{}},{"ancestorTitles":["Rate","禁用状态"],"fullName":"Rate 禁用状态 禁用状态有正确的样式","status":"failed","title":"禁用状态有正确的样式","duration":4.082800000000134,"failureMessages":["ReferenceError: React is not defined\n    at Object.outline (E:\\Github\\Qingyu\\Qingyu_fronted\\src\\design-system\\form\\Rate\\Rate.vue:30:44)\n    at E:\\Github\\Qingyu\\Qingyu_fronted\\src\\design-system\\form\\Rate\\Rate.vue:227:89\n    at Module.renderList (E:\\Github\\Qingyu\\Qingyu_fronted\\node_modules\\@vue\\runtime-core\\dist\\runtime-core.cjs.js:2962:16)\n    at Proxy._sfc_render (E:\\Github\\Qingyu\\Qingyu_fronted\\src\\design-system\\form\\Rate\\Rate.vue:230:11)\n    at renderComponentRoot (E:\\Github\\Qingyu\\Qingyu_fronted\\node_modules\\@vue\\runtime-core\\dist\\runtime-core.cjs.js:6530:16)\n    at ReactiveEffect.componentUpdateFn [as fn] (E:\\Github\\Qingyu\\Qingyu_fronted\\node_modules\\@vue\\runtime-core\\dist\\runtime-core.cjs.js:5330:46)\n    at ReactiveEffect.run (E:\\Github\\Qingyu\\Qingyu_fronted\\node_modules\\@vue\\reactivity\\dist\\reactivity.cjs.js:241:19)\n    at setupRenderEffect (E:\\Github\\Qingyu\\Qingyu_fronted\\node_modules\\@vue\\runtime-core\\dist\\runtime-core.cjs.js:5465:5)\n    at mountComponent (E:\\Github\\Qingyu\\Qingyu_fronted\\node_modules\\@vue\\runtime-core\\dist\\runtime-core.cjs.js:5239:7)\n    at processComponent (E:\\Github\\Qingyu\\Qingyu_fronted\\node_modules\\@vue\\runtime-core\\dist\\runtime-core.cjs.js:5191:9)"],"meta":{}},{"ancestorTitles":["Rate","只读模式"],"fullName":"Rate 只读模式 只读模式下不响应点击","status":"failed","title":"只读模式下不响应点击","duration":6.039299999999457,"failureMessages":["ReferenceError: React is not defined\n    at Object.filled (E:\\Github\\Qingyu\\Qingyu_fronted\\src\\design-system\\form\\Rate\\Rate.vue:230:11)\n    at E:\\Github\\Qingyu\\Qingyu_fronted\\src\\design-system\\form\\Rate\\Rate.vue:227:89\n    at Module.renderList (E:\\Github\\Qingyu\\Qingyu_fronted\\node_modules\\@vue\\runtime-core\\dist\\runtime-core.cjs.js:2962:16)\n    at Proxy._sfc_render (E:\\Github\\Qingyu\\Qingyu_fronted\\src\\design-system\\form\\Rate\\Rate.vue:230:11)\n    at renderComponentRoot (E:\\Github\\Qingyu\\Qingyu_fronted\\node_modules\\@vue\\runtime-core\\dist\\runtime-core.cjs.js:6530:16)\n    at ReactiveEffect.componentUpdateFn [as fn] (E:\\Github\\Qingyu\\Qingyu_fronted\\node_modules\\@vue\\runtime-core\\dist\\runtime-core.cjs.js:5330:46)\n    at ReactiveEffect.run (E:\\Github\\Qingyu\\Qingyu_fronted\\node_modules\\@vue\\reactivity\\dist\\reactivity.cjs.js:241:19)\n    at setupRenderEffect (E:\\Github\\Qingyu\\Qingyu_fronted\\node_modules\\@vue\\runtime-core\\dist\\runtime-core.cjs.js:5465:5)\n    at mountComponent (E:\\Github\\Qingyu\\Qingyu_fronted\\node_modules\\@vue\\runtime-core\\dist\\runtime-core.cjs.js:5239:7)\n    at processComponent (E:\\Github\\Qingyu\\Qingyu_fronted\\node_modules\\@vue\\runtime-core\\dist\\runtime-core.cjs.js:5191:9)"],"meta":{}},{"ancestorTitles":["Rate","只读模式"],"fullName":"Rate 只读模式 只读模式显示正确的分数","status":"failed","title":"只读模式显示正确的分数","duration":4.672899999999572,"failureMessages":["ReferenceError: React is not defined\n    at Object.filled (E:\\Github\\Qingyu\\Qingyu_fronted\\src\\design-system\\form\\Rate\\Rate.vue:230:11)\n    at E:\\Github\\Qingyu\\Qingyu_fronted\\src\\design-system\\form\\Rate\\Rate.vue:227:89\n    at Module.renderList (E:\\Github\\Qingyu\\Qingyu_fronted\\node_modules\\@vue\\runtime-core\\dist\\runtime-core.cjs.js:2962:16)\n    at Proxy._sfc_render (E:\\Github\\Qingyu\\Qingyu_fronted\\src\\design-system\\form\\Rate\\Rate.vue:230:11)\n    at renderComponentRoot (E:\\Github\\Qingyu\\Qingyu_fronted\\node_modules\\@vue\\runtime-core\\dist\\runtime-core.cjs.js:6530:16)\n    at ReactiveEffect.componentUpdateFn [as fn] (E:\\Github\\Qingyu\\Qingyu_fronted\\node_modules\\@vue\\runtime-core\\dist\\runtime-core.cjs.js:5330:46)\n    at ReactiveEffect.run (E:\\Github\\Qingyu\\Qingyu_fronted\\node_modules\\@vue\\reactivity\\dist\\reactivity.cjs.js:241:19)\n    at setupRenderEffect (E:\\Github\\Qingyu\\Qingyu_fronted\\node_modules\\@vue\\runtime-core\\dist\\runtime-core.cjs.js:5465:5)\n    at mountComponent (E:\\Github\\Qingyu\\Qingyu_fronted\\node_modules\\@vue\\runtime-core\\dist\\runtime-core.cjs.js:5239:7)\n    at processComponent (E:\\Github\\Qingyu\\Qingyu_fronted\\node_modules\\@vue\\runtime-core\\dist\\runtime-core.cjs.js:5191:9)"],"meta":{}},{"ancestorTitles":["Rate","显示分数"],"fullName":"Rate 显示分数 showScore 为 true 时显示分数","status":"failed","title":"showScore 为 true 时显示分数","duration":4.412500000000364,"failureMessages":["ReferenceError: React is not defined\n    at Object.filled (E:\\Github\\Qingyu\\Qingyu_fronted\\src\\design-system\\form\\Rate\\Rate.vue:230:11)\n    at E:\\Github\\Qingyu\\Qingyu_fronted\\src\\design-system\\form\\Rate\\Rate.vue:227:89\n    at Module.renderList (E:\\Github\\Qingyu\\Qingyu_fronted\\node_modules\\@vue\\runtime-core\\dist\\runtime-core.cjs.js:2962:16)\n    at Proxy._sfc_render (E:\\Github\\Qingyu\\Qingyu_fronted\\src\\design-system\\form\\Rate\\Rate.vue:230:11)\n    at renderComponentRoot (E:\\Github\\Qingyu\\Qingyu_fronted\\node_modules\\@vue\\runtime-core\\dist\\runtime-core.cjs.js:6530:16)\n    at ReactiveEffect.componentUpdateFn [as fn] (E:\\Github\\Qingyu\\Qingyu_fronted\\node_modules\\@vue\\runtime-core\\dist\\runtime-core.cjs.js:5330:46)\n    at ReactiveEffect.run (E:\\Github\\Qingyu\\Qingyu_fronted\\node_modules\\@vue\\reactivity\\dist\\reactivity.cjs.js:241:19)\n    at setupRenderEffect (E:\\Github\\Qingyu\\Qingyu_fronted\\node_modules\\@vue\\runtime-core\\dist\\runtime-core.cjs.js:5465:5)\n    at mountComponent (E:\\Github\\Qingyu\\Qingyu_fronted\\node_modules\\@vue\\runtime-core\\dist\\runtime-core.cjs.js:5239:7)\n    at processComponent (E:\\Github\\Qingyu\\Qingyu_fronted\\node_modules\\@vue\\runtime-core\\dist\\runtime-core.cjs.js:5191:9)"],"meta":{}},{"ancestorTitles":["Rate","显示分数"],"fullName":"Rate 显示分数 showScore 为 false 时不显示分数","status":"failed","title":"showScore 为 false 时不显示分数","duration":4.199100000000726,"failureMessages":["ReferenceError: React is not defined\n    at Object.filled (E:\\Github\\Qingyu\\Qingyu_fronted\\src\\design-system\\form\\Rate\\Rate.vue:230:11)\n    at E:\\Github\\Qingyu\\Qingyu_fronted\\src\\design-system\\form\\Rate\\Rate.vue:227:89\n    at Module.renderList (E:\\Github\\Qingyu\\Qingyu_fronted\\node_modules\\@vue\\runtime-core\\dist\\runtime-core.cjs.js:2962:16)\n    at Proxy._sfc_render (E:\\Github\\Qingyu\\Qingyu_fronted\\src\\design-system\\form\\Rate\\Rate.vue:230:11)\n    at renderComponentRoot (E:\\Github\\Qingyu\\Qingyu_fronted\\node_modules\\@vue\\runtime-core\\dist\\runtime-core.cjs.js:6530:16)\n    at ReactiveEffect.componentUpdateFn [as fn] (E:\\Github\\Qingyu\\Qingyu_fronted\\node_modules\\@vue\\runtime-core\\dist\\runtime-core.cjs.js:5330:46)\n    at ReactiveEffect.run (E:\\Github\\Qingyu\\Qingyu_fronted\\node_modules\\@vue\\reactivity\\dist\\reactivity.cjs.js:241:19)\n    at setupRenderEffect (E:\\Github\\Qingyu\\Qingyu_fronted\\node_modules\\@vue\\runtime-core\\dist\\runtime-core.cjs.js:5465:5)\n    at mountComponent (E:\\Github\\Qingyu\\Qingyu_fronted\\node_modules\\@vue\\runtime-core\\dist\\runtime-core.cjs.js:5239:7)\n    at processComponent (E:\\Github\\Qingyu\\Qingyu_fronted\\node_modules\\@vue\\runtime-core\\dist\\runtime-core.cjs.js:5191:9)"],"meta":{}},{"ancestorTitles":["Rate","自定义文字"],"fullName":"Rate 自定义文字 texts 属性正确显示对应文字","status":"failed","title":"texts 属性正确显示对应文字","duration":5.712300000000141,"failureMessages":["ReferenceError: React is not defined\n    at Object.filled (E:\\Github\\Qingyu\\Qingyu_fronted\\src\\design-system\\form\\Rate\\Rate.vue:230:11)\n    at E:\\Github\\Qingyu\\Qingyu_fronted\\src\\design-system\\form\\Rate\\Rate.vue:227:89\n    at Module.renderList (E:\\Github\\Qingyu\\Qingyu_fronted\\node_modules\\@vue\\runtime-core\\dist\\runtime-core.cjs.js:2962:16)\n    at Proxy._sfc_render (E:\\Github\\Qingyu\\Qingyu_fronted\\src\\design-system\\form\\Rate\\Rate.vue:230:11)\n    at renderComponentRoot (E:\\Github\\Qingyu\\Qingyu_fronted\\node_modules\\@vue\\runtime-core\\dist\\runtime-core.cjs.js:6530:16)\n    at ReactiveEffect.componentUpdateFn [as fn] (E:\\Github\\Qingyu\\Qingyu_fronted\\node_modules\\@vue\\runtime-core\\dist\\runtime-core.cjs.js:5330:46)\n    at ReactiveEffect.run (E:\\Github\\Qingyu\\Qingyu_fronted\\node_modules\\@vue\\reactivity\\dist\\reactivity.cjs.js:241:19)\n    at setupRenderEffect (E:\\Github\\Qingyu\\Qingyu_fronted\\node_modules\\@vue\\runtime-core\\dist\\runtime-core.cjs.js:5465:5)\n    at mountComponent (E:\\Github\\Qingyu\\Qingyu_fronted\\node_modules\\@vue\\runtime-core\\dist\\runtime-core.cjs.js:5239:7)\n    at processComponent (E:\\Github\\Qingyu\\Qingyu_fronted\\node_modules\\@vue\\runtime-core\\dist\\runtime-core.cjs.js:5191:9)"],"meta":{}},{"ancestorTitles":["Rate","自定义文字"],"fullName":"Rate 自定义文字 更新分数时更新文字","status":"failed","title":"更新分数时更新文字","duration":3.340499999999338,"failureMessages":["ReferenceError: React is not defined\n    at Object.filled (E:\\Github\\Qingyu\\Qingyu_fronted\\src\\design-system\\form\\Rate\\Rate.vue:230:11)\n    at E:\\Github\\Qingyu\\Qingyu_fronted\\src\\design-system\\form\\Rate\\Rate.vue:227:89\n    at Module.renderList (E:\\Github\\Qingyu\\Qingyu_fronted\\node_modules\\@vue\\runtime-core\\dist\\runtime-core.cjs.js:2962:16)\n    at Proxy._sfc_render (E:\\Github\\Qingyu\\Qingyu_fronted\\src\\design-system\\form\\Rate\\Rate.vue:230:11)\n    at renderComponentRoot (E:\\Github\\Qingyu\\Qingyu_fronted\\node_modules\\@vue\\runtime-core\\dist\\runtime-core.cjs.js:6530:16)\n    at ReactiveEffect.componentUpdateFn [as fn] (E:\\Github\\Qingyu\\Qingyu_fronted\\node_modules\\@vue\\runtime-core\\dist\\runtime-core.cjs.js:5330:46)\n    at ReactiveEffect.run (E:\\Github\\Qingyu\\Qingyu_fronted\\node_modules\\@vue\\reactivity\\dist\\reactivity.cjs.js:241:19)\n    at setupRenderEffect (E:\\Github\\Qingyu\\Qingyu_fronted\\node_modules\\@vue\\runtime-core\\dist\\runtime-core.cjs.js:5465:5)\n    at mountComponent (E:\\Github\\Qingyu\\Qingyu_fronted\\node_modules\\@vue\\runtime-core\\dist\\runtime-core.cjs.js:5239:7)\n    at processComponent (E:\\Github\\Qingyu\\Qingyu_fronted\\node_modules\\@vue\\runtime-core\\dist\\runtime-core.cjs.js:5191:9)"],"meta":{}},{"ancestorTitles":["Rate","自定义颜色"],"fullName":"Rate 自定义颜色 color 属性正确应用颜色类","status":"failed","title":"color 属性正确应用颜色类","duration":3.467899999999645,"failureMessages":["ReferenceError: React is not defined\n    at Object.filled (E:\\Github\\Qingyu\\Qingyu_fronted\\src\\design-system\\form\\Rate\\Rate.vue:230:11)\n    at E:\\Github\\Qingyu\\Qingyu_fronted\\src\\design-system\\form\\Rate\\Rate.vue:227:89\n    at Module.renderList (E:\\Github\\Qingyu\\Qingyu_fronted\\node_modules\\@vue\\runtime-core\\dist\\runtime-core.cjs.js:2962:16)\n    at Proxy._sfc_render (E:\\Github\\Qingyu\\Qingyu_fronted\\src\\design-system\\form\\Rate\\Rate.vue:230:11)\n    at renderComponentRoot (E:\\Github\\Qingyu\\Qingyu_fronted\\node_modules\\@vue\\runtime-core\\dist\\runtime-core.cjs.js:6530:16)\n    at ReactiveEffect.componentUpdateFn [as fn] (E:\\Github\\Qingyu\\Qingyu_fronted\\node_modules\\@vue\\runtime-core\\dist\\runtime-core.cjs.js:5330:46)\n    at ReactiveEffect.run (E:\\Github\\Qingyu\\Qingyu_fronted\\node_modules\\@vue\\reactivity\\dist\\reactivity.cjs.js:241:19)\n    at setupRenderEffect (E:\\Github\\Qingyu\\Qingyu_fronted\\node_modules\\@vue\\runtime-core\\dist\\runtime-core.cjs.js:5465:5)\n    at mountComponent (E:\\Github\\Qingyu\\Qingyu_fronted\\node_modules\\@vue\\runtime-core\\dist\\runtime-core.cjs.js:5239:7)\n    at processComponent (E:\\Github\\Qingyu\\Qingyu_fronted\\node_modules\\@vue\\runtime-core\\dist\\runtime-core.cjs.js:5191:9)"],"meta":{}},{"ancestorTitles":["Rate","自定义颜色"],"fullName":"Rate 自定义颜色 voidColor 属性正确应用未选中颜色类","status":"failed","title":"voidColor 属性正确应用未选中颜色类","duration":5.155399999999645,"failureMessages":["ReferenceError: React is not defined\n    at Object.outline (E:\\Github\\Qingyu\\Qingyu_fronted\\src\\design-system\\form\\Rate\\Rate.vue:30:44)\n    at E:\\Github\\Qingyu\\Qingyu_fronted\\src\\design-system\\form\\Rate\\Rate.vue:227:89\n    at Module.renderList (E:\\Github\\Qingyu\\Qingyu_fronted\\node_modules\\@vue\\runtime-core\\dist\\runtime-core.cjs.js:2962:16)\n    at Proxy._sfc_render (E:\\Github\\Qingyu\\Qingyu_fronted\\src\\design-system\\form\\Rate\\Rate.vue:230:11)\n    at renderComponentRoot (E:\\Github\\Qingyu\\Qingyu_fronted\\node_modules\\@vue\\runtime-core\\dist\\runtime-core.cjs.js:6530:16)\n    at ReactiveEffect.componentUpdateFn [as fn] (E:\\Github\\Qingyu\\Qingyu_fronted\\node_modules\\@vue\\runtime-core\\dist\\runtime-core.cjs.js:5330:46)\n    at ReactiveEffect.run (E:\\Github\\Qingyu\\Qingyu_fronted\\node_modules\\@vue\\reactivity\\dist\\reactivity.cjs.js:241:19)\n    at setupRenderEffect (E:\\Github\\Qingyu\\Qingyu_fronted\\node_modules\\@vue\\runtime-core\\dist\\runtime-core.cjs.js:5465:5)\n    at mountComponent (E:\\Github\\Qingyu\\Qingyu_fronted\\node_modules\\@vue\\runtime-core\\dist\\runtime-core.cjs.js:5239:7)\n    at processComponent (E:\\Github\\Qingyu\\Qingyu_fronted\\node_modules\\@vue\\runtime-core\\dist\\runtime-core.cjs.js:5191:9)"],"meta":{}},{"ancestorTitles":["Rate","鼠标交互"],"fullName":"Rate 鼠标交互 鼠标移动时显示悬浮分数","status":"failed","title":"鼠标移动时显示悬浮分数","duration":5.473199999999451,"failureMessages":["ReferenceError: React is not defined\n    at Object.outline (E:\\Github\\Qingyu\\Qingyu_fronted\\src\\design-system\\form\\Rate\\Rate.vue:30:44)\n    at E:\\Github\\Qingyu\\Qingyu_fronted\\src\\design-system\\form\\Rate\\Rate.vue:227:89\n    at Module.renderList (E:\\Github\\Qingyu\\Qingyu_fronted\\node_modules\\@vue\\runtime-core\\dist\\runtime-core.cjs.js:2962:16)\n    at Proxy._sfc_render (E:\\Github\\Qingyu\\Qingyu_fronted\\src\\design-system\\form\\Rate\\Rate.vue:230:11)\n    at renderComponentRoot (E:\\Github\\Qingyu\\Qingyu_fronted\\node_modules\\@vue\\runtime-core\\dist\\runtime-core.cjs.js:6530:16)\n    at ReactiveEffect.componentUpdateFn [as fn] (E:\\Github\\Qingyu\\Qingyu_fronted\\node_modules\\@vue\\runtime-core\\dist\\runtime-core.cjs.js:5330:46)\n    at ReactiveEffect.run (E:\\Github\\Qingyu\\Qingyu_fronted\\node_modules\\@vue\\reactivity\\dist\\reactivity.cjs.js:241:19)\n    at setupRenderEffect (E:\\Github\\Qingyu\\Qingyu_fronted\\node_modules\\@vue\\runtime-core\\dist\\runtime-core.cjs.js:5465:5)\n    at mountComponent (E:\\Github\\Qingyu\\Qingyu_fronted\\node_modules\\@vue\\runtime-core\\dist\\runtime-core.cjs.js:5239:7)\n    at processComponent (E:\\Github\\Qingyu\\Qingyu_fronted\\node_modules\\@vue\\runtime-core\\dist\\runtime-core.cjs.js:5191:9)"],"meta":{}},{"ancestorTitles":["Rate","鼠标交互"],"fullName":"Rate 鼠标交互 鼠标离开时恢复原分数","status":"failed","title":"鼠标离开时恢复原分数","duration":3.660899999999856,"failureMessages":["ReferenceError: React is not defined\n    at Object.filled (E:\\Github\\Qingyu\\Qingyu_fronted\\src\\design-system\\form\\Rate\\Rate.vue:230:11)\n    at E:\\Github\\Qingyu\\Qingyu_fronted\\src\\design-system\\form\\Rate\\Rate.vue:227:89\n    at Module.renderList (E:\\Github\\Qingyu\\Qingyu_fronted\\node_modules\\@vue\\runtime-core\\dist\\runtime-core.cjs.js:2962:16)\n    at Proxy._sfc_render (E:\\Github\\Qingyu\\Qingyu_fronted\\src\\design-system\\form\\Rate\\Rate.vue:230:11)\n    at renderComponentRoot (E:\\Github\\Qingyu\\Qingyu_fronted\\node_modules\\@vue\\runtime-core\\dist\\runtime-core.cjs.js:6530:16)\n    at ReactiveEffect.componentUpdateFn [as fn] (E:\\Github\\Qingyu\\Qingyu_fronted\\node_modules\\@vue\\runtime-core\\dist\\runtime-core.cjs.js:5330:46)\n    at ReactiveEffect.run (E:\\Github\\Qingyu\\Qingyu_fronted\\node_modules\\@vue\\reactivity\\dist\\reactivity.cjs.js:241:19)\n    at setupRenderEffect (E:\\Github\\Qingyu\\Qingyu_fronted\\node_modules\\@vue\\runtime-core\\dist\\runtime-core.cjs.js:5465:5)\n    at mountComponent (E:\\Github\\Qingyu\\Qingyu_fronted\\node_modules\\@vue\\runtime-core\\dist\\runtime-core.cjs.js:5239:7)\n    at processComponent (E:\\Github\\Qingyu\\Qingyu_fronted\\node_modules\\@vue\\runtime-core\\dist\\runtime-core.cjs.js:5191:9)"],"meta":{}},{"ancestorTitles":["Rate","插槽"],"fullName":"Rate 插槽 default 插槽可以自定义图标","status":"passed","title":"default 插槽可以自定义图标","duration":117.42740000000049,"failureMessages":[],"meta":{}},{"ancestorTitles":["Rate","边界情况"],"fullName":"Rate 边界情况 最大分数为1时正常工作","status":"failed","title":"最大分数为1时正常工作","duration":6.0900000000001455,"failureMessages":["ReferenceError: React is not defined\n    at Object.outline (E:\\Github\\Qingyu\\Qingyu_fronted\\src\\design-system\\form\\Rate\\Rate.vue:30:44)\n    at E:\\Github\\Qingyu\\Qingyu_fronted\\src\\design-system\\form\\Rate\\Rate.vue:227:89\n    at Module.renderList (E:\\Github\\Qingyu\\Qingyu_fronted\\node_modules\\@vue\\runtime-core\\dist\\runtime-core.cjs.js:2962:16)\n    at Proxy._sfc_render (E:\\Github\\Qingyu\\Qingyu_fronted\\src\\design-system\\form\\Rate\\Rate.vue:230:11)\n    at renderComponentRoot (E:\\Github\\Qingyu\\Qingyu_fronted\\node_modules\\@vue\\runtime-core\\dist\\runtime-core.cjs.js:6530:16)\n    at ReactiveEffect.componentUpdateFn [as fn] (E:\\Github\\Qingyu\\Qingyu_fronted\\node_modules\\@vue\\runtime-core\\dist\\runtime-core.cjs.js:5330:46)\n    at ReactiveEffect.run (E:\\Github\\Qingyu\\Qingyu_fronted\\node_modules\\@vue\\reactivity\\dist\\reactivity.cjs.js:241:19)\n    at setupRenderEffect (E:\\Github\\Qingyu\\Qingyu_fronted\\node_modules\\@vue\\runtime-core\\dist\\runtime-core.cjs.js:5465:5)\n    at mountComponent (E:\\Github\\Qingyu\\Qingyu_fronted\\node_modules\\@vue\\runtime-core\\dist\\runtime-core.cjs.js:5239:7)\n    at processComponent (E:\\Github\\Qingyu\\Qingyu_fronted\\node_modules\\@vue\\runtime-core\\dist\\runtime-core.cjs.js:5191:9)"],"meta":{}},{"ancestorTitles":["Rate","边界情况"],"fullName":"Rate 边界情况 最大分数为10时正常工作","status":"failed","title":"最大分数为10时正常工作","duration":5.857899999999972,"failureMessages":["ReferenceError: React is not defined\n    at Object.filled (E:\\Github\\Qingyu\\Qingyu_fronted\\src\\design-system\\form\\Rate\\Rate.vue:230:11)\n    at E:\\Github\\Qingyu\\Qingyu_fronted\\src\\design-system\\form\\Rate\\Rate.vue:227:89\n    at Module.renderList (E:\\Github\\Qingyu\\Qingyu_fronted\\node_modules\\@vue\\runtime-core\\dist\\runtime-core.cjs.js:2962:16)\n    at Proxy._sfc_render (E:\\Github\\Qingyu\\Qingyu_fronted\\src\\design-system\\form\\Rate\\Rate.vue:230:11)\n    at renderComponentRoot (E:\\Github\\Qingyu\\Qingyu_fronted\\node_modules\\@vue\\runtime-core\\dist\\runtime-core.cjs.js:6530:16)\n    at ReactiveEffect.componentUpdateFn [as fn] (E:\\Github\\Qingyu\\Qingyu_fronted\\node_modules\\@vue\\runtime-core\\dist\\runtime-core.cjs.js:5330:46)\n    at ReactiveEffect.run (E:\\Github\\Qingyu\\Qingyu_fronted\\node_modules\\@vue\\reactivity\\dist\\reactivity.cjs.js:241:19)\n    at setupRenderEffect (E:\\Github\\Qingyu\\Qingyu_fronted\\node_modules\\@vue\\runtime-core\\dist\\runtime-core.cjs.js:5465:5)\n    at mountComponent (E:\\Github\\Qingyu\\Qingyu_fronted\\node_modules\\@vue\\runtime-core\\dist\\runtime-core.cjs.js:5239:7)\n    at processComponent (E:\\Github\\Qingyu\\Qingyu_fronted\\node_modules\\@vue\\runtime-core\\dist\\runtime-core.cjs.js:5191:9)"],"meta":{}},{"ancestorTitles":["Rate","边界情况"],"fullName":"Rate 边界情况 分数为0时正常显示","status":"failed","title":"分数为0时正常显示","duration":5.876100000000406,"failureMessages":["ReferenceError: React is not defined\n    at Object.outline (E:\\Github\\Qingyu\\Qingyu_fronted\\src\\design-system\\form\\Rate\\Rate.vue:30:44)\n    at E:\\Github\\Qingyu\\Qingyu_fronted\\src\\design-system\\form\\Rate\\Rate.vue:227:89\n    at Module.renderList (E:\\Github\\Qingyu\\Qingyu_fronted\\node_modules\\@vue\\runtime-core\\dist\\runtime-core.cjs.js:2962:16)\n    at Proxy._sfc_render (E:\\Github\\Qingyu\\Qingyu_fronted\\src\\design-system\\form\\Rate\\Rate.vue:230:11)\n    at renderComponentRoot (E:\\Github\\Qingyu\\Qingyu_fronted\\node_modules\\@vue\\runtime-core\\dist\\runtime-core.cjs.js:6530:16)\n    at ReactiveEffect.componentUpdateFn [as fn] (E:\\Github\\Qingyu\\Qingyu_fronted\\node_modules\\@vue\\runtime-core\\dist\\runtime-core.cjs.js:5330:46)\n    at ReactiveEffect.run (E:\\Github\\Qingyu\\Qingyu_fronted\\node_modules\\@vue\\reactivity\\dist\\reactivity.cjs.js:241:19)\n    at setupRenderEffect (E:\\Github\\Qingyu\\Qingyu_fronted\\node_modules\\@vue\\runtime-core\\dist\\runtime-core.cjs.js:5465:5)\n    at mountComponent (E:\\Github\\Qingyu\\Qingyu_fronted\\node_modules\\@vue\\runtime-core\\dist\\runtime-core.cjs.js:5239:7)\n    at processComponent (E:\\Github\\Qingyu\\Qingyu_fronted\\node_modules\\@vue\\runtime-core\\dist\\runtime-core.cjs.js:5191:9)"],"meta":{}},{"ancestorTitles":["Rate","边界情况"],"fullName":"Rate 边界情况 分数等于最大值时正常显示","status":"failed","title":"分数等于最大值时正常显示","duration":6.067399999999907,"failureMessages":["ReferenceError: React is not defined\n    at Object.filled (E:\\Github\\Qingyu\\Qingyu_fronted\\src\\design-system\\form\\Rate\\Rate.vue:230:11)\n    at E:\\Github\\Qingyu\\Qingyu_fronted\\src\\design-system\\form\\Rate\\Rate.vue:227:89\n    at Module.renderList (E:\\Github\\Qingyu\\Qingyu_fronted\\node_modules\\@vue\\runtime-core\\dist\\runtime-core.cjs.js:2962:16)\n    at Proxy._sfc_render (E:\\Github\\Qingyu\\Qingyu_fronted\\src\\design-system\\form\\Rate\\Rate.vue:230:11)\n    at renderComponentRoot (E:\\Github\\Qingyu\\Qingyu_fronted\\node_modules\\@vue\\runtime-core\\dist\\runtime-core.cjs.js:6530:16)\n    at ReactiveEffect.componentUpdateFn [as fn] (E:\\Github\\Qingyu\\Qingyu_fronted\\node_modules\\@vue\\runtime-core\\dist\\runtime-core.cjs.js:5330:46)\n    at ReactiveEffect.run (E:\\Github\\Qingyu\\Qingyu_fronted\\node_modules\\@vue\\reactivity\\dist\\reactivity.cjs.js:241:19)\n    at setupRenderEffect (E:\\Github\\Qingyu\\Qingyu_fronted\\node_modules\\@vue\\runtime-core\\dist\\runtime-core.cjs.js:5465:5)\n    at mountComponent (E:\\Github\\Qingyu\\Qingyu_fronted\\node_modules\\@vue\\runtime-core\\dist\\runtime-core.cjs.js:5239:7)\n    at processComponent (E:\\Github\\Qingyu\\Qingyu_fronted\\node_modules\\@vue\\runtime-core\\dist\\runtime-core.cjs.js:5191:9)"],"meta":{}},{"ancestorTitles":["Rate","可访问性"],"fullName":"Rate 可访问性 禁用状态有正确的 ARIA 属性","status":"failed","title":"禁用状态有正确的 ARIA 属性","duration":3.230999999999767,"failureMessages":["ReferenceError: React is not defined\n    at Object.outline (E:\\Github\\Qingyu\\Qingyu_fronted\\src\\design-system\\form\\Rate\\Rate.vue:30:44)\n    at E:\\Github\\Qingyu\\Qingyu_fronted\\src\\design-system\\form\\Rate\\Rate.vue:227:89\n    at Module.renderList (E:\\Github\\Qingyu\\Qingyu_fronted\\node_modules\\@vue\\runtime-core\\dist\\runtime-core.cjs.js:2962:16)\n    at Proxy._sfc_render (E:\\Github\\Qingyu\\Qingyu_fronted\\src\\design-system\\form\\Rate\\Rate.vue:230:11)\n    at renderComponentRoot (E:\\Github\\Qingyu\\Qingyu_fronted\\node_modules\\@vue\\runtime-core\\dist\\runtime-core.cjs.js:6530:16)\n    at ReactiveEffect.componentUpdateFn [as fn] (E:\\Github\\Qingyu\\Qingyu_fronted\\node_modules\\@vue\\runtime-core\\dist\\runtime-core.cjs.js:5330:46)\n    at ReactiveEffect.run (E:\\Github\\Qingyu\\Qingyu_fronted\\node_modules\\@vue\\reactivity\\dist\\reactivity.cjs.js:241:19)\n    at setupRenderEffect (E:\\Github\\Qingyu\\Qingyu_fronted\\node_modules\\@vue\\runtime-core\\dist\\runtime-core.cjs.js:5465:5)\n    at mountComponent (E:\\Github\\Qingyu\\Qingyu_fronted\\node_modules\\@vue\\runtime-core\\dist\\runtime-core.cjs.js:5239:7)\n    at processComponent (E:\\Github\\Qingyu\\Qingyu_fronted\\node_modules\\@vue\\runtime-core\\dist\\runtime-core.cjs.js:5191:9)"],"meta":{}},{"ancestorTitles":["Rate","可访问性"],"fullName":"Rate 可访问性 只读模式不响应键盘和鼠标","status":"failed","title":"只读模式不响应键盘和鼠标","duration":3.4348999999992884,"failureMessages":["ReferenceError: React is not defined\n    at Object.filled (E:\\Github\\Qingyu\\Qingyu_fronted\\src\\design-system\\form\\Rate\\Rate.vue:230:11)\n    at E:\\Github\\Qingyu\\Qingyu_fronted\\src\\design-system\\form\\Rate\\Rate.vue:227:89\n    at Module.renderList (E:\\Github\\Qingyu\\Qingyu_fronted\\node_modules\\@vue\\runtime-core\\dist\\runtime-core.cjs.js:2962:16)\n    at Proxy._sfc_render (E:\\Github\\Qingyu\\Qingyu_fronted\\src\\design-system\\form\\Rate\\Rate.vue:230:11)\n    at renderComponentRoot (E:\\Github\\Qingyu\\Qingyu_fronted\\node_modules\\@vue\\runtime-core\\dist\\runtime-core.cjs.js:6530:16)\n    at ReactiveEffect.componentUpdateFn [as fn] (E:\\Github\\Qingyu\\Qingyu_fronted\\node_modules\\@vue\\runtime-core\\dist\\runtime-core.cjs.js:5330:46)\n    at ReactiveEffect.run (E:\\Github\\Qingyu\\Qingyu_fronted\\node_modules\\@vue\\reactivity\\dist\\reactivity.cjs.js:241:19)\n    at setupRenderEffect (E:\\Github\\Qingyu\\Qingyu_fronted\\node_modules\\@vue\\runtime-core\\dist\\runtime-core.cjs.js:5465:5)\n    at mountComponent (E:\\Github\\Qingyu\\Qingyu_fronted\\node_modules\\@vue\\runtime-core\\dist\\runtime-core.cjs.js:5239:7)\n    at processComponent (E:\\Github\\Qingyu\\Qingyu_fronted\\node_modules\\@vue\\runtime-core\\dist\\runtime-core.cjs.js:5191:9)"],"meta":{}}],"startTime":1769254085271,"endTime":1769254085712.4348,"status":"failed","message":"","name":"E:/Github/Qingyu/Qingyu_fronted/tests/unit/design-system/form/Rate.test.ts"},{"assertionResults":[{"ancestorTitles":["Select","基础渲染"],"fullName":"Select 基础渲染 默认渲染为 md size","status":"passed","title":"默认渲染为 md size","duration":632.5826999999999,"failureMessages":[],"meta":{}},{"ancestorTitles":["Select","基础渲染"],"fullName":"Select 基础渲染 正确渲染 sm 尺寸","status":"passed","title":"正确渲染 sm 尺寸","duration":46.61750000000029,"failureMessages":[],"meta":{}},{"ancestorTitles":["Select","基础渲染"],"fullName":"Select 基础渲染 正确渲染 lg 尺寸","status":"passed","title":"正确渲染 lg 尺寸","duration":53.02680000000055,"failureMessages":[],"meta":{}},{"ancestorTitles":["Select","基础渲染"],"fullName":"Select 基础渲染 显示占位符","status":"passed","title":"显示占位符","duration":26.499399999999696,"failureMessages":[],"meta":{}},{"ancestorTitles":["Select","基础渲染"],"fullName":"Select 基础渲染 显示选中值","status":"passed","title":"显示选中值","duration":19.76679999999942,"failureMessages":[],"meta":{}},{"ancestorTitles":["Select","多选模式"],"fullName":"Select 多选模式 显示多个选中值","status":"passed","title":"显示多个选中值","duration":22.972099999999955,"failureMessages":[],"meta":{}},{"ancestorTitles":["Select","多选模式"],"fullName":"Select 多选模式 没有选中值时不显示标签","status":"passed","title":"没有选中值时不显示标签","duration":12.559799999999996,"failureMessages":[],"meta":{}},{"ancestorTitles":["Select","可清空"],"fullName":"Select 可清空 有值时显示清空按钮","status":"passed","title":"有值时显示清空按钮","duration":20.2488000000003,"failureMessages":[],"meta":{}},{"ancestorTitles":["Select","可清空"],"fullName":"Select 可清空 没有值时不显示清空按钮","status":"passed","title":"没有值时不显示清空按钮","duration":16.4382999999998,"failureMessages":[],"meta":{}},{"ancestorTitles":["Select","禁用状态"],"fullName":"Select 禁用状态 禁用整个组件","status":"passed","title":"禁用整个组件","duration":46.321900000000824,"failureMessages":[],"meta":{}},{"ancestorTitles":["Select","禁用状态"],"fullName":"Select 禁用状态 禁用时 tabindex 为 -1","status":"passed","title":"禁用时 tabindex 为 -1","duration":42.294299999999566,"failureMessages":[],"meta":{}},{"ancestorTitles":["Select","禁用状态"],"fullName":"Select 禁用状态 未禁用时 tabindex 为 0","status":"passed","title":"未禁用时 tabindex 为 0","duration":40.01549999999952,"failureMessages":[],"meta":{}},{"ancestorTitles":["Select","加载状态"],"fullName":"Select 加载状态 显示加载动画","status":"passed","title":"显示加载动画","duration":32.30330000000049,"failureMessages":[],"meta":{}},{"ancestorTitles":["Select","事件"],"fullName":"Select 事件 触发 visibleChange 事件","status":"passed","title":"触发 visibleChange 事件","duration":85.11470000000008,"failureMessages":[],"meta":{}},{"ancestorTitles":["Select","事件"],"fullName":"Select 事件 触发 focus 事件","status":"passed","title":"触发 focus 事件","duration":45.86869999999999,"failureMessages":[],"meta":{}},{"ancestorTitles":["Select","可访问性"],"fullName":"Select 可访问性 有正确的 role 属性","status":"passed","title":"有正确的 role 属性","duration":39.085400000000845,"failureMessages":[],"meta":{}},{"ancestorTitles":["Select","可访问性"],"fullName":"Select 可访问性 有正确的 aria 属性","status":"passed","title":"有正确的 aria 属性","duration":40.623899999999594,"failureMessages":[],"meta":{}},{"ancestorTitles":["Select","可访问性"],"fullName":"Select 可访问性 禁用时 aria-disabled 为 true","status":"passed","title":"禁用时 aria-disabled 为 true","duration":48.85710000000017,"failureMessages":[],"meta":{}},{"ancestorTitles":["Select","插槽"],"fullName":"Select 插槽 渲染前缀插槽","status":"passed","title":"渲染前缀插槽","duration":33.41019999999935,"failureMessages":[],"meta":{}},{"ancestorTitles":["Select","样式"],"fullName":"Select 样式 接受自定义 class","status":"passed","title":"接受自定义 class","duration":31.180199999999786,"failureMessages":[],"meta":{}},{"ancestorTitles":["Select","样式"],"fullName":"Select 样式 有 focus-visible 样式","status":"passed","title":"有 focus-visible 样式","duration":33.8158999999996,"failureMessages":[],"meta":{}},{"ancestorTitles":["Select","样式"],"fullName":"Select 样式 有 transition 动画","status":"passed","title":"有 transition 动画","duration":28.725600000000668,"failureMessages":[],"meta":{}}],"startTime":1769254087998,"endTime":1769254089403.7256,"status":"passed","message":"","name":"E:/Github/Qingyu/Qingyu_fronted/tests/unit/design-system/form/Select.test.ts"},{"assertionResults":[{"ancestorTitles":["Slider","基础渲染"],"fullName":"Slider 基础渲染 默认渲染为 md size 和 primary 颜色","status":"passed","title":"默认渲染为 md size 和 primary 颜色","duration":206.3610000000008,"failureMessages":[],"meta":{}},{"ancestorTitles":["Slider","基础渲染"],"fullName":"Slider 基础渲染 正确渲染所有尺寸","status":"passed","title":"正确渲染所有尺寸","duration":71.48390000000018,"failureMessages":[],"meta":{}},{"ancestorTitles":["Slider","基础渲染"],"fullName":"Slider 基础渲染 正确渲染所有颜色","status":"passed","title":"正确渲染所有颜色","duration":107.77279999999973,"failureMessages":[],"meta":{}},{"ancestorTitles":["Slider","基础渲染"],"fullName":"Slider 基础渲染 显示标签文本","status":"passed","title":"显示标签文本","duration":40.57409999999982,"failureMessages":[],"meta":{}},{"ancestorTitles":["Slider","v-model 双向绑定"],"fullName":"Slider v-model 双向绑定 响应 modelValue 的变化","status":"passed","title":"响应 modelValue 的变化","duration":47.83510000000024,"failureMessages":[],"meta":{}},{"ancestorTitles":["Slider","单滑块模式"],"fullName":"Slider 单滑块模式 默认为单滑块模式","status":"passed","title":"默认为单滑块模式","duration":28.17910000000029,"failureMessages":[],"meta":{}},{"ancestorTitles":["Slider","单滑块模式"],"fullName":"Slider 单滑块模式 正确显示当前值","status":"passed","title":"正确显示当前值","duration":10.467999999999847,"failureMessages":[],"meta":{}},{"ancestorTitles":["Slider","双滑块模式"],"fullName":"Slider 双滑块模式 range 模式显示两个滑块","status":"passed","title":"range 模式显示两个滑块","duration":14.552400000000489,"failureMessages":[],"meta":{}},{"ancestorTitles":["Slider","双滑块模式"],"fullName":"Slider 双滑块模式 范围模式正确显示值","status":"passed","title":"范围模式正确显示值","duration":17.84740000000056,"failureMessages":[],"meta":{}},{"ancestorTitles":["Slider","垂直模式"],"fullName":"Slider 垂直模式 vertical 模式有正确的样式","status":"passed","title":"vertical 模式有正确的样式","duration":27.424699999999575,"failureMessages":[],"meta":{}},{"ancestorTitles":["Slider","垂直模式"],"fullName":"Slider 垂直模式 垂直模式有正确的高度","status":"passed","title":"垂直模式有正确的高度","duration":19.49250000000029,"failureMessages":[],"meta":{}},{"ancestorTitles":["Slider","禁用状态"],"fullName":"Slider 禁用状态 禁用状态下不可拖动","status":"passed","title":"禁用状态下不可拖动","duration":17.85689999999977,"failureMessages":[],"meta":{}},{"ancestorTitles":["Slider","禁用状态"],"fullName":"Slider 禁用状态 禁用状态有正确的样式","status":"passed","title":"禁用状态有正确的样式","duration":13.973100000000159,"failureMessages":[],"meta":{}},{"ancestorTitles":["Slider","刻度标记"],"fullName":"Slider 刻度标记 显示刻度标记","status":"passed","title":"显示刻度标记","duration":22.474600000000464,"failureMessages":[],"meta":{}},{"ancestorTitles":["Slider","刻度标记"],"fullName":"Slider 刻度标记 显示刻度标签","status":"passed","title":"显示刻度标签","duration":21.79319999999916,"failureMessages":[],"meta":{}},{"ancestorTitles":["Slider","Tooltip 格式化"],"fullName":"Slider Tooltip 格式化 使用自定义格式化函数","status":"passed","title":"使用自定义格式化函数","duration":9.5020999999997,"failureMessages":[],"meta":{}},{"ancestorTitles":["Slider","步长控制"],"fullName":"Slider 步长控制 正确应用步长","status":"passed","title":"正确应用步长","duration":9.606200000000172,"failureMessages":[],"meta":{}},{"ancestorTitles":["Slider","步长控制"],"fullName":"Slider 步长控制 不同步长都能正常工作","status":"passed","title":"不同步长都能正常工作","duration":45.660799999999654,"failureMessages":[],"meta":{}},{"ancestorTitles":["Slider","范围限制"],"fullName":"Slider 范围限制 正确应用最小值","status":"passed","title":"正确应用最小值","duration":19.017100000000028,"failureMessages":[],"meta":{}},{"ancestorTitles":["Slider","范围限制"],"fullName":"Slider 范围限制 正确应用最大值","status":"passed","title":"正确应用最大值","duration":14.529999999999745,"failureMessages":[],"meta":{}},{"ancestorTitles":["Slider","Tooltip 显示"],"fullName":"Slider Tooltip 显示 showTooltip 为 true 时显示 tooltip","status":"passed","title":"showTooltip 为 true 时显示 tooltip","duration":13.95849999999973,"failureMessages":[],"meta":{}},{"ancestorTitles":["Slider","Tooltip 显示"],"fullName":"Slider Tooltip 显示 showTooltip 为 false 时不显示 tooltip","status":"passed","title":"showTooltip 为 false 时不显示 tooltip","duration":18.81330000000071,"failureMessages":[],"meta":{}},{"ancestorTitles":["Slider","事件触发"],"fullName":"Slider 事件触发 事件触发在组件中已实现","status":"passed","title":"事件触发在组件中已实现","duration":12.218499999999949,"failureMessages":[],"meta":{}},{"ancestorTitles":["Slider","样式"],"fullName":"Slider 样式 接受自定义 class","status":"passed","title":"接受自定义 class","duration":15.784599999999955,"failureMessages":[],"meta":{}},{"ancestorTitles":["Slider","样式"],"fullName":"Slider 样式 保持基础类名","status":"passed","title":"保持基础类名","duration":12.407000000000153,"failureMessages":[],"meta":{}},{"ancestorTitles":["Slider","样式"],"fullName":"Slider 样式 包含过渡动画类","status":"passed","title":"包含过渡动画类","duration":8.95679999999993,"failureMessages":[],"meta":{}},{"ancestorTitles":["Slider","可访问性"],"fullName":"Slider 可访问性 滑块有正确的 aria 属性","status":"passed","title":"滑块有正确的 aria 属性","duration":20.208300000000236,"failureMessages":[],"meta":{}},{"ancestorTitles":["Slider","可访问性"],"fullName":"Slider 可访问性 禁用状态有正确的 aria-disabled 属性","status":"passed","title":"禁用状态有正确的 aria-disabled 属性","duration":11.210700000000543,"failureMessages":[],"meta":{}},{"ancestorTitles":["Slider","可访问性"],"fullName":"Slider 可访问性 包含 focus-visible 样式","status":"passed","title":"包含 focus-visible 样式","duration":10.987599999999475,"failureMessages":[],"meta":{}},{"ancestorTitles":["Slider","边角情况"],"fullName":"Slider 边角情况 处理最小值","status":"passed","title":"处理最小值","duration":12.595100000000457,"failureMessages":[],"meta":{}},{"ancestorTitles":["Slider","边角情况"],"fullName":"Slider 边角情况 处理最大值","status":"passed","title":"处理最大值","duration":14.197400000000016,"failureMessages":[],"meta":{}},{"ancestorTitles":["Slider","边角情况"],"fullName":"Slider 边角情况 处理小数步长","status":"passed","title":"处理小数步长","duration":24.206199999999626,"failureMessages":[],"meta":{}},{"ancestorTitles":["Slider","边角情况"],"fullName":"Slider 边角情况 处理负值范围","status":"passed","title":"处理负值范围","duration":22.191600000000108,"failureMessages":[],"meta":{}},{"ancestorTitles":["Slider","边角情况"],"fullName":"Slider 边角情况 处理范围模式的边界值","status":"passed","title":"处理范围模式的边界值","duration":10.142400000000634,"failureMessages":[],"meta":{}},{"ancestorTitles":["Slider","颜色和尺寸组合"],"fullName":"Slider 颜色和尺寸组合 primary 颜色填充","status":"passed","title":"primary 颜色填充","duration":7.802499999999782,"failureMessages":[],"meta":{}},{"ancestorTitles":["Slider","颜色和尺寸组合"],"fullName":"Slider 颜色和尺寸组合 success 颜色填充","status":"passed","title":"success 颜色填充","duration":10.030700000000252,"failureMessages":[],"meta":{}},{"ancestorTitles":["Slider","颜色和尺寸组合"],"fullName":"Slider 颜色和尺寸组合 warning 颜色填充","status":"passed","title":"warning 颜色填充","duration":8.894999999999527,"failureMessages":[],"meta":{}},{"ancestorTitles":["Slider","颜色和尺寸组合"],"fullName":"Slider 颜色和尺寸组合 danger 颜色填充","status":"passed","title":"danger 颜色填充","duration":10.306499999999687,"failureMessages":[],"meta":{}}],"startTime":1769254079631,"endTime":1769254080658.3064,"status":"passed","message":"","name":"E:/Github/Qingyu/Qingyu_fronted/tests/unit/design-system/form/Slider.test.ts"},{"assertionResults":[{"ancestorTitles":["Switch","基础渲染"],"fullName":"Switch 基础渲染 默认渲染为 unchecked 状态和 md size","status":"passed","title":"默认渲染为 unchecked 状态和 md size","duration":151.34740000000056,"failureMessages":[],"meta":{}},{"ancestorTitles":["Switch","基础渲染"],"fullName":"Switch 基础渲染 正确渲染所有尺寸","status":"passed","title":"正确渲染所有尺寸","duration":49.128200000000106,"failureMessages":[],"meta":{}},{"ancestorTitles":["Switch","基础渲染"],"fullName":"Switch 基础渲染 正确渲染所有颜色","status":"passed","title":"正确渲染所有颜色","duration":99.46360000000004,"failureMessages":[],"meta":{}},{"ancestorTitles":["Switch","基础渲染"],"fullName":"Switch 基础渲染 未选中状态有正确的样式","status":"passed","title":"未选中状态有正确的样式","duration":30.58510000000024,"failureMessages":[],"meta":{}},{"ancestorTitles":["Switch","基础渲染"],"fullName":"Switch 基础渲染 选中状态有正确的样式","status":"passed","title":"选中状态有正确的样式","duration":13.543799999999464,"failureMessages":[],"meta":{}},{"ancestorTitles":["Switch","v-model 双向绑定"],"fullName":"Switch v-model 双向绑定 点击切换状态","status":"passed","title":"点击切换状态","duration":30.451000000000022,"failureMessages":[],"meta":{}},{"ancestorTitles":["Switch","v-model 双向绑定"],"fullName":"Switch v-model 双向绑定 从选中到未选中","status":"passed","title":"从选中到未选中","duration":18.824100000000726,"failureMessages":[],"meta":{}},{"ancestorTitles":["Switch","v-model 双向绑定"],"fullName":"Switch v-model 双向绑定 响应 modelValue 的变化","status":"passed","title":"响应 modelValue 的变化","duration":41.498499999999694,"failureMessages":[],"meta":{}},{"ancestorTitles":["Switch","禁用状态"],"fullName":"Switch 禁用状态 禁用状态下不可点击","status":"passed","title":"禁用状态下不可点击","duration":25.32300000000032,"failureMessages":[],"meta":{}},{"ancestorTitles":["Switch","禁用状态"],"fullName":"Switch 禁用状态 禁用状态有正确的样式","status":"passed","title":"禁用状态有正确的样式","duration":13.853100000000268,"failureMessages":[],"meta":{}},{"ancestorTitles":["Switch","加载状态"],"fullName":"Switch 加载状态 加载状态下不可点击","status":"passed","title":"加载状态下不可点击","duration":19.92070000000058,"failureMessages":[],"meta":{}},{"ancestorTitles":["Switch","加载状态"],"fullName":"Switch 加载状态 加载状态显示加载动画","status":"passed","title":"加载状态显示加载动画","duration":28.450800000000527,"failureMessages":[],"meta":{}},{"ancestorTitles":["Switch","标签和文本"],"fullName":"Switch 标签和文本 渲染标签文本","status":"passed","title":"渲染标签文本","duration":33.09699999999975,"failureMessages":[],"meta":{}},{"ancestorTitles":["Switch","标签和文本"],"fullName":"Switch 标签和文本 渲染 activeText 和 inactiveText","status":"passed","title":"渲染 activeText 和 inactiveText","duration":81.11370000000079,"failureMessages":[],"meta":{}},{"ancestorTitles":["Switch","标签和文本"],"fullName":"Switch 标签和文本 切换时文本会更新","status":"passed","title":"切换时文本会更新","duration":36.73199999999997,"failureMessages":[],"meta":{}},{"ancestorTitles":["Switch","beforeChange 回调"],"fullName":"Switch beforeChange 回调 同步回调返回 true 时允许切换","status":"passed","title":"同步回调返回 true 时允许切换","duration":23.235999999999876,"failureMessages":[],"meta":{}},{"ancestorTitles":["Switch","beforeChange 回调"],"fullName":"Switch beforeChange 回调 同步回调返回 false 时阻止切换","status":"passed","title":"同步回调返回 false 时阻止切换","duration":26.064400000000205,"failureMessages":[],"meta":{}},{"ancestorTitles":["Switch","beforeChange 回调"],"fullName":"Switch beforeChange 回调 异步回调解析为 true 时允许切换","status":"passed","title":"异步回调解析为 true 时允许切换","duration":36.26159999999982,"failureMessages":[],"meta":{}},{"ancestorTitles":["Switch","beforeChange 回调"],"fullName":"Switch beforeChange 回调 异步回调解析为 false 时阻止切换","status":"passed","title":"异步回调解析为 false 时阻止切换","duration":38.224199999999655,"failureMessages":[],"meta":{}},{"ancestorTitles":["Switch","beforeChange 回调"],"fullName":"Switch beforeChange 回调 异步回调被拒绝时阻止切换","status":"passed","title":"异步回调被拒绝时阻止切换","duration":39.29479999999967,"failureMessages":[],"meta":{}},{"ancestorTitles":["Switch","自定义值"],"fullName":"Switch 自定义值 使用自定义 activeValue 和 inactiveValue（反向）","status":"passed","title":"使用自定义 activeValue 和 inactiveValue（反向）","duration":23.32430000000022,"failureMessages":[],"meta":{}},{"ancestorTitles":["Switch","自定义值"],"fullName":"Switch 自定义值 点击两次恢复到初始值（反向值）","status":"passed","title":"点击两次恢复到初始值（反向值）","duration":46.71510000000035,"failureMessages":[],"meta":{}},{"ancestorTitles":["Switch","插槽"],"fullName":"Switch 插槽 渲染 label 插槽内容","status":"passed","title":"渲染 label 插槽内容","duration":63.18289999999979,"failureMessages":[],"meta":{}},{"ancestorTitles":["Switch","插槽"],"fullName":"Switch 插槽 渲染 active 插槽内容","status":"passed","title":"渲染 active 插槽内容","duration":25.484699999999975,"failureMessages":[],"meta":{}},{"ancestorTitles":["Switch","插槽"],"fullName":"Switch 插槽 渲染 inactive 插槽内容","status":"passed","title":"渲染 inactive 插槽内容","duration":22.137800000000425,"failureMessages":[],"meta":{}},{"ancestorTitles":["Switch","点击事件"],"fullName":"Switch 点击事件 触发 click 事件","status":"passed","title":"触发 click 事件","duration":10.677700000000186,"failureMessages":[],"meta":{}},{"ancestorTitles":["Switch","点击事件"],"fullName":"Switch 点击事件 click 事件包含 MouseEvent","status":"passed","title":"click 事件包含 MouseEvent","duration":41.92029999999977,"failureMessages":[],"meta":{}},{"ancestorTitles":["Switch","点击事件"],"fullName":"Switch 点击事件 禁用状态不触发 click 事件","status":"passed","title":"禁用状态不触发 click 事件","duration":24.75840000000062,"failureMessages":[],"meta":{}},{"ancestorTitles":["Switch","样式"],"fullName":"Switch 样式 接受自定义 class","status":"passed","title":"接受自定义 class","duration":23.06710000000021,"failureMessages":[],"meta":{}},{"ancestorTitles":["Switch","样式"],"fullName":"Switch 样式 保持基础类名","status":"passed","title":"保持基础类名","duration":39.22370000000046,"failureMessages":[],"meta":{}},{"ancestorTitles":["Switch","样式"],"fullName":"Switch 样式 包含过渡动画类","status":"passed","title":"包含过渡动画类","duration":23.15390000000116,"failureMessages":[],"meta":{}},{"ancestorTitles":["Switch","滑块"],"fullName":"Switch 滑块 未选中时滑块在左侧","status":"passed","title":"未选中时滑块在左侧","duration":20.119400000001406,"failureMessages":[],"meta":{}},{"ancestorTitles":["Switch","滑块"],"fullName":"Switch 滑块 选中时滑块向右移动","status":"passed","title":"选中时滑块向右移动","duration":8.365700000000288,"failureMessages":[],"meta":{}},{"ancestorTitles":["Switch","滑块"],"fullName":"Switch 滑块 不同尺寸有不同的滑块大小","status":"passed","title":"不同尺寸有不同的滑块大小","duration":21.489199999999983,"failureMessages":[],"meta":{}},{"ancestorTitles":["Switch","可访问性"],"fullName":"Switch 可访问性 有正确的 role 属性","status":"passed","title":"有正确的 role 属性","duration":9.96140000000014,"failureMessages":[],"meta":{}},{"ancestorTitles":["Switch","可访问性"],"fullName":"Switch 可访问性 有正确的 aria-checked 属性","status":"passed","title":"有正确的 aria-checked 属性","duration":24.407599999998638,"failureMessages":[],"meta":{}},{"ancestorTitles":["Switch","可访问性"],"fullName":"Switch 可访问性 有正确的 aria-disabled 属性","status":"passed","title":"有正确的 aria-disabled 属性","duration":29.30619999999908,"failureMessages":[],"meta":{}},{"ancestorTitles":["Switch","可访问性"],"fullName":"Switch 可访问性 有正确的 aria-label 属性","status":"passed","title":"有正确的 aria-label 属性","duration":17.278200000000652,"failureMessages":[],"meta":{}},{"ancestorTitles":["Switch","可访问性"],"fullName":"Switch 可访问性 包含 focus-visible 样式","status":"passed","title":"包含 focus-visible 样式","duration":18.4403999999995,"failureMessages":[],"meta":{}},{"ancestorTitles":["Switch","边角情况"],"fullName":"Switch 边角情况 处理没有 props 的情况","status":"passed","title":"处理没有 props 的情况","duration":14.142400000000634,"failureMessages":[],"meta":{}},{"ancestorTitles":["Switch","边角情况"],"fullName":"Switch 边角情况 处理同时有 beforeChange 和 loading","status":"passed","title":"处理同时有 beforeChange 和 loading","duration":15.086900000000242,"failureMessages":[],"meta":{}},{"ancestorTitles":["Switch","边角情况"],"fullName":"Switch 边角情况 处理同时有 disabled 和 loading","status":"passed","title":"处理同时有 disabled 和 loading","duration":52.38169999999991,"failureMessages":[],"meta":{}},{"ancestorTitles":["Switch","边角情况"],"fullName":"Switch 边角情况 处理最小尺寸 sm","status":"passed","title":"处理最小尺寸 sm","duration":18.304799999999886,"failureMessages":[],"meta":{}},{"ancestorTitles":["Switch","边角情况"],"fullName":"Switch 边角情况 处理最大尺寸 lg","status":"passed","title":"处理最大尺寸 lg","duration":16.74409999999989,"failureMessages":[],"meta":{}},{"ancestorTitles":["Switch","颜色和状态组合"],"fullName":"Switch 颜色和状态组合 primary 颜色选中状态","status":"passed","title":"primary 颜色选中状态","duration":8.479299999999057,"failureMessages":[],"meta":{}},{"ancestorTitles":["Switch","颜色和状态组合"],"fullName":"Switch 颜色和状态组合 success 颜色选中状态","status":"passed","title":"success 颜色选中状态","duration":7.855799999999363,"failureMessages":[],"meta":{}},{"ancestorTitles":["Switch","颜色和状态组合"],"fullName":"Switch 颜色和状态组合 warning 颜色选中状态","status":"passed","title":"warning 颜色选中状态","duration":8.319399999998495,"failureMessages":[],"meta":{}},{"ancestorTitles":["Switch","颜色和状态组合"],"fullName":"Switch 颜色和状态组合 danger 颜色选中状态","status":"passed","title":"danger 颜色选中状态","duration":7.524499999999534,"failureMessages":[],"meta":{}}],"startTime":1769254070611,"endTime":1769254072107.5244,"status":"passed","message":"","name":"E:/Github/Qingyu/Qingyu_fronted/tests/unit/design-system/form/Switch.test.ts"},{"assertionResults":[{"ancestorTitles":["Upload 组件","基础渲染"],"fullName":"Upload 组件 基础渲染 应该正确渲染上传组件","status":"passed","title":"应该正确渲染上传组件","duration":112.45020000000022,"failureMessages":[],"meta":{}},{"ancestorTitles":["Upload 组件","基础渲染"],"fullName":"Upload 组件 基础渲染 应该渲染拖拽上传区域","status":"passed","title":"应该渲染拖拽上传区域","duration":18.223799999999756,"failureMessages":[],"meta":{}},{"ancestorTitles":["Upload 组件","基础渲染"],"fullName":"Upload 组件 基础渲染 应该隐藏文件输入框","status":"passed","title":"应该隐藏文件输入框","duration":14.846599999999853,"failureMessages":[],"meta":{}},{"ancestorTitles":["Upload 组件","Props 测试"],"fullName":"Upload 组件 Props 测试 应该正确设置 accept 属性","status":"passed","title":"应该正确设置 accept 属性","duration":14.83009999999922,"failureMessages":[],"meta":{}},{"ancestorTitles":["Upload 组件","Props 测试"],"fullName":"Upload 组件 Props 测试 应该正确设置 multiple 属性","status":"passed","title":"应该正确设置 multiple 属性","duration":19.712500000000546,"failureMessages":[],"meta":{}},{"ancestorTitles":["Upload 组件","Props 测试"],"fullName":"Upload 组件 Props 测试 应该正确设置 disabled 属性","status":"passed","title":"应该正确设置 disabled 属性","duration":9.113600000000588,"failureMessages":[],"meta":{}},{"ancestorTitles":["Upload 组件","Props 测试"],"fullName":"Upload 组件 Props 测试 应该正确设置 listType 属性","status":"passed","title":"应该正确设置 listType 属性","duration":11.857200000000375,"failureMessages":[],"meta":{}},{"ancestorTitles":["Upload 组件","文件选择测试"],"fullName":"Upload 组件 文件选择测试 应该能够选择单个文件","status":"passed","title":"应该能够选择单个文件","duration":60.193599999999606,"failureMessages":[],"meta":{}},{"ancestorTitles":["Upload 组件","文件选择测试"],"fullName":"Upload 组件 文件选择测试 应该能够选择多个文件","status":"passed","title":"应该能够选择多个文件","duration":56.40470000000005,"failureMessages":[],"meta":{}},{"ancestorTitles":["Upload 组件","文件选择测试"],"fullName":"Upload 组件 文件选择测试 应该在选择文件后触发 update:fileList 事件","status":"passed","title":"应该在选择文件后触发 update:fileList 事件","duration":40.84689999999955,"failureMessages":[],"meta":{}},{"ancestorTitles":["Upload 组件","文件限制测试"],"fullName":"Upload 组件 文件限制测试 应该在超过数量限制时触发 exceed 事件","status":"passed","title":"应该在超过数量限制时触发 exceed 事件","duration":25.74420000000009,"failureMessages":[],"meta":{}},{"ancestorTitles":["Upload 组件","文件限制测试"],"fullName":"Upload 组件 文件限制测试 应该在达到限制后禁用上传","status":"passed","title":"应该在达到限制后禁用上传","duration":23.06999999999971,"failureMessages":[],"meta":{}},{"ancestorTitles":["Upload 组件","拖拽上传测试"],"fullName":"Upload 组件 拖拽上传测试 应该在拖拽进入时显示拖拽状态","status":"passed","title":"应该在拖拽进入时显示拖拽状态","duration":14.406600000000253,"failureMessages":[],"meta":{}},{"ancestorTitles":["Upload 组件","拖拽上传测试"],"fullName":"Upload 组件 拖拽上传测试 应该在拖拽离开时隐藏拖拽状态","status":"passed","title":"应该在拖拽离开时隐藏拖拽状态","duration":9.301299999999173,"failureMessages":[],"meta":{}},{"ancestorTitles":["Upload 组件","文件列表测试"],"fullName":"Upload 组件 文件列表测试 应该正确显示文件列表","status":"passed","title":"应该正确显示文件列表","duration":9.319499999999607,"failureMessages":[],"meta":{}},{"ancestorTitles":["Upload 组件","文件列表测试"],"fullName":"Upload 组件 文件列表测试 应该隐藏文件列表","status":"passed","title":"应该隐藏文件列表","duration":4.740399999999681,"failureMessages":[],"meta":{}},{"ancestorTitles":["Upload 组件","文件列表测试"],"fullName":"Upload 组件 文件列表测试 应该显示上传进度","status":"passed","title":"应该显示上传进度","duration":18.977700000000368,"failureMessages":[],"meta":{}},{"ancestorTitles":["Upload 组件","文件列表测试"],"fullName":"Upload 组件 文件列表测试 应该显示成功状态","status":"passed","title":"应该显示成功状态","duration":18.75669999999991,"failureMessages":[],"meta":{}},{"ancestorTitles":["Upload 组件","文件列表测试"],"fullName":"Upload 组件 文件列表测试 应该显示错误状态","status":"passed","title":"应该显示错误状态","duration":51.89780000000064,"failureMessages":[],"meta":{}},{"ancestorTitles":["Upload 组件","文件操作测试"],"fullName":"Upload 组件 文件操作测试 应该能够删除文件","status":"passed","title":"应该能够删除文件","duration":50.97739999999976,"failureMessages":[],"meta":{}},{"ancestorTitles":["Upload 组件","事件测试"],"fullName":"Upload 组件 事件测试 应该触发 change 事件","status":"passed","title":"应该触发 change 事件","duration":17.470900000000256,"failureMessages":[],"meta":{}},{"ancestorTitles":["Upload 组件","事件测试"],"fullName":"Upload 组件 事件测试 应该触发 progress 事件","status":"passed","title":"应该触发 progress 事件","duration":131.02139999999963,"failureMessages":[],"meta":{}},{"ancestorTitles":["Upload 组件","事件测试"],"fullName":"Upload 组件 事件测试 应该触发 success 事件","status":"passed","title":"应该触发 success 事件","duration":119.30519999999979,"failureMessages":[],"meta":{}},{"ancestorTitles":["Upload 组件","事件测试"],"fullName":"Upload 组件 事件测试 应该触发 error 事件","status":"passed","title":"应该触发 error 事件","duration":140.01510000000053,"failureMessages":[],"meta":{}},{"ancestorTitles":["Upload 组件","beforeUpload 钩子测试"],"fullName":"Upload 组件 beforeUpload 钩子测试 应该在 beforeUpload 返回 false 时阻止上传","status":"passed","title":"应该在 beforeUpload 返回 false 时阻止上传","duration":23.033000000000357,"failureMessages":[],"meta":{}},{"ancestorTitles":["Upload 组件","beforeUpload 钩子测试"],"fullName":"Upload 组件 beforeUpload 钩子测试 应该在 beforeUpload 返回 true 时继续上传","status":"passed","title":"应该在 beforeUpload 返回 true 时继续上传","duration":179.29200000000037,"failureMessages":[],"meta":{}},{"ancestorTitles":["Upload 组件","边界情况测试"],"fullName":"Upload 组件 边界情况测试 应该处理空文件列表","status":"passed","title":"应该处理空文件列表","duration":5.22019999999975,"failureMessages":[],"meta":{}},{"ancestorTitles":["Upload 组件","边界情况测试"],"fullName":"Upload 组件 边界情况测试 应该处理没有 action 的情况","status":"passed","title":"应该处理没有 action 的情况","duration":5.31919999999991,"failureMessages":[],"meta":{}},{"ancestorTitles":["Upload 组件","边界情况测试"],"fullName":"Upload 组件 边界情况测试 应该处理禁用状态下的点击","status":"passed","title":"应该处理禁用状态下的点击","duration":6.035899999999856,"failureMessages":[],"meta":{}},{"ancestorTitles":["Upload 组件","边界情况测试"],"fullName":"Upload 组件 边界情况测试 应该处理没有 raw 对象的文件项","status":"passed","title":"应该处理没有 raw 对象的文件项","duration":7.752899999999499,"failureMessages":[],"meta":{}},{"ancestorTitles":["Upload 组件","自定义上传测试"],"fullName":"Upload 组件 自定义上传测试 应该使用自定义上传函数","status":"passed","title":"应该使用自定义上传函数","duration":149.42270000000008,"failureMessages":[],"meta":{}}],"startTime":1769254077377,"endTime":1769254078752.4226,"status":"passed","message":"","name":"E:/Github/Qingyu/Qingyu_fronted/tests/unit/design-system/form/Upload.test.ts"},{"assertionResults":[{"ancestorTitles":["Col 组件","基础渲染"],"fullName":"Col 组件 基础渲染 应该正确渲染 Col 组件","status":"passed","title":"应该正确渲染 Col 组件","duration":175.28449999999975,"failureMessages":[],"meta":{}},{"ancestorTitles":["Col 组件","基础渲染"],"fullName":"Col 组件 基础渲染 应该渲染默认的 span 为 12","status":"passed","title":"应该渲染默认的 span 为 12","duration":19.11659999999938,"failureMessages":[],"meta":{}},{"ancestorTitles":["Col 组件","基础渲染"],"fullName":"Col 组件 基础渲染 应该包含 min-w-0 类防止内容溢出","status":"passed","title":"应该包含 min-w-0 类防止内容溢出","duration":7.782700000000659,"failureMessages":[],"meta":{}},{"ancestorTitles":["Col 组件","span 属性"],"fullName":"Col 组件 span 属性 应该正确应用 span=\"1\"","status":"passed","title":"应该正确应用 span=\"1\"","duration":7.679699999999684,"failureMessages":[],"meta":{}},{"ancestorTitles":["Col 组件","span 属性"],"fullName":"Col 组件 span 属性 应该正确应用 span=\"6\"","status":"passed","title":"应该正确应用 span=\"6\"","duration":8.939900000000307,"failureMessages":[],"meta":{}},{"ancestorTitles":["Col 组件","span 属性"],"fullName":"Col 组件 span 属性 应该正确应用 span=\"12\"","status":"passed","title":"应该正确应用 span=\"12\"","duration":5.90940000000046,"failureMessages":[],"meta":{}},{"ancestorTitles":["Col 组件","span 属性"],"fullName":"Col 组件 span 属性 应该正确应用所有 span 值","status":"passed","title":"应该正确应用所有 span 值","duration":132.7516000000005,"failureMessages":[],"meta":{}},{"ancestorTitles":["Col 组件","span 属性"],"fullName":"Col 组件 span 属性 超出范围的 span 应该使用 w-full","status":"passed","title":"超出范围的 span 应该使用 w-full","duration":4.6140000000004875,"failureMessages":[],"meta":{}},{"ancestorTitles":["Col 组件","offset 属性"],"fullName":"Col 组件 offset 属性 应该正确应用 offset=\"0\"","status":"passed","title":"应该正确应用 offset=\"0\"","duration":5.347200000000157,"failureMessages":[],"meta":{}},{"ancestorTitles":["Col 组件","offset 属性"],"fullName":"Col 组件 offset 属性 应该正确应用 offset=\"1\"","status":"passed","title":"应该正确应用 offset=\"1\"","duration":3.6730999999999767,"failureMessages":[],"meta":{}},{"ancestorTitles":["Col 组件","offset 属性"],"fullName":"Col 组件 offset 属性 应该正确应用 offset=\"6\"","status":"passed","title":"应该正确应用 offset=\"6\"","duration":5.52980000000025,"failureMessages":[],"meta":{}},{"ancestorTitles":["Col 组件","offset 属性"],"fullName":"Col 组件 offset 属性 应该正确应用所有 offset 值","status":"passed","title":"应该正确应用所有 offset 值","duration":43.69239999999991,"failureMessages":[],"meta":{}},{"ancestorTitles":["Col 组件","offset 属性"],"fullName":"Col 组件 offset 属性 超出范围的 offset 不应该添加 ml 类","status":"passed","title":"超出范围的 offset 不应该添加 ml 类","duration":2.9921999999996842,"failureMessages":[],"meta":{}},{"ancestorTitles":["Col 组件","order 属性"],"fullName":"Col 组件 order 属性 应该正确应用 order 属性","status":"passed","title":"应该正确应用 order 属性","duration":3.0627000000004045,"failureMessages":[],"meta":{}},{"ancestorTitles":["Col 组件","order 属性"],"fullName":"Col 组件 order 属性 应该支持不同的 order 值","status":"passed","title":"应该支持不同的 order 值","duration":26.981299999999464,"failureMessages":[],"meta":{}},{"ancestorTitles":["Col 组件","order 属性"],"fullName":"Col 组件 order 属性 未设置 order 时不应该添加 order 类","status":"passed","title":"未设置 order 时不应该添加 order 类","duration":6.022399999999834,"failureMessages":[],"meta":{}},{"ancestorTitles":["Col 组件","响应式断点"],"fullName":"Col 组件 响应式断点 应该正确应用 xs 断点","status":"passed","title":"应该正确应用 xs 断点","duration":6.126299999999901,"failureMessages":[],"meta":{}},{"ancestorTitles":["Col 组件","响应式断点"],"fullName":"Col 组件 响应式断点 应该正确应用 sm 断点","status":"passed","title":"应该正确应用 sm 断点","duration":4.360999999999876,"failureMessages":[],"meta":{}},{"ancestorTitles":["Col 组件","响应式断点"],"fullName":"Col 组件 响应式断点 应该正确应用 md 断点","status":"passed","title":"应该正确应用 md 断点","duration":3.618999999999687,"failureMessages":[],"meta":{}},{"ancestorTitles":["Col 组件","响应式断点"],"fullName":"Col 组件 响应式断点 应该正确应用 lg 断点","status":"passed","title":"应该正确应用 lg 断点","duration":3.6099999999996726,"failureMessages":[],"meta":{}},{"ancestorTitles":["Col 组件","响应式断点"],"fullName":"Col 组件 响应式断点 应该正确应用 xl 断点","status":"passed","title":"应该正确应用 xl 断点","duration":3.620199999999386,"failureMessages":[],"meta":{}},{"ancestorTitles":["Col 组件","响应式断点"],"fullName":"Col 组件 响应式断点 应该支持多个断点同时设置","status":"passed","title":"应该支持多个断点同时设置","duration":5.642499999999927,"failureMessages":[],"meta":{}},{"ancestorTitles":["Col 组件","响应式断点"],"fullName":"Col 组件 响应式断点 设置响应式断点时不应该应用基础 span","status":"passed","title":"设置响应式断点时不应该应用基础 span","duration":5.275399999999536,"failureMessages":[],"meta":{}},{"ancestorTitles":["Col 组件","响应式断点"],"fullName":"Col 组件 响应式断点 xs 断点应该作为基础宽度","status":"passed","title":"xs 断点应该作为基础宽度","duration":20.599699999999757,"failureMessages":[],"meta":{}},{"ancestorTitles":["Col 组件","插槽内容"],"fullName":"Col 组件 插槽内容 应该渲染默认插槽内容","status":"passed","title":"应该渲染默认插槽内容","duration":94.24160000000029,"failureMessages":[],"meta":{}},{"ancestorTitles":["Col 组件","插槽内容"],"fullName":"Col 组件 插槽内容 应该支持复杂内容","status":"passed","title":"应该支持复杂内容","duration":17.35900000000038,"failureMessages":[],"meta":{}},{"ancestorTitles":["Col 组件","组合使用"],"fullName":"Col 组件 组合使用 应该同时支持 span 和 offset","status":"passed","title":"应该同时支持 span 和 offset","duration":4.735300000000279,"failureMessages":[],"meta":{}},{"ancestorTitles":["Col 组件","组合使用"],"fullName":"Col 组件 组合使用 应该同时支持 span 和 order","status":"passed","title":"应该同时支持 span 和 order","duration":5.104699999999866,"failureMessages":[],"meta":{}},{"ancestorTitles":["Col 组件","组合使用"],"fullName":"Col 组件 组合使用 应该同时支持 offset 和 order","status":"passed","title":"应该同时支持 offset 和 order","duration":5.076799999999821,"failureMessages":[],"meta":{}},{"ancestorTitles":["Col 组件","组合使用"],"fullName":"Col 组件 组合使用 应该同时支持 span、offset 和 order","status":"passed","title":"应该同时支持 span、offset 和 order","duration":5.877599999999802,"failureMessages":[],"meta":{}},{"ancestorTitles":["Col 组件","组合使用"],"fullName":"Col 组件 组合使用 应该同时支持响应式断点和 offset","status":"passed","title":"应该同时支持响应式断点和 offset","duration":3.825699999999415,"failureMessages":[],"meta":{}},{"ancestorTitles":["Col 组件","自定义类名"],"fullName":"Col 组件 自定义类名 应该支持自定义类名","status":"passed","title":"应该支持自定义类名","duration":3.1332000000002154,"failureMessages":[],"meta":{}},{"ancestorTitles":["Col 组件","自定义类名"],"fullName":"Col 组件 自定义类名 应该支持多个自定义类名","status":"passed","title":"应该支持多个自定义类名","duration":10.787800000000061,"failureMessages":[],"meta":{}},{"ancestorTitles":["Col 组件","自定义类名"],"fullName":"Col 组件 自定义类名 自定义类名应该与默认类名共存","status":"passed","title":"自定义类名应该与默认类名共存","duration":5.068300000000818,"failureMessages":[],"meta":{}},{"ancestorTitles":["Col 组件","边缘情况"],"fullName":"Col 组件 边缘情况 span 为 0 应该有合理的处理","status":"passed","title":"span 为 0 应该有合理的处理","duration":3.381199999999808,"failureMessages":[],"meta":{}},{"ancestorTitles":["Col 组件","边缘情况"],"fullName":"Col 组件 边缘情况 负数 offset 应该不添加 ml 类","status":"passed","title":"负数 offset 应该不添加 ml 类","duration":3.925600000000486,"failureMessages":[],"meta":{}},{"ancestorTitles":["Col 组件","边缘情况"],"fullName":"Col 组件 边缘情况 应该支持响应式断点为 0","status":"passed","title":"应该支持响应式断点为 0","duration":2.771299999999428,"failureMessages":[],"meta":{}},{"ancestorTitles":["Col 组件","响应式行为"],"fullName":"Col 组件 响应式行为 移动端应该使用 xs 断点","status":"passed","title":"移动端应该使用 xs 断点","duration":4.960099999999329,"failureMessages":[],"meta":{}},{"ancestorTitles":["Col 组件","响应式行为"],"fullName":"Col 组件 响应式行为 应该正确应用多个响应式类","status":"passed","title":"应该正确应用多个响应式类","duration":6.565400000000409,"failureMessages":[],"meta":{}},{"ancestorTitles":["Col 组件","默认值"],"fullName":"Col 组件 默认值 span 默认值应该是 12","status":"passed","title":"span 默认值应该是 12","duration":3.584600000000137,"failureMessages":[],"meta":{}},{"ancestorTitles":["Col 组件","默认值"],"fullName":"Col 组件 默认值 offset 默认值应该是 0","status":"passed","title":"offset 默认值应该是 0","duration":3.3182000000006155,"failureMessages":[],"meta":{}},{"ancestorTitles":["Col 组件","默认值"],"fullName":"Col 组件 默认值 order 默认值应该是 undefined","status":"passed","title":"order 默认值应该是 undefined","duration":3.149999999999636,"failureMessages":[],"meta":{}}],"startTime":1769254082842,"endTime":1769254083568.15,"status":"passed","message":"","name":"E:/Github/Qingyu/Qingyu_fronted/tests/unit/design-system/layout/Col.test.ts"},{"assertionResults":[{"ancestorTitles":["Container 组件","基础渲染"],"fullName":"Container 组件 基础渲染 应该正确渲染 Container 组件","status":"passed","title":"应该正确渲染 Container 组件","duration":129.28510000000006,"failureMessages":[],"meta":{}},{"ancestorTitles":["Container 组件","基础渲染"],"fullName":"Container 组件 基础渲染 应该渲染默认的 size 为 full","status":"passed","title":"应该渲染默认的 size 为 full","duration":30.23739999999998,"failureMessages":[],"meta":{}},{"ancestorTitles":["Container 组件","基础渲染"],"fullName":"Container 组件 基础渲染 应该包含默认的宽度类","status":"passed","title":"应该包含默认的宽度类","duration":11.384500000000116,"failureMessages":[],"meta":{}},{"ancestorTitles":["Container 组件","基础渲染"],"fullName":"Container 组件 基础渲染 应该包含默认的居中类","status":"passed","title":"应该包含默认的居中类","duration":7.950399999999718,"failureMessages":[],"meta":{}},{"ancestorTitles":["Container 组件","基础渲染"],"fullName":"Container 组件 基础渲染 应该包含默认的内边距类","status":"passed","title":"应该包含默认的内边距类","duration":10.9412999999995,"failureMessages":[],"meta":{}},{"ancestorTitles":["Container 组件","size 属性"],"fullName":"Container 组件 size 属性 应该正确应用 size=\"xs\"","status":"passed","title":"应该正确应用 size=\"xs\"","duration":7.475199999999859,"failureMessages":[],"meta":{}},{"ancestorTitles":["Container 组件","size 属性"],"fullName":"Container 组件 size 属性 应该正确应用 size=\"sm\"","status":"passed","title":"应该正确应用 size=\"sm\"","duration":6.597800000000461,"failureMessages":[],"meta":{}},{"ancestorTitles":["Container 组件","size 属性"],"fullName":"Container 组件 size 属性 应该正确应用 size=\"md\"","status":"passed","title":"应该正确应用 size=\"md\"","duration":8.566800000000512,"failureMessages":[],"meta":{}},{"ancestorTitles":["Container 组件","size 属性"],"fullName":"Container 组件 size 属性 应该正确应用 size=\"lg\"","status":"passed","title":"应该正确应用 size=\"lg\"","duration":14.374300000000403,"failureMessages":[],"meta":{}},{"ancestorTitles":["Container 组件","size 属性"],"fullName":"Container 组件 size 属性 应该正确应用 size=\"xl\"","status":"passed","title":"应该正确应用 size=\"xl\"","duration":5.691800000000512,"failureMessages":[],"meta":{}},{"ancestorTitles":["Container 组件","size 属性"],"fullName":"Container 组件 size 属性 应该正确应用 size=\"full\"","status":"passed","title":"应该正确应用 size=\"full\"","duration":4.239599999999882,"failureMessages":[],"meta":{}},{"ancestorTitles":["Container 组件","size 属性"],"fullName":"Container 组件 size 属性 应该正确应用所有 size 值","status":"passed","title":"应该正确应用所有 size 值","duration":24.407799999999952,"failureMessages":[],"meta":{}},{"ancestorTitles":["Container 组件","fluid 属性"],"fullName":"Container 组件 fluid 属性 应该正确应用 fluid=\"true\"","status":"passed","title":"应该正确应用 fluid=\"true\"","duration":5.000800000000709,"failureMessages":[],"meta":{}},{"ancestorTitles":["Container 组件","fluid 属性"],"fullName":"Container 组件 fluid 属性 应该正确应用 fluid=\"false\"","status":"passed","title":"应该正确应用 fluid=\"false\"","duration":79.01959999999963,"failureMessages":[],"meta":{}},{"ancestorTitles":["Container 组件","fluid 属性"],"fullName":"Container 组件 fluid 属性 fluid 模式应该包含 w-full 类","status":"passed","title":"fluid 模式应该包含 w-full 类","duration":12.35739999999987,"failureMessages":[],"meta":{}},{"ancestorTitles":["Container 组件","padding 属性"],"fullName":"Container 组件 padding 属性 应该正确应用 padding=\"true\"","status":"passed","title":"应该正确应用 padding=\"true\"","duration":11.667199999999866,"failureMessages":[],"meta":{}},{"ancestorTitles":["Container 组件","padding 属性"],"fullName":"Container 组件 padding 属性 应该正确应用 padding=\"false\"","status":"passed","title":"应该正确应用 padding=\"false\"","duration":16.85480000000007,"failureMessages":[],"meta":{}},{"ancestorTitles":["Container 组件","padding 属性"],"fullName":"Container 组件 padding 属性 padding 为 false 时不应该包含任何内边距类","status":"passed","title":"padding 为 false 时不应该包含任何内边距类","duration":15.005299999999806,"failureMessages":[],"meta":{}},{"ancestorTitles":["Container 组件","centered 属性"],"fullName":"Container 组件 centered 属性 应该正确应用 centered=\"true\"","status":"passed","title":"应该正确应用 centered=\"true\"","duration":8.17070000000058,"failureMessages":[],"meta":{}},{"ancestorTitles":["Container 组件","centered 属性"],"fullName":"Container 组件 centered 属性 应该正确应用 centered=\"false\"","status":"passed","title":"应该正确应用 centered=\"false\"","duration":6.647799999999734,"failureMessages":[],"meta":{}},{"ancestorTitles":["Container 组件","centered 属性"],"fullName":"Container 组件 centered 属性 centered 为 false 时不应该包含 mx-auto 类","status":"passed","title":"centered 为 false 时不应该包含 mx-auto 类","duration":4.812099999999191,"failureMessages":[],"meta":{}},{"ancestorTitles":["Container 组件","插槽内容"],"fullName":"Container 组件 插槽内容 应该渲染默认插槽内容","status":"passed","title":"应该渲染默认插槽内容","duration":66.3757999999998,"failureMessages":[],"meta":{}},{"ancestorTitles":["Container 组件","插槽内容"],"fullName":"Container 组件 插槽内容 应该支持复杂内容","status":"passed","title":"应该支持复杂内容","duration":25.778399999999237,"failureMessages":[],"meta":{}},{"ancestorTitles":["Container 组件","插槽内容"],"fullName":"Container 组件 插槽内容 应该支持嵌套组件","status":"passed","title":"应该支持嵌套组件","duration":12.444000000000415,"failureMessages":[],"meta":{}},{"ancestorTitles":["Container 组件","组合使用"],"fullName":"Container 组件 组合使用 应该同时支持 size 和 fluid","status":"passed","title":"应该同时支持 size 和 fluid","duration":4.379900000000816,"failureMessages":[],"meta":{}},{"ancestorTitles":["Container 组件","组合使用"],"fullName":"Container 组件 组合使用 应该同时支持 size 和 padding","status":"passed","title":"应该同时支持 size 和 padding","duration":3.1134000000001834,"failureMessages":[],"meta":{}},{"ancestorTitles":["Container 组件","组合使用"],"fullName":"Container 组件 组合使用 应该同时支持 size 和 centered","status":"passed","title":"应该同时支持 size 和 centered","duration":4.194600000000719,"failureMessages":[],"meta":{}},{"ancestorTitles":["Container 组件","组合使用"],"fullName":"Container 组件 组合使用 应该同时支持 padding 和 centered","status":"passed","title":"应该同时支持 padding 和 centered","duration":5.391299999999319,"failureMessages":[],"meta":{}},{"ancestorTitles":["Container 组件","组合使用"],"fullName":"Container 组件 组合使用 应该同时支持 size、padding 和 centered","status":"passed","title":"应该同时支持 size、padding 和 centered","duration":5.444700000000012,"failureMessages":[],"meta":{}},{"ancestorTitles":["Container 组件","组合使用"],"fullName":"Container 组件 组合使用 应该同时支持所有属性","status":"passed","title":"应该同时支持所有属性","duration":5.257599999999911,"failureMessages":[],"meta":{}},{"ancestorTitles":["Container 组件","组合使用"],"fullName":"Container 组件 组合使用 应该支持 padding 为 false 且 centered 为 true","status":"passed","title":"应该支持 padding 为 false 且 centered 为 true","duration":4.6203999999997905,"failureMessages":[],"meta":{}},{"ancestorTitles":["Container 组件","组合使用"],"fullName":"Container 组件 组合使用 应该支持 padding 为 true 且 centered 为 false","status":"passed","title":"应该支持 padding 为 true 且 centered 为 false","duration":4.707899999999427,"failureMessages":[],"meta":{}},{"ancestorTitles":["Container 组件","组合使用"],"fullName":"Container 组件 组合使用 应该支持 padding 为 false 且 centered 为 false","status":"passed","title":"应该支持 padding 为 false 且 centered 为 false","duration":4.97150000000056,"failureMessages":[],"meta":{}},{"ancestorTitles":["Container 组件","自定义类名"],"fullName":"Container 组件 自定义类名 应该支持自定义类名","status":"passed","title":"应该支持自定义类名","duration":4.608299999999872,"failureMessages":[],"meta":{}},{"ancestorTitles":["Container 组件","自定义类名"],"fullName":"Container 组件 自定义类名 应该支持多个自定义类名","status":"passed","title":"应该支持多个自定义类名","duration":4.059899999999288,"failureMessages":[],"meta":{}},{"ancestorTitles":["Container 组件","自定义类名"],"fullName":"Container 组件 自定义类名 自定义类名应该与默认类名共存","status":"passed","title":"自定义类名应该与默认类名共存","duration":4.360099999999875,"failureMessages":[],"meta":{}},{"ancestorTitles":["Container 组件","自定义类名"],"fullName":"Container 组件 自定义类名 自定义类名应该与响应式内边距共存","status":"passed","title":"自定义类名应该与响应式内边距共存","duration":7.225800000000163,"failureMessages":[],"meta":{}},{"ancestorTitles":["Container 组件","响应式内边距"],"fullName":"Container 组件 响应式内边距 应该包含所有响应式内边距类","status":"passed","title":"应该包含所有响应式内边距类","duration":4.29319999999916,"failureMessages":[],"meta":{}},{"ancestorTitles":["Container 组件","响应式内边距"],"fullName":"Container 组件 响应式内边距 padding 为 false 时应该移除所有内边距类","status":"passed","title":"padding 为 false 时应该移除所有内边距类","duration":3.413800000000265,"failureMessages":[],"meta":{}},{"ancestorTitles":["Container 组件","默认值"],"fullName":"Container 组件 默认值 size 默认值应该是 full","status":"passed","title":"size 默认值应该是 full","duration":3.1336999999994077,"failureMessages":[],"meta":{}},{"ancestorTitles":["Container 组件","默认值"],"fullName":"Container 组件 默认值 fluid 默认值应该是 false","status":"passed","title":"fluid 默认值应该是 false","duration":2.891500000000633,"failureMessages":[],"meta":{}},{"ancestorTitles":["Container 组件","默认值"],"fullName":"Container 组件 默认值 padding 默认值应该是 true","status":"passed","title":"padding 默认值应该是 true","duration":2.3932000000004336,"failureMessages":[],"meta":{}},{"ancestorTitles":["Container 组件","默认值"],"fullName":"Container 组件 默认值 centered 默认值应该是 true","status":"passed","title":"centered 默认值应该是 true","duration":2.755000000000109,"failureMessages":[],"meta":{}},{"ancestorTitles":["Container 组件","边缘情况"],"fullName":"Container 组件 边缘情况 应该支持空内容","status":"passed","title":"应该支持空内容","duration":18.199399999999514,"failureMessages":[],"meta":{}},{"ancestorTitles":["Container 组件","边缘情况"],"fullName":"Container 组件 边缘情况 应该支持纯文本内容","status":"passed","title":"应该支持纯文本内容","duration":19.70170000000053,"failureMessages":[],"meta":{}},{"ancestorTitles":["Container 组件","边缘情况"],"fullName":"Container 组件 边缘情况 应该支持包含特殊字符的内容","status":"passed","title":"应该支持包含特殊字符的内容","duration":20.67910000000029,"failureMessages":[],"meta":{}},{"ancestorTitles":["Container 组件","动态属性"],"fullName":"Container 组件 动态属性 应该支持动态改变 size","status":"passed","title":"应该支持动态改变 size","duration":20.391599999999926,"failureMessages":[],"meta":{}},{"ancestorTitles":["Container 组件","动态属性"],"fullName":"Container 组件 动态属性 应该支持动态改变 padding","status":"passed","title":"应该支持动态改变 padding","duration":10.410200000000259,"failureMessages":[],"meta":{}},{"ancestorTitles":["Container 组件","动态属性"],"fullName":"Container 组件 动态属性 应该支持动态改变 centered","status":"passed","title":"应该支持动态改变 centered","duration":11.758600000000115,"failureMessages":[],"meta":{}},{"ancestorTitles":["Container 组件","动态属性"],"fullName":"Container 组件 动态属性 应该支持动态改变 fluid","status":"passed","title":"应该支持动态改变 fluid","duration":10.973799999999756,"failureMessages":[],"meta":{}},{"ancestorTitles":["Container 组件","宽度类"],"fullName":"Container 组件 宽度类 应该始终包含 w-full 类","status":"passed","title":"应该始终包含 w-full 类","duration":5.595099999999547,"failureMessages":[],"meta":{}},{"ancestorTitles":["Container 组件","宽度类"],"fullName":"Container 组件 宽度类 fluid 为 true 时应该包含 w-full 类","status":"passed","title":"fluid 为 true 时应该包含 w-full 类","duration":3.1382000000003245,"failureMessages":[],"meta":{}},{"ancestorTitles":["Container 组件","宽度类"],"fullName":"Container 组件 宽度类 fluid 为 false 时也应该包含 w-full 类","status":"passed","title":"fluid 为 false 时也应该包含 w-full 类","duration":3.546599999999671,"failureMessages":[],"meta":{}},{"ancestorTitles":["Container 组件","类名优先级"],"fullName":"Container 组件 类名优先级 自定义类名应该覆盖默认类名（通过 tailwind-merge）","status":"passed","title":"自定义类名应该覆盖默认类名（通过 tailwind-merge）","duration":3.3167999999996027,"failureMessages":[],"meta":{}}],"startTime":1769254077723,"endTime":1769254078466.317,"status":"passed","message":"","name":"E:/Github/Qingyu/Qingyu_fronted/tests/unit/design-system/layout/Container.test.ts"},{"assertionResults":[{"ancestorTitles":["Row 组件","基础渲染"],"fullName":"Row 组件 基础渲染 应该正确渲染 Row 组件","status":"passed","title":"应该正确渲染 Row 组件","duration":130.72889999999916,"failureMessages":[],"meta":{}},{"ancestorTitles":["Row 组件","基础渲染"],"fullName":"Row 组件 基础渲染 应该渲染默认插槽内容","status":"passed","title":"应该渲染默认插槽内容","duration":98.03639999999996,"failureMessages":[],"meta":{}},{"ancestorTitles":["Row 组件","基础渲染"],"fullName":"Row 组件 基础渲染 应该正确应用自定义类名","status":"passed","title":"应该正确应用自定义类名","duration":10.162499999999454,"failureMessages":[],"meta":{}},{"ancestorTitles":["Row 组件","justify 属性"],"fullName":"Row 组件 justify 属性 默认应该有 justify-start 类","status":"passed","title":"默认应该有 justify-start 类","duration":8.262499999999818,"failureMessages":[],"meta":{}},{"ancestorTitles":["Row 组件","justify 属性"],"fullName":"Row 组件 justify 属性 应该正确应用 justify-center","status":"passed","title":"应该正确应用 justify-center","duration":12.131900000000314,"failureMessages":[],"meta":{}},{"ancestorTitles":["Row 组件","justify 属性"],"fullName":"Row 组件 justify 属性 应该正确应用 justify-end","status":"passed","title":"应该正确应用 justify-end","duration":6.1698999999998705,"failureMessages":[],"meta":{}},{"ancestorTitles":["Row 组件","justify 属性"],"fullName":"Row 组件 justify 属性 应该正确应用 justify-space-between","status":"passed","title":"应该正确应用 justify-space-between","duration":4.861700000000383,"failureMessages":[],"meta":{}},{"ancestorTitles":["Row 组件","justify 属性"],"fullName":"Row 组件 justify 属性 应该正确应用 justify-space-around","status":"passed","title":"应该正确应用 justify-space-around","duration":14.357899999999972,"failureMessages":[],"meta":{}},{"ancestorTitles":["Row 组件","justify 属性"],"fullName":"Row 组件 justify 属性 应该正确应用 justify-space-evenly","status":"passed","title":"应该正确应用 justify-space-evenly","duration":13.5041999999994,"failureMessages":[],"meta":{}},{"ancestorTitles":["Row 组件","align 属性"],"fullName":"Row 组件 align 属性 默认应该有 items-start 类","status":"passed","title":"默认应该有 items-start 类","duration":9.125100000000202,"failureMessages":[],"meta":{}},{"ancestorTitles":["Row 组件","align 属性"],"fullName":"Row 组件 align 属性 应该正确应用 align-center","status":"passed","title":"应该正确应用 align-center","duration":7.017499999999927,"failureMessages":[],"meta":{}},{"ancestorTitles":["Row 组件","align 属性"],"fullName":"Row 组件 align 属性 应该正确应用 align-bottom","status":"passed","title":"应该正确应用 align-bottom","duration":5.051300000000083,"failureMessages":[],"meta":{}},{"ancestorTitles":["Row 组件","align 属性"],"fullName":"Row 组件 align 属性 应该正确应用 align-stretch","status":"passed","title":"应该正确应用 align-stretch","duration":4.848700000000463,"failureMessages":[],"meta":{}},{"ancestorTitles":["Row 组件","gutter 属性"],"fullName":"Row 组件 gutter 属性 默认不应该有负 margin 类","status":"passed","title":"默认不应该有负 margin 类","duration":4.382800000000316,"failureMessages":[],"meta":{}},{"ancestorTitles":["Row 组件","gutter 属性"],"fullName":"Row 组件 gutter 属性 gutter=8 应该有 -mx-2 类","status":"passed","title":"gutter=8 应该有 -mx-2 类","duration":4.859000000000378,"failureMessages":[],"meta":{}},{"ancestorTitles":["Row 组件","gutter 属性"],"fullName":"Row 组件 gutter 属性 gutter=16 应该有 -mx-4 类","status":"passed","title":"gutter=16 应该有 -mx-4 类","duration":4.0721999999996115,"failureMessages":[],"meta":{}},{"ancestorTitles":["Row 组件","gutter 属性"],"fullName":"Row 组件 gutter 属性 gutter=24 应该有 -mx-6 类","status":"passed","title":"gutter=24 应该有 -mx-6 类","duration":4.983900000000176,"failureMessages":[],"meta":{}},{"ancestorTitles":["Row 组件","gutter 属性"],"fullName":"Row 组件 gutter 属性 gutter=32 应该有 -mx-8 类","status":"passed","title":"gutter=32 应该有 -mx-8 类","duration":52.6247000000003,"failureMessages":[],"meta":{}},{"ancestorTitles":["Row 组件","wrap 属性"],"fullName":"Row 组件 wrap 属性 默认应该有 flex-wrap 类","status":"passed","title":"默认应该有 flex-wrap 类","duration":26.086100000000442,"failureMessages":[],"meta":{}},{"ancestorTitles":["Row 组件","wrap 属性"],"fullName":"Row 组件 wrap 属性 wrap=true 应该有 flex-wrap 类","status":"passed","title":"wrap=true 应该有 flex-wrap 类","duration":22.078199999999924,"failureMessages":[],"meta":{}},{"ancestorTitles":["Row 组件","wrap 属性"],"fullName":"Row 组件 wrap 属性 wrap=false 应该有 flex-nowrap 类","status":"passed","title":"wrap=false 应该有 flex-nowrap 类","duration":10.294200000000274,"failureMessages":[],"meta":{}},{"ancestorTitles":["Row 组件","与 Col 组件配合"],"fullName":"Row 组件 与 Col 组件配合 应该正确渲染子 Col 组件","status":"passed","title":"应该正确渲染子 Col 组件","duration":95.55590000000029,"failureMessages":[],"meta":{}},{"ancestorTitles":["Row 组件","与 Col 组件配合"],"fullName":"Row 组件 与 Col 组件配合 应该向子 Col 组件提供 gutter 值","status":"passed","title":"应该向子 Col 组件提供 gutter 值","duration":12.20759999999973,"failureMessages":[],"meta":{}},{"ancestorTitles":["Row 组件","与 Col 组件配合"],"fullName":"Row 组件 与 Col 组件配合 gutter=0 时子 Col 不应该有 padding","status":"passed","title":"gutter=0 时子 Col 不应该有 padding","duration":16.32930000000033,"failureMessages":[],"meta":{}},{"ancestorTitles":["Row 组件","组合使用"],"fullName":"Row 组件 组合使用 应该正确应用 justify 和 align 组合","status":"passed","title":"应该正确应用 justify 和 align 组合","duration":3.801800000000185,"failureMessages":[],"meta":{}},{"ancestorTitles":["Row 组件","组合使用"],"fullName":"Row 组件 组合使用 应该正确应用所有属性","status":"passed","title":"应该正确应用所有属性","duration":4.418300000000272,"failureMessages":[],"meta":{}},{"ancestorTitles":["Row 组件","边缘情况"],"fullName":"Row 组件 边缘情况 应该处理空插槽","status":"passed","title":"应该处理空插槽","duration":35.58689999999933,"failureMessages":[],"meta":{}},{"ancestorTitles":["Row 组件","边缘情况"],"fullName":"Row 组件 边缘情况 应该处理多个子元素","status":"passed","title":"应该处理多个子元素","duration":12.233100000000377,"failureMessages":[],"meta":{}},{"ancestorTitles":["Row 组件","边缘情况"],"fullName":"Row 组件 边缘情况 应该处理嵌套 Row 组件","status":"passed","title":"应该处理嵌套 Row 组件","duration":12.24499999999989,"failureMessages":[],"meta":{}},{"ancestorTitles":["Row 组件","默认值"],"fullName":"Row 组件 默认值 justify 默认值应该是 start","status":"passed","title":"justify 默认值应该是 start","duration":3.662199999999757,"failureMessages":[],"meta":{}},{"ancestorTitles":["Row 组件","默认值"],"fullName":"Row 组件 默认值 align 默认值应该是 top","status":"passed","title":"align 默认值应该是 top","duration":3.306800000000294,"failureMessages":[],"meta":{}},{"ancestorTitles":["Row 组件","默认值"],"fullName":"Row 组件 默认值 gutter 默认值应该是 0","status":"passed","title":"gutter 默认值应该是 0","duration":3.079800000000432,"failureMessages":[],"meta":{}},{"ancestorTitles":["Row 组件","默认值"],"fullName":"Row 组件 默认值 wrap 默认值应该是 true","status":"passed","title":"wrap 默认值应该是 true","duration":5.072900000000118,"failureMessages":[],"meta":{}},{"ancestorTitles":["Row 组件","类名合并"],"fullName":"Row 组件 类名合并 应该正确合并多个类名","status":"passed","title":"应该正确合并多个类名","duration":6.172499999999673,"failureMessages":[],"meta":{}}],"startTime":1769254086304,"endTime":1769254086980.1726,"status":"passed","message":"","name":"E:/Github/Qingyu/Qingyu_fronted/tests/unit/design-system/layout/Row.test.ts"},{"assertionResults":[{"ancestorTitles":["Affix 组件","基础渲染"],"fullName":"Affix 组件 基础渲染 应该正确渲染组件","status":"passed","title":"应该正确渲染组件","duration":148.21030000000064,"failureMessages":[],"meta":{}},{"ancestorTitles":["Affix 组件","基础渲染"],"fullName":"Affix 组件 基础渲染 应该有正确的默认属性","status":"passed","title":"应该有正确的默认属性","duration":17.856000000000677,"failureMessages":[],"meta":{}},{"ancestorTitles":["Affix 组件","基础渲染"],"fullName":"Affix 组件 基础渲染 应该应用正确的默认类名","status":"passed","title":"应该应用正确的默认类名","duration":19.47149999999965,"failureMessages":[],"meta":{}},{"ancestorTitles":["Affix 组件","固定状态"],"fullName":"Affix 组件 固定状态 初始时不应该固定","status":"failed","title":"初始时不应该固定","duration":40.61700000000019,"failureMessages":["AssertionError: expected undefined to be false // Object.is equality\n    at E:\\Github\\Qingyu\\Qingyu_fronted\\tests\\unit\\design-system\\other\\Affix.test.ts:85:32\n    at file:///E:/Github/Qingyu/Qingyu_fronted/node_modules/@vitest/runner/dist/index.js:146:14\n    at file:///E:/Github/Qingyu/Qingyu_fronted/node_modules/@vitest/runner/dist/index.js:533:11\n    at runWithTimeout (file:///E:/Github/Qingyu/Qingyu_fronted/node_modules/@vitest/runner/dist/index.js:39:7)\n    at runTest (file:///E:/Github/Qingyu/Qingyu_fronted/node_modules/@vitest/runner/dist/index.js:1056:17)\n    at processTicksAndRejections (node:internal/process/task_queues:105:5)\n    at runSuite (file:///E:/Github/Qingyu/Qingyu_fronted/node_modules/@vitest/runner/dist/index.js:1205:15)\n    at runSuite (file:///E:/Github/Qingyu/Qingyu_fronted/node_modules/@vitest/runner/dist/index.js:1205:15)\n    at runSuite (file:///E:/Github/Qingyu/Qingyu_fronted/node_modules/@vitest/runner/dist/index.js:1205:15)\n    at runFiles (file:///E:/Github/Qingyu/Qingyu_fronted/node_modules/@vitest/runner/dist/index.js:1262:5)"],"meta":{}},{"ancestorTitles":["Affix 组件","固定状态"],"fullName":"Affix 组件 固定状态 滚动后应该触发固定状态检查","status":"failed","title":"滚动后应该触发固定状态检查","duration":32.834499999999935,"failureMessages":["AssertionError: expected undefined to be truthy\n    at E:\\Github\\Qingyu\\Qingyu_fronted\\tests\\unit\\design-system\\other\\Affix.test.ts:101:41\n    at processTicksAndRejections (node:internal/process/task_queues:105:5)\n    at file:///E:/Github/Qingyu/Qingyu_fronted/node_modules/@vitest/runner/dist/index.js:533:5\n    at runTest (file:///E:/Github/Qingyu/Qingyu_fronted/node_modules/@vitest/runner/dist/index.js:1056:11)\n    at runSuite (file:///E:/Github/Qingyu/Qingyu_fronted/node_modules/@vitest/runner/dist/index.js:1205:15)\n    at runSuite (file:///E:/Github/Qingyu/Qingyu_fronted/node_modules/@vitest/runner/dist/index.js:1205:15)\n    at runSuite (file:///E:/Github/Qingyu/Qingyu_fronted/node_modules/@vitest/runner/dist/index.js:1205:15)\n    at runFiles (file:///E:/Github/Qingyu/Qingyu_fronted/node_modules/@vitest/runner/dist/index.js:1262:5)\n    at startTests (file:///E:/Github/Qingyu/Qingyu_fronted/node_modules/@vitest/runner/dist/index.js:1271:3)\n    at file:///E:/Github/Qingyu/Qingyu_fronted/node_modules/vitest/dist/chunks/runBaseTests.3qpJUEJM.js:126:11"],"meta":{}},{"ancestorTitles":["Affix 组件","固定状态"],"fullName":"Affix 组件 固定状态 应该通过 ref 访问 isFixed 状态","status":"failed","title":"应该通过 ref 访问 isFixed 状态","duration":11.127400000000307,"failureMessages":["AssertionError: expected undefined to be false // Object.is equality\n    at E:\\Github\\Qingyu\\Qingyu_fronted\\tests\\unit\\design-system\\other\\Affix.test.ts:112:32\n    at file:///E:/Github/Qingyu/Qingyu_fronted/node_modules/@vitest/runner/dist/index.js:146:14\n    at file:///E:/Github/Qingyu/Qingyu_fronted/node_modules/@vitest/runner/dist/index.js:533:11\n    at runWithTimeout (file:///E:/Github/Qingyu/Qingyu_fronted/node_modules/@vitest/runner/dist/index.js:39:7)\n    at runTest (file:///E:/Github/Qingyu/Qingyu_fronted/node_modules/@vitest/runner/dist/index.js:1056:17)\n    at processTicksAndRejections (node:internal/process/task_queues:105:5)\n    at runSuite (file:///E:/Github/Qingyu/Qingyu_fronted/node_modules/@vitest/runner/dist/index.js:1205:15)\n    at runSuite (file:///E:/Github/Qingyu/Qingyu_fronted/node_modules/@vitest/runner/dist/index.js:1205:15)\n    at runSuite (file:///E:/Github/Qingyu/Qingyu_fronted/node_modules/@vitest/runner/dist/index.js:1205:15)\n    at runFiles (file:///E:/Github/Qingyu/Qingyu_fronted/node_modules/@vitest/runner/dist/index.js:1262:5)"],"meta":{}},{"ancestorTitles":["Affix 组件","offset 属性"],"fullName":"Affix 组件 offset 属性 应该正确设置 offset 为 0","status":"passed","title":"应该正确设置 offset 为 0","duration":10.949300000000221,"failureMessages":[],"meta":{}},{"ancestorTitles":["Affix 组件","offset 属性"],"fullName":"Affix 组件 offset 属性 应该正确设置 offset 为 50","status":"passed","title":"应该正确设置 offset 为 50","duration":6.13130000000001,"failureMessages":[],"meta":{}},{"ancestorTitles":["Affix 组件","offset 属性"],"fullName":"Affix 组件 offset 属性 应该正确设置 offset 为 100","status":"passed","title":"应该正确设置 offset 为 100","duration":10.223300000000563,"failureMessages":[],"meta":{}},{"ancestorTitles":["Affix 组件","offset 属性"],"fullName":"Affix 组件 offset 属性 offset 变化时应该重新检查固定状态","status":"passed","title":"offset 变化时应该重新检查固定状态","duration":46.86880000000019,"failureMessages":[],"meta":{}},{"ancestorTitles":["Affix 组件","position 属性"],"fullName":"Affix 组件 position 属性 应该正确设置 position 为 top","status":"passed","title":"应该正确设置 position 为 top","duration":9.752900000000409,"failureMessages":[],"meta":{}},{"ancestorTitles":["Affix 组件","position 属性"],"fullName":"Affix 组件 position 属性 应该正确设置 position 为 bottom","status":"passed","title":"应该正确设置 position 为 bottom","duration":12.354500000000371,"failureMessages":[],"meta":{}},{"ancestorTitles":["Affix 组件","position 属性"],"fullName":"Affix 组件 position 属性 position 变化时应该重新检查固定状态","status":"passed","title":"position 变化时应该重新检查固定状态","duration":14.644900000000234,"failureMessages":[],"meta":{}},{"ancestorTitles":["Affix 组件","position 属性"],"fullName":"Affix 组件 position 属性 固定时应该应用正确的 position 样式","status":"passed","title":"固定时应该应用正确的 position 样式","duration":19.12920000000031,"failureMessages":[],"meta":{}},{"ancestorTitles":["Affix 组件","zIndex 属性"],"fullName":"Affix 组件 zIndex 属性 应该正确设置默认 zIndex","status":"passed","title":"应该正确设置默认 zIndex","duration":6.259900000000016,"failureMessages":[],"meta":{}},{"ancestorTitles":["Affix 组件","zIndex 属性"],"fullName":"Affix 组件 zIndex 属性 应该正确设置自定义 zIndex","status":"passed","title":"应该正确设置自定义 zIndex","duration":8.122699999999895,"failureMessages":[],"meta":{}},{"ancestorTitles":["Affix 组件","zIndex 属性"],"fullName":"Affix 组件 zIndex 属性 应该正确设置 zIndex 为 1000","status":"passed","title":"应该正确设置 zIndex 为 1000","duration":6.721700000000055,"failureMessages":[],"meta":{}},{"ancestorTitles":["Affix 组件","zIndex 属性"],"fullName":"Affix 组件 zIndex 属性 固定时应该应用正确的 zIndex 样式","status":"passed","title":"固定时应该应用正确的 zIndex 样式","duration":14.791000000000167,"failureMessages":[],"meta":{}},{"ancestorTitles":["Affix 组件","事件触发"],"fullName":"Affix 组件 事件触发 滚动时应该触发 scroll 事件","status":"failed","title":"滚动时应该触发 scroll 事件","duration":7.07339999999931,"failureMessages":["AssertionError: expected undefined to be truthy\n    at E:\\Github\\Qingyu\\Qingyu_fronted\\tests\\unit\\design-system\\other\\Affix.test.ts:267:41\n    at processTicksAndRejections (node:internal/process/task_queues:105:5)\n    at file:///E:/Github/Qingyu/Qingyu_fronted/node_modules/@vitest/runner/dist/index.js:533:5\n    at runTest (file:///E:/Github/Qingyu/Qingyu_fronted/node_modules/@vitest/runner/dist/index.js:1056:11)\n    at runSuite (file:///E:/Github/Qingyu/Qingyu_fronted/node_modules/@vitest/runner/dist/index.js:1205:15)\n    at runSuite (file:///E:/Github/Qingyu/Qingyu_fronted/node_modules/@vitest/runner/dist/index.js:1205:15)\n    at runSuite (file:///E:/Github/Qingyu/Qingyu_fronted/node_modules/@vitest/runner/dist/index.js:1205:15)\n    at runFiles (file:///E:/Github/Qingyu/Qingyu_fronted/node_modules/@vitest/runner/dist/index.js:1262:5)\n    at startTests (file:///E:/Github/Qingyu/Qingyu_fronted/node_modules/@vitest/runner/dist/index.js:1271:3)\n    at file:///E:/Github/Qingyu/Qingyu_fronted/node_modules/vitest/dist/chunks/runBaseTests.3qpJUEJM.js:126:11"],"meta":{}},{"ancestorTitles":["Affix 组件","事件触发"],"fullName":"Affix 组件 事件触发 scroll 事件应该传递 event 对象","status":"failed","title":"scroll 事件应该传递 event 对象","duration":7.899400000000242,"failureMessages":["AssertionError: expected undefined to be truthy\n    at E:\\Github\\Qingyu\\Qingyu_fronted\\tests\\unit\\design-system\\other\\Affix.test.ts:282:23\n    at processTicksAndRejections (node:internal/process/task_queues:105:5)\n    at file:///E:/Github/Qingyu/Qingyu_fronted/node_modules/@vitest/runner/dist/index.js:533:5\n    at runTest (file:///E:/Github/Qingyu/Qingyu_fronted/node_modules/@vitest/runner/dist/index.js:1056:11)\n    at runSuite (file:///E:/Github/Qingyu/Qingyu_fronted/node_modules/@vitest/runner/dist/index.js:1205:15)\n    at runSuite (file:///E:/Github/Qingyu/Qingyu_fronted/node_modules/@vitest/runner/dist/index.js:1205:15)\n    at runSuite (file:///E:/Github/Qingyu/Qingyu_fronted/node_modules/@vitest/runner/dist/index.js:1205:15)\n    at runFiles (file:///E:/Github/Qingyu/Qingyu_fronted/node_modules/@vitest/runner/dist/index.js:1262:5)\n    at startTests (file:///E:/Github/Qingyu/Qingyu_fronted/node_modules/@vitest/runner/dist/index.js:1271:3)\n    at file:///E:/Github/Qingyu/Qingyu_fronted/node_modules/vitest/dist/chunks/runBaseTests.3qpJUEJM.js:126:11"],"meta":{}},{"ancestorTitles":["Affix 组件","target 属性"],"fullName":"Affix 组件 target 属性 默认 target 应该是 window","status":"passed","title":"默认 target 应该是 window","duration":4.158500000000458,"failureMessages":[],"meta":{}},{"ancestorTitles":["Affix 组件","target 属性"],"fullName":"Affix 组件 target 属性 应该接受字符串形式的 target","status":"passed","title":"应该接受字符串形式的 target","duration":26.21059999999943,"failureMessages":[],"meta":{}},{"ancestorTitles":["Affix 组件","target 属性"],"fullName":"Affix 组件 target 属性 应该接受函数形式的 target","status":"failed","title":"应该接受函数形式的 target","duration":38.4346000000005,"failureMessages":["TypeError: Cannot read properties of null (reading 'removeEventListener')\n    at E:\\Github\\Qingyu\\Qingyu_fronted\\src\\design-system\\other\\Affix\\Affix.vue:172:10\n    at E:\\Github\\Qingyu\\Qingyu_fronted\\node_modules\\@vue\\runtime-core\\dist\\runtime-core.cjs.js:2858:40\n    at callWithErrorHandling (E:\\Github\\Qingyu\\Qingyu_fronted\\node_modules\\@vue\\runtime-core\\dist\\runtime-core.cjs.js:200:19)\n    at callWithAsyncErrorHandling (E:\\Github\\Qingyu\\Qingyu_fronted\\node_modules\\@vue\\runtime-core\\dist\\runtime-core.cjs.js:207:17)\n    at hook.__weh.hook.__weh (E:\\Github\\Qingyu\\Qingyu_fronted\\node_modules\\@vue\\runtime-core\\dist\\runtime-core.cjs.js:2838:19)\n    at flushPostFlushCbs (E:\\Github\\Qingyu\\Qingyu_fronted\\node_modules\\@vue\\runtime-core\\dist\\runtime-core.cjs.js:382:28)\n    at render (E:\\Github\\Qingyu\\Qingyu_fronted\\node_modules\\@vue\\runtime-core\\dist\\runtime-core.cjs.js:6016:7)\n    at Object.unmount (E:\\Github\\Qingyu\\Qingyu_fronted\\node_modules\\@vue\\runtime-core\\dist\\runtime-core.cjs.js:4014:11)\n    at VueWrapper.unmount (E:\\Github\\Qingyu\\Qingyu_fronted\\node_modules\\@vue\\test-utils\\dist\\vue-test-utils.cjs.js:7791:20)\n    at E:\\Github\\Qingyu\\Qingyu_fronted\\tests\\unit\\design-system\\other\\Affix.test.ts:44:15"],"meta":{}},{"ancestorTitles":["Affix 组件","target 属性"],"fullName":"Affix 组件 target 属性 target 变化时应该重新绑定滚动监听","status":"failed","title":"target 变化时应该重新绑定滚动监听","duration":8.494800000000396,"failureMessages":["TypeError: Cannot read properties of null (reading '$parent')\n    at VueWrapper.setProps (E:\\Github\\Qingyu\\Qingyu_fronted\\node_modules\\@vue\\test-utils\\dist\\vue-test-utils.cjs.js:7771:21)\n    at E:\\Github\\Qingyu\\Qingyu_fronted\\tests\\unit\\design-system\\other\\Affix.test.ts:346:21\n    at file:///E:/Github/Qingyu/Qingyu_fronted/node_modules/@vitest/runner/dist/index.js:146:14\n    at file:///E:/Github/Qingyu/Qingyu_fronted/node_modules/@vitest/runner/dist/index.js:533:11\n    at runWithTimeout (file:///E:/Github/Qingyu/Qingyu_fronted/node_modules/@vitest/runner/dist/index.js:39:7)\n    at runTest (file:///E:/Github/Qingyu/Qingyu_fronted/node_modules/@vitest/runner/dist/index.js:1056:17)\n    at processTicksAndRejections (node:internal/process/task_queues:105:5)\n    at runSuite (file:///E:/Github/Qingyu/Qingyu_fronted/node_modules/@vitest/runner/dist/index.js:1205:15)\n    at runSuite (file:///E:/Github/Qingyu/Qingyu_fronted/node_modules/@vitest/runner/dist/index.js:1205:15)\n    at runSuite (file:///E:/Github/Qingyu/Qingyu_fronted/node_modules/@vitest/runner/dist/index.js:1205:15)","TypeError: Cannot read properties of null (reading '$')\n    at removeEventHistory (E:\\Github\\Qingyu\\Qingyu_fronted\\node_modules\\@vue\\test-utils\\dist\\vue-test-utils.cjs.js:7555:18)\n    at VueWrapper.unmount (E:\\Github\\Qingyu\\Qingyu_fronted\\node_modules\\@vue\\test-utils\\dist\\vue-test-utils.cjs.js:7788:9)\n    at E:\\Github\\Qingyu\\Qingyu_fronted\\tests\\unit\\design-system\\other\\Affix.test.ts:44:15\n    at file:///E:/Github/Qingyu/Qingyu_fronted/node_modules/@vitest/runner/dist/index.js:146:14\n    at runWithTimeout (file:///E:/Github/Qingyu/Qingyu_fronted/node_modules/@vitest/runner/dist/index.js:39:7)\n    at callSuiteHook (file:///E:/Github/Qingyu/Qingyu_fronted/node_modules/@vitest/runner/dist/index.js:964:28)\n    at callSuiteHook (file:///E:/Github/Qingyu/Qingyu_fronted/node_modules/@vitest/runner/dist/index.js:970:16)\n    at runTest (file:///E:/Github/Qingyu/Qingyu_fronted/node_modules/@vitest/runner/dist/index.js:1085:15)\n    at processTicksAndRejections (node:internal/process/task_queues:105:5)\n    at runSuite (file:///E:/Github/Qingyu/Qingyu_fronted/node_modules/@vitest/runner/dist/index.js:1205:15)"],"meta":{}},{"ancestorTitles":["Affix 组件","样式计算"],"fullName":"Affix 组件 样式计算 未固定时不应该应用 fixed 类","status":"failed","title":"未固定时不应该应用 fixed 类","duration":8.447400000000016,"failureMessages":["TypeError: Cannot read properties of null (reading '$')\n    at VueWrapper.getRootNodes (E:\\Github\\Qingyu\\Qingyu_fronted\\node_modules\\@vue\\test-utils\\dist\\vue-test-utils.cjs.js:7679:37)\n    at VueWrapper.BaseWrapper.findAllDOMElements (E:\\Github\\Qingyu\\Qingyu_fronted\\node_modules\\@vue\\test-utils\\dist\\vue-test-utils.cjs.js:7161:37)\n    at VueWrapper.findAll (E:\\Github\\Qingyu\\Qingyu_fronted\\node_modules\\@vue\\test-utils\\dist\\vue-test-utils.cjs.js:7695:21)\n    at VueWrapper.BaseWrapper.find (E:\\Github\\Qingyu\\Qingyu_fronted\\node_modules\\@vue\\test-utils\\dist\\vue-test-utils.cjs.js:7188:29)\n    at E:\\Github\\Qingyu\\Qingyu_fronted\\tests\\unit\\design-system\\other\\Affix.test.ts:361:36\n    at file:///E:/Github/Qingyu/Qingyu_fronted/node_modules/@vitest/runner/dist/index.js:146:14\n    at file:///E:/Github/Qingyu/Qingyu_fronted/node_modules/@vitest/runner/dist/index.js:533:11\n    at runWithTimeout (file:///E:/Github/Qingyu/Qingyu_fronted/node_modules/@vitest/runner/dist/index.js:39:7)\n    at runTest (file:///E:/Github/Qingyu/Qingyu_fronted/node_modules/@vitest/runner/dist/index.js:1056:17)\n    at processTicksAndRejections (node:internal/process/task_queues:105:5)","TypeError: Cannot read properties of null (reading '$')\n    at removeEventHistory (E:\\Github\\Qingyu\\Qingyu_fronted\\node_modules\\@vue\\test-utils\\dist\\vue-test-utils.cjs.js:7555:18)\n    at VueWrapper.unmount (E:\\Github\\Qingyu\\Qingyu_fronted\\node_modules\\@vue\\test-utils\\dist\\vue-test-utils.cjs.js:7788:9)\n    at E:\\Github\\Qingyu\\Qingyu_fronted\\tests\\unit\\design-system\\other\\Affix.test.ts:44:15\n    at file:///E:/Github/Qingyu/Qingyu_fronted/node_modules/@vitest/runner/dist/index.js:146:14\n    at runWithTimeout (file:///E:/Github/Qingyu/Qingyu_fronted/node_modules/@vitest/runner/dist/index.js:39:7)\n    at callSuiteHook (file:///E:/Github/Qingyu/Qingyu_fronted/node_modules/@vitest/runner/dist/index.js:964:28)\n    at callSuiteHook (file:///E:/Github/Qingyu/Qingyu_fronted/node_modules/@vitest/runner/dist/index.js:970:16)\n    at runTest (file:///E:/Github/Qingyu/Qingyu_fronted/node_modules/@vitest/runner/dist/index.js:1085:15)\n    at processTicksAndRejections (node:internal/process/task_queues:105:5)\n    at runSuite (file:///E:/Github/Qingyu/Qingyu_fronted/node_modules/@vitest/runner/dist/index.js:1205:15)"],"meta":{}},{"ancestorTitles":["Affix 组件","样式计算"],"fullName":"Affix 组件 样式计算 固定时应该应用 fixed 类","status":"failed","title":"固定时应该应用 fixed 类","duration":4.7465000000001965,"failureMessages":["TypeError: Cannot read properties of null (reading 'state')\n    at E:\\Github\\Qingyu\\Qingyu_fronted\\tests\\unit\\design-system\\other\\Affix.test.ts:373:18\n    at file:///E:/Github/Qingyu/Qingyu_fronted/node_modules/@vitest/runner/dist/index.js:146:14\n    at file:///E:/Github/Qingyu/Qingyu_fronted/node_modules/@vitest/runner/dist/index.js:533:11\n    at runWithTimeout (file:///E:/Github/Qingyu/Qingyu_fronted/node_modules/@vitest/runner/dist/index.js:39:7)\n    at runTest (file:///E:/Github/Qingyu/Qingyu_fronted/node_modules/@vitest/runner/dist/index.js:1056:17)\n    at processTicksAndRejections (node:internal/process/task_queues:105:5)\n    at runSuite (file:///E:/Github/Qingyu/Qingyu_fronted/node_modules/@vitest/runner/dist/index.js:1205:15)\n    at runSuite (file:///E:/Github/Qingyu/Qingyu_fronted/node_modules/@vitest/runner/dist/index.js:1205:15)\n    at runSuite (file:///E:/Github/Qingyu/Qingyu_fronted/node_modules/@vitest/runner/dist/index.js:1205:15)\n    at runFiles (file:///E:/Github/Qingyu/Qingyu_fronted/node_modules/@vitest/runner/dist/index.js:1262:5)","TypeError: Cannot read properties of null (reading '$')\n    at removeEventHistory (E:\\Github\\Qingyu\\Qingyu_fronted\\node_modules\\@vue\\test-utils\\dist\\vue-test-utils.cjs.js:7555:18)\n    at VueWrapper.unmount (E:\\Github\\Qingyu\\Qingyu_fronted\\node_modules\\@vue\\test-utils\\dist\\vue-test-utils.cjs.js:7788:9)\n    at E:\\Github\\Qingyu\\Qingyu_fronted\\tests\\unit\\design-system\\other\\Affix.test.ts:44:15\n    at file:///E:/Github/Qingyu/Qingyu_fronted/node_modules/@vitest/runner/dist/index.js:146:14\n    at runWithTimeout (file:///E:/Github/Qingyu/Qingyu_fronted/node_modules/@vitest/runner/dist/index.js:39:7)\n    at callSuiteHook (file:///E:/Github/Qingyu/Qingyu_fronted/node_modules/@vitest/runner/dist/index.js:964:28)\n    at callSuiteHook (file:///E:/Github/Qingyu/Qingyu_fronted/node_modules/@vitest/runner/dist/index.js:970:16)\n    at runTest (file:///E:/Github/Qingyu/Qingyu_fronted/node_modules/@vitest/runner/dist/index.js:1085:15)\n    at processTicksAndRejections (node:internal/process/task_queues:105:5)\n    at runSuite (file:///E:/Github/Qingyu/Qingyu_fronted/node_modules/@vitest/runner/dist/index.js:1205:15)"],"meta":{}},{"ancestorTitles":["Affix 组件","样式计算"],"fullName":"Affix 组件 样式计算 应该应用自定义 class","status":"failed","title":"应该应用自定义 class","duration":6.5776999999998225,"failureMessages":["TypeError: Cannot read properties of null (reading '$')\n    at VueWrapper.getRootNodes (E:\\Github\\Qingyu\\Qingyu_fronted\\node_modules\\@vue\\test-utils\\dist\\vue-test-utils.cjs.js:7679:37)\n    at VueWrapper.BaseWrapper.findAllDOMElements (E:\\Github\\Qingyu\\Qingyu_fronted\\node_modules\\@vue\\test-utils\\dist\\vue-test-utils.cjs.js:7161:37)\n    at VueWrapper.findAll (E:\\Github\\Qingyu\\Qingyu_fronted\\node_modules\\@vue\\test-utils\\dist\\vue-test-utils.cjs.js:7695:21)\n    at VueWrapper.BaseWrapper.find (E:\\Github\\Qingyu\\Qingyu_fronted\\node_modules\\@vue\\test-utils\\dist\\vue-test-utils.cjs.js:7188:29)\n    at E:\\Github\\Qingyu\\Qingyu_fronted\\tests\\unit\\design-system\\other\\Affix.test.ts:390:36\n    at file:///E:/Github/Qingyu/Qingyu_fronted/node_modules/@vitest/runner/dist/index.js:146:14\n    at file:///E:/Github/Qingyu/Qingyu_fronted/node_modules/@vitest/runner/dist/index.js:533:11\n    at runWithTimeout (file:///E:/Github/Qingyu/Qingyu_fronted/node_modules/@vitest/runner/dist/index.js:39:7)\n    at runTest (file:///E:/Github/Qingyu/Qingyu_fronted/node_modules/@vitest/runner/dist/index.js:1056:17)\n    at processTicksAndRejections (node:internal/process/task_queues:105:5)","TypeError: Cannot read properties of null (reading '$')\n    at removeEventHistory (E:\\Github\\Qingyu\\Qingyu_fronted\\node_modules\\@vue\\test-utils\\dist\\vue-test-utils.cjs.js:7555:18)\n    at VueWrapper.unmount (E:\\Github\\Qingyu\\Qingyu_fronted\\node_modules\\@vue\\test-utils\\dist\\vue-test-utils.cjs.js:7788:9)\n    at E:\\Github\\Qingyu\\Qingyu_fronted\\tests\\unit\\design-system\\other\\Affix.test.ts:44:15\n    at file:///E:/Github/Qingyu/Qingyu_fronted/node_modules/@vitest/runner/dist/index.js:146:14\n    at runWithTimeout (file:///E:/Github/Qingyu/Qingyu_fronted/node_modules/@vitest/runner/dist/index.js:39:7)\n    at callSuiteHook (file:///E:/Github/Qingyu/Qingyu_fronted/node_modules/@vitest/runner/dist/index.js:964:28)\n    at callSuiteHook (file:///E:/Github/Qingyu/Qingyu_fronted/node_modules/@vitest/runner/dist/index.js:970:16)\n    at runTest (file:///E:/Github/Qingyu/Qingyu_fronted/node_modules/@vitest/runner/dist/index.js:1085:15)\n    at processTicksAndRejections (node:internal/process/task_queues:105:5)\n    at runSuite (file:///E:/Github/Qingyu/Qingyu_fronted/node_modules/@vitest/runner/dist/index.js:1205:15)"],"meta":{}},{"ancestorTitles":["Affix 组件","样式计算"],"fullName":"Affix 组件 样式计算 应该应用自定义 style","status":"failed","title":"应该应用自定义 style","duration":5.15270000000055,"failureMessages":["TypeError: Cannot read properties of null (reading '$')\n    at VueWrapper.getRootNodes (E:\\Github\\Qingyu\\Qingyu_fronted\\node_modules\\@vue\\test-utils\\dist\\vue-test-utils.cjs.js:7679:37)\n    at VueWrapper.BaseWrapper.findAllDOMElements (E:\\Github\\Qingyu\\Qingyu_fronted\\node_modules\\@vue\\test-utils\\dist\\vue-test-utils.cjs.js:7161:37)\n    at VueWrapper.findAll (E:\\Github\\Qingyu\\Qingyu_fronted\\node_modules\\@vue\\test-utils\\dist\\vue-test-utils.cjs.js:7695:21)\n    at VueWrapper.BaseWrapper.find (E:\\Github\\Qingyu\\Qingyu_fronted\\node_modules\\@vue\\test-utils\\dist\\vue-test-utils.cjs.js:7188:29)\n    at E:\\Github\\Qingyu\\Qingyu_fronted\\tests\\unit\\design-system\\other\\Affix.test.ts:404:36\n    at file:///E:/Github/Qingyu/Qingyu_fronted/node_modules/@vitest/runner/dist/index.js:146:14\n    at file:///E:/Github/Qingyu/Qingyu_fronted/node_modules/@vitest/runner/dist/index.js:533:11\n    at runWithTimeout (file:///E:/Github/Qingyu/Qingyu_fronted/node_modules/@vitest/runner/dist/index.js:39:7)\n    at runTest (file:///E:/Github/Qingyu/Qingyu_fronted/node_modules/@vitest/runner/dist/index.js:1056:17)\n    at processTicksAndRejections (node:internal/process/task_queues:105:5)","TypeError: Cannot read properties of null (reading '$')\n    at removeEventHistory (E:\\Github\\Qingyu\\Qingyu_fronted\\node_modules\\@vue\\test-utils\\dist\\vue-test-utils.cjs.js:7555:18)\n    at VueWrapper.unmount (E:\\Github\\Qingyu\\Qingyu_fronted\\node_modules\\@vue\\test-utils\\dist\\vue-test-utils.cjs.js:7788:9)\n    at E:\\Github\\Qingyu\\Qingyu_fronted\\tests\\unit\\design-system\\other\\Affix.test.ts:44:15\n    at file:///E:/Github/Qingyu/Qingyu_fronted/node_modules/@vitest/runner/dist/index.js:146:14\n    at runWithTimeout (file:///E:/Github/Qingyu/Qingyu_fronted/node_modules/@vitest/runner/dist/index.js:39:7)\n    at callSuiteHook (file:///E:/Github/Qingyu/Qingyu_fronted/node_modules/@vitest/runner/dist/index.js:964:28)\n    at callSuiteHook (file:///E:/Github/Qingyu/Qingyu_fronted/node_modules/@vitest/runner/dist/index.js:970:16)\n    at runTest (file:///E:/Github/Qingyu/Qingyu_fronted/node_modules/@vitest/runner/dist/index.js:1085:15)\n    at processTicksAndRejections (node:internal/process/task_queues:105:5)\n    at runSuite (file:///E:/Github/Qingyu/Qingyu_fronted/node_modules/@vitest/runner/dist/index.js:1205:15)"],"meta":{}},{"ancestorTitles":["Affix 组件","固定样式"],"fullName":"Affix 组件 固定样式 position 为 top 时应该设置 top 样式","status":"failed","title":"position 为 top 时应该设置 top 样式","duration":8.022200000000339,"failureMessages":["TypeError: Cannot read properties of null (reading 'state')\n    at E:\\Github\\Qingyu\\Qingyu_fronted\\tests\\unit\\design-system\\other\\Affix.test.ts:421:18\n    at file:///E:/Github/Qingyu/Qingyu_fronted/node_modules/@vitest/runner/dist/index.js:146:14\n    at file:///E:/Github/Qingyu/Qingyu_fronted/node_modules/@vitest/runner/dist/index.js:533:11\n    at runWithTimeout (file:///E:/Github/Qingyu/Qingyu_fronted/node_modules/@vitest/runner/dist/index.js:39:7)\n    at runTest (file:///E:/Github/Qingyu/Qingyu_fronted/node_modules/@vitest/runner/dist/index.js:1056:17)\n    at processTicksAndRejections (node:internal/process/task_queues:105:5)\n    at runSuite (file:///E:/Github/Qingyu/Qingyu_fronted/node_modules/@vitest/runner/dist/index.js:1205:15)\n    at runSuite (file:///E:/Github/Qingyu/Qingyu_fronted/node_modules/@vitest/runner/dist/index.js:1205:15)\n    at runSuite (file:///E:/Github/Qingyu/Qingyu_fronted/node_modules/@vitest/runner/dist/index.js:1205:15)\n    at runFiles (file:///E:/Github/Qingyu/Qingyu_fronted/node_modules/@vitest/runner/dist/index.js:1262:5)","TypeError: Cannot read properties of null (reading '$')\n    at removeEventHistory (E:\\Github\\Qingyu\\Qingyu_fronted\\node_modules\\@vue\\test-utils\\dist\\vue-test-utils.cjs.js:7555:18)\n    at VueWrapper.unmount (E:\\Github\\Qingyu\\Qingyu_fronted\\node_modules\\@vue\\test-utils\\dist\\vue-test-utils.cjs.js:7788:9)\n    at E:\\Github\\Qingyu\\Qingyu_fronted\\tests\\unit\\design-system\\other\\Affix.test.ts:44:15\n    at file:///E:/Github/Qingyu/Qingyu_fronted/node_modules/@vitest/runner/dist/index.js:146:14\n    at runWithTimeout (file:///E:/Github/Qingyu/Qingyu_fronted/node_modules/@vitest/runner/dist/index.js:39:7)\n    at callSuiteHook (file:///E:/Github/Qingyu/Qingyu_fronted/node_modules/@vitest/runner/dist/index.js:964:28)\n    at callSuiteHook (file:///E:/Github/Qingyu/Qingyu_fronted/node_modules/@vitest/runner/dist/index.js:970:16)\n    at runTest (file:///E:/Github/Qingyu/Qingyu_fronted/node_modules/@vitest/runner/dist/index.js:1085:15)\n    at processTicksAndRejections (node:internal/process/task_queues:105:5)\n    at runSuite (file:///E:/Github/Qingyu/Qingyu_fronted/node_modules/@vitest/runner/dist/index.js:1205:15)"],"meta":{}},{"ancestorTitles":["Affix 组件","固定样式"],"fullName":"Affix 组件 固定样式 position 为 bottom 时应该设置 bottom 样式","status":"failed","title":"position 为 bottom 时应该设置 bottom 样式","duration":6.588300000000345,"failureMessages":["TypeError: Cannot read properties of null (reading 'state')\n    at E:\\Github\\Qingyu\\Qingyu_fronted\\tests\\unit\\design-system\\other\\Affix.test.ts:440:18\n    at file:///E:/Github/Qingyu/Qingyu_fronted/node_modules/@vitest/runner/dist/index.js:146:14\n    at file:///E:/Github/Qingyu/Qingyu_fronted/node_modules/@vitest/runner/dist/index.js:533:11\n    at runWithTimeout (file:///E:/Github/Qingyu/Qingyu_fronted/node_modules/@vitest/runner/dist/index.js:39:7)\n    at runTest (file:///E:/Github/Qingyu/Qingyu_fronted/node_modules/@vitest/runner/dist/index.js:1056:17)\n    at processTicksAndRejections (node:internal/process/task_queues:105:5)\n    at runSuite (file:///E:/Github/Qingyu/Qingyu_fronted/node_modules/@vitest/runner/dist/index.js:1205:15)\n    at runSuite (file:///E:/Github/Qingyu/Qingyu_fronted/node_modules/@vitest/runner/dist/index.js:1205:15)\n    at runSuite (file:///E:/Github/Qingyu/Qingyu_fronted/node_modules/@vitest/runner/dist/index.js:1205:15)\n    at runFiles (file:///E:/Github/Qingyu/Qingyu_fronted/node_modules/@vitest/runner/dist/index.js:1262:5)","TypeError: Cannot read properties of null (reading '$')\n    at removeEventHistory (E:\\Github\\Qingyu\\Qingyu_fronted\\node_modules\\@vue\\test-utils\\dist\\vue-test-utils.cjs.js:7555:18)\n    at VueWrapper.unmount (E:\\Github\\Qingyu\\Qingyu_fronted\\node_modules\\@vue\\test-utils\\dist\\vue-test-utils.cjs.js:7788:9)\n    at E:\\Github\\Qingyu\\Qingyu_fronted\\tests\\unit\\design-system\\other\\Affix.test.ts:44:15\n    at file:///E:/Github/Qingyu/Qingyu_fronted/node_modules/@vitest/runner/dist/index.js:146:14\n    at runWithTimeout (file:///E:/Github/Qingyu/Qingyu_fronted/node_modules/@vitest/runner/dist/index.js:39:7)\n    at callSuiteHook (file:///E:/Github/Qingyu/Qingyu_fronted/node_modules/@vitest/runner/dist/index.js:964:28)\n    at callSuiteHook (file:///E:/Github/Qingyu/Qingyu_fronted/node_modules/@vitest/runner/dist/index.js:970:16)\n    at runTest (file:///E:/Github/Qingyu/Qingyu_fronted/node_modules/@vitest/runner/dist/index.js:1085:15)\n    at processTicksAndRejections (node:internal/process/task_queues:105:5)\n    at runSuite (file:///E:/Github/Qingyu/Qingyu_fronted/node_modules/@vitest/runner/dist/index.js:1205:15)"],"meta":{}},{"ancestorTitles":["Affix 组件","固定样式"],"fullName":"Affix 组件 固定样式 固定时应该保持宽度","status":"failed","title":"固定时应该保持宽度","duration":14.126800000000003,"failureMessages":["TypeError: Cannot read properties of null (reading 'state')\n    at E:\\Github\\Qingyu\\Qingyu_fronted\\tests\\unit\\design-system\\other\\Affix.test.ts:459:18\n    at file:///E:/Github/Qingyu/Qingyu_fronted/node_modules/@vitest/runner/dist/index.js:146:14\n    at file:///E:/Github/Qingyu/Qingyu_fronted/node_modules/@vitest/runner/dist/index.js:533:11\n    at runWithTimeout (file:///E:/Github/Qingyu/Qingyu_fronted/node_modules/@vitest/runner/dist/index.js:39:7)\n    at runTest (file:///E:/Github/Qingyu/Qingyu_fronted/node_modules/@vitest/runner/dist/index.js:1056:17)\n    at processTicksAndRejections (node:internal/process/task_queues:105:5)\n    at runSuite (file:///E:/Github/Qingyu/Qingyu_fronted/node_modules/@vitest/runner/dist/index.js:1205:15)\n    at runSuite (file:///E:/Github/Qingyu/Qingyu_fronted/node_modules/@vitest/runner/dist/index.js:1205:15)\n    at runSuite (file:///E:/Github/Qingyu/Qingyu_fronted/node_modules/@vitest/runner/dist/index.js:1205:15)\n    at runFiles (file:///E:/Github/Qingyu/Qingyu_fronted/node_modules/@vitest/runner/dist/index.js:1262:5)","TypeError: Cannot read properties of null (reading '$')\n    at removeEventHistory (E:\\Github\\Qingyu\\Qingyu_fronted\\node_modules\\@vue\\test-utils\\dist\\vue-test-utils.cjs.js:7555:18)\n    at VueWrapper.unmount (E:\\Github\\Qingyu\\Qingyu_fronted\\node_modules\\@vue\\test-utils\\dist\\vue-test-utils.cjs.js:7788:9)\n    at E:\\Github\\Qingyu\\Qingyu_fronted\\tests\\unit\\design-system\\other\\Affix.test.ts:44:15\n    at file:///E:/Github/Qingyu/Qingyu_fronted/node_modules/@vitest/runner/dist/index.js:146:14\n    at runWithTimeout (file:///E:/Github/Qingyu/Qingyu_fronted/node_modules/@vitest/runner/dist/index.js:39:7)\n    at callSuiteHook (file:///E:/Github/Qingyu/Qingyu_fronted/node_modules/@vitest/runner/dist/index.js:964:28)\n    at callSuiteHook (file:///E:/Github/Qingyu/Qingyu_fronted/node_modules/@vitest/runner/dist/index.js:970:16)\n    at runTest (file:///E:/Github/Qingyu/Qingyu_fronted/node_modules/@vitest/runner/dist/index.js:1085:15)\n    at processTicksAndRejections (node:internal/process/task_queues:105:5)\n    at runSuite (file:///E:/Github/Qingyu/Qingyu_fronted/node_modules/@vitest/runner/dist/index.js:1205:15)"],"meta":{}},{"ancestorTitles":["Affix 组件","暴露方法"],"fullName":"Affix 组件 暴露方法 应该暴露 isFixed 状态","status":"failed","title":"应该暴露 isFixed 状态","duration":7.462999999999738,"failureMessages":["TypeError: Cannot read properties of null (reading 'isFixed')\n    at E:\\Github\\Qingyu\\Qingyu_fronted\\tests\\unit\\design-system\\other\\Affix.test.ts:476:25\n    at file:///E:/Github/Qingyu/Qingyu_fronted/node_modules/@vitest/runner/dist/index.js:146:14\n    at file:///E:/Github/Qingyu/Qingyu_fronted/node_modules/@vitest/runner/dist/index.js:533:11\n    at runWithTimeout (file:///E:/Github/Qingyu/Qingyu_fronted/node_modules/@vitest/runner/dist/index.js:39:7)\n    at runTest (file:///E:/Github/Qingyu/Qingyu_fronted/node_modules/@vitest/runner/dist/index.js:1056:17)\n    at processTicksAndRejections (node:internal/process/task_queues:105:5)\n    at runSuite (file:///E:/Github/Qingyu/Qingyu_fronted/node_modules/@vitest/runner/dist/index.js:1205:15)\n    at runSuite (file:///E:/Github/Qingyu/Qingyu_fronted/node_modules/@vitest/runner/dist/index.js:1205:15)\n    at runSuite (file:///E:/Github/Qingyu/Qingyu_fronted/node_modules/@vitest/runner/dist/index.js:1205:15)\n    at runFiles (file:///E:/Github/Qingyu/Qingyu_fronted/node_modules/@vitest/runner/dist/index.js:1262:5)","TypeError: Cannot read properties of null (reading '$')\n    at removeEventHistory (E:\\Github\\Qingyu\\Qingyu_fronted\\node_modules\\@vue\\test-utils\\dist\\vue-test-utils.cjs.js:7555:18)\n    at VueWrapper.unmount (E:\\Github\\Qingyu\\Qingyu_fronted\\node_modules\\@vue\\test-utils\\dist\\vue-test-utils.cjs.js:7788:9)\n    at E:\\Github\\Qingyu\\Qingyu_fronted\\tests\\unit\\design-system\\other\\Affix.test.ts:44:15\n    at file:///E:/Github/Qingyu/Qingyu_fronted/node_modules/@vitest/runner/dist/index.js:146:14\n    at runWithTimeout (file:///E:/Github/Qingyu/Qingyu_fronted/node_modules/@vitest/runner/dist/index.js:39:7)\n    at callSuiteHook (file:///E:/Github/Qingyu/Qingyu_fronted/node_modules/@vitest/runner/dist/index.js:964:28)\n    at callSuiteHook (file:///E:/Github/Qingyu/Qingyu_fronted/node_modules/@vitest/runner/dist/index.js:970:16)\n    at runTest (file:///E:/Github/Qingyu/Qingyu_fronted/node_modules/@vitest/runner/dist/index.js:1085:15)\n    at processTicksAndRejections (node:internal/process/task_queues:105:5)\n    at runSuite (file:///E:/Github/Qingyu/Qingyu_fronted/node_modules/@vitest/runner/dist/index.js:1205:15)"],"meta":{}},{"ancestorTitles":["Affix 组件","暴露方法"],"fullName":"Affix 组件 暴露方法 应该暴露 checkFixed 方法","status":"failed","title":"应该暴露 checkFixed 方法","duration":4.636599999999817,"failureMessages":["TypeError: Cannot read properties of null (reading 'checkFixed')\n    at E:\\Github\\Qingyu\\Qingyu_fronted\\tests\\unit\\design-system\\other\\Affix.test.ts:487:25\n    at file:///E:/Github/Qingyu/Qingyu_fronted/node_modules/@vitest/runner/dist/index.js:146:14\n    at file:///E:/Github/Qingyu/Qingyu_fronted/node_modules/@vitest/runner/dist/index.js:533:11\n    at runWithTimeout (file:///E:/Github/Qingyu/Qingyu_fronted/node_modules/@vitest/runner/dist/index.js:39:7)\n    at runTest (file:///E:/Github/Qingyu/Qingyu_fronted/node_modules/@vitest/runner/dist/index.js:1056:17)\n    at processTicksAndRejections (node:internal/process/task_queues:105:5)\n    at runSuite (file:///E:/Github/Qingyu/Qingyu_fronted/node_modules/@vitest/runner/dist/index.js:1205:15)\n    at runSuite (file:///E:/Github/Qingyu/Qingyu_fronted/node_modules/@vitest/runner/dist/index.js:1205:15)\n    at runSuite (file:///E:/Github/Qingyu/Qingyu_fronted/node_modules/@vitest/runner/dist/index.js:1205:15)\n    at runFiles (file:///E:/Github/Qingyu/Qingyu_fronted/node_modules/@vitest/runner/dist/index.js:1262:5)","TypeError: Cannot read properties of null (reading '$')\n    at removeEventHistory (E:\\Github\\Qingyu\\Qingyu_fronted\\node_modules\\@vue\\test-utils\\dist\\vue-test-utils.cjs.js:7555:18)\n    at VueWrapper.unmount (E:\\Github\\Qingyu\\Qingyu_fronted\\node_modules\\@vue\\test-utils\\dist\\vue-test-utils.cjs.js:7788:9)\n    at E:\\Github\\Qingyu\\Qingyu_fronted\\tests\\unit\\design-system\\other\\Affix.test.ts:44:15\n    at file:///E:/Github/Qingyu/Qingyu_fronted/node_modules/@vitest/runner/dist/index.js:146:14\n    at runWithTimeout (file:///E:/Github/Qingyu/Qingyu_fronted/node_modules/@vitest/runner/dist/index.js:39:7)\n    at callSuiteHook (file:///E:/Github/Qingyu/Qingyu_fronted/node_modules/@vitest/runner/dist/index.js:964:28)\n    at callSuiteHook (file:///E:/Github/Qingyu/Qingyu_fronted/node_modules/@vitest/runner/dist/index.js:970:16)\n    at runTest (file:///E:/Github/Qingyu/Qingyu_fronted/node_modules/@vitest/runner/dist/index.js:1085:15)\n    at processTicksAndRejections (node:internal/process/task_queues:105:5)\n    at runSuite (file:///E:/Github/Qingyu/Qingyu_fronted/node_modules/@vitest/runner/dist/index.js:1205:15)"],"meta":{}},{"ancestorTitles":["Affix 组件","暴露方法"],"fullName":"Affix 组件 暴露方法 调用 checkFixed 应该检查固定状态","status":"failed","title":"调用 checkFixed 应该检查固定状态","duration":10.247000000000298,"failureMessages":["AssertionError: expected [Function] to not throw an error but 'TypeError: Cannot read properties of …' was thrown\n    at Proxy.<anonymous> (file:///E:/Github/Qingyu/Qingyu_fronted/node_modules/@vitest/expect/dist/index.js:1509:21)\n    at Proxy.<anonymous> (file:///E:/Github/Qingyu/Qingyu_fronted/node_modules/@vitest/expect/dist/index.js:972:17)\n    at Proxy.methodWrapper (file:///E:/Github/Qingyu/Qingyu_fronted/node_modules/chai/index.js:1686:25)\n    at E:\\Github\\Qingyu\\Qingyu_fronted\\tests\\unit\\design-system\\other\\Affix.test.ts:499:49\n    at file:///E:/Github/Qingyu/Qingyu_fronted/node_modules/@vitest/runner/dist/index.js:146:14\n    at file:///E:/Github/Qingyu/Qingyu_fronted/node_modules/@vitest/runner/dist/index.js:533:11\n    at runWithTimeout (file:///E:/Github/Qingyu/Qingyu_fronted/node_modules/@vitest/runner/dist/index.js:39:7)\n    at runTest (file:///E:/Github/Qingyu/Qingyu_fronted/node_modules/@vitest/runner/dist/index.js:1056:17)\n    at processTicksAndRejections (node:internal/process/task_queues:105:5)\n    at runSuite (file:///E:/Github/Qingyu/Qingyu_fronted/node_modules/@vitest/runner/dist/index.js:1205:15)","TypeError: Cannot read properties of null (reading '$')\n    at removeEventHistory (E:\\Github\\Qingyu\\Qingyu_fronted\\node_modules\\@vue\\test-utils\\dist\\vue-test-utils.cjs.js:7555:18)\n    at VueWrapper.unmount (E:\\Github\\Qingyu\\Qingyu_fronted\\node_modules\\@vue\\test-utils\\dist\\vue-test-utils.cjs.js:7788:9)\n    at E:\\Github\\Qingyu\\Qingyu_fronted\\tests\\unit\\design-system\\other\\Affix.test.ts:44:15\n    at file:///E:/Github/Qingyu/Qingyu_fronted/node_modules/@vitest/runner/dist/index.js:146:14\n    at runWithTimeout (file:///E:/Github/Qingyu/Qingyu_fronted/node_modules/@vitest/runner/dist/index.js:39:7)\n    at callSuiteHook (file:///E:/Github/Qingyu/Qingyu_fronted/node_modules/@vitest/runner/dist/index.js:964:28)\n    at callSuiteHook (file:///E:/Github/Qingyu/Qingyu_fronted/node_modules/@vitest/runner/dist/index.js:970:16)\n    at runTest (file:///E:/Github/Qingyu/Qingyu_fronted/node_modules/@vitest/runner/dist/index.js:1085:15)\n    at processTicksAndRejections (node:internal/process/task_queues:105:5)\n    at runSuite (file:///E:/Github/Qingyu/Qingyu_fronted/node_modules/@vitest/runner/dist/index.js:1205:15)"],"meta":{}},{"ancestorTitles":["Affix 组件","插槽"],"fullName":"Affix 组件 插槽 应该渲染默认插槽内容","status":"failed","title":"应该渲染默认插槽内容","duration":30.245699999999488,"failureMessages":["TypeError: Cannot read properties of null (reading '$')\n    at VueWrapper.getRootNodes (E:\\Github\\Qingyu\\Qingyu_fronted\\node_modules\\@vue\\test-utils\\dist\\vue-test-utils.cjs.js:7679:37)\n    at VueWrapper.BaseWrapper.findAllDOMElements (E:\\Github\\Qingyu\\Qingyu_fronted\\node_modules\\@vue\\test-utils\\dist\\vue-test-utils.cjs.js:7161:37)\n    at VueWrapper.findAll (E:\\Github\\Qingyu\\Qingyu_fronted\\node_modules\\@vue\\test-utils\\dist\\vue-test-utils.cjs.js:7695:21)\n    at VueWrapper.BaseWrapper.find (E:\\Github\\Qingyu\\Qingyu_fronted\\node_modules\\@vue\\test-utils\\dist\\vue-test-utils.cjs.js:7188:29)\n    at E:\\Github\\Qingyu\\Qingyu_fronted\\tests\\unit\\design-system\\other\\Affix.test.ts:511:37\n    at file:///E:/Github/Qingyu/Qingyu_fronted/node_modules/@vitest/runner/dist/index.js:146:14\n    at file:///E:/Github/Qingyu/Qingyu_fronted/node_modules/@vitest/runner/dist/index.js:533:11\n    at runWithTimeout (file:///E:/Github/Qingyu/Qingyu_fronted/node_modules/@vitest/runner/dist/index.js:39:7)\n    at runTest (file:///E:/Github/Qingyu/Qingyu_fronted/node_modules/@vitest/runner/dist/index.js:1056:17)\n    at processTicksAndRejections (node:internal/process/task_queues:105:5)","TypeError: Cannot read properties of null (reading '$')\n    at removeEventHistory (E:\\Github\\Qingyu\\Qingyu_fronted\\node_modules\\@vue\\test-utils\\dist\\vue-test-utils.cjs.js:7555:18)\n    at VueWrapper.unmount (E:\\Github\\Qingyu\\Qingyu_fronted\\node_modules\\@vue\\test-utils\\dist\\vue-test-utils.cjs.js:7788:9)\n    at E:\\Github\\Qingyu\\Qingyu_fronted\\tests\\unit\\design-system\\other\\Affix.test.ts:44:15\n    at file:///E:/Github/Qingyu/Qingyu_fronted/node_modules/@vitest/runner/dist/index.js:146:14\n    at runWithTimeout (file:///E:/Github/Qingyu/Qingyu_fronted/node_modules/@vitest/runner/dist/index.js:39:7)\n    at callSuiteHook (file:///E:/Github/Qingyu/Qingyu_fronted/node_modules/@vitest/runner/dist/index.js:964:28)\n    at callSuiteHook (file:///E:/Github/Qingyu/Qingyu_fronted/node_modules/@vitest/runner/dist/index.js:970:16)\n    at runTest (file:///E:/Github/Qingyu/Qingyu_fronted/node_modules/@vitest/runner/dist/index.js:1085:15)\n    at processTicksAndRejections (node:internal/process/task_queues:105:5)\n    at runSuite (file:///E:/Github/Qingyu/Qingyu_fronted/node_modules/@vitest/runner/dist/index.js:1205:15)"],"meta":{}},{"ancestorTitles":["Affix 组件","插槽"],"fullName":"Affix 组件 插槽 应该渲染多个子元素","status":"failed","title":"应该渲染多个子元素","duration":13.920799999999872,"failureMessages":["TypeError: Cannot read properties of null (reading '$')\n    at VueWrapper.getRootNodes (E:\\Github\\Qingyu\\Qingyu_fronted\\node_modules\\@vue\\test-utils\\dist\\vue-test-utils.cjs.js:7679:37)\n    at VueWrapper.BaseWrapper.findAllDOMElements (E:\\Github\\Qingyu\\Qingyu_fronted\\node_modules\\@vue\\test-utils\\dist\\vue-test-utils.cjs.js:7161:37)\n    at VueWrapper.findAll (E:\\Github\\Qingyu\\Qingyu_fronted\\node_modules\\@vue\\test-utils\\dist\\vue-test-utils.cjs.js:7695:21)\n    at VueWrapper.BaseWrapper.find (E:\\Github\\Qingyu\\Qingyu_fronted\\node_modules\\@vue\\test-utils\\dist\\vue-test-utils.cjs.js:7188:29)\n    at E:\\Github\\Qingyu\\Qingyu_fronted\\tests\\unit\\design-system\\other\\Affix.test.ts:523:36\n    at file:///E:/Github/Qingyu/Qingyu_fronted/node_modules/@vitest/runner/dist/index.js:146:14\n    at file:///E:/Github/Qingyu/Qingyu_fronted/node_modules/@vitest/runner/dist/index.js:533:11\n    at runWithTimeout (file:///E:/Github/Qingyu/Qingyu_fronted/node_modules/@vitest/runner/dist/index.js:39:7)\n    at runTest (file:///E:/Github/Qingyu/Qingyu_fronted/node_modules/@vitest/runner/dist/index.js:1056:17)\n    at processTicksAndRejections (node:internal/process/task_queues:105:5)","TypeError: Cannot read properties of null (reading '$')\n    at removeEventHistory (E:\\Github\\Qingyu\\Qingyu_fronted\\node_modules\\@vue\\test-utils\\dist\\vue-test-utils.cjs.js:7555:18)\n    at VueWrapper.unmount (E:\\Github\\Qingyu\\Qingyu_fronted\\node_modules\\@vue\\test-utils\\dist\\vue-test-utils.cjs.js:7788:9)\n    at E:\\Github\\Qingyu\\Qingyu_fronted\\tests\\unit\\design-system\\other\\Affix.test.ts:44:15\n    at file:///E:/Github/Qingyu/Qingyu_fronted/node_modules/@vitest/runner/dist/index.js:146:14\n    at runWithTimeout (file:///E:/Github/Qingyu/Qingyu_fronted/node_modules/@vitest/runner/dist/index.js:39:7)\n    at callSuiteHook (file:///E:/Github/Qingyu/Qingyu_fronted/node_modules/@vitest/runner/dist/index.js:964:28)\n    at callSuiteHook (file:///E:/Github/Qingyu/Qingyu_fronted/node_modules/@vitest/runner/dist/index.js:970:16)\n    at runTest (file:///E:/Github/Qingyu/Qingyu_fronted/node_modules/@vitest/runner/dist/index.js:1085:15)\n    at processTicksAndRejections (node:internal/process/task_queues:105:5)\n    at runSuite (file:///E:/Github/Qingyu/Qingyu_fronted/node_modules/@vitest/runner/dist/index.js:1205:15)"],"meta":{}},{"ancestorTitles":["Affix 组件","响应式更新"],"fullName":"Affix 组件 响应式更新 offset 变化应该响应式更新","status":"failed","title":"offset 变化应该响应式更新","duration":8.449099999999817,"failureMessages":["TypeError: Cannot read properties of null (reading '$parent')\n    at VueWrapper.setProps (E:\\Github\\Qingyu\\Qingyu_fronted\\node_modules\\@vue\\test-utils\\dist\\vue-test-utils.cjs.js:7771:21)\n    at E:\\Github\\Qingyu\\Qingyu_fronted\\tests\\unit\\design-system\\other\\Affix.test.ts:538:21\n    at file:///E:/Github/Qingyu/Qingyu_fronted/node_modules/@vitest/runner/dist/index.js:146:14\n    at file:///E:/Github/Qingyu/Qingyu_fronted/node_modules/@vitest/runner/dist/index.js:533:11\n    at runWithTimeout (file:///E:/Github/Qingyu/Qingyu_fronted/node_modules/@vitest/runner/dist/index.js:39:7)\n    at runTest (file:///E:/Github/Qingyu/Qingyu_fronted/node_modules/@vitest/runner/dist/index.js:1056:17)\n    at processTicksAndRejections (node:internal/process/task_queues:105:5)\n    at runSuite (file:///E:/Github/Qingyu/Qingyu_fronted/node_modules/@vitest/runner/dist/index.js:1205:15)\n    at runSuite (file:///E:/Github/Qingyu/Qingyu_fronted/node_modules/@vitest/runner/dist/index.js:1205:15)\n    at runSuite (file:///E:/Github/Qingyu/Qingyu_fronted/node_modules/@vitest/runner/dist/index.js:1205:15)","TypeError: Cannot read properties of null (reading '$')\n    at removeEventHistory (E:\\Github\\Qingyu\\Qingyu_fronted\\node_modules\\@vue\\test-utils\\dist\\vue-test-utils.cjs.js:7555:18)\n    at VueWrapper.unmount (E:\\Github\\Qingyu\\Qingyu_fronted\\node_modules\\@vue\\test-utils\\dist\\vue-test-utils.cjs.js:7788:9)\n    at E:\\Github\\Qingyu\\Qingyu_fronted\\tests\\unit\\design-system\\other\\Affix.test.ts:44:15\n    at file:///E:/Github/Qingyu/Qingyu_fronted/node_modules/@vitest/runner/dist/index.js:146:14\n    at runWithTimeout (file:///E:/Github/Qingyu/Qingyu_fronted/node_modules/@vitest/runner/dist/index.js:39:7)\n    at callSuiteHook (file:///E:/Github/Qingyu/Qingyu_fronted/node_modules/@vitest/runner/dist/index.js:964:28)\n    at callSuiteHook (file:///E:/Github/Qingyu/Qingyu_fronted/node_modules/@vitest/runner/dist/index.js:970:16)\n    at runTest (file:///E:/Github/Qingyu/Qingyu_fronted/node_modules/@vitest/runner/dist/index.js:1085:15)\n    at processTicksAndRejections (node:internal/process/task_queues:105:5)\n    at runSuite (file:///E:/Github/Qingyu/Qingyu_fronted/node_modules/@vitest/runner/dist/index.js:1205:15)"],"meta":{}},{"ancestorTitles":["Affix 组件","响应式更新"],"fullName":"Affix 组件 响应式更新 position 变化应该响应式更新","status":"failed","title":"position 变化应该响应式更新","duration":5.106799999999566,"failureMessages":["TypeError: Cannot read properties of null (reading '$parent')\n    at VueWrapper.setProps (E:\\Github\\Qingyu\\Qingyu_fronted\\node_modules\\@vue\\test-utils\\dist\\vue-test-utils.cjs.js:7771:21)\n    at E:\\Github\\Qingyu\\Qingyu_fronted\\tests\\unit\\design-system\\other\\Affix.test.ts:549:21\n    at file:///E:/Github/Qingyu/Qingyu_fronted/node_modules/@vitest/runner/dist/index.js:146:14\n    at file:///E:/Github/Qingyu/Qingyu_fronted/node_modules/@vitest/runner/dist/index.js:533:11\n    at runWithTimeout (file:///E:/Github/Qingyu/Qingyu_fronted/node_modules/@vitest/runner/dist/index.js:39:7)\n    at runTest (file:///E:/Github/Qingyu/Qingyu_fronted/node_modules/@vitest/runner/dist/index.js:1056:17)\n    at processTicksAndRejections (node:internal/process/task_queues:105:5)\n    at runSuite (file:///E:/Github/Qingyu/Qingyu_fronted/node_modules/@vitest/runner/dist/index.js:1205:15)\n    at runSuite (file:///E:/Github/Qingyu/Qingyu_fronted/node_modules/@vitest/runner/dist/index.js:1205:15)\n    at runSuite (file:///E:/Github/Qingyu/Qingyu_fronted/node_modules/@vitest/runner/dist/index.js:1205:15)","TypeError: Cannot read properties of null (reading '$')\n    at removeEventHistory (E:\\Github\\Qingyu\\Qingyu_fronted\\node_modules\\@vue\\test-utils\\dist\\vue-test-utils.cjs.js:7555:18)\n    at VueWrapper.unmount (E:\\Github\\Qingyu\\Qingyu_fronted\\node_modules\\@vue\\test-utils\\dist\\vue-test-utils.cjs.js:7788:9)\n    at E:\\Github\\Qingyu\\Qingyu_fronted\\tests\\unit\\design-system\\other\\Affix.test.ts:44:15\n    at file:///E:/Github/Qingyu/Qingyu_fronted/node_modules/@vitest/runner/dist/index.js:146:14\n    at runWithTimeout (file:///E:/Github/Qingyu/Qingyu_fronted/node_modules/@vitest/runner/dist/index.js:39:7)\n    at callSuiteHook (file:///E:/Github/Qingyu/Qingyu_fronted/node_modules/@vitest/runner/dist/index.js:964:28)\n    at callSuiteHook (file:///E:/Github/Qingyu/Qingyu_fronted/node_modules/@vitest/runner/dist/index.js:970:16)\n    at runTest (file:///E:/Github/Qingyu/Qingyu_fronted/node_modules/@vitest/runner/dist/index.js:1085:15)\n    at processTicksAndRejections (node:internal/process/task_queues:105:5)\n    at runSuite (file:///E:/Github/Qingyu/Qingyu_fronted/node_modules/@vitest/runner/dist/index.js:1205:15)"],"meta":{}},{"ancestorTitles":["Affix 组件","响应式更新"],"fullName":"Affix 组件 响应式更新 zIndex 变化应该响应式更新","status":"failed","title":"zIndex 变化应该响应式更新","duration":12.68159999999989,"failureMessages":["TypeError: Cannot read properties of null (reading '$parent')\n    at VueWrapper.setProps (E:\\Github\\Qingyu\\Qingyu_fronted\\node_modules\\@vue\\test-utils\\dist\\vue-test-utils.cjs.js:7771:21)\n    at E:\\Github\\Qingyu\\Qingyu_fronted\\tests\\unit\\design-system\\other\\Affix.test.ts:560:21\n    at file:///E:/Github/Qingyu/Qingyu_fronted/node_modules/@vitest/runner/dist/index.js:146:14\n    at file:///E:/Github/Qingyu/Qingyu_fronted/node_modules/@vitest/runner/dist/index.js:533:11\n    at runWithTimeout (file:///E:/Github/Qingyu/Qingyu_fronted/node_modules/@vitest/runner/dist/index.js:39:7)\n    at runTest (file:///E:/Github/Qingyu/Qingyu_fronted/node_modules/@vitest/runner/dist/index.js:1056:17)\n    at processTicksAndRejections (node:internal/process/task_queues:105:5)\n    at runSuite (file:///E:/Github/Qingyu/Qingyu_fronted/node_modules/@vitest/runner/dist/index.js:1205:15)\n    at runSuite (file:///E:/Github/Qingyu/Qingyu_fronted/node_modules/@vitest/runner/dist/index.js:1205:15)\n    at runSuite (file:///E:/Github/Qingyu/Qingyu_fronted/node_modules/@vitest/runner/dist/index.js:1205:15)","TypeError: Cannot read properties of null (reading '$')\n    at removeEventHistory (E:\\Github\\Qingyu\\Qingyu_fronted\\node_modules\\@vue\\test-utils\\dist\\vue-test-utils.cjs.js:7555:18)\n    at VueWrapper.unmount (E:\\Github\\Qingyu\\Qingyu_fronted\\node_modules\\@vue\\test-utils\\dist\\vue-test-utils.cjs.js:7788:9)\n    at E:\\Github\\Qingyu\\Qingyu_fronted\\tests\\unit\\design-system\\other\\Affix.test.ts:44:15\n    at file:///E:/Github/Qingyu/Qingyu_fronted/node_modules/@vitest/runner/dist/index.js:146:14\n    at runWithTimeout (file:///E:/Github/Qingyu/Qingyu_fronted/node_modules/@vitest/runner/dist/index.js:39:7)\n    at callSuiteHook (file:///E:/Github/Qingyu/Qingyu_fronted/node_modules/@vitest/runner/dist/index.js:964:28)\n    at callSuiteHook (file:///E:/Github/Qingyu/Qingyu_fronted/node_modules/@vitest/runner/dist/index.js:970:16)\n    at runTest (file:///E:/Github/Qingyu/Qingyu_fronted/node_modules/@vitest/runner/dist/index.js:1085:15)\n    at processTicksAndRejections (node:internal/process/task_queues:105:5)\n    at runSuite (file:///E:/Github/Qingyu/Qingyu_fronted/node_modules/@vitest/runner/dist/index.js:1205:15)"],"meta":{}},{"ancestorTitles":["Affix 组件","组件卸载"],"fullName":"Affix 组件 组件卸载 卸载时应该移除滚动监听器","status":"failed","title":"卸载时应该移除滚动监听器","duration":11.01220000000012,"failureMessages":["TypeError: Cannot read properties of null (reading '$')\n    at removeEventHistory (E:\\Github\\Qingyu\\Qingyu_fronted\\node_modules\\@vue\\test-utils\\dist\\vue-test-utils.cjs.js:7555:18)\n    at VueWrapper.unmount (E:\\Github\\Qingyu\\Qingyu_fronted\\node_modules\\@vue\\test-utils\\dist\\vue-test-utils.cjs.js:7788:9)\n    at E:\\Github\\Qingyu\\Qingyu_fronted\\tests\\unit\\design-system\\other\\Affix.test.ts:575:15\n    at file:///E:/Github/Qingyu/Qingyu_fronted/node_modules/@vitest/runner/dist/index.js:146:14\n    at file:///E:/Github/Qingyu/Qingyu_fronted/node_modules/@vitest/runner/dist/index.js:533:11\n    at runWithTimeout (file:///E:/Github/Qingyu/Qingyu_fronted/node_modules/@vitest/runner/dist/index.js:39:7)\n    at runTest (file:///E:/Github/Qingyu/Qingyu_fronted/node_modules/@vitest/runner/dist/index.js:1056:17)\n    at processTicksAndRejections (node:internal/process/task_queues:105:5)\n    at runSuite (file:///E:/Github/Qingyu/Qingyu_fronted/node_modules/@vitest/runner/dist/index.js:1205:15)\n    at runSuite (file:///E:/Github/Qingyu/Qingyu_fronted/node_modules/@vitest/runner/dist/index.js:1205:15)","TypeError: Cannot read properties of null (reading '$')\n    at removeEventHistory (E:\\Github\\Qingyu\\Qingyu_fronted\\node_modules\\@vue\\test-utils\\dist\\vue-test-utils.cjs.js:7555:18)\n    at VueWrapper.unmount (E:\\Github\\Qingyu\\Qingyu_fronted\\node_modules\\@vue\\test-utils\\dist\\vue-test-utils.cjs.js:7788:9)\n    at E:\\Github\\Qingyu\\Qingyu_fronted\\tests\\unit\\design-system\\other\\Affix.test.ts:44:15\n    at file:///E:/Github/Qingyu/Qingyu_fronted/node_modules/@vitest/runner/dist/index.js:146:14\n    at runWithTimeout (file:///E:/Github/Qingyu/Qingyu_fronted/node_modules/@vitest/runner/dist/index.js:39:7)\n    at callSuiteHook (file:///E:/Github/Qingyu/Qingyu_fronted/node_modules/@vitest/runner/dist/index.js:964:28)\n    at callSuiteHook (file:///E:/Github/Qingyu/Qingyu_fronted/node_modules/@vitest/runner/dist/index.js:970:16)\n    at runTest (file:///E:/Github/Qingyu/Qingyu_fronted/node_modules/@vitest/runner/dist/index.js:1085:15)\n    at processTicksAndRejections (node:internal/process/task_queues:105:5)\n    at runSuite (file:///E:/Github/Qingyu/Qingyu_fronted/node_modules/@vitest/runner/dist/index.js:1205:15)"],"meta":{}},{"ancestorTitles":["Affix 组件","组件卸载"],"fullName":"Affix 组件 组件卸载 卸载时应该移除 resize 监听器","status":"failed","title":"卸载时应该移除 resize 监听器","duration":7.959100000000035,"failureMessages":["TypeError: Cannot read properties of null (reading '$')\n    at removeEventHistory (E:\\Github\\Qingyu\\Qingyu_fronted\\node_modules\\@vue\\test-utils\\dist\\vue-test-utils.cjs.js:7555:18)\n    at VueWrapper.unmount (E:\\Github\\Qingyu\\Qingyu_fronted\\node_modules\\@vue\\test-utils\\dist\\vue-test-utils.cjs.js:7788:9)\n    at E:\\Github\\Qingyu\\Qingyu_fronted\\tests\\unit\\design-system\\other\\Affix.test.ts:589:15\n    at file:///E:/Github/Qingyu/Qingyu_fronted/node_modules/@vitest/runner/dist/index.js:146:14\n    at file:///E:/Github/Qingyu/Qingyu_fronted/node_modules/@vitest/runner/dist/index.js:533:11\n    at runWithTimeout (file:///E:/Github/Qingyu/Qingyu_fronted/node_modules/@vitest/runner/dist/index.js:39:7)\n    at runTest (file:///E:/Github/Qingyu/Qingyu_fronted/node_modules/@vitest/runner/dist/index.js:1056:17)\n    at processTicksAndRejections (node:internal/process/task_queues:105:5)\n    at runSuite (file:///E:/Github/Qingyu/Qingyu_fronted/node_modules/@vitest/runner/dist/index.js:1205:15)\n    at runSuite (file:///E:/Github/Qingyu/Qingyu_fronted/node_modules/@vitest/runner/dist/index.js:1205:15)","TypeError: Cannot read properties of null (reading '$')\n    at removeEventHistory (E:\\Github\\Qingyu\\Qingyu_fronted\\node_modules\\@vue\\test-utils\\dist\\vue-test-utils.cjs.js:7555:18)\n    at VueWrapper.unmount (E:\\Github\\Qingyu\\Qingyu_fronted\\node_modules\\@vue\\test-utils\\dist\\vue-test-utils.cjs.js:7788:9)\n    at E:\\Github\\Qingyu\\Qingyu_fronted\\tests\\unit\\design-system\\other\\Affix.test.ts:44:15\n    at file:///E:/Github/Qingyu/Qingyu_fronted/node_modules/@vitest/runner/dist/index.js:146:14\n    at runWithTimeout (file:///E:/Github/Qingyu/Qingyu_fronted/node_modules/@vitest/runner/dist/index.js:39:7)\n    at callSuiteHook (file:///E:/Github/Qingyu/Qingyu_fronted/node_modules/@vitest/runner/dist/index.js:964:28)\n    at callSuiteHook (file:///E:/Github/Qingyu/Qingyu_fronted/node_modules/@vitest/runner/dist/index.js:970:16)\n    at runTest (file:///E:/Github/Qingyu/Qingyu_fronted/node_modules/@vitest/runner/dist/index.js:1085:15)\n    at processTicksAndRejections (node:internal/process/task_queues:105:5)\n    at runSuite (file:///E:/Github/Qingyu/Qingyu_fronted/node_modules/@vitest/runner/dist/index.js:1205:15)"],"meta":{}},{"ancestorTitles":["Affix 组件","边界情况"],"fullName":"Affix 组件 边界情况 应该处理 offset 为负数的情况","status":"failed","title":"应该处理 offset 为负数的情况","duration":7.14469999999983,"failureMessages":["TypeError: Cannot read properties of null (reading 'offset')\n    at E:\\Github\\Qingyu\\Qingyu_fronted\\tests\\unit\\design-system\\other\\Affix.test.ts:603:25\n    at file:///E:/Github/Qingyu/Qingyu_fronted/node_modules/@vitest/runner/dist/index.js:146:14\n    at file:///E:/Github/Qingyu/Qingyu_fronted/node_modules/@vitest/runner/dist/index.js:533:11\n    at runWithTimeout (file:///E:/Github/Qingyu/Qingyu_fronted/node_modules/@vitest/runner/dist/index.js:39:7)\n    at runTest (file:///E:/Github/Qingyu/Qingyu_fronted/node_modules/@vitest/runner/dist/index.js:1056:17)\n    at processTicksAndRejections (node:internal/process/task_queues:105:5)\n    at runSuite (file:///E:/Github/Qingyu/Qingyu_fronted/node_modules/@vitest/runner/dist/index.js:1205:15)\n    at runSuite (file:///E:/Github/Qingyu/Qingyu_fronted/node_modules/@vitest/runner/dist/index.js:1205:15)\n    at runSuite (file:///E:/Github/Qingyu/Qingyu_fronted/node_modules/@vitest/runner/dist/index.js:1205:15)\n    at runFiles (file:///E:/Github/Qingyu/Qingyu_fronted/node_modules/@vitest/runner/dist/index.js:1262:5)","TypeError: Cannot read properties of null (reading '$')\n    at removeEventHistory (E:\\Github\\Qingyu\\Qingyu_fronted\\node_modules\\@vue\\test-utils\\dist\\vue-test-utils.cjs.js:7555:18)\n    at VueWrapper.unmount (E:\\Github\\Qingyu\\Qingyu_fronted\\node_modules\\@vue\\test-utils\\dist\\vue-test-utils.cjs.js:7788:9)\n    at E:\\Github\\Qingyu\\Qingyu_fronted\\tests\\unit\\design-system\\other\\Affix.test.ts:44:15\n    at file:///E:/Github/Qingyu/Qingyu_fronted/node_modules/@vitest/runner/dist/index.js:146:14\n    at runWithTimeout (file:///E:/Github/Qingyu/Qingyu_fronted/node_modules/@vitest/runner/dist/index.js:39:7)\n    at callSuiteHook (file:///E:/Github/Qingyu/Qingyu_fronted/node_modules/@vitest/runner/dist/index.js:964:28)\n    at callSuiteHook (file:///E:/Github/Qingyu/Qingyu_fronted/node_modules/@vitest/runner/dist/index.js:970:16)\n    at runTest (file:///E:/Github/Qingyu/Qingyu_fronted/node_modules/@vitest/runner/dist/index.js:1085:15)\n    at processTicksAndRejections (node:internal/process/task_queues:105:5)\n    at runSuite (file:///E:/Github/Qingyu/Qingyu_fronted/node_modules/@vitest/runner/dist/index.js:1205:15)"],"meta":{}},{"ancestorTitles":["Affix 组件","边界情况"],"fullName":"Affix 组件 边界情况 应该处理 zIndex 为 0 的情况","status":"failed","title":"应该处理 zIndex 为 0 的情况","duration":8.79780000000028,"failureMessages":["TypeError: Cannot read properties of null (reading 'zIndex')\n    at E:\\Github\\Qingyu\\Qingyu_fronted\\tests\\unit\\design-system\\other\\Affix.test.ts:613:25\n    at file:///E:/Github/Qingyu/Qingyu_fronted/node_modules/@vitest/runner/dist/index.js:146:14\n    at file:///E:/Github/Qingyu/Qingyu_fronted/node_modules/@vitest/runner/dist/index.js:533:11\n    at runWithTimeout (file:///E:/Github/Qingyu/Qingyu_fronted/node_modules/@vitest/runner/dist/index.js:39:7)\n    at runTest (file:///E:/Github/Qingyu/Qingyu_fronted/node_modules/@vitest/runner/dist/index.js:1056:17)\n    at processTicksAndRejections (node:internal/process/task_queues:105:5)\n    at runSuite (file:///E:/Github/Qingyu/Qingyu_fronted/node_modules/@vitest/runner/dist/index.js:1205:15)\n    at runSuite (file:///E:/Github/Qingyu/Qingyu_fronted/node_modules/@vitest/runner/dist/index.js:1205:15)\n    at runSuite (file:///E:/Github/Qingyu/Qingyu_fronted/node_modules/@vitest/runner/dist/index.js:1205:15)\n    at runFiles (file:///E:/Github/Qingyu/Qingyu_fronted/node_modules/@vitest/runner/dist/index.js:1262:5)","TypeError: Cannot read properties of null (reading '$')\n    at removeEventHistory (E:\\Github\\Qingyu\\Qingyu_fronted\\node_modules\\@vue\\test-utils\\dist\\vue-test-utils.cjs.js:7555:18)\n    at VueWrapper.unmount (E:\\Github\\Qingyu\\Qingyu_fronted\\node_modules\\@vue\\test-utils\\dist\\vue-test-utils.cjs.js:7788:9)\n    at E:\\Github\\Qingyu\\Qingyu_fronted\\tests\\unit\\design-system\\other\\Affix.test.ts:44:15\n    at file:///E:/Github/Qingyu/Qingyu_fronted/node_modules/@vitest/runner/dist/index.js:146:14\n    at runWithTimeout (file:///E:/Github/Qingyu/Qingyu_fronted/node_modules/@vitest/runner/dist/index.js:39:7)\n    at callSuiteHook (file:///E:/Github/Qingyu/Qingyu_fronted/node_modules/@vitest/runner/dist/index.js:964:28)\n    at callSuiteHook (file:///E:/Github/Qingyu/Qingyu_fronted/node_modules/@vitest/runner/dist/index.js:970:16)\n    at runTest (file:///E:/Github/Qingyu/Qingyu_fronted/node_modules/@vitest/runner/dist/index.js:1085:15)\n    at processTicksAndRejections (node:internal/process/task_queues:105:5)\n    at runSuite (file:///E:/Github/Qingyu/Qingyu_fronted/node_modules/@vitest/runner/dist/index.js:1205:15)"],"meta":{}},{"ancestorTitles":["Affix 组件","边界情况"],"fullName":"Affix 组件 边界情况 应该处理空内容的情况","status":"failed","title":"应该处理空内容的情况","duration":11.040799999999763,"failureMessages":["TypeError: Cannot read properties of null (reading '$')\n    at VueWrapper.getCurrentComponent (E:\\Github\\Qingyu\\Qingyu_fronted\\node_modules\\@vue\\test-utils\\dist\\vue-test-utils.cjs.js:7689:24)\n    at VueWrapper.exists (E:\\Github\\Qingyu\\Qingyu_fronted\\node_modules\\@vue\\test-utils\\dist\\vue-test-utils.cjs.js:7692:22)\n    at E:\\Github\\Qingyu\\Qingyu_fronted\\tests\\unit\\design-system\\other\\Affix.test.ts:623:22\n    at file:///E:/Github/Qingyu/Qingyu_fronted/node_modules/@vitest/runner/dist/index.js:146:14\n    at file:///E:/Github/Qingyu/Qingyu_fronted/node_modules/@vitest/runner/dist/index.js:533:11\n    at runWithTimeout (file:///E:/Github/Qingyu/Qingyu_fronted/node_modules/@vitest/runner/dist/index.js:39:7)\n    at runTest (file:///E:/Github/Qingyu/Qingyu_fronted/node_modules/@vitest/runner/dist/index.js:1056:17)\n    at processTicksAndRejections (node:internal/process/task_queues:105:5)\n    at runSuite (file:///E:/Github/Qingyu/Qingyu_fronted/node_modules/@vitest/runner/dist/index.js:1205:15)\n    at runSuite (file:///E:/Github/Qingyu/Qingyu_fronted/node_modules/@vitest/runner/dist/index.js:1205:15)","TypeError: Cannot read properties of null (reading '$')\n    at removeEventHistory (E:\\Github\\Qingyu\\Qingyu_fronted\\node_modules\\@vue\\test-utils\\dist\\vue-test-utils.cjs.js:7555:18)\n    at VueWrapper.unmount (E:\\Github\\Qingyu\\Qingyu_fronted\\node_modules\\@vue\\test-utils\\dist\\vue-test-utils.cjs.js:7788:9)\n    at E:\\Github\\Qingyu\\Qingyu_fronted\\tests\\unit\\design-system\\other\\Affix.test.ts:44:15\n    at file:///E:/Github/Qingyu/Qingyu_fronted/node_modules/@vitest/runner/dist/index.js:146:14\n    at runWithTimeout (file:///E:/Github/Qingyu/Qingyu_fronted/node_modules/@vitest/runner/dist/index.js:39:7)\n    at callSuiteHook (file:///E:/Github/Qingyu/Qingyu_fronted/node_modules/@vitest/runner/dist/index.js:964:28)\n    at callSuiteHook (file:///E:/Github/Qingyu/Qingyu_fronted/node_modules/@vitest/runner/dist/index.js:970:16)\n    at runTest (file:///E:/Github/Qingyu/Qingyu_fronted/node_modules/@vitest/runner/dist/index.js:1085:15)\n    at processTicksAndRejections (node:internal/process/task_queues:105:5)\n    at runSuite (file:///E:/Github/Qingyu/Qingyu_fronted/node_modules/@vitest/runner/dist/index.js:1205:15)"],"meta":{}},{"ancestorTitles":["Affix 组件","边界情况"],"fullName":"Affix 组件 边界情况 应该处理 target 选择器不存在的情况","status":"failed","title":"应该处理 target 选择器不存在的情况","duration":3.9574000000002343,"failureMessages":["TypeError: Cannot read properties of null (reading 'getScrollTarget')\n    at E:\\Github\\Qingyu\\Qingyu_fronted\\tests\\unit\\design-system\\other\\Affix.test.ts:633:33\n    at file:///E:/Github/Qingyu/Qingyu_fronted/node_modules/@vitest/runner/dist/index.js:146:14\n    at file:///E:/Github/Qingyu/Qingyu_fronted/node_modules/@vitest/runner/dist/index.js:533:11\n    at runWithTimeout (file:///E:/Github/Qingyu/Qingyu_fronted/node_modules/@vitest/runner/dist/index.js:39:7)\n    at runTest (file:///E:/Github/Qingyu/Qingyu_fronted/node_modules/@vitest/runner/dist/index.js:1056:17)\n    at processTicksAndRejections (node:internal/process/task_queues:105:5)\n    at runSuite (file:///E:/Github/Qingyu/Qingyu_fronted/node_modules/@vitest/runner/dist/index.js:1205:15)\n    at runSuite (file:///E:/Github/Qingyu/Qingyu_fronted/node_modules/@vitest/runner/dist/index.js:1205:15)\n    at runSuite (file:///E:/Github/Qingyu/Qingyu_fronted/node_modules/@vitest/runner/dist/index.js:1205:15)\n    at runFiles (file:///E:/Github/Qingyu/Qingyu_fronted/node_modules/@vitest/runner/dist/index.js:1262:5)","TypeError: Cannot read properties of null (reading '$')\n    at removeEventHistory (E:\\Github\\Qingyu\\Qingyu_fronted\\node_modules\\@vue\\test-utils\\dist\\vue-test-utils.cjs.js:7555:18)\n    at VueWrapper.unmount (E:\\Github\\Qingyu\\Qingyu_fronted\\node_modules\\@vue\\test-utils\\dist\\vue-test-utils.cjs.js:7788:9)\n    at E:\\Github\\Qingyu\\Qingyu_fronted\\tests\\unit\\design-system\\other\\Affix.test.ts:44:15\n    at file:///E:/Github/Qingyu/Qingyu_fronted/node_modules/@vitest/runner/dist/index.js:146:14\n    at runWithTimeout (file:///E:/Github/Qingyu/Qingyu_fronted/node_modules/@vitest/runner/dist/index.js:39:7)\n    at callSuiteHook (file:///E:/Github/Qingyu/Qingyu_fronted/node_modules/@vitest/runner/dist/index.js:964:28)\n    at callSuiteHook (file:///E:/Github/Qingyu/Qingyu_fronted/node_modules/@vitest/runner/dist/index.js:970:16)\n    at runTest (file:///E:/Github/Qingyu/Qingyu_fronted/node_modules/@vitest/runner/dist/index.js:1085:15)\n    at processTicksAndRejections (node:internal/process/task_queues:105:5)\n    at runSuite (file:///E:/Github/Qingyu/Qingyu_fronted/node_modules/@vitest/runner/dist/index.js:1205:15)"],"meta":{}},{"ancestorTitles":["Affix 组件","性能优化"],"fullName":"Affix 组件 性能优化 滚动监听应该使用 passive 选项","status":"failed","title":"滚动监听应该使用 passive 选项","duration":11.854699999999866,"failureMessages":["AssertionError: expected \"spy\" to be called with arguments: [ 'scroll', Any<Function>, …(1) ]\u001b[90m\n\nReceived: \n\n\u001b[39m\u001b[90m\n\nNumber of calls: \u001b[1m0\u001b[22m\n\u001b[39m\n    at Proxy.<anonymous> (file:///E:/Github/Qingyu/Qingyu_fronted/node_modules/@vitest/expect/dist/index.js:1465:13)\n    at Proxy.<anonymous> (file:///E:/Github/Qingyu/Qingyu_fronted/node_modules/@vitest/expect/dist/index.js:972:17)\n    at Proxy.methodWrapper (file:///E:/Github/Qingyu/Qingyu_fronted/node_modules/chai/index.js:1686:25)\n    at E:\\Github\\Qingyu\\Qingyu_fronted\\tests\\unit\\design-system\\other\\Affix.test.ts:648:22\n    at file:///E:/Github/Qingyu/Qingyu_fronted/node_modules/@vitest/runner/dist/index.js:146:14\n    at file:///E:/Github/Qingyu/Qingyu_fronted/node_modules/@vitest/runner/dist/index.js:533:11\n    at runWithTimeout (file:///E:/Github/Qingyu/Qingyu_fronted/node_modules/@vitest/runner/dist/index.js:39:7)\n    at runTest (file:///E:/Github/Qingyu/Qingyu_fronted/node_modules/@vitest/runner/dist/index.js:1056:17)\n    at processTicksAndRejections (node:internal/process/task_queues:105:5)\n    at runSuite (file:///E:/Github/Qingyu/Qingyu_fronted/node_modules/@vitest/runner/dist/index.js:1205:15)","TypeError: Cannot read properties of null (reading '$')\n    at removeEventHistory (E:\\Github\\Qingyu\\Qingyu_fronted\\node_modules\\@vue\\test-utils\\dist\\vue-test-utils.cjs.js:7555:18)\n    at VueWrapper.unmount (E:\\Github\\Qingyu\\Qingyu_fronted\\node_modules\\@vue\\test-utils\\dist\\vue-test-utils.cjs.js:7788:9)\n    at E:\\Github\\Qingyu\\Qingyu_fronted\\tests\\unit\\design-system\\other\\Affix.test.ts:44:15\n    at file:///E:/Github/Qingyu/Qingyu_fronted/node_modules/@vitest/runner/dist/index.js:146:14\n    at runWithTimeout (file:///E:/Github/Qingyu/Qingyu_fronted/node_modules/@vitest/runner/dist/index.js:39:7)\n    at callSuiteHook (file:///E:/Github/Qingyu/Qingyu_fronted/node_modules/@vitest/runner/dist/index.js:964:28)\n    at callSuiteHook (file:///E:/Github/Qingyu/Qingyu_fronted/node_modules/@vitest/runner/dist/index.js:970:16)\n    at runTest (file:///E:/Github/Qingyu/Qingyu_fronted/node_modules/@vitest/runner/dist/index.js:1085:15)\n    at processTicksAndRejections (node:internal/process/task_queues:105:5)\n    at runSuite (file:///E:/Github/Qingyu/Qingyu_fronted/node_modules/@vitest/runner/dist/index.js:1205:15)"],"meta":{}},{"ancestorTitles":["Affix 组件","性能优化"],"fullName":"Affix 组件 性能优化 不应该在每次滚动时触发重绘","status":"failed","title":"不应该在每次滚动时触发重绘","duration":9.160799999999654,"failureMessages":["TypeError: Cannot read properties of null (reading '$')\n    at emitted (E:\\Github\\Qingyu\\Qingyu_fronted\\node_modules\\@vue\\test-utils\\dist\\vue-test-utils.cjs.js:7495:18)\n    at VueWrapper.emitted (E:\\Github\\Qingyu\\Qingyu_fronted\\node_modules\\@vue\\test-utils\\dist\\vue-test-utils.cjs.js:7759:16)\n    at E:\\Github\\Qingyu\\Qingyu_fronted\\tests\\unit\\design-system\\other\\Affix.test.ts:666:36\n    at processTicksAndRejections (node:internal/process/task_queues:105:5)\n    at file:///E:/Github/Qingyu/Qingyu_fronted/node_modules/@vitest/runner/dist/index.js:533:5\n    at runTest (file:///E:/Github/Qingyu/Qingyu_fronted/node_modules/@vitest/runner/dist/index.js:1056:11)\n    at runSuite (file:///E:/Github/Qingyu/Qingyu_fronted/node_modules/@vitest/runner/dist/index.js:1205:15)\n    at runSuite (file:///E:/Github/Qingyu/Qingyu_fronted/node_modules/@vitest/runner/dist/index.js:1205:15)\n    at runSuite (file:///E:/Github/Qingyu/Qingyu_fronted/node_modules/@vitest/runner/dist/index.js:1205:15)\n    at runFiles (file:///E:/Github/Qingyu/Qingyu_fronted/node_modules/@vitest/runner/dist/index.js:1262:5)","TypeError: Cannot read properties of null (reading '$')\n    at removeEventHistory (E:\\Github\\Qingyu\\Qingyu_fronted\\node_modules\\@vue\\test-utils\\dist\\vue-test-utils.cjs.js:7555:18)\n    at VueWrapper.unmount (E:\\Github\\Qingyu\\Qingyu_fronted\\node_modules\\@vue\\test-utils\\dist\\vue-test-utils.cjs.js:7788:9)\n    at E:\\Github\\Qingyu\\Qingyu_fronted\\tests\\unit\\design-system\\other\\Affix.test.ts:44:15\n    at file:///E:/Github/Qingyu/Qingyu_fronted/node_modules/@vitest/runner/dist/index.js:146:14\n    at runWithTimeout (file:///E:/Github/Qingyu/Qingyu_fronted/node_modules/@vitest/runner/dist/index.js:39:7)\n    at callSuiteHook (file:///E:/Github/Qingyu/Qingyu_fronted/node_modules/@vitest/runner/dist/index.js:964:28)\n    at callSuiteHook (file:///E:/Github/Qingyu/Qingyu_fronted/node_modules/@vitest/runner/dist/index.js:970:16)\n    at runTest (file:///E:/Github/Qingyu/Qingyu_fronted/node_modules/@vitest/runner/dist/index.js:1085:15)\n    at processTicksAndRejections (node:internal/process/task_queues:105:5)\n    at runSuite (file:///E:/Github/Qingyu/Qingyu_fronted/node_modules/@vitest/runner/dist/index.js:1205:15)"],"meta":{}},{"ancestorTitles":["Affix 组件","容器滚动"],"fullName":"Affix 组件 容器滚动 应该正确处理容器的 scrollTop","status":"failed","title":"应该正确处理容器的 scrollTop","duration":6.809499999999389,"failureMessages":["TypeError: Cannot read properties of null (reading 'target')\n    at E:\\Github\\Qingyu\\Qingyu_fronted\\tests\\unit\\design-system\\other\\Affix.test.ts:685:25\n    at file:///E:/Github/Qingyu/Qingyu_fronted/node_modules/@vitest/runner/dist/index.js:146:14\n    at file:///E:/Github/Qingyu/Qingyu_fronted/node_modules/@vitest/runner/dist/index.js:533:11\n    at runWithTimeout (file:///E:/Github/Qingyu/Qingyu_fronted/node_modules/@vitest/runner/dist/index.js:39:7)\n    at runTest (file:///E:/Github/Qingyu/Qingyu_fronted/node_modules/@vitest/runner/dist/index.js:1056:17)\n    at processTicksAndRejections (node:internal/process/task_queues:105:5)\n    at runSuite (file:///E:/Github/Qingyu/Qingyu_fronted/node_modules/@vitest/runner/dist/index.js:1205:15)\n    at runSuite (file:///E:/Github/Qingyu/Qingyu_fronted/node_modules/@vitest/runner/dist/index.js:1205:15)\n    at runSuite (file:///E:/Github/Qingyu/Qingyu_fronted/node_modules/@vitest/runner/dist/index.js:1205:15)\n    at runFiles (file:///E:/Github/Qingyu/Qingyu_fronted/node_modules/@vitest/runner/dist/index.js:1262:5)","TypeError: Cannot read properties of null (reading '$')\n    at removeEventHistory (E:\\Github\\Qingyu\\Qingyu_fronted\\node_modules\\@vue\\test-utils\\dist\\vue-test-utils.cjs.js:7555:18)\n    at VueWrapper.unmount (E:\\Github\\Qingyu\\Qingyu_fronted\\node_modules\\@vue\\test-utils\\dist\\vue-test-utils.cjs.js:7788:9)\n    at E:\\Github\\Qingyu\\Qingyu_fronted\\tests\\unit\\design-system\\other\\Affix.test.ts:44:15\n    at file:///E:/Github/Qingyu/Qingyu_fronted/node_modules/@vitest/runner/dist/index.js:146:14\n    at runWithTimeout (file:///E:/Github/Qingyu/Qingyu_fronted/node_modules/@vitest/runner/dist/index.js:39:7)\n    at callSuiteHook (file:///E:/Github/Qingyu/Qingyu_fronted/node_modules/@vitest/runner/dist/index.js:964:28)\n    at callSuiteHook (file:///E:/Github/Qingyu/Qingyu_fronted/node_modules/@vitest/runner/dist/index.js:970:16)\n    at runTest (file:///E:/Github/Qingyu/Qingyu_fronted/node_modules/@vitest/runner/dist/index.js:1085:15)\n    at processTicksAndRejections (node:internal/process/task_queues:105:5)\n    at runSuite (file:///E:/Github/Qingyu/Qingyu_fronted/node_modules/@vitest/runner/dist/index.js:1205:15)"],"meta":{}}],"startTime":1769254070548,"endTime":1769254071310.8096,"status":"failed","message":"","name":"E:/Github/Qingyu/Qingyu_fronted/tests/unit/design-system/other/Affix.test.ts"},{"assertionResults":[{"ancestorTitles":["Calendar 组件","基础渲染"],"fullName":"Calendar 组件 基础渲染 应该正确渲染日历组件","status":"passed","title":"应该正确渲染日历组件","duration":274.0611000000008,"failureMessages":[],"meta":{}},{"ancestorTitles":["Calendar 组件","基础渲染"],"fullName":"Calendar 组件 基础渲染 应该显示星期标题","status":"passed","title":"应该显示星期标题","duration":25.267799999999625,"failureMessages":[],"meta":{}},{"ancestorTitles":["Calendar 组件","基础渲染"],"fullName":"Calendar 组件 基础渲染 应该显示日期网格","status":"passed","title":"应该显示日期网格","duration":69.53470000000016,"failureMessages":[],"meta":{}},{"ancestorTitles":["Calendar 组件","基础渲染"],"fullName":"Calendar 组件 基础渲染 应该显示今天按钮","status":"passed","title":"应该显示今天按钮","duration":55.72599999999966,"failureMessages":[],"meta":{}},{"ancestorTitles":["Calendar 组件","单日期选择"],"fullName":"Calendar 组件 单日期选择 应该支持 v-model 双向绑定","status":"passed","title":"应该支持 v-model 双向绑定","duration":60.18199999999979,"failureMessages":[],"meta":{}},{"ancestorTitles":["Calendar 组件","单日期选择"],"fullName":"Calendar 组件 单日期选择 应该能够选择日期","status":"failed","title":"应该能够选择日期","duration":55.42439999999988,"failureMessages":["AssertionError: expected \"spy\" to be called at least once\n    at Proxy.<anonymous> (file:///E:/Github/Qingyu/Qingyu_fronted/node_modules/@vitest/expect/dist/index.js:1448:13)\n    at Proxy.<anonymous> (file:///E:/Github/Qingyu/Qingyu_fronted/node_modules/@vitest/expect/dist/index.js:972:17)\n    at Proxy.methodWrapper (file:///E:/Github/Qingyu/Qingyu_fronted/node_modules/chai/index.js:1686:25)\n    at E:\\Github\\Qingyu\\Qingyu_fronted\\tests\\unit\\design-system\\other\\Calendar.test.ts:70:22\n    at processTicksAndRejections (node:internal/process/task_queues:105:5)\n    at file:///E:/Github/Qingyu/Qingyu_fronted/node_modules/@vitest/runner/dist/index.js:533:5\n    at runTest (file:///E:/Github/Qingyu/Qingyu_fronted/node_modules/@vitest/runner/dist/index.js:1056:11)\n    at runSuite (file:///E:/Github/Qingyu/Qingyu_fronted/node_modules/@vitest/runner/dist/index.js:1205:15)\n    at runSuite (file:///E:/Github/Qingyu/Qingyu_fronted/node_modules/@vitest/runner/dist/index.js:1205:15)\n    at runSuite (file:///E:/Github/Qingyu/Qingyu_fronted/node_modules/@vitest/runner/dist/index.js:1205:15)"],"meta":{}},{"ancestorTitles":["Calendar 组件","范围选择"],"fullName":"Calendar 组件 范围选择 应该支持范围选择模式","status":"passed","title":"应该支持范围选择模式","duration":37.309299999999894,"failureMessages":[],"meta":{}},{"ancestorTitles":["Calendar 组件","范围选择"],"fullName":"Calendar 组件 范围选择 应该能够选择日期范围","status":"failed","title":"应该能够选择日期范围","duration":31.85859999999957,"failureMessages":["Error: Unable to fire a \"click\" event - please provide a DOM element.\n    at createEvent (E:\\Github\\Qingyu\\Qingyu_fronted\\node_modules\\@testing-library\\vue\\node_modules\\@testing-library\\dom\\dist\\events.js:27:11)\n    at Function.createEvent.<computed> [as click] (E:\\Github\\Qingyu\\Qingyu_fronted\\node_modules\\@testing-library\\vue\\node_modules\\@testing-library\\dom\\dist\\events.js:106:38)\n    at Function.fireEvent.<computed> [as click] (E:\\Github\\Qingyu\\Qingyu_fronted\\node_modules\\@testing-library\\vue\\node_modules\\@testing-library\\dom\\dist\\events.js:110:68)\n    at Function.<anonymous> (E:\\Github\\Qingyu\\Qingyu_fronted\\node_modules\\@testing-library\\vue\\dist\\fire-event.js:27:24)\n    at Generator.next (<anonymous>)\n    at asyncGeneratorStep (E:\\Github\\Qingyu\\Qingyu_fronted\\node_modules\\@testing-library\\vue\\dist\\fire-event.js:8:103)\n    at _next (E:\\Github\\Qingyu\\Qingyu_fronted\\node_modules\\@testing-library\\vue\\dist\\fire-event.js:9:194)\n    at E:\\Github\\Qingyu\\Qingyu_fronted\\node_modules\\@testing-library\\vue\\dist\\fire-event.js:9:364\n    at new Promise (<anonymous>)\n    at Function.click (E:\\Github\\Qingyu\\Qingyu_fronted\\node_modules\\@testing-library\\vue\\dist\\fire-event.js:9:97)"],"meta":{}},{"ancestorTitles":["Calendar 组件","范围选择"],"fullName":"Calendar 组件 范围选择 范围内日期应该有正确的样式","status":"passed","title":"范围内日期应该有正确的样式","duration":24.904099999999744,"failureMessages":[],"meta":{}},{"ancestorTitles":["Calendar 组件","尺寸变体"],"fullName":"Calendar 组件 尺寸变体 应该支持小尺寸","status":"passed","title":"应该支持小尺寸","duration":14.771099999999933,"failureMessages":[],"meta":{}},{"ancestorTitles":["Calendar 组件","尺寸变体"],"fullName":"Calendar 组件 尺寸变体 应该支持中尺寸（默认）","status":"passed","title":"应该支持中尺寸（默认）","duration":29.590100000000348,"failureMessages":[],"meta":{}},{"ancestorTitles":["Calendar 组件","尺寸变体"],"fullName":"Calendar 组件 尺寸变体 应该支持大尺寸","status":"passed","title":"应该支持大尺寸","duration":32.02809999999954,"failureMessages":[],"meta":{}},{"ancestorTitles":["Calendar 组件","周数显示"],"fullName":"Calendar 组件 周数显示 默认不显示周数","status":"failed","title":"默认不显示周数","duration":40.8118000000004,"failureMessages":["Error: \u001b[2mexpect(\u001b[22m\u001b[31mreceived\u001b[39m\u001b[2m).not.toBeInTheDocument()\u001b[22m\n\n\u001b[31mreceived\u001b[39m value must be an HTMLElement or an SVGElement.\n\n    at Proxy.expectWrapper (file:///E:/Github/Qingyu/Qingyu_fronted/node_modules/@vitest/expect/dist/index.js:1986:42)\n    at Proxy.<anonymous> (file:///E:/Github/Qingyu/Qingyu_fronted/node_modules/@vitest/expect/dist/index.js:972:17)\n    at Proxy.methodWrapper (file:///E:/Github/Qingyu/Qingyu_fronted/node_modules/chai/index.js:1686:25)\n    at E:\\Github\\Qingyu\\Qingyu_fronted\\tests\\unit\\design-system\\other\\Calendar.test.ts:148:30\n    at file:///E:/Github/Qingyu/Qingyu_fronted/node_modules/@vitest/runner/dist/index.js:146:14\n    at file:///E:/Github/Qingyu/Qingyu_fronted/node_modules/@vitest/runner/dist/index.js:533:11\n    at runWithTimeout (file:///E:/Github/Qingyu/Qingyu_fronted/node_modules/@vitest/runner/dist/index.js:39:7)\n    at runTest (file:///E:/Github/Qingyu/Qingyu_fronted/node_modules/@vitest/runner/dist/index.js:1056:17)\n    at processTicksAndRejections (node:internal/process/task_queues:105:5)\n    at runSuite (file:///E:/Github/Qingyu/Qingyu_fronted/node_modules/@vitest/runner/dist/index.js:1205:15)"],"meta":{}},{"ancestorTitles":["Calendar 组件","周数显示"],"fullName":"Calendar 组件 周数显示 应该能够显示周数","status":"passed","title":"应该能够显示周数","duration":15.799600000000282,"failureMessages":[],"meta":{}},{"ancestorTitles":["Calendar 组件","自定义起始日"],"fullName":"Calendar 组件 自定义起始日 应该支持自定义每周的第一天","status":"passed","title":"应该支持自定义每周的第一天","duration":17.197299999999814,"failureMessages":[],"meta":{}},{"ancestorTitles":["Calendar 组件","禁用状态"],"fullName":"Calendar 组件 禁用状态 应该支持禁用整个日历","status":"passed","title":"应该支持禁用整个日历","duration":14.667900000000373,"failureMessages":[],"meta":{}},{"ancestorTitles":["Calendar 组件","禁用状态"],"fullName":"Calendar 组件 禁用状态 应该支持禁用特定日期","status":"failed","title":"应该支持禁用特定日期","duration":20.74120000000039,"failureMessages":["AssertionError: expected 0 to be greater than 0\n    at E:\\Github\\Qingyu\\Qingyu_fronted\\tests\\unit\\design-system\\other\\Calendar.test.ts:193:36\n    at file:///E:/Github/Qingyu/Qingyu_fronted/node_modules/@vitest/runner/dist/index.js:146:14\n    at file:///E:/Github/Qingyu/Qingyu_fronted/node_modules/@vitest/runner/dist/index.js:533:11\n    at runWithTimeout (file:///E:/Github/Qingyu/Qingyu_fronted/node_modules/@vitest/runner/dist/index.js:39:7)\n    at runTest (file:///E:/Github/Qingyu/Qingyu_fronted/node_modules/@vitest/runner/dist/index.js:1056:17)\n    at processTicksAndRejections (node:internal/process/task_queues:105:5)\n    at runSuite (file:///E:/Github/Qingyu/Qingyu_fronted/node_modules/@vitest/runner/dist/index.js:1205:15)\n    at runSuite (file:///E:/Github/Qingyu/Qingyu_fronted/node_modules/@vitest/runner/dist/index.js:1205:15)\n    at runSuite (file:///E:/Github/Qingyu/Qingyu_fronted/node_modules/@vitest/runner/dist/index.js:1205:15)\n    at runFiles (file:///E:/Github/Qingyu/Qingyu_fronted/node_modules/@vitest/runner/dist/index.js:1262:5)"],"meta":{}},{"ancestorTitles":["Calendar 组件","禁用状态"],"fullName":"Calendar 组件 禁用状态 禁用的日期不应该触发选择","status":"passed","title":"禁用的日期不应该触发选择","duration":13.765999999999622,"failureMessages":[],"meta":{}},{"ancestorTitles":["Calendar 组件","日期范围限制"],"fullName":"Calendar 组件 日期范围限制 应该支持最小日期限制","status":"failed","title":"应该支持最小日期限制","duration":18.27480000000014,"failureMessages":["AssertionError: expected 0 to be greater than 0\n    at E:\\Github\\Qingyu\\Qingyu_fronted\\tests\\unit\\design-system\\other\\Calendar.test.ts:228:36\n    at file:///E:/Github/Qingyu/Qingyu_fronted/node_modules/@vitest/runner/dist/index.js:146:14\n    at file:///E:/Github/Qingyu/Qingyu_fronted/node_modules/@vitest/runner/dist/index.js:533:11\n    at runWithTimeout (file:///E:/Github/Qingyu/Qingyu_fronted/node_modules/@vitest/runner/dist/index.js:39:7)\n    at runTest (file:///E:/Github/Qingyu/Qingyu_fronted/node_modules/@vitest/runner/dist/index.js:1056:17)\n    at processTicksAndRejections (node:internal/process/task_queues:105:5)\n    at runSuite (file:///E:/Github/Qingyu/Qingyu_fronted/node_modules/@vitest/runner/dist/index.js:1205:15)\n    at runSuite (file:///E:/Github/Qingyu/Qingyu_fronted/node_modules/@vitest/runner/dist/index.js:1205:15)\n    at runSuite (file:///E:/Github/Qingyu/Qingyu_fronted/node_modules/@vitest/runner/dist/index.js:1205:15)\n    at runFiles (file:///E:/Github/Qingyu/Qingyu_fronted/node_modules/@vitest/runner/dist/index.js:1262:5)"],"meta":{}},{"ancestorTitles":["Calendar 组件","日期范围限制"],"fullName":"Calendar 组件 日期范围限制 应该支持最大日期限制","status":"failed","title":"应该支持最大日期限制","duration":73.7452000000003,"failureMessages":["AssertionError: expected 0 to be greater than 0\n    at E:\\Github\\Qingyu\\Qingyu_fronted\\tests\\unit\\design-system\\other\\Calendar.test.ts:241:36\n    at file:///E:/Github/Qingyu/Qingyu_fronted/node_modules/@vitest/runner/dist/index.js:146:14\n    at file:///E:/Github/Qingyu/Qingyu_fronted/node_modules/@vitest/runner/dist/index.js:533:11\n    at runWithTimeout (file:///E:/Github/Qingyu/Qingyu_fronted/node_modules/@vitest/runner/dist/index.js:39:7)\n    at runTest (file:///E:/Github/Qingyu/Qingyu_fronted/node_modules/@vitest/runner/dist/index.js:1056:17)\n    at processTicksAndRejections (node:internal/process/task_queues:105:5)\n    at runSuite (file:///E:/Github/Qingyu/Qingyu_fronted/node_modules/@vitest/runner/dist/index.js:1205:15)\n    at runSuite (file:///E:/Github/Qingyu/Qingyu_fronted/node_modules/@vitest/runner/dist/index.js:1205:15)\n    at runSuite (file:///E:/Github/Qingyu/Qingyu_fronted/node_modules/@vitest/runner/dist/index.js:1205:15)\n    at runFiles (file:///E:/Github/Qingyu/Qingyu_fronted/node_modules/@vitest/runner/dist/index.js:1262:5)"],"meta":{}},{"ancestorTitles":["Calendar 组件","今天按钮"],"fullName":"Calendar 组件 今天按钮 默认显示今天按钮","status":"passed","title":"默认显示今天按钮","duration":25.613099999999577,"failureMessages":[],"meta":{}},{"ancestorTitles":["Calendar 组件","今天按钮"],"fullName":"Calendar 组件 今天按钮 应该能够隐藏今天按钮","status":"passed","title":"应该能够隐藏今天按钮","duration":29.77729999999974,"failureMessages":[],"meta":{}},{"ancestorTitles":["Calendar 组件","今天按钮"],"fullName":"Calendar 组件 今天按钮 点击今天按钮应该选择今天","status":"passed","title":"点击今天按钮应该选择今天","duration":27.962500000000546,"failureMessages":[],"meta":{}},{"ancestorTitles":["Calendar 组件","月份切换"],"fullName":"Calendar 组件 月份切换 应该能够切换到上个月","status":"passed","title":"应该能够切换到上个月","duration":26.806899999999587,"failureMessages":[],"meta":{}},{"ancestorTitles":["Calendar 组件","月份切换"],"fullName":"Calendar 组件 月份切换 应该能够切换到下个月","status":"failed","title":"应该能够切换到下个月","duration":43.78619999999955,"failureMessages":["AssertionError: expected \"spy\" to be called at least once\n    at Proxy.<anonymous> (file:///E:/Github/Qingyu/Qingyu_fronted/node_modules/@vitest/expect/dist/index.js:1448:13)\n    at Proxy.<anonymous> (file:///E:/Github/Qingyu/Qingyu_fronted/node_modules/@vitest/expect/dist/index.js:972:17)\n    at Proxy.methodWrapper (file:///E:/Github/Qingyu/Qingyu_fronted/node_modules/chai/index.js:1686:25)\n    at E:\\Github\\Qingyu\\Qingyu_fronted\\tests\\unit\\design-system\\other\\Calendar.test.ts:306:22\n    at processTicksAndRejections (node:internal/process/task_queues:105:5)\n    at file:///E:/Github/Qingyu/Qingyu_fronted/node_modules/@vitest/runner/dist/index.js:533:5\n    at runTest (file:///E:/Github/Qingyu/Qingyu_fronted/node_modules/@vitest/runner/dist/index.js:1056:11)\n    at runSuite (file:///E:/Github/Qingyu/Qingyu_fronted/node_modules/@vitest/runner/dist/index.js:1205:15)\n    at runSuite (file:///E:/Github/Qingyu/Qingyu_fronted/node_modules/@vitest/runner/dist/index.js:1205:15)\n    at runSuite (file:///E:/Github/Qingyu/Qingyu_fronted/node_modules/@vitest/runner/dist/index.js:1205:15)"],"meta":{}},{"ancestorTitles":["Calendar 组件","月份切换"],"fullName":"Calendar 组件 月份切换 应该能够隐藏月份切换","status":"passed","title":"应该能够隐藏月份切换","duration":25.353799999999865,"failureMessages":[],"meta":{}},{"ancestorTitles":["Calendar 组件","年份切换"],"fullName":"Calendar 组件 年份切换 应该能够切换到上一年","status":"passed","title":"应该能够切换到上一年","duration":30.393999999999323,"failureMessages":[],"meta":{}},{"ancestorTitles":["Calendar 组件","年份切换"],"fullName":"Calendar 组件 年份切换 应该能够切换到下一年","status":"failed","title":"应该能够切换到下一年","duration":13.974199999999655,"failureMessages":["AssertionError: expected \"spy\" to be called at least once\n    at Proxy.<anonymous> (file:///E:/Github/Qingyu/Qingyu_fronted/node_modules/@vitest/expect/dist/index.js:1448:13)\n    at Proxy.<anonymous> (file:///E:/Github/Qingyu/Qingyu_fronted/node_modules/@vitest/expect/dist/index.js:972:17)\n    at Proxy.methodWrapper (file:///E:/Github/Qingyu/Qingyu_fronted/node_modules/chai/index.js:1686:25)\n    at E:\\Github\\Qingyu\\Qingyu_fronted\\tests\\unit\\design-system\\other\\Calendar.test.ts:350:22\n    at processTicksAndRejections (node:internal/process/task_queues:105:5)\n    at file:///E:/Github/Qingyu/Qingyu_fronted/node_modules/@vitest/runner/dist/index.js:533:5\n    at runTest (file:///E:/Github/Qingyu/Qingyu_fronted/node_modules/@vitest/runner/dist/index.js:1056:11)\n    at runSuite (file:///E:/Github/Qingyu/Qingyu_fronted/node_modules/@vitest/runner/dist/index.js:1205:15)\n    at runSuite (file:///E:/Github/Qingyu/Qingyu_fronted/node_modules/@vitest/runner/dist/index.js:1205:15)\n    at runSuite (file:///E:/Github/Qingyu/Qingyu_fronted/node_modules/@vitest/runner/dist/index.js:1205:15)"],"meta":{}},{"ancestorTitles":["Calendar 组件","事件"],"fullName":"Calendar 组件 事件 应该触发 select 事件","status":"failed","title":"应该触发 select 事件","duration":16.22109999999975,"failureMessages":["AssertionError: expected \"spy\" to be called at least once\n    at Proxy.<anonymous> (file:///E:/Github/Qingyu/Qingyu_fronted/node_modules/@vitest/expect/dist/index.js:1448:13)\n    at Proxy.<anonymous> (file:///E:/Github/Qingyu/Qingyu_fronted/node_modules/@vitest/expect/dist/index.js:972:17)\n    at Proxy.methodWrapper (file:///E:/Github/Qingyu/Qingyu_fronted/node_modules/chai/index.js:1686:25)\n    at E:\\Github\\Qingyu\\Qingyu_fronted\\tests\\unit\\design-system\\other\\Calendar.test.ts:365:24\n    at processTicksAndRejections (node:internal/process/task_queues:105:5)\n    at file:///E:/Github/Qingyu/Qingyu_fronted/node_modules/@vitest/runner/dist/index.js:533:5\n    at runTest (file:///E:/Github/Qingyu/Qingyu_fronted/node_modules/@vitest/runner/dist/index.js:1056:11)\n    at runSuite (file:///E:/Github/Qingyu/Qingyu_fronted/node_modules/@vitest/runner/dist/index.js:1205:15)\n    at runSuite (file:///E:/Github/Qingyu/Qingyu_fronted/node_modules/@vitest/runner/dist/index.js:1205:15)\n    at runSuite (file:///E:/Github/Qingyu/Qingyu_fronted/node_modules/@vitest/runner/dist/index.js:1205:15)"],"meta":{}},{"ancestorTitles":["Calendar 组件","事件"],"fullName":"Calendar 组件 事件 应该触发 panel-change 事件","status":"passed","title":"应该触发 panel-change 事件","duration":21.430699999999888,"failureMessages":[],"meta":{}},{"ancestorTitles":["Calendar 组件","事件"],"fullName":"Calendar 组件 事件 应该触发 update:modelValue 事件","status":"failed","title":"应该触发 update:modelValue 事件","duration":18.749400000000605,"failureMessages":["AssertionError: expected \"spy\" to be called at least once\n    at Proxy.<anonymous> (file:///E:/Github/Qingyu/Qingyu_fronted/node_modules/@vitest/expect/dist/index.js:1448:13)\n    at Proxy.<anonymous> (file:///E:/Github/Qingyu/Qingyu_fronted/node_modules/@vitest/expect/dist/index.js:972:17)\n    at Proxy.methodWrapper (file:///E:/Github/Qingyu/Qingyu_fronted/node_modules/chai/index.js:1686:25)\n    at E:\\Github\\Qingyu\\Qingyu_fronted\\tests\\unit\\design-system\\other\\Calendar.test.ts:395:34\n    at processTicksAndRejections (node:internal/process/task_queues:105:5)\n    at file:///E:/Github/Qingyu/Qingyu_fronted/node_modules/@vitest/runner/dist/index.js:533:5\n    at runTest (file:///E:/Github/Qingyu/Qingyu_fronted/node_modules/@vitest/runner/dist/index.js:1056:11)\n    at runSuite (file:///E:/Github/Qingyu/Qingyu_fronted/node_modules/@vitest/runner/dist/index.js:1205:15)\n    at runSuite (file:///E:/Github/Qingyu/Qingyu_fronted/node_modules/@vitest/runner/dist/index.js:1205:15)\n    at runSuite (file:///E:/Github/Qingyu/Qingyu_fronted/node_modules/@vitest/runner/dist/index.js:1205:15)"],"meta":{}},{"ancestorTitles":["Calendar 组件","边界情况"],"fullName":"Calendar 组件 边界情况 应该处理 null 值","status":"passed","title":"应该处理 null 值","duration":35.09450000000015,"failureMessages":[],"meta":{}},{"ancestorTitles":["Calendar 组件","边界情况"],"fullName":"Calendar 组件 边界情况 应该处理空字符串","status":"passed","title":"应该处理空字符串","duration":17.542499999999563,"failureMessages":[],"meta":{}},{"ancestorTitles":["Calendar 组件","边界情况"],"fullName":"Calendar 组件 边界情况 应该处理闰年","status":"passed","title":"应该处理闰年","duration":20.351200000000063,"failureMessages":[],"meta":{}},{"ancestorTitles":["Calendar 组件","边界情况"],"fullName":"Calendar 组件 边界情况 应该处理不同月份的天数","status":"passed","title":"应该处理不同月份的天数","duration":26.567799999999806,"failureMessages":[],"meta":{}},{"ancestorTitles":["Calendar 组件","可访问性"],"fullName":"Calendar 组件 可访问性 禁用状态应该有正确的样式","status":"passed","title":"禁用状态应该有正确的样式","duration":16.77180000000044,"failureMessages":[],"meta":{}},{"ancestorTitles":["Calendar 组件","可访问性"],"fullName":"Calendar 组件 可访问性 日期单元格应该是可点击的","status":"passed","title":"日期单元格应该是可点击的","duration":20.16569999999956,"failureMessages":[],"meta":{}},{"ancestorTitles":["Calendar 组件","样式"],"fullName":"Calendar 组件 样式 应该应用自定义类名","status":"passed","title":"应该应用自定义类名","duration":10.862100000000282,"failureMessages":[],"meta":{}},{"ancestorTitles":["Calendar 组件","样式"],"fullName":"Calendar 组件 样式 应该有正确的边框样式","status":"passed","title":"应该有正确的边框样式","duration":8.978399999999965,"failureMessages":[],"meta":{}},{"ancestorTitles":["Calendar 组件","样式"],"fullName":"Calendar 组件 样式 应该有正确的圆角样式","status":"passed","title":"应该有正确的圆角样式","duration":11.68080000000009,"failureMessages":[],"meta":{}},{"ancestorTitles":["Calendar 组件","国际化"],"fullName":"Calendar 组件 国际化 应该支持中文语言环境","status":"passed","title":"应该支持中文语言环境","duration":11.105400000000373,"failureMessages":[],"meta":{}},{"ancestorTitles":["Calendar 组件","计算属性"],"fullName":"Calendar 组件 计算属性 应该正确计算星期标题","status":"passed","title":"应该正确计算星期标题","duration":21.09439999999995,"failureMessages":[],"meta":{}},{"ancestorTitles":["Calendar 组件","交互"],"fullName":"Calendar 组件 交互 应该阻止点击禁用日期","status":"passed","title":"应该阻止点击禁用日期","duration":27.7537999999995,"failureMessages":[],"meta":{}},{"ancestorTitles":["Calendar 组件","交互"],"fullName":"Calendar 组件 交互 范围选择应该正确处理两次点击","status":"failed","title":"范围选择应该正确处理两次点击","duration":30.36620000000039,"failureMessages":["Error: Unable to fire a \"click\" event - please provide a DOM element.\n    at createEvent (E:\\Github\\Qingyu\\Qingyu_fronted\\node_modules\\@testing-library\\vue\\node_modules\\@testing-library\\dom\\dist\\events.js:27:11)\n    at Function.createEvent.<computed> [as click] (E:\\Github\\Qingyu\\Qingyu_fronted\\node_modules\\@testing-library\\vue\\node_modules\\@testing-library\\dom\\dist\\events.js:106:38)\n    at Function.fireEvent.<computed> [as click] (E:\\Github\\Qingyu\\Qingyu_fronted\\node_modules\\@testing-library\\vue\\node_modules\\@testing-library\\dom\\dist\\events.js:110:68)\n    at Function.<anonymous> (E:\\Github\\Qingyu\\Qingyu_fronted\\node_modules\\@testing-library\\vue\\dist\\fire-event.js:27:24)\n    at Generator.next (<anonymous>)\n    at asyncGeneratorStep (E:\\Github\\Qingyu\\Qingyu_fronted\\node_modules\\@testing-library\\vue\\dist\\fire-event.js:8:103)\n    at _next (E:\\Github\\Qingyu\\Qingyu_fronted\\node_modules\\@testing-library\\vue\\dist\\fire-event.js:9:194)\n    at E:\\Github\\Qingyu\\Qingyu_fronted\\node_modules\\@testing-library\\vue\\dist\\fire-event.js:9:364\n    at new Promise (<anonymous>)\n    at Function.click (E:\\Github\\Qingyu\\Qingyu_fronted\\node_modules\\@testing-library\\vue\\dist\\fire-event.js:9:97)"],"meta":{}},{"ancestorTitles":["Calendar 组件","响应式"],"fullName":"Calendar 组件 响应式 应该响应 modelValue 的变化","status":"passed","title":"应该响应 modelValue 的变化","duration":29.69040000000041,"failureMessages":[],"meta":{}}],"startTime":1769254078457,"endTime":1769254079958.6904,"status":"failed","message":"","name":"E:/Github/Qingyu/Qingyu_fronted/tests/unit/design-system/other/Calendar.test.ts"},{"assertionResults":[{"ancestorTitles":["TimePicker 组件","渲染测试"],"fullName":"TimePicker 组件 渲染测试 应该正确渲染单时间选择器","status":"passed","title":"应该正确渲染单时间选择器","duration":138.40929999999935,"failureMessages":[],"meta":{}},{"ancestorTitles":["TimePicker 组件","渲染测试"],"fullName":"TimePicker 组件 渲染测试 应该正确渲染时间范围选择器","status":"passed","title":"应该正确渲染时间范围选择器","duration":41.853399999999965,"failureMessages":[],"meta":{}},{"ancestorTitles":["TimePicker 组件","渲染测试"],"fullName":"TimePicker 组件 渲染测试 应该显示前缀图标","status":"passed","title":"应该显示前缀图标","duration":24.677700000000186,"failureMessages":[],"meta":{}},{"ancestorTitles":["TimePicker 组件","渲染测试"],"fullName":"TimePicker 组件 渲染测试 应该正确显示绑定的值","status":"passed","title":"应该正确显示绑定的值","duration":18.88929999999982,"failureMessages":[],"meta":{}},{"ancestorTitles":["TimePicker 组件","渲染测试"],"fullName":"TimePicker 组件 渲染测试 应该正确显示范围值","status":"passed","title":"应该正确显示范围值","duration":18.33310000000074,"failureMessages":[],"meta":{}},{"ancestorTitles":["TimePicker 组件","尺寸测试"],"fullName":"TimePicker 组件 尺寸测试 应该正确应用小尺寸样式","status":"passed","title":"应该正确应用小尺寸样式","duration":11.399699999999939,"failureMessages":[],"meta":{}},{"ancestorTitles":["TimePicker 组件","尺寸测试"],"fullName":"TimePicker 组件 尺寸测试 应该正确应用中尺寸样式","status":"passed","title":"应该正确应用中尺寸样式","duration":13.302799999999479,"failureMessages":[],"meta":{}},{"ancestorTitles":["TimePicker 组件","尺寸测试"],"fullName":"TimePicker 组件 尺寸测试 应该正确应用大尺寸样式","status":"passed","title":"应该正确应用大尺寸样式","duration":12.078199999999924,"failureMessages":[],"meta":{}},{"ancestorTitles":["TimePicker 组件","状态测试"],"fullName":"TimePicker 组件 状态测试 应该正确应用禁用状态","status":"passed","title":"应该正确应用禁用状态","duration":26.165099999999256,"failureMessages":[],"meta":{}},{"ancestorTitles":["TimePicker 组件","状态测试"],"fullName":"TimePicker 组件 状态测试 应该正确应用只读状态","status":"passed","title":"应该正确应用只读状态","duration":40.11939999999959,"failureMessages":[],"meta":{}},{"ancestorTitles":["TimePicker 组件","状态测试"],"fullName":"TimePicker 组件 状态测试 应该正确应用不可编辑状态","status":"passed","title":"应该正确应用不可编辑状态","duration":15.433199999999488,"failureMessages":[],"meta":{}},{"ancestorTitles":["TimePicker 组件","状态测试"],"fullName":"TimePicker 组件 状态测试 应该在有值且可清空时显示清空按钮","status":"passed","title":"应该在有值且可清空时显示清空按钮","duration":32.36439999999948,"failureMessages":[],"meta":{}},{"ancestorTitles":["TimePicker 组件","状态测试"],"fullName":"TimePicker 组件 状态测试 应该在无值时不显示清空按钮","status":"passed","title":"应该在无值时不显示清空按钮","duration":17.137899999999718,"failureMessages":[],"meta":{}},{"ancestorTitles":["TimePicker 组件","状态测试"],"fullName":"TimePicker 组件 状态测试 应该在禁用时不显示清空按钮","status":"passed","title":"应该在禁用时不显示清空按钮","duration":14.648400000000038,"failureMessages":[],"meta":{}},{"ancestorTitles":["TimePicker 组件","交互测试"],"fullName":"TimePicker 组件 交互测试 应该在输入时触发 update:modelValue 和 change 事件","status":"passed","title":"应该在输入时触发 update:modelValue 和 change 事件","duration":48.02280000000064,"failureMessages":[],"meta":{}},{"ancestorTitles":["TimePicker 组件","交互测试"],"fullName":"TimePicker 组件 交互测试 应该在聚焦时触发 focus 事件","status":"passed","title":"应该在聚焦时触发 focus 事件","duration":10.808600000000297,"failureMessages":[],"meta":{}},{"ancestorTitles":["TimePicker 组件","交互测试"],"fullName":"TimePicker 组件 交互测试 应该在失焦时触发 blur 事件","status":"passed","title":"应该在失焦时触发 blur 事件","duration":16.649500000000444,"failureMessages":[],"meta":{}},{"ancestorTitles":["TimePicker 组件","交互测试"],"fullName":"TimePicker 组件 交互测试 应该在点击清空按钮时触发 clear 事件","status":"passed","title":"应该在点击清空按钮时触发 clear 事件","duration":30.38259999999991,"failureMessages":[],"meta":{}},{"ancestorTitles":["TimePicker 组件","交互测试"],"fullName":"TimePicker 组件 交互测试 应该正确更新范围选择器的值","status":"passed","title":"应该正确更新范围选择器的值","duration":30.660799999999654,"failureMessages":[],"meta":{}},{"ancestorTitles":["TimePicker 组件","时间格式测试"],"fullName":"TimePicker 组件 时间格式测试 应该正确处理 HH:mm:ss 格式","status":"passed","title":"应该正确处理 HH:mm:ss 格式","duration":11.008300000000418,"failureMessages":[],"meta":{}},{"ancestorTitles":["TimePicker 组件","时间格式测试"],"fullName":"TimePicker 组件 时间格式测试 应该正确处理 HH:mm 格式","status":"passed","title":"应该正确处理 HH:mm 格式","duration":6.663099999999758,"failureMessages":[],"meta":{}},{"ancestorTitles":["TimePicker 组件","时间格式测试"],"fullName":"TimePicker 组件 时间格式测试 应该正确处理 HHmmss 格式","status":"passed","title":"应该正确处理 HHmmss 格式","duration":9.347799999999552,"failureMessages":[],"meta":{}},{"ancestorTitles":["TimePicker 组件","时间格式测试"],"fullName":"TimePicker 组件 时间格式测试 应该正确处理 HHmm 格式","status":"passed","title":"应该正确处理 HHmm 格式","duration":7.262800000000425,"failureMessages":[],"meta":{}},{"ancestorTitles":["TimePicker 组件","范围分隔符测试"],"fullName":"TimePicker 组件 范围分隔符测试 应该使用默认的分隔符","status":"passed","title":"应该使用默认的分隔符","duration":11.38090000000011,"failureMessages":[],"meta":{}},{"ancestorTitles":["TimePicker 组件","范围分隔符测试"],"fullName":"TimePicker 组件 范围分隔符测试 应该使用自定义的分隔符","status":"passed","title":"应该使用自定义的分隔符","duration":7.765900000000329,"failureMessages":[],"meta":{}},{"ancestorTitles":["TimePicker 组件","暴露方法测试"],"fullName":"TimePicker 组件 暴露方法测试 应该暴露 focus 方法","status":"passed","title":"应该暴露 focus 方法","duration":9.354800000000068,"failureMessages":[],"meta":{}},{"ancestorTitles":["TimePicker 组件","暴露方法测试"],"fullName":"TimePicker 组件 暴露方法测试 应该暴露 blur 方法","status":"passed","title":"应该暴露 blur 方法","duration":11.675799999999981,"failureMessages":[],"meta":{}},{"ancestorTitles":["TimePicker 组件","暴露方法测试"],"fullName":"TimePicker 组件 暴露方法测试 应该暴露 getCurrentTime 方法","status":"passed","title":"应该暴露 getCurrentTime 方法","duration":11.14560000000074,"failureMessages":[],"meta":{}},{"ancestorTitles":["TimePicker 组件","占位符测试"],"fullName":"TimePicker 组件 占位符测试 应该使用自定义占位符","status":"passed","title":"应该使用自定义占位符","duration":12.817399999999907,"failureMessages":[],"meta":{}},{"ancestorTitles":["TimePicker 组件","占位符测试"],"fullName":"TimePicker 组件 占位符测试 应该使用默认占位符","status":"passed","title":"应该使用默认占位符","duration":10.698100000000522,"failureMessages":[],"meta":{}},{"ancestorTitles":["TimePicker 组件","占位符测试"],"fullName":"TimePicker 组件 占位符测试 应该使用范围的默认占位符","status":"passed","title":"应该使用范围的默认占位符","duration":13.52809999999954,"failureMessages":[],"meta":{}},{"ancestorTitles":["TimePicker 组件","样式类名测试"],"fullName":"TimePicker 组件 样式类名测试 应该正确应用自定义类名","status":"passed","title":"应该正确应用自定义类名","duration":10.699800000000323,"failureMessages":[],"meta":{}},{"ancestorTitles":["TimePicker 组件","样式类名测试"],"fullName":"TimePicker 组件 样式类名测试 应该有正确的基础样式类","status":"passed","title":"应该有正确的基础样式类","duration":16.386999999999716,"failureMessages":[],"meta":{}},{"ancestorTitles":["TimePicker 工具函数测试","formatTime"],"fullName":"TimePicker 工具函数测试 formatTime 应该正确格式化为 HH:mm:ss","status":"passed","title":"应该正确格式化为 HH:mm:ss","duration":0.3771999999999025,"failureMessages":[],"meta":{}},{"ancestorTitles":["TimePicker 工具函数测试","formatTime"],"fullName":"TimePicker 工具函数测试 formatTime 应该正确格式化为 HH:mm","status":"passed","title":"应该正确格式化为 HH:mm","duration":1.207700000000841,"failureMessages":[],"meta":{}},{"ancestorTitles":["TimePicker 工具函数测试","formatTime"],"fullName":"TimePicker 工具函数测试 formatTime 应该正确格式化为 HHmmss","status":"passed","title":"应该正确格式化为 HHmmss","duration":0.5158000000001266,"failureMessages":[],"meta":{}},{"ancestorTitles":["TimePicker 工具函数测试","formatTime"],"fullName":"TimePicker 工具函数测试 formatTime 应该正确格式化为 HHmm","status":"passed","title":"应该正确格式化为 HHmm","duration":0.566899999999805,"failureMessages":[],"meta":{}},{"ancestorTitles":["TimePicker 工具函数测试","parseTime"],"fullName":"TimePicker 工具函数测试 parseTime 应该正确解析 HH:mm:ss 格式","status":"passed","title":"应该正确解析 HH:mm:ss 格式","duration":3.326199999999517,"failureMessages":[],"meta":{}},{"ancestorTitles":["TimePicker 工具函数测试","parseTime"],"fullName":"TimePicker 工具函数测试 parseTime 应该正确解析 HH:mm 格式","status":"passed","title":"应该正确解析 HH:mm 格式","duration":4.291999999999462,"failureMessages":[],"meta":{}},{"ancestorTitles":["TimePicker 工具函数测试","parseTime"],"fullName":"TimePicker 工具函数测试 parseTime 应该正确解析 HHmmss 格式","status":"passed","title":"应该正确解析 HHmmss 格式","duration":0.680699999999888,"failureMessages":[],"meta":{}},{"ancestorTitles":["TimePicker 工具函数测试","parseTime"],"fullName":"TimePicker 工具函数测试 parseTime 应该对无效时间返回 null","status":"passed","title":"应该对无效时间返回 null","duration":0.5958000000000538,"failureMessages":[],"meta":{}},{"ancestorTitles":["TimePicker 工具函数测试","parseTime"],"fullName":"TimePicker 工具函数测试 parseTime 应该对超出范围的小时返回 null","status":"passed","title":"应该对超出范围的小时返回 null","duration":0.4128000000000611,"failureMessages":[],"meta":{}},{"ancestorTitles":["TimePicker 工具函数测试","parseTime"],"fullName":"TimePicker 工具函数测试 parseTime 应该对超出范围的分钟返回 null","status":"passed","title":"应该对超出范围的分钟返回 null","duration":1.829200000000128,"failureMessages":[],"meta":{}},{"ancestorTitles":["TimePicker 工具函数测试","parseTime"],"fullName":"TimePicker 工具函数测试 parseTime 应该对超出范围的秒返回 null","status":"passed","title":"应该对超出范围的秒返回 null","duration":0.5226999999995314,"failureMessages":[],"meta":{}},{"ancestorTitles":["TimePicker 工具函数测试","isValidTime"],"fullName":"TimePicker 工具函数测试 isValidTime 应该对有效时间返回 true","status":"passed","title":"应该对有效时间返回 true","duration":0.4893999999994776,"failureMessages":[],"meta":{}},{"ancestorTitles":["TimePicker 工具函数测试","isValidTime"],"fullName":"TimePicker 工具函数测试 isValidTime 应该对无效时间返回 false","status":"passed","title":"应该对无效时间返回 false","duration":0.47119999999995343,"failureMessages":[],"meta":{}},{"ancestorTitles":["TimePicker 工具函数测试","isValidTime"],"fullName":"TimePicker 工具函数测试 isValidTime 应该对空字符串返回 false","status":"passed","title":"应该对空字符串返回 false","duration":1.5608000000001994,"failureMessages":[],"meta":{}},{"ancestorTitles":["TimePicker 工具函数测试","compareTimes"],"fullName":"TimePicker 工具函数测试 compareTimes 应该在 time1 < time2 时返回 -1","status":"passed","title":"应该在 time1 < time2 时返回 -1","duration":0.5307000000002517,"failureMessages":[],"meta":{}},{"ancestorTitles":["TimePicker 工具函数测试","compareTimes"],"fullName":"TimePicker 工具函数测试 compareTimes 应该在 time1 = time2 时返回 0","status":"passed","title":"应该在 time1 = time2 时返回 0","duration":0.6033999999999651,"failureMessages":[],"meta":{}},{"ancestorTitles":["TimePicker 工具函数测试","compareTimes"],"fullName":"TimePicker 工具函数测试 compareTimes 应该在 time1 > time2 时返回 1","status":"passed","title":"应该在 time1 > time2 时返回 1","duration":0.5617999999994936,"failureMessages":[],"meta":{}},{"ancestorTitles":["TimePicker 工具函数测试","isTimeInRange"],"fullName":"TimePicker 工具函数测试 isTimeInRange 应该在时间范围内返回 true","status":"passed","title":"应该在时间范围内返回 true","duration":0.5677999999998065,"failureMessages":[],"meta":{}},{"ancestorTitles":["TimePicker 工具函数测试","isTimeInRange"],"fullName":"TimePicker 工具函数测试 isTimeInRange 应该在时间范围外返回 false","status":"passed","title":"应该在时间范围外返回 false","duration":0.5736000000006243,"failureMessages":[],"meta":{}},{"ancestorTitles":["TimePicker 工具函数测试","isTimeInRange"],"fullName":"TimePicker 工具函数测试 isTimeInRange 应该在边界时间返回 true","status":"passed","title":"应该在边界时间返回 true","duration":0.8335999999999331,"failureMessages":[],"meta":{}},{"ancestorTitles":["TimePicker 工具函数测试","isTimeInDisabledRanges"],"fullName":"TimePicker 工具函数测试 isTimeInDisabledRanges 应该在禁用范围内返回 true","status":"passed","title":"应该在禁用范围内返回 true","duration":0.7928000000001703,"failureMessages":[],"meta":{}},{"ancestorTitles":["TimePicker 工具函数测试","isTimeInDisabledRanges"],"fullName":"TimePicker 工具函数测试 isTimeInDisabledRanges 应该在禁用范围外返回 false","status":"passed","title":"应该在禁用范围外返回 false","duration":0.7006000000001222,"failureMessages":[],"meta":{}},{"ancestorTitles":["TimePicker 工具函数测试","getCurrentTime"],"fullName":"TimePicker 工具函数测试 getCurrentTime 应该返回当前时间字符串","status":"passed","title":"应该返回当前时间字符串","duration":0.8535000000001673,"failureMessages":[],"meta":{}},{"ancestorTitles":["TimePicker 工具函数测试","generateHours"],"fullName":"TimePicker 工具函数测试 generateHours 应该生成正确的小时列表","status":"passed","title":"应该生成正确的小时列表","duration":1.3479999999999563,"failureMessages":[],"meta":{}},{"ancestorTitles":["TimePicker 工具函数测试","generateHours"],"fullName":"TimePicker 工具函数测试 generateHours 应该根据步长生成小时列表","status":"passed","title":"应该根据步长生成小时列表","duration":0.46039999999993597,"failureMessages":[],"meta":{}},{"ancestorTitles":["TimePicker 工具函数测试","generateMinutes"],"fullName":"TimePicker 工具函数测试 generateMinutes 应该生成正确的分钟列表","status":"passed","title":"应该生成正确的分钟列表","duration":0.6983000000000175,"failureMessages":[],"meta":{}},{"ancestorTitles":["TimePicker 工具函数测试","generateMinutes"],"fullName":"TimePicker 工具函数测试 generateMinutes 应该根据步长生成分钟列表","status":"passed","title":"应该根据步长生成分钟列表","duration":0.48400000000037835,"failureMessages":[],"meta":{}},{"ancestorTitles":["TimePicker 工具函数测试","generateSeconds"],"fullName":"TimePicker 工具函数测试 generateSeconds 应该生成正确的秒列表","status":"passed","title":"应该生成正确的秒列表","duration":0.5666999999994005,"failureMessages":[],"meta":{}},{"ancestorTitles":["TimePicker 工具函数测试","generateSeconds"],"fullName":"TimePicker 工具函数测试 generateSeconds 应该根据步长生成秒列表","status":"passed","title":"应该根据步长生成秒列表","duration":0.7664999999997235,"failureMessages":[],"meta":{}},{"ancestorTitles":["TimePicker 工具函数测试","convertTimeFormat"],"fullName":"TimePicker 工具函数测试 convertTimeFormat 应该正确转换时间格式","status":"passed","title":"应该正确转换时间格式","duration":0.8504000000002634,"failureMessages":[],"meta":{}},{"ancestorTitles":["TimePicker 工具函数测试","convertTimeFormat"],"fullName":"TimePicker 工具函数测试 convertTimeFormat 应该对无效时间返回 null","status":"passed","title":"应该对无效时间返回 null","duration":0.8005999999995765,"failureMessages":[],"meta":{}},{"ancestorTitles":["TimePicker 工具函数测试","isValidTimeRange"],"fullName":"TimePicker 工具函数测试 isValidTimeRange 应该对有效时间范围返回 true","status":"passed","title":"应该对有效时间范围返回 true","duration":0.51299999999992,"failureMessages":[],"meta":{}},{"ancestorTitles":["TimePicker 工具函数测试","isValidTimeRange"],"fullName":"TimePicker 工具函数测试 isValidTimeRange 应该对无效时间范围返回 false","status":"passed","title":"应该对无效时间范围返回 false","duration":0.4584999999997308,"failureMessages":[],"meta":{}},{"ancestorTitles":["TimePicker 工具函数测试","isValidTimeRange"],"fullName":"TimePicker 工具函数测试 isValidTimeRange 应该对相等时间返回 true","status":"passed","title":"应该对相等时间返回 true","duration":0.45129999999971915,"failureMessages":[],"meta":{}},{"ancestorTitles":["TimePicker 工具函数测试","formatTimeRange"],"fullName":"TimePicker 工具函数测试 formatTimeRange 应该正确格式化时间范围","status":"passed","title":"应该正确格式化时间范围","duration":0.604099999999562,"failureMessages":[],"meta":{}},{"ancestorTitles":["TimePicker 工具函数测试","formatTimeRange"],"fullName":"TimePicker 工具函数测试 formatTimeRange 应该使用自定义分隔符","status":"passed","title":"应该使用自定义分隔符","duration":1.2502999999996973,"failureMessages":[],"meta":{}},{"ancestorTitles":["TimePicker 工具函数测试","parseTimeRange"],"fullName":"TimePicker 工具函数测试 parseTimeRange 应该正确解析时间范围","status":"passed","title":"应该正确解析时间范围","duration":1.546900000000278,"failureMessages":[],"meta":{}},{"ancestorTitles":["TimePicker 工具函数测试","parseTimeRange"],"fullName":"TimePicker 工具函数测试 parseTimeRange 应该对无效格式返回 null","status":"passed","title":"应该对无效格式返回 null","duration":1.1301000000003114,"failureMessages":[],"meta":{}},{"ancestorTitles":["TimePicker 工具函数测试","getTimeDifferenceInSeconds"],"fullName":"TimePicker 工具函数测试 getTimeDifferenceInSeconds 应该正确计算时间差","status":"passed","title":"应该正确计算时间差","duration":0.7996999999995751,"failureMessages":[],"meta":{}},{"ancestorTitles":["TimePicker 工具函数测试","getTimeDifferenceInSeconds"],"fullName":"TimePicker 工具函数测试 getTimeDifferenceInSeconds 应该对相同时间返回 0","status":"passed","title":"应该对相同时间返回 0","duration":0.5242999999991298,"failureMessages":[],"meta":{}},{"ancestorTitles":["TimePicker 工具函数测试","addTime"],"fullName":"TimePicker 工具函数测试 addTime 应该正确添加时间","status":"passed","title":"应该正确添加时间","duration":0.742099999999482,"failureMessages":[],"meta":{}},{"ancestorTitles":["TimePicker 工具函数测试","addTime"],"fullName":"TimePicker 工具函数测试 addTime 应该正确处理跨天","status":"passed","title":"应该正确处理跨天","duration":0.4444999999996071,"failureMessages":[],"meta":{}},{"ancestorTitles":["TimePicker 工具函数测试","addTime"],"fullName":"TimePicker 工具函数测试 addTime 应该对无效时间返回 null","status":"passed","title":"应该对无效时间返回 null","duration":0.43870000000060827,"failureMessages":[],"meta":{}}],"startTime":1769254070709,"endTime":1769254071479.4446,"status":"passed","message":"","name":"E:/Github/Qingyu/Qingyu_fronted/tests/unit/design-system/other/TimePicker.test.ts"},{"assertionResults":[{"ancestorTitles":["Menu 组件","基础功能"],"fullName":"Menu 组件 基础功能 应该正确渲染 Menu 容器","status":"passed","title":"应该正确渲染 Menu 容器","duration":206.20609999999942,"failureMessages":[],"meta":{}},{"ancestorTitles":["Menu 组件","基础功能"],"fullName":"Menu 组件 基础功能 应该渲染子菜单项","status":"passed","title":"应该渲染子菜单项","duration":39.263600000000224,"failureMessages":[],"meta":{}},{"ancestorTitles":["Menu 组件","基础功能"],"fullName":"Menu 组件 基础功能 应该正确设置默认激活项","status":"passed","title":"应该正确设置默认激活项","duration":24.479299999999967,"failureMessages":[],"meta":{}},{"ancestorTitles":["Menu 组件","模式切换"],"fullName":"Menu 组件 模式切换 应该在垂直模式下应用正确的样式","status":"passed","title":"应该在垂直模式下应用正确的样式","duration":8.410399999999754,"failureMessages":[],"meta":{}},{"ancestorTitles":["Menu 组件","模式切换"],"fullName":"Menu 组件 模式切换 应该在水平模式下应用正确的样式","status":"passed","title":"应该在水平模式下应用正确的样式","duration":9.073199999999815,"failureMessages":[],"meta":{}},{"ancestorTitles":["Menu 组件","折叠模式"],"fullName":"Menu 组件 折叠模式 应该在折叠模式下应用正确的样式","status":"passed","title":"应该在折叠模式下应用正确的样式","duration":10.270299999999224,"failureMessages":[],"meta":{}},{"ancestorTitles":["Menu 组件","折叠模式"],"fullName":"Menu 组件 折叠模式 折叠模式下的菜单项应该居中显示","status":"passed","title":"折叠模式下的菜单项应该居中显示","duration":24.409299999999348,"failureMessages":[],"meta":{}},{"ancestorTitles":["Menu 组件","MenuItem 组件"],"fullName":"Menu 组件 MenuItem 组件 应该正确渲染菜单项内容","status":"passed","title":"应该正确渲染菜单项内容","duration":11.359699999999975,"failureMessages":[],"meta":{}},{"ancestorTitles":["Menu 组件","MenuItem 组件"],"fullName":"Menu 组件 MenuItem 组件 应该正确渲染图标","status":"passed","title":"应该正确渲染图标","duration":13.396199999999226,"failureMessages":[],"meta":{}},{"ancestorTitles":["Menu 组件","MenuItem 组件"],"fullName":"Menu 组件 MenuItem 组件 禁用状态下应该阻止点击","status":"passed","title":"禁用状态下应该阻止点击","duration":13.97569999999996,"failureMessages":[],"meta":{}},{"ancestorTitles":["Menu 组件","MenuItem 组件"],"fullName":"Menu 组件 MenuItem 组件 应该支持键盘导航","status":"passed","title":"应该支持键盘导航","duration":22.988800000000083,"failureMessages":[],"meta":{}},{"ancestorTitles":["Menu 组件","MenuSub 组件"],"fullName":"Menu 组件 MenuSub 组件 应该正确渲染子菜单标题","status":"passed","title":"应该正确渲染子菜单标题","duration":203.04550000000017,"failureMessages":[],"meta":{}},{"ancestorTitles":["Menu 组件","MenuSub 组件"],"fullName":"Menu 组件 MenuSub 组件 应该在垂直模式下支持点击展开/收起","status":"passed","title":"应该在垂直模式下支持点击展开/收起","duration":22.613099999999577,"failureMessages":[],"meta":{}},{"ancestorTitles":["Menu 组件","MenuItemGroup 组件"],"fullName":"Menu 组件 MenuItemGroup 组件 应该正确渲染分组标题","status":"passed","title":"应该正确渲染分组标题","duration":9.33310000000074,"failureMessages":[],"meta":{}},{"ancestorTitles":["Menu 组件","MenuItemGroup 组件"],"fullName":"Menu 组件 MenuItemGroup 组件 应该正确渲染分组内容","status":"passed","title":"应该正确渲染分组内容","duration":12.501500000000306,"failureMessages":[],"meta":{}},{"ancestorTitles":["Menu 组件","自定义主题"],"fullName":"Menu 组件 自定义主题 应该正确应用自定义背景色","status":"passed","title":"应该正确应用自定义背景色","duration":35.14210000000003,"failureMessages":[],"meta":{}},{"ancestorTitles":["Menu 组件","自定义主题"],"fullName":"Menu 组件 自定义主题 应该正确应用自定义文字颜色","status":"passed","title":"应该正确应用自定义文字颜色","duration":15.880599999999504,"failureMessages":[],"meta":{}},{"ancestorTitles":["Menu 组件","手风琴模式"],"fullName":"Menu 组件 手风琴模式 应该在 uniqueOpened 模式下只保持一个子菜单展开","status":"passed","title":"应该在 uniqueOpened 模式下只保持一个子菜单展开","duration":42.419200000000274,"failureMessages":[],"meta":{}},{"ancestorTitles":["Menu 组件","默认展开项"],"fullName":"Menu 组件 默认展开项 应该正确展开指定的子菜单","status":"passed","title":"应该正确展开指定的子菜单","duration":191.58129999999983,"failureMessages":[],"meta":{}},{"ancestorTitles":["Menu 组件","无障碍访问"],"fullName":"Menu 组件 无障碍访问 Menu 容器应该有正确的 role 属性","status":"passed","title":"Menu 容器应该有正确的 role 属性","duration":35.035899999999856,"failureMessages":[],"meta":{}},{"ancestorTitles":["Menu 组件","无障碍访问"],"fullName":"Menu 组件 无障碍访问 MenuItem 应该有正确的 role 属性","status":"passed","title":"MenuItem 应该有正确的 role 属性","duration":23.747600000000602,"failureMessages":[],"meta":{}},{"ancestorTitles":["Menu 组件","无障碍访问"],"fullName":"Menu 组件 无障碍访问 禁用的 MenuItem 应该有正确的 tabindex","status":"passed","title":"禁用的 MenuItem 应该有正确的 tabindex","duration":6.3047999999998865,"failureMessages":[],"meta":{}},{"ancestorTitles":["Menu 组件","无障碍访问"],"fullName":"Menu 组件 无障碍访问 MenuSub 标题应该有正确的 aria 属性","status":"passed","title":"MenuSub 标题应该有正确的 aria 属性","duration":7.504500000000007,"failureMessages":[],"meta":{}},{"ancestorTitles":["Menu 组件","响应式更新"],"fullName":"Menu 组件 响应式更新 应该在 defaultActive 变化时更新激活状态","status":"passed","title":"应该在 defaultActive 变化时更新激活状态","duration":14.656500000000051,"failureMessages":[],"meta":{}},{"ancestorTitles":["Menu 组件","响应式更新"],"fullName":"Menu 组件 响应式更新 应该在 collapse 变化时更新样式","status":"passed","title":"应该在 collapse 变化时更新样式","duration":5.769500000000335,"failureMessages":[],"meta":{}},{"ancestorTitles":["Menu 组件","样式和主题"],"fullName":"Menu 组件 样式和主题 应该正确应用暗色模式样式","status":"passed","title":"应该正确应用暗色模式样式","duration":4.441200000000208,"failureMessages":[],"meta":{}},{"ancestorTitles":["Menu 组件","样式和主题"],"fullName":"Menu 组件 样式和主题 应该正确应用过渡动画","status":"passed","title":"应该正确应用过渡动画","duration":7.433399999999892,"failureMessages":[],"meta":{}},{"ancestorTitles":["Menu 组件","样式和主题"],"fullName":"Menu 组件 样式和主题 应该正确应用 hover 样式","status":"passed","title":"应该正确应用 hover 样式","duration":46.984699999999975,"failureMessages":[],"meta":{}}],"startTime":1769254081086,"endTime":1769254082166.9846,"status":"passed","message":"","name":"E:/Github/Qingyu/Qingyu_fronted/tests/unit/design-system/navigation/Menu.test.ts"},{"assertionResults":[{"ancestorTitles":["Steps 组件","基础功能"],"fullName":"Steps 组件 基础功能 应该正确渲染 Steps 组件","status":"passed","title":"应该正确渲染 Steps 组件","duration":195.22189999999955,"failureMessages":[],"meta":{}},{"ancestorTitles":["Steps 组件","基础功能"],"fullName":"Steps 组件 基础功能 应该正确设置默认 current 属性","status":"passed","title":"应该正确设置默认 current 属性","duration":46.338299999999435,"failureMessages":[],"meta":{}},{"ancestorTitles":["Steps 组件","基础功能"],"fullName":"Steps 组件 基础功能 应该正确渲染水平方向的步骤条","status":"passed","title":"应该正确渲染水平方向的步骤条","duration":9.537900000000263,"failureMessages":[],"meta":{}},{"ancestorTitles":["Steps 组件","基础功能"],"fullName":"Steps 组件 基础功能 应该正确渲染垂直方向的步骤条","status":"passed","title":"应该正确渲染垂直方向的步骤条","duration":8.531399999999849,"failureMessages":[],"meta":{}},{"ancestorTitles":["Steps 组件","基础功能"],"fullName":"Steps 组件 基础功能 应该支持居中对齐","status":"passed","title":"应该支持居中对齐","duration":8.032199999999648,"failureMessages":[],"meta":{}},{"ancestorTitles":["Steps 组件","基础功能"],"fullName":"Steps 组件 基础功能 应该支持简洁模式","status":"passed","title":"应该支持简洁模式","duration":11.76430000000073,"failureMessages":[],"meta":{}},{"ancestorTitles":["Steps 组件","基础功能"],"fullName":"Steps 组件 基础功能 应该支持自定义完成状态","status":"passed","title":"应该支持自定义完成状态","duration":9.261999999999716,"failureMessages":[],"meta":{}},{"ancestorTitles":["Steps 组件","基础功能"],"fullName":"Steps 组件 基础功能 应该支持自定义进行中状态","status":"passed","title":"应该支持自定义进行中状态","duration":6.248100000000704,"failureMessages":[],"meta":{}},{"ancestorTitles":["Steps 组件","Step 组件"],"fullName":"Steps 组件 Step 组件 应该正确渲染 Step 组件","status":"passed","title":"应该正确渲染 Step 组件","duration":14.188900000000103,"failureMessages":[],"meta":{}},{"ancestorTitles":["Steps 组件","Step 组件"],"fullName":"Steps 组件 Step 组件 应该正确渲染步骤图标","status":"passed","title":"应该正确渲染步骤图标","duration":9.05580000000009,"failureMessages":[],"meta":{}},{"ancestorTitles":["Steps 组件","Step 组件"],"fullName":"Steps 组件 Step 组件 应该正确渲染步骤标题","status":"passed","title":"应该正确渲染步骤标题","duration":11.525800000000345,"failureMessages":[],"meta":{}},{"ancestorTitles":["Steps 组件","Step 组件"],"fullName":"Steps 组件 Step 组件 应该正确渲染步骤描述","status":"passed","title":"应该正确渲染步骤描述","duration":10.079099999999926,"failureMessages":[],"meta":{}},{"ancestorTitles":["Steps 组件","Step 组件"],"fullName":"Steps 组件 Step 组件 应该支持自定义步骤状态","status":"passed","title":"应该支持自定义步骤状态","duration":10.042300000000068,"failureMessages":[],"meta":{}},{"ancestorTitles":["Steps 组件","Step 组件"],"fullName":"Steps 组件 Step 组件 应该正确渲染等待状态","status":"passed","title":"应该正确渲染等待状态","duration":12.127299999999195,"failureMessages":[],"meta":{}},{"ancestorTitles":["Steps 组件","Step 组件"],"fullName":"Steps 组件 Step 组件 应该正确渲染进行中状态","status":"passed","title":"应该正确渲染进行中状态","duration":7.438100000000304,"failureMessages":[],"meta":{}},{"ancestorTitles":["Steps 组件","Step 组件"],"fullName":"Steps 组件 Step 组件 应该正确渲染完成状态","status":"passed","title":"应该正确渲染完成状态","duration":7.585700000000543,"failureMessages":[],"meta":{}},{"ancestorTitles":["Steps 组件","Step 组件"],"fullName":"Steps 组件 Step 组件 应该正确渲染错误状态","status":"passed","title":"应该正确渲染错误状态","duration":21.756400000000212,"failureMessages":[],"meta":{}},{"ancestorTitles":["Steps 组件","Step 组件"],"fullName":"Steps 组件 Step 组件 应该正确渲染成功状态","status":"passed","title":"应该正确渲染成功状态","duration":12.63379999999961,"failureMessages":[],"meta":{}},{"ancestorTitles":["Steps 组件","Step 组件"],"fullName":"Steps 组件 Step 组件 完成状态应该显示勾选图标","status":"passed","title":"完成状态应该显示勾选图标","duration":60.22739999999976,"failureMessages":[],"meta":{}},{"ancestorTitles":["Steps 组件","Step 组件"],"fullName":"Steps 组件 Step 组件 错误状态应该显示错误图标","status":"passed","title":"错误状态应该显示错误图标","duration":11.342000000000553,"failureMessages":[],"meta":{}},{"ancestorTitles":["Steps 组件","插槽功能"],"fullName":"Steps 组件 插槽功能 应该支持 icon 插槽","status":"passed","title":"应该支持 icon 插槽","duration":80.44979999999941,"failureMessages":[],"meta":{}},{"ancestorTitles":["Steps 组件","插槽功能"],"fullName":"Steps 组件 插槽功能 应该支持 title 插槽","status":"passed","title":"应该支持 title 插槽","duration":60.119300000000294,"failureMessages":[],"meta":{}},{"ancestorTitles":["Steps 组件","插槽功能"],"fullName":"Steps 组件 插槽功能 应该支持 description 插槽","status":"passed","title":"应该支持 description 插槽","duration":36.45420000000013,"failureMessages":[],"meta":{}},{"ancestorTitles":["Steps 组件","事件功能"],"fullName":"Steps 组件 事件功能 应该触发 change 事件","status":"passed","title":"应该触发 change 事件","duration":46.84229999999934,"failureMessages":[],"meta":{}},{"ancestorTitles":["Steps 组件","事件功能"],"fullName":"Steps 组件 事件功能 应该触发 Step 点击事件","status":"passed","title":"应该触发 Step 点击事件","duration":41.574899999999616,"failureMessages":[],"meta":{}},{"ancestorTitles":["Steps 组件","无障碍访问"],"fullName":"Steps 组件 无障碍访问 Steps 应该有 role=\"list\"","status":"passed","title":"Steps 应该有 role=\"list\"","duration":10.078500000000531,"failureMessages":[],"meta":{}},{"ancestorTitles":["Steps 组件","无障碍访问"],"fullName":"Steps 组件 无障碍访问 Step 应该有 role=\"listitem\"","status":"passed","title":"Step 应该有 role=\"listitem\"","duration":5.39469999999983,"failureMessages":[],"meta":{}},{"ancestorTitles":["Steps 组件","无障碍访问"],"fullName":"Steps 组件 无障碍访问 当前步骤应该有 aria-current 属性","status":"passed","title":"当前步骤应该有 aria-current 属性","duration":5.988899999999376,"failureMessages":[],"meta":{}},{"ancestorTitles":["Steps 组件","样式类名"],"fullName":"Steps 组件 样式类名 应该支持自定义类名","status":"passed","title":"应该支持自定义类名","duration":9.156499999999141,"failureMessages":[],"meta":{}},{"ancestorTitles":["Steps 组件","样式类名"],"fullName":"Steps 组件 样式类名 Step 应该支持自定义类名","status":"passed","title":"Step 应该支持自定义类名","duration":5.926899999999478,"failureMessages":[],"meta":{}},{"ancestorTitles":["Steps 组件","样式类名"],"fullName":"Steps 组件 样式类名 水平步骤应该有正确的 flex 类名","status":"passed","title":"水平步骤应该有正确的 flex 类名","duration":7.814900000000307,"failureMessages":[],"meta":{}},{"ancestorTitles":["Steps 组件","样式类名"],"fullName":"Steps 组件 样式类名 垂直步骤应该有正确的 flex 类名","status":"passed","title":"垂直步骤应该有正确的 flex 类名","duration":4.130000000000109,"failureMessages":[],"meta":{}}],"startTime":1769254086178,"endTime":1769254086982.13,"status":"passed","message":"","name":"E:/Github/Qingyu/Qingyu_fronted/tests/unit/design-system/navigation/Steps.test.ts"},{"assertionResults":[{"ancestorTitles":["App"],"fullName":"App mounts renders properly","status":"failed","title":"mounts renders properly","duration":52.767799999999625,"failureMessages":["Error: [🍍]: \"getActivePinia()\" was called but there was no active Pinia. Are you trying to use a store before calling \"app.use(pinia)\"?\nSee https://pinia.vuejs.org/core-concepts/outside-component-usage.html for help.\nThis will fail in production.\n    at Module.useStore (file:///E:/Github/Qingyu/Qingyu_fronted/node_modules/pinia/dist/pinia.mjs:1735:19)\n    at setup (E:\\Github\\Qingyu\\Qingyu_fronted\\src\\App.vue:9:19)\n    at callWithErrorHandling (E:\\Github\\Qingyu\\Qingyu_fronted\\node_modules\\@vue\\runtime-core\\dist\\runtime-core.cjs.js:200:19)\n    at setupStatefulComponent (E:\\Github\\Qingyu\\Qingyu_fronted\\node_modules\\@vue\\runtime-core\\dist\\runtime-core.cjs.js:7934:25)\n    at setupComponent (E:\\Github\\Qingyu\\Qingyu_fronted\\node_modules\\@vue\\runtime-core\\dist\\runtime-core.cjs.js:7895:36)\n    at mountComponent (E:\\Github\\Qingyu\\Qingyu_fronted\\node_modules\\@vue\\runtime-core\\dist\\runtime-core.cjs.js:5225:7)\n    at processComponent (E:\\Github\\Qingyu\\Qingyu_fronted\\node_modules\\@vue\\runtime-core\\dist\\runtime-core.cjs.js:5191:9)\n    at patch (E:\\Github\\Qingyu\\Qingyu_fronted\\node_modules\\@vue\\runtime-core\\dist\\runtime-core.cjs.js:4718:11)\n    at ReactiveEffect.componentUpdateFn [as fn] (E:\\Github\\Qingyu\\Qingyu_fronted\\node_modules\\@vue\\runtime-core\\dist\\runtime-core.cjs.js:5337:11)\n    at ReactiveEffect.run (E:\\Github\\Qingyu\\Qingyu_fronted\\node_modules\\@vue\\reactivity\\dist\\reactivity.cjs.js:241:19)"],"meta":{}}],"startTime":1769254096445,"endTime":1769254096497.7678,"status":"failed","message":"","name":"E:/Github/Qingyu/Qingyu_fronted/src/__tests__/App.spec.ts"},{"assertionResults":[{"ancestorTitles":["Message 组件","基础渲染"],"fullName":"Message 组件 基础渲染 应该正确渲染默认消息","status":"passed","title":"应该正确渲染默认消息","duration":267.34410000000025,"failureMessages":[],"meta":{}},{"ancestorTitles":["Message 组件","基础渲染"],"fullName":"Message 组件 基础渲染 应该正确渲染 success 类型的消息","status":"passed","title":"应该正确渲染 success 类型的消息","duration":38.70520000000033,"failureMessages":[],"meta":{}},{"ancestorTitles":["Message 组件","基础渲染"],"fullName":"Message 组件 基础渲染 应该正确渲染 info 类型的消息","status":"passed","title":"应该正确渲染 info 类型的消息","duration":30.12369999999919,"failureMessages":[],"meta":{}},{"ancestorTitles":["Message 组件","基础渲染"],"fullName":"Message 组件 基础渲染 应该正确渲染 warning 类型的消息","status":"passed","title":"应该正确渲染 warning 类型的消息","duration":27.56999999999971,"failureMessages":[],"meta":{}},{"ancestorTitles":["Message 组件","基础渲染"],"fullName":"Message 组件 基础渲染 应该正确渲染 error 类型的消息","status":"passed","title":"应该正确渲染 error 类型的消息","duration":27.361899999999878,"failureMessages":[],"meta":{}},{"ancestorTitles":["Message 组件","基础渲染"],"fullName":"Message 组件 基础渲染 应该在非居中模式下显示图标","status":"passed","title":"应该在非居中模式下显示图标","duration":27.970000000000255,"failureMessages":[],"meta":{}},{"ancestorTitles":["Message 组件","基础渲染"],"fullName":"Message 组件 基础渲染 应该在居中模式下隐藏图标","status":"passed","title":"应该在居中模式下隐藏图标","duration":13.623099999999795,"failureMessages":[],"meta":{}},{"ancestorTitles":["Message 组件","自动关闭功能"],"fullName":"Message 组件 自动关闭功能 当 duration 为 0 时不应该自动关闭","status":"passed","title":"当 duration 为 0 时不应该自动关闭","duration":136.72599999999966,"failureMessages":[],"meta":{}},{"ancestorTitles":["Message 组件","关闭按钮"],"fullName":"Message 组件 关闭按钮 当 showClose 为 false 时不应该显示关闭按钮","status":"passed","title":"当 showClose 为 false 时不应该显示关闭按钮","duration":30.370299999999588,"failureMessages":[],"meta":{}},{"ancestorTitles":["Message 组件","关闭按钮"],"fullName":"Message 组件 关闭按钮 当 showClose 为 true 时应该显示关闭按钮","status":"passed","title":"当 showClose 为 true 时应该显示关闭按钮","duration":29.91190000000006,"failureMessages":[],"meta":{}},{"ancestorTitles":["Message 组件","居中显示"],"fullName":"Message 组件 居中显示 应该支持居中显示","status":"passed","title":"应该支持居中显示","duration":13.999899999999798,"failureMessages":[],"meta":{}},{"ancestorTitles":["Message 组件","居中显示"],"fullName":"Message 组件 居中显示 非居中模式应该左对齐","status":"passed","title":"非居中模式应该左对齐","duration":15.703800000000228,"failureMessages":[],"meta":{}},{"ancestorTitles":["Message 组件","HTML 内容"],"fullName":"Message 组件 HTML 内容 应该支持 HTML 内容","status":"passed","title":"应该支持 HTML 内容","duration":51.63789999999972,"failureMessages":[],"meta":{}},{"ancestorTitles":["Message 组件","HTML 内容"],"fullName":"Message 组件 HTML 内容 当 dangerouslyUseHTMLString 为 false 时应该转义 HTML","status":"passed","title":"当 dangerouslyUseHTMLString 为 false 时应该转义 HTML","duration":29.753200000000106,"failureMessages":[],"meta":{}},{"ancestorTitles":["Message 组件","自定义偏移"],"fullName":"Message 组件 自定义偏移 应该支持自定义偏移量","status":"passed","title":"应该支持自定义偏移量","duration":637.6606999999995,"failureMessages":[],"meta":{}},{"ancestorTitles":["Message 组件","自定义偏移"],"fullName":"Message 组件 自定义偏移 应该使用默认偏移量","status":"passed","title":"应该使用默认偏移量","duration":215.14530000000013,"failureMessages":[],"meta":{}},{"ancestorTitles":["Message 组件","事件"],"fullName":"Message 组件 事件 关闭时应该触发 close 事件","status":"passed","title":"关闭时应该触发 close 事件","duration":23.020300000000134,"failureMessages":[],"meta":{}},{"ancestorTitles":["Message 组件","样式类名"],"fullName":"Message 组件 样式类名 应该应用正确的类型样式类名","status":"passed","title":"应该应用正确的类型样式类名","duration":33.21739999999954,"failureMessages":[],"meta":{}},{"ancestorTitles":["Message 组件","样式类名"],"fullName":"Message 组件 样式类名 应该应用居中样式类名","status":"passed","title":"应该应用居中样式类名","duration":20.200200000000223,"failureMessages":[],"meta":{}},{"ancestorTitles":["Message 组件","不同类型组合测试"],"fullName":"Message 组件 不同类型组合测试 success 类型 + 居中 + 无图标","status":"passed","title":"success 类型 + 居中 + 无图标","duration":49.912899999999354,"failureMessages":[],"meta":{}},{"ancestorTitles":["Message 组件","不同类型组合测试"],"fullName":"Message 组件 不同类型组合测试 error 类型 + 关闭按钮","status":"passed","title":"error 类型 + 关闭按钮","duration":20.57680000000073,"failureMessages":[],"meta":{}},{"ancestorTitles":["Message 组件","不同类型组合测试"],"fullName":"Message 组件 不同类型组合测试 warning 类型 + HTML 内容","status":"passed","title":"warning 类型 + HTML 内容","duration":19.811099999999897,"failureMessages":[],"meta":{}},{"ancestorTitles":["Message 组件","不同类型组合测试"],"fullName":"Message 组件 不同类型组合测试 info 类型 + 自定义偏移","status":"passed","title":"info 类型 + 自定义偏移","duration":56.02019999999993,"failureMessages":[],"meta":{}},{"ancestorTitles":["Message 组件","属性默认值"],"fullName":"Message 组件 属性默认值 应该使用默认的 type 值","status":"passed","title":"应该使用默认的 type 值","duration":13.443900000000212,"failureMessages":[],"meta":{}},{"ancestorTitles":["Message 组件","属性默认值"],"fullName":"Message 组件 属性默认值 应该使用默认的 offset 值","status":"passed","title":"应该使用默认的 offset 值","duration":48.76010000000042,"failureMessages":[],"meta":{}},{"ancestorTitles":["Message 组件","属性默认值"],"fullName":"Message 组件 属性默认值 应该使用默认的 center 值","status":"passed","title":"应该使用默认的 center 值","duration":16.910900000000765,"failureMessages":[],"meta":{}},{"ancestorTitles":["Message 组件","属性默认值"],"fullName":"Message 组件 属性默认值 应该使用默认的 showClose 值","status":"passed","title":"应该使用默认的 showClose 值","duration":16.940300000000207,"failureMessages":[],"meta":{}},{"ancestorTitles":["Message 组件","属性默认值"],"fullName":"Message 组件 属性默认值 应该使用默认的 dangerouslyUseHTMLString 值","status":"passed","title":"应该使用默认的 dangerouslyUseHTMLString 值","duration":19.122599999999693,"failureMessages":[],"meta":{}},{"ancestorTitles":["Message 组件","边界情况"],"fullName":"Message 组件 边界情况 应该处理空字符串消息","status":"passed","title":"应该处理空字符串消息","duration":23.01140000000032,"failureMessages":[],"meta":{}},{"ancestorTitles":["Message 组件","边界情况"],"fullName":"Message 组件 边界情况 应该处理很长的消息内容","status":"passed","title":"应该处理很长的消息内容","duration":15.725800000000163,"failureMessages":[],"meta":{}},{"ancestorTitles":["Message 组件","边界情况"],"fullName":"Message 组件 边界情况 应该处理零偏移量","status":"passed","title":"应该处理零偏移量","duration":39.70480000000043,"failureMessages":[],"meta":{}},{"ancestorTitles":["Message 组件","边界情况"],"fullName":"Message 组件 边界情况 应该处理很大的偏移量","status":"passed","title":"应该处理很大的偏移量","duration":32.89840000000004,"failureMessages":[],"meta":{}},{"ancestorTitles":["Message 组件","渲染时机"],"fullName":"Message 组件 渲染时机 应该在组件挂载后显示消息","status":"passed","title":"应该在组件挂载后显示消息","duration":18.58939999999984,"failureMessages":[],"meta":{}}],"startTime":1769254079063,"endTime":1769254081129.5894,"status":"passed","message":"","name":"E:/Github/Qingyu/Qingyu_fronted/src/design-system/feedback/Message/__tests__/Message.test.ts"},{"assertionResults":[{"ancestorTitles":["Notification 组件","基础渲染"],"fullName":"Notification 组件 基础渲染 应该正确渲染组件","status":"passed","title":"应该正确渲染组件","duration":312.0035000000007,"failureMessages":[],"meta":{}},{"ancestorTitles":["Notification 组件","基础渲染"],"fullName":"Notification 组件 基础渲染 应该显示默认类型为 info","status":"passed","title":"应该显示默认类型为 info","duration":46.28650000000016,"failureMessages":[],"meta":{}},{"ancestorTitles":["Notification 组件","基础渲染"],"fullName":"Notification 组件 基础渲染 应该显示标题","status":"passed","title":"应该显示标题","duration":41.01460000000043,"failureMessages":[],"meta":{}},{"ancestorTitles":["Notification 组件","基础渲染"],"fullName":"Notification 组件 基础渲染 应该显示正确的图标","status":"passed","title":"应该显示正确的图标","duration":37.46970000000056,"failureMessages":[],"meta":{}},{"ancestorTitles":["Notification 组件","类型变体"],"fullName":"Notification 组件 类型变体 应该渲染 success 类型","status":"passed","title":"应该渲染 success 类型","duration":22.556899999999587,"failureMessages":[],"meta":{}},{"ancestorTitles":["Notification 组件","类型变体"],"fullName":"Notification 组件 类型变体 应该渲染 info 类型","status":"passed","title":"应该渲染 info 类型","duration":19.38640000000032,"failureMessages":[],"meta":{}},{"ancestorTitles":["Notification 组件","类型变体"],"fullName":"Notification 组件 类型变体 应该渲染 warning 类型","status":"passed","title":"应该渲染 warning 类型","duration":25.5653999999995,"failureMessages":[],"meta":{}},{"ancestorTitles":["Notification 组件","类型变体"],"fullName":"Notification 组件 类型变体 应该渲染 error 类型","status":"passed","title":"应该渲染 error 类型","duration":34.8143,"failureMessages":[],"meta":{}},{"ancestorTitles":["Notification 组件","类型变体"],"fullName":"Notification 组件 类型变体 success 类型应该有正确的图标颜色","status":"passed","title":"success 类型应该有正确的图标颜色","duration":61.13290000000052,"failureMessages":[],"meta":{}},{"ancestorTitles":["Notification 组件","类型变体"],"fullName":"Notification 组件 类型变体 info 类型应该有正确的图标颜色","status":"passed","title":"info 类型应该有正确的图标颜色","duration":40.07810000000063,"failureMessages":[],"meta":{}},{"ancestorTitles":["Notification 组件","类型变体"],"fullName":"Notification 组件 类型变体 warning 类型应该有正确的图标颜色","status":"passed","title":"warning 类型应该有正确的图标颜色","duration":21.013499999999112,"failureMessages":[],"meta":{}},{"ancestorTitles":["Notification 组件","类型变体"],"fullName":"Notification 组件 类型变体 error 类型应该有正确的图标颜色","status":"passed","title":"error 类型应该有正确的图标颜色","duration":53.3715000000002,"failureMessages":[],"meta":{}},{"ancestorTitles":["Notification 组件","关闭按钮"],"fullName":"Notification 组件 关闭按钮 默认应该显示关闭按钮","status":"passed","title":"默认应该显示关闭按钮","duration":48.95100000000002,"failureMessages":[],"meta":{}},{"ancestorTitles":["Notification 组件","关闭按钮"],"fullName":"Notification 组件 关闭按钮 showClose 为 false 时不显示关闭按钮","status":"passed","title":"showClose 为 false 时不显示关闭按钮","duration":71.72410000000036,"failureMessages":[],"meta":{}},{"ancestorTitles":["Notification 组件","关闭按钮"],"fullName":"Notification 组件 关闭按钮 点击关闭按钮应该触发 close 事件","status":"passed","title":"点击关闭按钮应该触发 close 事件","duration":78.5765999999985,"failureMessages":[],"meta":{}},{"ancestorTitles":["Notification 组件","自动关闭"],"fullName":"Notification 组件 自动关闭 应该在指定时长后自动关闭","status":"passed","title":"应该在指定时长后自动关闭","duration":1081.2819,"failureMessages":[],"meta":{}},{"ancestorTitles":["Notification 组件","自动关闭"],"fullName":"Notification 组件 自动关闭 duration 为 0 时不应该自动关闭","status":"passed","title":"duration 为 0 时不应该自动关闭","duration":538.8600999999999,"failureMessages":[],"meta":{}},{"ancestorTitles":["Notification 组件","点击事件"],"fullName":"Notification 组件 点击事件 点击通知应该触发 click 事件","status":"passed","title":"点击通知应该触发 click 事件","duration":38.96810000000005,"failureMessages":[],"meta":{}},{"ancestorTitles":["Notification 组件","点击事件"],"fullName":"Notification 组件 点击事件 点击通知应该调用 onClick 回调","status":"passed","title":"点击通知应该调用 onClick 回调","duration":76.20540000000074,"failureMessages":[],"meta":{}},{"ancestorTitles":["Notification 组件","点击事件"],"fullName":"Notification 组件 点击事件 点击关闭按钮不应该触发通知的点击事件","status":"passed","title":"点击关闭按钮不应该触发通知的点击事件","duration":25.74279999999999,"failureMessages":[],"meta":{}},{"ancestorTitles":["Notification 组件","自定义内容"],"fullName":"Notification 组件 自定义内容 应该支持自定义图标","status":"passed","title":"应该支持自定义图标","duration":18.025399999998626,"failureMessages":[],"meta":{}},{"ancestorTitles":["Notification 组件","自定义内容"],"fullName":"Notification 组件 自定义内容 应该支持 HTML 内容","status":"passed","title":"应该支持 HTML 内容","duration":27.077800000000934,"failureMessages":[],"meta":{}},{"ancestorTitles":["Notification 组件","自定义内容"],"fullName":"Notification 组件 自定义内容 不支持 HTML 时应该转义内容","status":"passed","title":"不支持 HTML 时应该转义内容","duration":16.341200000000754,"failureMessages":[],"meta":{}},{"ancestorTitles":["Notification 组件","深色模式"],"fullName":"Notification 组件 深色模式 success 类型在深色模式下应该有正确的样式","status":"passed","title":"success 类型在深色模式下应该有正确的样式","duration":43.25170000000071,"failureMessages":[],"meta":{}},{"ancestorTitles":["Notification 组件","深色模式"],"fullName":"Notification 组件 深色模式 info 类型在深色模式下应该有正确的样式","status":"passed","title":"info 类型在深色模式下应该有正确的样式","duration":81.59380000000056,"failureMessages":[],"meta":{}},{"ancestorTitles":["Notification 组件","无障碍"],"fullName":"Notification 组件 无障碍 应该有正确的 role 属性","status":"passed","title":"应该有正确的 role 属性","duration":26.47019999999975,"failureMessages":[],"meta":{}},{"ancestorTitles":["Notification 组件","无障碍"],"fullName":"Notification 组件 无障碍 关闭按钮应该有 aria-label","status":"passed","title":"关闭按钮应该有 aria-label","duration":19.807699999999386,"failureMessages":[],"meta":{}},{"ancestorTitles":["Notification 组件","动画"],"fullName":"Notification 组件 动画 应该有进入动画类","status":"passed","title":"应该有进入动画类","duration":21.016100000000733,"failureMessages":[],"meta":{}},{"ancestorTitles":["useNotification Hook","基础功能"],"fullName":"useNotification Hook 基础功能 应该能够创建通知","status":"passed","title":"应该能够创建通知","duration":71.17239999999947,"failureMessages":[],"meta":{}},{"ancestorTitles":["useNotification Hook","基础功能"],"fullName":"useNotification Hook 基础功能 success 方法应该创建成功类型通知","status":"passed","title":"success 方法应该创建成功类型通知","duration":48.69520000000011,"failureMessages":[],"meta":{}},{"ancestorTitles":["useNotification Hook","基础功能"],"fullName":"useNotification Hook 基础功能 info 方法应该创建信息类型通知","status":"passed","title":"info 方法应该创建信息类型通知","duration":17.616900000000896,"failureMessages":[],"meta":{}},{"ancestorTitles":["useNotification Hook","基础功能"],"fullName":"useNotification Hook 基础功能 warning 方法应该创建警告类型通知","status":"passed","title":"warning 方法应该创建警告类型通知","duration":16.240200000000186,"failureMessages":[],"meta":{}},{"ancestorTitles":["useNotification Hook","基础功能"],"fullName":"useNotification Hook 基础功能 error 方法应该创建错误类型通知","status":"passed","title":"error 方法应该创建错误类型通知","duration":32.98079999999936,"failureMessages":[],"meta":{}},{"ancestorTitles":["useNotification Hook","关闭功能"],"fullName":"useNotification Hook 关闭功能 close 方法应该能够关闭通知","status":"passed","title":"close 方法应该能够关闭通知","duration":17.607900000000882,"failureMessages":[],"meta":{}},{"ancestorTitles":["useNotification Hook","关闭功能"],"fullName":"useNotification Hook 关闭功能 closeAll 方法应该关闭所有通知","status":"passed","title":"closeAll 方法应该关闭所有通知","duration":34.66389999999956,"failureMessages":[],"meta":{}},{"ancestorTitles":["useNotification Hook","配置功能"],"fullName":"useNotification Hook 配置功能 config 方法应该能够设置全局配置","status":"passed","title":"config 方法应该能够设置全局配置","duration":11.532900000000154,"failureMessages":[],"meta":{}},{"ancestorTitles":["useNotification Hook","配置功能"],"fullName":"useNotification Hook 配置功能 应该支持设置 position","status":"passed","title":"应该支持设置 position","duration":9.792900000000373,"failureMessages":[],"meta":{}},{"ancestorTitles":["useNotification Hook","配置功能"],"fullName":"useNotification Hook 配置功能 应该支持设置 duration","status":"passed","title":"应该支持设置 duration","duration":15.453999999999724,"failureMessages":[],"meta":{}},{"ancestorTitles":["useNotification Hook","配置功能"],"fullName":"useNotification Hook 配置功能 应该支持设置 maxCount","status":"passed","title":"应该支持设置 maxCount","duration":148.73319999999876,"failureMessages":[],"meta":{}},{"ancestorTitles":["useNotification Hook","回调功能"],"fullName":"useNotification Hook 回调功能 应该支持 onClose 回调","status":"passed","title":"应该支持 onClose 回调","duration":98.95379999999932,"failureMessages":[],"meta":{}},{"ancestorTitles":["useNotification Hook","回调功能"],"fullName":"useNotification Hook 回调功能 应该支持 onClick 回调","status":"passed","title":"应该支持 onClick 回调","duration":14.70010000000002,"failureMessages":[],"meta":{}},{"ancestorTitles":["useNotification Hook","选项功能"],"fullName":"useNotification Hook 选项功能 应该支持 title 选项","status":"passed","title":"应该支持 title 选项","duration":11.173099999999977,"failureMessages":[],"meta":{}},{"ancestorTitles":["useNotification Hook","选项功能"],"fullName":"useNotification Hook 选项功能 应该支持 showClose 选项","status":"passed","title":"应该支持 showClose 选项","duration":8.917900000000373,"failureMessages":[],"meta":{}},{"ancestorTitles":["useNotification Hook","选项功能"],"fullName":"useNotification Hook 选项功能 应该支持 duration 选项","status":"passed","title":"应该支持 duration 选项","duration":9.085100000000239,"failureMessages":[],"meta":{}},{"ancestorTitles":["useNotification Hook","选项功能"],"fullName":"useNotification Hook 选项功能 应该支持 position 选项","status":"passed","title":"应该支持 position 选项","duration":9.544300000001385,"failureMessages":[],"meta":{}},{"ancestorTitles":["useNotification Hook","选项功能"],"fullName":"useNotification Hook 选项功能 应该支持自定义位置 top-right","status":"passed","title":"应该支持自定义位置 top-right","duration":39.448599999999715,"failureMessages":[],"meta":{}},{"ancestorTitles":["useNotification Hook","选项功能"],"fullName":"useNotification Hook 选项功能 应该支持自定义位置 top-left","status":"passed","title":"应该支持自定义位置 top-left","duration":21.99699999999939,"failureMessages":[],"meta":{}},{"ancestorTitles":["useNotification Hook","选项功能"],"fullName":"useNotification Hook 选项功能 应该支持自定义位置 bottom-right","status":"passed","title":"应该支持自定义位置 bottom-right","duration":7.295700000000579,"failureMessages":[],"meta":{}},{"ancestorTitles":["useNotification Hook","选项功能"],"fullName":"useNotification Hook 选项功能 应该支持自定义位置 bottom-left","status":"passed","title":"应该支持自定义位置 bottom-left","duration":11.904899999999543,"failureMessages":[],"meta":{}}],"startTime":1769254070827,"endTime":1769254074426.9048,"status":"passed","message":"","name":"E:/Github/Qingyu/Qingyu_fronted/src/design-system/feedback/Notification/__tests__/Notification.test.ts"},{"assertionResults":[{"ancestorTitles":["Popover 组件","基础渲染"],"fullName":"Popover 组件 基础渲染 应该正确渲染默认的 Popover","status":"passed","title":"应该正确渲染默认的 Popover","duration":315.6756000000005,"failureMessages":[],"meta":{}},{"ancestorTitles":["Popover 组件","基础渲染"],"fullName":"Popover 组件 基础渲染 应该正确渲染 trigger 为 hover 的 Popover","status":"passed","title":"应该正确渲染 trigger 为 hover 的 Popover","duration":28.878600000000006,"failureMessages":[],"meta":{}},{"ancestorTitles":["Popover 组件","基础渲染"],"fullName":"Popover 组件 基础渲染 应该正确渲染 trigger 为 focus 的 Popover","status":"passed","title":"应该正确渲染 trigger 为 focus 的 Popover","duration":34.36869999999999,"failureMessages":[],"meta":{}},{"ancestorTitles":["Popover 组件","基础渲染"],"fullName":"Popover 组件 基础渲染 应该正确渲染 trigger 为 manual 的 Popover","status":"passed","title":"应该正确渲染 trigger 为 manual 的 Popover","duration":32.86149999999998,"failureMessages":[],"meta":{}},{"ancestorTitles":["Popover 组件","触发方式"],"fullName":"Popover 组件 触发方式 应该在 click 时切换显示状态（trigger=click）","status":"passed","title":"应该在 click 时切换显示状态（trigger=click）","duration":51.29669999999987,"failureMessages":[],"meta":{}},{"ancestorTitles":["Popover 组件","触发方式"],"fullName":"Popover 组件 触发方式 应该在 hover 模式下支持鼠标进入事件","status":"passed","title":"应该在 hover 模式下支持鼠标进入事件","duration":17.976800000000367,"failureMessages":[],"meta":{}},{"ancestorTitles":["Popover 组件","触发方式"],"fullName":"Popover 组件 触发方式 应该在 focus 模式下支持焦点事件","status":"passed","title":"应该在 focus 模式下支持焦点事件","duration":17.96429999999964,"failureMessages":[],"meta":{}},{"ancestorTitles":["Popover 组件","位置选项"],"fullName":"Popover 组件 位置选项 应该正确设置 placement 为 top","status":"passed","title":"应该正确设置 placement 为 top","duration":24.879500000000007,"failureMessages":[],"meta":{}},{"ancestorTitles":["Popover 组件","位置选项"],"fullName":"Popover 组件 位置选项 应该正确设置 placement 为 bottom","status":"passed","title":"应该正确设置 placement 为 bottom","duration":22.474500000000262,"failureMessages":[],"meta":{}},{"ancestorTitles":["Popover 组件","位置选项"],"fullName":"Popover 组件 位置选项 应该正确设置 placement 为 left","status":"passed","title":"应该正确设置 placement 为 left","duration":45.737200000000485,"failureMessages":[],"meta":{}},{"ancestorTitles":["Popover 组件","位置选项"],"fullName":"Popover 组件 位置选项 应该正确设置 placement 为 right","status":"passed","title":"应该正确设置 placement 为 right","duration":41.43090000000029,"failureMessages":[],"meta":{}},{"ancestorTitles":["Popover 组件","位置选项"],"fullName":"Popover 组件 位置选项 应该正确设置 placement 为 top-start","status":"passed","title":"应该正确设置 placement 为 top-start","duration":24.200700000000325,"failureMessages":[],"meta":{}},{"ancestorTitles":["Popover 组件","位置选项"],"fullName":"Popover 组件 位置选项 应该正确设置 placement 为 bottom-end","status":"passed","title":"应该正确设置 placement 为 bottom-end","duration":38.953199999999924,"failureMessages":[],"meta":{}},{"ancestorTitles":["Popover 组件","位置选项"],"fullName":"Popover 组件 位置选项 应该正确设置 placement 为 top-end","status":"passed","title":"应该正确设置 placement 为 top-end","duration":44.6832000000004,"failureMessages":[],"meta":{}},{"ancestorTitles":["Popover 组件","位置选项"],"fullName":"Popover 组件 位置选项 应该正确设置 placement 为 bottom-start","status":"passed","title":"应该正确设置 placement 为 bottom-start","duration":31.77230000000054,"failureMessages":[],"meta":{}},{"ancestorTitles":["Popover 组件","位置选项"],"fullName":"Popover 组件 位置选项 应该正确设置 placement 为 left-start","status":"passed","title":"应该正确设置 placement 为 left-start","duration":28.201200000000426,"failureMessages":[],"meta":{}},{"ancestorTitles":["Popover 组件","位置选项"],"fullName":"Popover 组件 位置选项 应该正确设置 placement 为 right-end","status":"passed","title":"应该正确设置 placement 为 right-end","duration":26.176300000000083,"failureMessages":[],"meta":{}},{"ancestorTitles":["Popover 组件","宽度设置"],"fullName":"Popover 组件 宽度设置 应该正确设置数字宽度","status":"passed","title":"应该正确设置数字宽度","duration":77.48390000000018,"failureMessages":[],"meta":{}},{"ancestorTitles":["Popover 组件","宽度设置"],"fullName":"Popover 组件 宽度设置 应该正确设置字符串宽度","status":"passed","title":"应该正确设置字符串宽度","duration":26.99069999999938,"failureMessages":[],"meta":{}},{"ancestorTitles":["Popover 组件","宽度设置"],"fullName":"Popover 组件 宽度设置 应该在没有设置宽度时使用默认宽度","status":"passed","title":"应该在没有设置宽度时使用默认宽度","duration":40.922599999999875,"failureMessages":[],"meta":{}},{"ancestorTitles":["Popover 组件","禁用状态"],"fullName":"Popover 组件 禁用状态 应该在禁用状态下应用禁用样式","status":"passed","title":"应该在禁用状态下应用禁用样式","duration":24.83600000000024,"failureMessages":[],"meta":{}},{"ancestorTitles":["Popover 组件","禁用状态"],"fullName":"Popover 组件 禁用状态 应该在非禁用状态下不应用禁用样式","status":"passed","title":"应该在非禁用状态下不应用禁用样式","duration":20.064799999999195,"failureMessages":[],"meta":{}},{"ancestorTitles":["Popover 组件","箭头显示"],"fullName":"Popover 组件 箭头显示 应该默认显示箭头","status":"passed","title":"应该默认显示箭头","duration":61.76350000000002,"failureMessages":[],"meta":{}},{"ancestorTitles":["Popover 组件","箭头显示"],"fullName":"Popover 组件 箭头显示 应该在 showArrow 为 false 时不显示箭头","status":"passed","title":"应该在 showArrow 为 false 时不显示箭头","duration":51.63749999999982,"failureMessages":[],"meta":{}},{"ancestorTitles":["Popover 组件","延迟控制"],"fullName":"Popover 组件 延迟控制 应该支持 openDelay 属性","status":"passed","title":"应该支持 openDelay 属性","duration":18.38640000000032,"failureMessages":[],"meta":{}},{"ancestorTitles":["Popover 组件","延迟控制"],"fullName":"Popover 组件 延迟控制 应该支持 closeDelay 属性","status":"passed","title":"应该支持 closeDelay 属性","duration":18.02639999999974,"failureMessages":[],"meta":{}},{"ancestorTitles":["Popover 组件","延迟控制"],"fullName":"Popover 组件 延迟控制 应该支持同时设置 openDelay 和 closeDelay","status":"passed","title":"应该支持同时设置 openDelay 和 closeDelay","duration":12.960900000000038,"failureMessages":[],"meta":{}},{"ancestorTitles":["Popover 组件","自定义样式"],"fullName":"Popover 组件 自定义样式 应该支持 popperClass 属性","status":"passed","title":"应该支持 popperClass 属性","duration":19.527500000000146,"failureMessages":[],"meta":{}},{"ancestorTitles":["Popover 组件","自定义样式"],"fullName":"Popover 组件 自定义样式 应该支持 popperStyle 属性","status":"passed","title":"应该支持 popperStyle 属性","duration":15.25880000000052,"failureMessages":[],"meta":{}},{"ancestorTitles":["Popover 组件","插槽内容"],"fullName":"Popover 组件 插槽内容 应该渲染默认插槽的触发元素","status":"passed","title":"应该渲染默认插槽的触发元素","duration":15.359000000000378,"failureMessages":[],"meta":{}},{"ancestorTitles":["Popover 组件","插槽内容"],"fullName":"Popover 组件 插槽内容 应该支持 content 插槽","status":"passed","title":"应该支持 content 插槽","duration":16.698300000000017,"failureMessages":[],"meta":{}},{"ancestorTitles":["Popover 组件","事件触发"],"fullName":"Popover 组件 事件触发 应该支持 beforeEnter 事件","status":"passed","title":"应该支持 beforeEnter 事件","duration":22.31130000000121,"failureMessages":[],"meta":{}},{"ancestorTitles":["Popover 组件","事件触发"],"fullName":"Popover 组件 事件触发 应该支持 afterEnter 事件","status":"passed","title":"应该支持 afterEnter 事件","duration":12.775899999998728,"failureMessages":[],"meta":{}},{"ancestorTitles":["Popover 组件","事件触发"],"fullName":"Popover 组件 事件触发 应该支持 beforeLeave 事件","status":"passed","title":"应该支持 beforeLeave 事件","duration":15.760999999998603,"failureMessages":[],"meta":{}},{"ancestorTitles":["Popover 组件","事件触发"],"fullName":"Popover 组件 事件触发 应该支持 afterLeave 事件","status":"passed","title":"应该支持 afterLeave 事件","duration":17.686900000000605,"failureMessages":[],"meta":{}},{"ancestorTitles":["Popover 组件","点击外部关闭"],"fullName":"Popover 组件 点击外部关闭 应该支持 closeOnClickOutside 属性","status":"passed","title":"应该支持 closeOnClickOutside 属性","duration":26.04410000000098,"failureMessages":[],"meta":{}},{"ancestorTitles":["Popover 组件","点击外部关闭"],"fullName":"Popover 组件 点击外部关闭 应该在 closeOnClickOutside 为 false 时不关闭","status":"passed","title":"应该在 closeOnClickOutside 为 false 时不关闭","duration":41.774600000000646,"failureMessages":[],"meta":{}},{"ancestorTitles":["Popover 组件","手动控制模式"],"fullName":"Popover 组件 手动控制模式 应该在 manual 模式下支持 visible prop","status":"passed","title":"应该在 manual 模式下支持 visible prop","duration":12.94340000000011,"failureMessages":[],"meta":{}},{"ancestorTitles":["Popover 组件","样式类名"],"fullName":"Popover 组件 样式类名 应该应用正确的基础样式类名","status":"passed","title":"应该应用正确的基础样式类名","duration":12.492099999999482,"failureMessages":[],"meta":{}},{"ancestorTitles":["Popover 组件","样式类名"],"fullName":"Popover 组件 样式类名 应该在触发元素上应用正确的类名","status":"passed","title":"应该在触发元素上应用正确的类名","duration":10.65480000000025,"failureMessages":[],"meta":{}},{"ancestorTitles":["Popover 组件","样式类名"],"fullName":"Popover 组件 样式类名 应该在禁用时应用禁用类名","status":"passed","title":"应该在禁用时应用禁用类名","duration":10.297899999999572,"failureMessages":[],"meta":{}},{"ancestorTitles":["Popover 组件","可访问性"],"fullName":"Popover 组件 可访问性 应该在弹出框显示时设置正确的 role 属性","status":"passed","title":"应该在弹出框显示时设置正确的 role 属性","duration":37.45640000000094,"failureMessages":[],"meta":{}},{"ancestorTitles":["Popover 组件","可访问性"],"fullName":"Popover 组件 可访问性 应该在弹出框上设置 aria-hidden 属性","status":"passed","title":"应该在弹出框上设置 aria-hidden 属性","duration":19.54229999999916,"failureMessages":[],"meta":{}},{"ancestorTitles":["Popover 组件","边界情况"],"fullName":"Popover 组件 边界情况 应该处理空内容","status":"passed","title":"应该处理空内容","duration":27.930700000000797,"failureMessages":[],"meta":{}},{"ancestorTitles":["Popover 组件","边界情况"],"fullName":"Popover 组件 边界情况 应该处理很长的内容","status":"passed","title":"应该处理很长的内容","duration":14.678900000000795,"failureMessages":[],"meta":{}},{"ancestorTitles":["Popover 组件","边界情况"],"fullName":"Popover 组件 边界情况 应该处理零偏移量","status":"passed","title":"应该处理零偏移量","duration":21.25010000000111,"failureMessages":[],"meta":{}},{"ancestorTitles":["Popover 组件","边界情况"],"fullName":"Popover 组件 边界情况 应该处理很大的偏移量","status":"passed","title":"应该处理很大的偏移量","duration":13.260000000000218,"failureMessages":[],"meta":{}},{"ancestorTitles":["Popover 组件","边界情况"],"fullName":"Popover 组件 边界情况 应该处理零延迟","status":"passed","title":"应该处理零延迟","duration":13.042199999999866,"failureMessages":[],"meta":{}},{"ancestorTitles":["Popover 组件","不同触发方式组合测试"],"fullName":"Popover 组件 不同触发方式组合测试 click + bottom + 有箭头","status":"passed","title":"click + bottom + 有箭头","duration":36.982200000000375,"failureMessages":[],"meta":{}},{"ancestorTitles":["Popover 组件","不同触发方式组合测试"],"fullName":"Popover 组件 不同触发方式组合测试 hover + top + 无箭头 + 延迟","status":"passed","title":"hover + top + 无箭头 + 延迟","duration":15.79410000000098,"failureMessages":[],"meta":{}},{"ancestorTitles":["Popover 组件","不同触发方式组合测试"],"fullName":"Popover 组件 不同触发方式组合测试 focus + right + 自定义宽度","status":"passed","title":"focus + right + 自定义宽度","duration":29.23990000000049,"failureMessages":[],"meta":{}},{"ancestorTitles":["Popover 组件","不同触发方式组合测试"],"fullName":"Popover 组件 不同触发方式组合测试 manual + left + 自定义样式","status":"passed","title":"manual + left + 自定义样式","duration":23.155300000000352,"failureMessages":[],"meta":{}},{"ancestorTitles":["Popover 组件","不同触发方式组合测试"],"fullName":"Popover 组件 不同触发方式组合测试 click + top-start + 延迟 + 禁用外部点击","status":"passed","title":"click + top-start + 延迟 + 禁用外部点击","duration":10.183000000000902,"failureMessages":[],"meta":{}},{"ancestorTitles":["Popover 组件","属性默认值"],"fullName":"Popover 组件 属性默认值 应该使用默认的 trigger 值（click）","status":"passed","title":"应该使用默认的 trigger 值（click）","duration":10.117899999999281,"failureMessages":[],"meta":{}},{"ancestorTitles":["Popover 组件","属性默认值"],"fullName":"Popover 组件 属性默认值 应该使用默认的 placement 值（bottom）","status":"passed","title":"应该使用默认的 placement 值（bottom）","duration":10.089099999999235,"failureMessages":[],"meta":{}},{"ancestorTitles":["Popover 组件","属性默认值"],"fullName":"Popover 组件 属性默认值 应该使用默认的 disabled 值（false）","status":"passed","title":"应该使用默认的 disabled 值（false）","duration":13.841500000000451,"failureMessages":[],"meta":{}},{"ancestorTitles":["Popover 组件","属性默认值"],"fullName":"Popover 组件 属性默认值 应该使用默认的 showArrow 值（true）","status":"passed","title":"应该使用默认的 showArrow 值（true）","duration":23.083599999999933,"failureMessages":[],"meta":{}},{"ancestorTitles":["Popover 组件","属性默认值"],"fullName":"Popover 组件 属性默认值 应该使用默认的 closeOnClickOutside 值（true）","status":"passed","title":"应该使用默认的 closeOnClickOutside 值（true）","duration":25.996100000000297,"failureMessages":[],"meta":{}},{"ancestorTitles":["Popover 组件","属性默认值"],"fullName":"Popover 组件 属性默认值 应该使用默认的 offset 值（0）","status":"passed","title":"应该使用默认的 offset 值（0）","duration":17.044099999999162,"failureMessages":[],"meta":{}},{"ancestorTitles":["Popover 组件","属性默认值"],"fullName":"Popover 组件 属性默认值 应该使用默认的 openDelay 值（0）","status":"passed","title":"应该使用默认的 openDelay 值（0）","duration":9.829800000001342,"failureMessages":[],"meta":{}},{"ancestorTitles":["Popover 组件","属性默认值"],"fullName":"Popover 组件 属性默认值 应该使用默认的 closeDelay 值（200）","status":"passed","title":"应该使用默认的 closeDelay 值（200）","duration":10.350099999999657,"failureMessages":[],"meta":{}},{"ancestorTitles":["Popover 组件","交互行为"],"fullName":"Popover 组件 交互行为 应该支持多次点击切换","status":"passed","title":"应该支持多次点击切换","duration":13.301900000000387,"failureMessages":[],"meta":{}},{"ancestorTitles":["Popover 组件","交互行为"],"fullName":"Popover 组件 交互行为 应该在悬停时保持显示状态","status":"passed","title":"应该在悬停时保持显示状态","duration":12.130800000000818,"failureMessages":[],"meta":{}},{"ancestorTitles":["Popover 组件","所有位置变体"],"fullName":"Popover 组件 所有位置变体 应该支持 top 位置","status":"passed","title":"应该支持 top 位置","duration":42.51749999999993,"failureMessages":[],"meta":{}},{"ancestorTitles":["Popover 组件","所有位置变体"],"fullName":"Popover 组件 所有位置变体 应该支持 top-start 位置","status":"passed","title":"应该支持 top-start 位置","duration":108.64229999999952,"failureMessages":[],"meta":{}},{"ancestorTitles":["Popover 组件","所有位置变体"],"fullName":"Popover 组件 所有位置变体 应该支持 top-end 位置","status":"passed","title":"应该支持 top-end 位置","duration":17.975100000001476,"failureMessages":[],"meta":{}},{"ancestorTitles":["Popover 组件","所有位置变体"],"fullName":"Popover 组件 所有位置变体 应该支持 bottom 位置","status":"passed","title":"应该支持 bottom 位置","duration":23.063100000001214,"failureMessages":[],"meta":{}},{"ancestorTitles":["Popover 组件","所有位置变体"],"fullName":"Popover 组件 所有位置变体 应该支持 bottom-start 位置","status":"passed","title":"应该支持 bottom-start 位置","duration":18.48149999999987,"failureMessages":[],"meta":{}},{"ancestorTitles":["Popover 组件","所有位置变体"],"fullName":"Popover 组件 所有位置变体 应该支持 bottom-end 位置","status":"passed","title":"应该支持 bottom-end 位置","duration":14.609199999998964,"failureMessages":[],"meta":{}},{"ancestorTitles":["Popover 组件","所有位置变体"],"fullName":"Popover 组件 所有位置变体 应该支持 left 位置","status":"passed","title":"应该支持 left 位置","duration":17.861500000000888,"failureMessages":[],"meta":{}},{"ancestorTitles":["Popover 组件","所有位置变体"],"fullName":"Popover 组件 所有位置变体 应该支持 left-start 位置","status":"passed","title":"应该支持 left-start 位置","duration":16.906299999998737,"failureMessages":[],"meta":{}},{"ancestorTitles":["Popover 组件","所有位置变体"],"fullName":"Popover 组件 所有位置变体 应该支持 left-end 位置","status":"passed","title":"应该支持 left-end 位置","duration":18.47149999999965,"failureMessages":[],"meta":{}},{"ancestorTitles":["Popover 组件","所有位置变体"],"fullName":"Popover 组件 所有位置变体 应该支持 right 位置","status":"passed","title":"应该支持 right 位置","duration":15.387899999999718,"failureMessages":[],"meta":{}},{"ancestorTitles":["Popover 组件","所有位置变体"],"fullName":"Popover 组件 所有位置变体 应该支持 right-start 位置","status":"passed","title":"应该支持 right-start 位置","duration":16.405500000000757,"failureMessages":[],"meta":{}},{"ancestorTitles":["Popover 组件","所有位置变体"],"fullName":"Popover 组件 所有位置变体 应该支持 right-end 位置","status":"passed","title":"应该支持 right-end 位置","duration":94.92529999999897,"failureMessages":[],"meta":{}},{"ancestorTitles":["Popover 组件","所有触发方式"],"fullName":"Popover 组件 所有触发方式 应该支持 click 触发方式","status":"passed","title":"应该支持 click 触发方式","duration":18.89260000000104,"failureMessages":[],"meta":{}},{"ancestorTitles":["Popover 组件","所有触发方式"],"fullName":"Popover 组件 所有触发方式 应该支持 hover 触发方式","status":"passed","title":"应该支持 hover 触发方式","duration":10.183500000001004,"failureMessages":[],"meta":{}},{"ancestorTitles":["Popover 组件","所有触发方式"],"fullName":"Popover 组件 所有触发方式 应该支持 focus 触发方式","status":"passed","title":"应该支持 focus 触发方式","duration":16.403000000000247,"failureMessages":[],"meta":{}},{"ancestorTitles":["Popover 组件","所有触发方式"],"fullName":"Popover 组件 所有触发方式 应该支持 manual 触发方式","status":"passed","title":"应该支持 manual 触发方式","duration":12.49539999999979,"failureMessages":[],"meta":{}},{"ancestorTitles":["Popover 组件","DOM 结构"],"fullName":"Popover 组件 DOM 结构 应该正确渲染包装器元素","status":"passed","title":"应该正确渲染包装器元素","duration":13.511000000000422,"failureMessages":[],"meta":{}},{"ancestorTitles":["Popover 组件","DOM 结构"],"fullName":"Popover 组件 DOM 结构 应该正确渲染触发元素","status":"passed","title":"应该正确渲染触发元素","duration":10.463599999999133,"failureMessages":[],"meta":{}},{"ancestorTitles":["Popover 组件","事件监听器"],"fullName":"Popover 组件 事件监听器 应该在触发元素上绑定正确的事件监听器","status":"passed","title":"应该在触发元素上绑定正确的事件监听器","duration":13.125600000001214,"failureMessages":[],"meta":{}},{"ancestorTitles":["Popover 组件","事件监听器"],"fullName":"Popover 组件 事件监听器 应该在 hover 模式下绑定鼠标事件","status":"passed","title":"应该在 hover 模式下绑定鼠标事件","duration":10.141300000001138,"failureMessages":[],"meta":{}},{"ancestorTitles":["Popover 组件","事件监听器"],"fullName":"Popover 组件 事件监听器 应该在 focus 模式下绑定焦点事件","status":"passed","title":"应该在 focus 模式下绑定焦点事件","duration":9.766600000000835,"failureMessages":[],"meta":{}}],"startTime":1769254070316,"endTime":1769254072682.7666,"status":"passed","message":"","name":"E:/Github/Qingyu/Qingyu_fronted/src/design-system/feedback/Popover/__tests__/Popover.test.ts"},{"assertionResults":[{"ancestorTitles":["Progress 组件","基础渲染"],"fullName":"Progress 组件 基础渲染 应该正确渲染默认进度条","status":"passed","title":"应该正确渲染默认进度条","duration":138.77070000000003,"failureMessages":[],"meta":{}},{"ancestorTitles":["Progress 组件","基础渲染"],"fullName":"Progress 组件 基础渲染 应该渲染 line 类型的进度条","status":"passed","title":"应该渲染 line 类型的进度条","duration":23.545900000000074,"failureMessages":[],"meta":{}},{"ancestorTitles":["Progress 组件","基础渲染"],"fullName":"Progress 组件 基础渲染 应该渲染 circle 类型的进度条","status":"passed","title":"应该渲染 circle 类型的进度条","duration":46.20330000000013,"failureMessages":[],"meta":{}},{"ancestorTitles":["Progress 组件","基础渲染"],"fullName":"Progress 组件 基础渲染 应该渲染 dashboard 类型的进度条","status":"passed","title":"应该渲染 dashboard 类型的进度条","duration":26.886199999999917,"failureMessages":[],"meta":{}},{"ancestorTitles":["Progress 组件","百分比显示"],"fullName":"Progress 组件 百分比显示 应该正确显示 0%","status":"passed","title":"应该正确显示 0%","duration":75.29609999999957,"failureMessages":[],"meta":{}},{"ancestorTitles":["Progress 组件","百分比显示"],"fullName":"Progress 组件 百分比显示 应该正确显示 50%","status":"passed","title":"应该正确显示 50%","duration":27.240899999999783,"failureMessages":[],"meta":{}},{"ancestorTitles":["Progress 组件","百分比显示"],"fullName":"Progress 组件 百分比显示 应该正确显示 100%","status":"passed","title":"应该正确显示 100%","duration":21.224200000000565,"failureMessages":[],"meta":{}},{"ancestorTitles":["Progress 组件","百分比显示"],"fullName":"Progress 组件 百分比显示 应该正确限制超出范围的百分比","status":"passed","title":"应该正确限制超出范围的百分比","duration":36.333700000000135,"failureMessages":[],"meta":{}},{"ancestorTitles":["Progress 组件","百分比显示"],"fullName":"Progress 组件 百分比显示 应该应用自定义格式","status":"passed","title":"应该应用自定义格式","duration":12.205299999999625,"failureMessages":[],"meta":{}},{"ancestorTitles":["Progress 组件","进度条宽度"],"fullName":"Progress 组件 进度条宽度 line 类型应该正确应用宽度百分比","status":"passed","title":"line 类型应该正确应用宽度百分比","duration":649.0538999999999,"failureMessages":[],"meta":{}},{"ancestorTitles":["Progress 组件","进度条宽度"],"fullName":"Progress 组件 进度条宽度 line 类型应该正确应用 0% 宽度","status":"passed","title":"line 类型应该正确应用 0% 宽度","duration":77.65300000000025,"failureMessages":[],"meta":{}},{"ancestorTitles":["Progress 组件","进度条宽度"],"fullName":"Progress 组件 进度条宽度 line 类型应该正确应用 100% 宽度","status":"passed","title":"line 类型应该正确应用 100% 宽度","duration":92.21169999999984,"failureMessages":[],"meta":{}},{"ancestorTitles":["Progress 组件","状态样式"],"fullName":"Progress 组件 状态样式 应该正确应用 success 状态","status":"passed","title":"应该正确应用 success 状态","duration":23.339999999998327,"failureMessages":[],"meta":{}},{"ancestorTitles":["Progress 组件","状态样式"],"fullName":"Progress 组件 状态样式 应该正确应用 exception 状态","status":"passed","title":"应该正确应用 exception 状态","duration":13.654099999999744,"failureMessages":[],"meta":{}},{"ancestorTitles":["Progress 组件","状态样式"],"fullName":"Progress 组件 状态样式 应该正确应用 warning 状态","status":"passed","title":"应该正确应用 warning 状态","duration":55.49510000000009,"failureMessages":[],"meta":{}},{"ancestorTitles":["Progress 组件","状态样式"],"fullName":"Progress 组件 状态样式 应该正确应用 active 状态","status":"passed","title":"应该正确应用 active 状态","duration":8.627800000000207,"failureMessages":[],"meta":{}},{"ancestorTitles":["Progress 组件","状态样式"],"fullName":"Progress 组件 状态样式 当百分比达到 100 时应该自动应用 success 状态","status":"passed","title":"当百分比达到 100 时应该自动应用 success 状态","duration":6.341899999999441,"failureMessages":[],"meta":{}},{"ancestorTitles":["Progress 组件","文字显示"],"fullName":"Progress 组件 文字显示 应该默认显示文字","status":"passed","title":"应该默认显示文字","duration":23.258999999998196,"failureMessages":[],"meta":{}},{"ancestorTitles":["Progress 组件","文字显示"],"fullName":"Progress 组件 文字显示 当 showText 为 false 时应该隐藏文字","status":"passed","title":"当 showText 为 false 时应该隐藏文字","duration":17.699899999999616,"failureMessages":[],"meta":{}},{"ancestorTitles":["Progress 组件","文字显示"],"fullName":"Progress 组件 文字显示 line 类型应该支持文字在内部显示","status":"passed","title":"line 类型应该支持文字在内部显示","duration":13.678200000000288,"failureMessages":[],"meta":{}},{"ancestorTitles":["Progress 组件","文字显示"],"fullName":"Progress 组件 文字显示 circle 类型应该正确显示中心文字","status":"passed","title":"circle 类型应该正确显示中心文字","duration":13.532600000000457,"failureMessages":[],"meta":{}},{"ancestorTitles":["Progress 组件","文字显示"],"fullName":"Progress 组件 文字显示 dashboard 类型应该正确显示中心文字","status":"passed","title":"dashboard 类型应该正确显示中心文字","duration":17.65390000000116,"failureMessages":[],"meta":{}},{"ancestorTitles":["Progress 组件","条纹动画"],"fullName":"Progress 组件 条纹动画 当 striped 为 true 时应该显示条纹","status":"passed","title":"当 striped 为 true 时应该显示条纹","duration":7.419499999999971,"failureMessages":[],"meta":{}},{"ancestorTitles":["Progress 组件","条纹动画"],"fullName":"Progress 组件 条纹动画 当 flow 为 true 时应该显示流动动画","status":"passed","title":"当 flow 为 true 时应该显示流动动画","duration":8.838999999999942,"failureMessages":[],"meta":{}},{"ancestorTitles":["Progress 组件","条纹动画"],"fullName":"Progress 组件 条纹动画 当 striped 为 false 时 flow 不应该生效","status":"passed","title":"当 striped 为 false 时 flow 不应该生效","duration":6.207800000000134,"failureMessages":[],"meta":{}},{"ancestorTitles":["Progress 组件","自定义颜色"],"fullName":"Progress 组件 自定义颜色 应该正确应用单一颜色","status":"passed","title":"应该正确应用单一颜色","duration":45.33090000000084,"failureMessages":[],"meta":{}},{"ancestorTitles":["Progress 组件","自定义颜色"],"fullName":"Progress 组件 自定义颜色 应该正确应用颜色数组（渐变）","status":"passed","title":"应该正确应用颜色数组（渐变）","duration":8.877300000000105,"failureMessages":[],"meta":{}},{"ancestorTitles":["Progress 组件","自定义颜色"],"fullName":"Progress 组件 自定义颜色 应该正确应用函数颜色","status":"passed","title":"应该正确应用函数颜色","duration":96.384399999999,"failureMessages":[],"meta":{}},{"ancestorTitles":["Progress 组件","线条粗细"],"fullName":"Progress 组件 线条粗细 应该正确应用自定义线条粗细（line 类型）","status":"passed","title":"应该正确应用自定义线条粗细（line 类型）","duration":35.33139999999912,"failureMessages":[],"meta":{}},{"ancestorTitles":["Progress 组件","容器尺寸"],"fullName":"Progress 组件 容器尺寸 circle 类型应该正确应用宽度","status":"passed","title":"circle 类型应该正确应用宽度","duration":94.58139999999912,"failureMessages":[],"meta":{}},{"ancestorTitles":["Progress 组件","容器尺寸"],"fullName":"Progress 组件 容器尺寸 dashboard 类型应该正确应用宽度","status":"passed","title":"dashboard 类型应该正确应用宽度","duration":36.1190000000006,"failureMessages":[],"meta":{}},{"ancestorTitles":["Progress 组件","容器尺寸"],"fullName":"Progress 组件 容器尺寸 circle 类型应该使用默认宽度 126px","status":"passed","title":"circle 类型应该使用默认宽度 126px","duration":44.19000000000051,"failureMessages":[],"meta":{}},{"ancestorTitles":["Progress 组件","仪表盘配置"],"fullName":"Progress 组件 仪表盘配置 应该正确应用 gapDegree","status":"passed","title":"应该正确应用 gapDegree","duration":8.437099999999191,"failureMessages":[],"meta":{}},{"ancestorTitles":["Progress 组件","仪表盘配置"],"fullName":"Progress 组件 仪表盘配置 应该正确应用 gapPosition top","status":"passed","title":"应该正确应用 gapPosition top","duration":8.152000000000044,"failureMessages":[],"meta":{}},{"ancestorTitles":["Progress 组件","仪表盘配置"],"fullName":"Progress 组件 仪表盘配置 应该正确应用 gapPosition bottom","status":"passed","title":"应该正确应用 gapPosition bottom","duration":8.465299999999843,"failureMessages":[],"meta":{}},{"ancestorTitles":["Progress 组件","动画"],"fullName":"Progress 组件 动画 当 animated 为 false 时应该禁用动画","status":"passed","title":"当 animated 为 false 时应该禁用动画","duration":10.721700000000055,"failureMessages":[],"meta":{}},{"ancestorTitles":["Progress 组件","动画"],"fullName":"Progress 组件 动画 当 animated 为 true 时应该启用动画","status":"passed","title":"当 animated 为 true 时应该启用动画","duration":8.557699999999386,"failureMessages":[],"meta":{}},{"ancestorTitles":["Progress 组件","事件"],"fullName":"Progress 组件 事件 百分比变化时应该触发 change 事件","status":"passed","title":"百分比变化时应该触发 change 事件","duration":17.95629999999983,"failureMessages":[],"meta":{}},{"ancestorTitles":["Progress 组件","自定义类名和样式"],"fullName":"Progress 组件 自定义类名和样式 应该正确应用自定义类名","status":"passed","title":"应该正确应用自定义类名","duration":7.0438000000012835,"failureMessages":[],"meta":{}},{"ancestorTitles":["Progress 组件","自定义类名和样式"],"fullName":"Progress 组件 自定义类名和样式 应该正确应用自定义样式","status":"passed","title":"应该正确应用自定义样式","duration":38.65610000000015,"failureMessages":[],"meta":{}},{"ancestorTitles":["Progress 组件","圆形进度条 SVG"],"fullName":"Progress 组件 圆形进度条 SVG 应该正确渲染 SVG 元素","status":"passed","title":"应该正确渲染 SVG 元素","duration":36.67530000000079,"failureMessages":[],"meta":{}},{"ancestorTitles":["Progress 组件","圆形进度条 SVG"],"fullName":"Progress 组件 圆形进度条 SVG 应该正确渲染背景圆和进度圆","status":"passed","title":"应该正确渲染背景圆和进度圆","duration":14.862199999999575,"failureMessages":[],"meta":{}},{"ancestorTitles":["Progress 组件","圆形进度条 SVG"],"fullName":"Progress 组件 圆形进度条 SVG 应该正确应用 stroke-dasharray 和 stroke-dashoffset","status":"passed","title":"应该正确应用 stroke-dasharray 和 stroke-dashoffset","duration":14.13589999999931,"failureMessages":[],"meta":{}},{"ancestorTitles":["Progress 组件","仪表盘 SVG"],"fullName":"Progress 组件 仪表盘 SVG 应该正确渲染 SVG 元素","status":"passed","title":"应该正确渲染 SVG 元素","duration":8.3062000000009,"failureMessages":[],"meta":{}},{"ancestorTitles":["Progress 组件","仪表盘 SVG"],"fullName":"Progress 组件 仪表盘 SVG 应该正确渲染背景圆弧和进度圆弧","status":"passed","title":"应该正确渲染背景圆弧和进度圆弧","duration":8.61200000000099,"failureMessages":[],"meta":{}},{"ancestorTitles":["Progress 组件","插槽"],"fullName":"Progress 组件 插槽 应该支持默认插槽","status":"passed","title":"应该支持默认插槽","duration":78.86959999999999,"failureMessages":[],"meta":{}},{"ancestorTitles":["Progress 组件","边界情况"],"fullName":"Progress 组件 边界情况 应该处理负百分比","status":"passed","title":"应该处理负百分比","duration":7.186899999998786,"failureMessages":[],"meta":{}},{"ancestorTitles":["Progress 组件","边界情况"],"fullName":"Progress 组件 边界情况 应该处理超过 100 的百分比","status":"passed","title":"应该处理超过 100 的百分比","duration":10.05580000000009,"failureMessages":[],"meta":{}},{"ancestorTitles":["Progress 组件","边界情况"],"fullName":"Progress 组件 边界情况 应该处理空百分比（0）","status":"passed","title":"应该处理空百分比（0）","duration":74.83819999999832,"failureMessages":[],"meta":{}},{"ancestorTitles":["Progress 组件","边界情况"],"fullName":"Progress 组件 边界情况 应该处理非常大的 strokeWidth","status":"passed","title":"应该处理非常大的 strokeWidth","duration":8.450600000000122,"failureMessages":[],"meta":{}},{"ancestorTitles":["Progress 组件","响应式更新"],"fullName":"Progress 组件 响应式更新 应该正确响应百分比变化","status":"passed","title":"应该正确响应百分比变化","duration":131.21769999999924,"failureMessages":[],"meta":{}},{"ancestorTitles":["Progress 组件","响应式更新"],"fullName":"Progress 组件 响应式更新 应该正确响应状态变化","status":"passed","title":"应该正确响应状态变化","duration":69.59879999999976,"failureMessages":[],"meta":{}},{"ancestorTitles":["Progress 组件","样式类名组合"],"fullName":"Progress 组件 样式类名组合 应该正确组合多个状态类名","status":"passed","title":"应该正确组合多个状态类名","duration":11.739599999998973,"failureMessages":[],"meta":{}},{"ancestorTitles":["Progress 组件","样式类名组合"],"fullName":"Progress 组件 样式类名组合 circle 类型应该正确应用状态类名","status":"passed","title":"circle 类型应该正确应用状态类名","duration":12.425600000000486,"failureMessages":[],"meta":{}},{"ancestorTitles":["Progress 组件","样式类名组合"],"fullName":"Progress 组件 样式类名组合 dashboard 类型应该正确应用状态类名","status":"passed","title":"dashboard 类型应该正确应用状态类名","duration":30.58129999999983,"failureMessages":[],"meta":{}}],"startTime":1769254070715,"endTime":1769254073153.5813,"status":"passed","message":"","name":"E:/Github/Qingyu/Qingyu_fronted/src/design-system/feedback/Progress/__tests__/Progress.test.ts"},{"assertionResults":[{"ancestorTitles":["Spinner 组件","基础渲染"],"fullName":"Spinner 组件 基础渲染 应该正确渲染默认的 Spinner","status":"passed","title":"应该正确渲染默认的 Spinner","duration":743.0389999999998,"failureMessages":[],"meta":{}},{"ancestorTitles":["Spinner 组件","基础渲染"],"fullName":"Spinner 组件 基础渲染 应该有正确的 role 属性","status":"passed","title":"应该有正确的 role 属性","duration":156.55099999999948,"failureMessages":[],"meta":{}},{"ancestorTitles":["Spinner 组件","基础渲染"],"fullName":"Spinner 组件 基础渲染 应该有正确的默认 aria-label","status":"passed","title":"应该有正确的默认 aria-label","duration":126.22819999999956,"failureMessages":[],"meta":{}},{"ancestorTitles":["Spinner 组件","基础渲染"],"fullName":"Spinner 组件 基础渲染 应该使用自定义 label 作为 aria-label","status":"passed","title":"应该使用自定义 label 作为 aria-label","duration":77.34110000000055,"failureMessages":[],"meta":{}},{"ancestorTitles":["Spinner 组件","类型变体"],"fullName":"Spinner 组件 类型变体 应该渲染 default 类型的旋转圆圈","status":"passed","title":"应该渲染 default 类型的旋转圆圈","duration":16.30240000000049,"failureMessages":[],"meta":{}},{"ancestorTitles":["Spinner 组件","类型变体"],"fullName":"Spinner 组件 类型变体 应该渲染 dots 类型的点动画","status":"passed","title":"应该渲染 dots 类型的点动画","duration":13.517799999999625,"failureMessages":[],"meta":{}},{"ancestorTitles":["Spinner 组件","类型变体"],"fullName":"Spinner 组件 类型变体 应该渲染 bars 类型的条形动画","status":"passed","title":"应该渲染 bars 类型的条形动画","duration":13.714200000000346,"failureMessages":[],"meta":{}},{"ancestorTitles":["Spinner 组件","类型变体"],"fullName":"Spinner 组件 类型变体 应该渲染 wave 类型的波浪动画","status":"passed","title":"应该渲染 wave 类型的波浪动画","duration":15.924399999999878,"failureMessages":[],"meta":{}},{"ancestorTitles":["Spinner 组件","尺寸变体"],"fullName":"Spinner 组件 尺寸变体 应该渲染 sm 尺寸的 Spinner","status":"passed","title":"应该渲染 sm 尺寸的 Spinner","duration":18.087899999999536,"failureMessages":[],"meta":{}},{"ancestorTitles":["Spinner 组件","尺寸变体"],"fullName":"Spinner 组件 尺寸变体 应该渲染 md 尺寸的 Spinner（默认）","status":"passed","title":"应该渲染 md 尺寸的 Spinner（默认）","duration":8.110599999999977,"failureMessages":[],"meta":{}},{"ancestorTitles":["Spinner 组件","尺寸变体"],"fullName":"Spinner 组件 尺寸变体 应该渲染 lg 尺寸的 Spinner","status":"passed","title":"应该渲染 lg 尺寸的 Spinner","duration":7.885400000000118,"failureMessages":[],"meta":{}},{"ancestorTitles":["Spinner 组件","尺寸变体"],"fullName":"Spinner 组件 尺寸变体 dots 类型应该正确应用 sm 尺寸","status":"passed","title":"dots 类型应该正确应用 sm 尺寸","duration":11.0621000000001,"failureMessages":[],"meta":{}},{"ancestorTitles":["Spinner 组件","尺寸变体"],"fullName":"Spinner 组件 尺寸变体 dots 类型应该正确应用 lg 尺寸","status":"passed","title":"dots 类型应该正确应用 lg 尺寸","duration":9.78559999999925,"failureMessages":[],"meta":{}},{"ancestorTitles":["Spinner 组件","颜色定制"],"fullName":"Spinner 组件 颜色定制 应该应用自定义颜色样式","status":"passed","title":"应该应用自定义颜色样式","duration":67.10400000000027,"failureMessages":[],"meta":{}},{"ancestorTitles":["Spinner 组件","颜色定制"],"fullName":"Spinner 组件 颜色定制 应该应用十六进制颜色","status":"passed","title":"应该应用十六进制颜色","duration":73.90659999999934,"failureMessages":[],"meta":{}},{"ancestorTitles":["Spinner 组件","颜色定制"],"fullName":"Spinner 组件 颜色定制 应该应用 RGB 颜色","status":"passed","title":"应该应用 RGB 颜色","duration":43.28349999999955,"failureMessages":[],"meta":{}},{"ancestorTitles":["Spinner 组件","颜色定制"],"fullName":"Spinner 组件 颜色定制 应该应用颜色名称","status":"passed","title":"应该应用颜色名称","duration":51.381500000000415,"failureMessages":[],"meta":{}},{"ancestorTitles":["Spinner 组件","线条粗细（仅 default 类型）"],"fullName":"Spinner 组件 线条粗细（仅 default 类型） 应该应用默认线条粗细 3","status":"passed","title":"应该应用默认线条粗细 3","duration":19.733400000000074,"failureMessages":[],"meta":{}},{"ancestorTitles":["Spinner 组件","线条粗细（仅 default 类型）"],"fullName":"Spinner 组件 线条粗细（仅 default 类型） 应该应用自定义线条粗细 2","status":"passed","title":"应该应用自定义线条粗细 2","duration":8.248999999999796,"failureMessages":[],"meta":{}},{"ancestorTitles":["Spinner 组件","线条粗细（仅 default 类型）"],"fullName":"Spinner 组件 线条粗细（仅 default 类型） 应该应用自定义线条粗细 6","status":"passed","title":"应该应用自定义线条粗细 6","duration":10.46389999999974,"failureMessages":[],"meta":{}},{"ancestorTitles":["Spinner 组件","文字说明"],"fullName":"Spinner 组件 文字说明 应该显示 label 文字","status":"passed","title":"应该显示 label 文字","duration":18.181300000000192,"failureMessages":[],"meta":{}},{"ancestorTitles":["Spinner 组件","文字说明"],"fullName":"Spinner 组件 文字说明 应该渲染默认插槽内容","status":"passed","title":"应该渲染默认插槽内容","duration":75.15160000000014,"failureMessages":[],"meta":{}},{"ancestorTitles":["Spinner 组件","文字说明"],"fullName":"Spinner 组件 文字说明 label 应该在 spinner 后面显示","status":"passed","title":"label 应该在 spinner 后面显示","duration":9.95219999999972,"failureMessages":[],"meta":{}},{"ancestorTitles":["Spinner 组件","文字说明"],"fullName":"Spinner 组件 文字说明 文字应该有正确的 ml-2 类名","status":"passed","title":"文字应该有正确的 ml-2 类名","duration":8.235599999999977,"failureMessages":[],"meta":{}},{"ancestorTitles":["Spinner 组件","CSS 类名"],"fullName":"Spinner 组件 CSS 类名 应该应用自定义类名","status":"passed","title":"应该应用自定义类名","duration":104.6225999999997,"failureMessages":[],"meta":{}},{"ancestorTitles":["Spinner 组件","CSS 类名"],"fullName":"Spinner 组件 CSS 类名 应该保留内置类名","status":"passed","title":"应该保留内置类名","duration":63.66530000000057,"failureMessages":[],"meta":{}},{"ancestorTitles":["Spinner 组件","CSS 类名"],"fullName":"Spinner 组件 CSS 类名 容器应该有 inline-flex 类","status":"passed","title":"容器应该有 inline-flex 类","duration":29.742999999999483,"failureMessages":[],"meta":{}},{"ancestorTitles":["Spinner 组件","CSS 类名"],"fullName":"Spinner 组件 CSS 类名 容器应该有 items-center 类","status":"passed","title":"容器应该有 items-center 类","duration":23.916400000000067,"failureMessages":[],"meta":{}},{"ancestorTitles":["Spinner 组件","动画类名"],"fullName":"Spinner 组件 动画类名 default 类型应该有 animate-spin 类","status":"passed","title":"default 类型应该有 animate-spin 类","duration":7.402399999999943,"failureMessages":[],"meta":{}},{"ancestorTitles":["Spinner 组件","动画类名"],"fullName":"Spinner 组件 动画类名 dots 类型应该有 animate-bounce 类","status":"passed","title":"dots 类型应该有 animate-bounce 类","duration":52.12339999999949,"failureMessages":[],"meta":{}},{"ancestorTitles":["Spinner 组件","动画类名"],"fullName":"Spinner 组件 动画类名 bars 类型应该有 animate-pulse 类","status":"passed","title":"bars 类型应该有 animate-pulse 类","duration":65.96600000000035,"failureMessages":[],"meta":{}},{"ancestorTitles":["Spinner 组件","动画类名"],"fullName":"Spinner 组件 动画类名 wave 类型应该有自定义动画类","status":"passed","title":"wave 类型应该有自定义动画类","duration":55.87530000000061,"failureMessages":[],"meta":{}},{"ancestorTitles":["Spinner 组件","组合测试"],"fullName":"Spinner 组件 组合测试 应该同时应用 size 和 color","status":"passed","title":"应该同时应用 size 和 color","duration":6.449299999999312,"failureMessages":[],"meta":{}},{"ancestorTitles":["Spinner 组件","组合测试"],"fullName":"Spinner 组件 组合测试 应该同时应用 type、size 和 label","status":"passed","title":"应该同时应用 type、size 和 label","duration":15.817700000000514,"failureMessages":[],"meta":{}},{"ancestorTitles":["Spinner 组件","组合测试"],"fullName":"Spinner 组件 组合测试 应该同时应用所有 props","status":"passed","title":"应该同时应用所有 props","duration":11.445700000000215,"failureMessages":[],"meta":{}},{"ancestorTitles":["Spinner 组件","响应式更新"],"fullName":"Spinner 组件 响应式更新 应该在 size 变化时更新样式","status":"passed","title":"应该在 size 变化时更新样式","duration":12.519899999999325,"failureMessages":[],"meta":{}},{"ancestorTitles":["Spinner 组件","响应式更新"],"fullName":"Spinner 组件 响应式更新 应该在 color 变化时更新样式","status":"passed","title":"应该在 color 变化时更新样式","duration":89.04709999999977,"failureMessages":[],"meta":{}},{"ancestorTitles":["Spinner 组件","响应式更新"],"fullName":"Spinner 组件 响应式更新 应该在 type 变化时更新渲染","status":"passed","title":"应该在 type 变化时更新渲染","duration":10.96559999999954,"failureMessages":[],"meta":{}},{"ancestorTitles":["Spinner 组件","样式和布局"],"fullName":"Spinner 组件 样式和布局 容器应该是 flex 布局","status":"passed","title":"容器应该是 flex 布局","duration":16.079999999999927,"failureMessages":[],"meta":{}},{"ancestorTitles":["Spinner 组件","样式和布局"],"fullName":"Spinner 组件 样式和布局 不同尺寸应该有不同的间距","status":"passed","title":"不同尺寸应该有不同的间距","duration":23.462399999999434,"failureMessages":[],"meta":{}},{"ancestorTitles":["Spinner 组件","边界情况"],"fullName":"Spinner 组件 边界情况 应该处理空的 label","status":"passed","title":"应该处理空的 label","duration":5.925900000000183,"failureMessages":[],"meta":{}},{"ancestorTitles":["Spinner 组件","边界情况"],"fullName":"Spinner 组件 边界情况 应该处理 undefined color","status":"passed","title":"应该处理 undefined color","duration":5.576399999999921,"failureMessages":[],"meta":{}},{"ancestorTitles":["Spinner 组件","边界情况"],"fullName":"Spinner 组件 边界情况 应该处理 strokeWidth 为 0","status":"passed","title":"应该处理 strokeWidth 为 0","duration":7.653400000000147,"failureMessages":[],"meta":{}},{"ancestorTitles":["Spinner 组件","边界情况"],"fullName":"Spinner 组件 边界情况 应该处理非常大的 strokeWidth","status":"passed","title":"应该处理非常大的 strokeWidth","duration":11.017899999999827,"failureMessages":[],"meta":{}}],"startTime":1769254078383,"endTime":1769254080613.0178,"status":"passed","message":"","name":"E:/Github/Qingyu/Qingyu_fronted/src/design-system/feedback/Spinner/__tests__/Spinner.test.ts"},{"assertionResults":[{"ancestorTitles":["Breadcrumb 组件","基础渲染"],"fullName":"Breadcrumb 组件 基础渲染 应该正确渲染面包屑容器","status":"passed","title":"应该正确渲染面包屑容器","duration":177.55069999999978,"failureMessages":[],"meta":{}},{"ancestorTitles":["Breadcrumb 组件","基础渲染"],"fullName":"Breadcrumb 组件 基础渲染 应该渲染有序列表","status":"passed","title":"应该渲染有序列表","duration":16.754100000000108,"failureMessages":[],"meta":{}},{"ancestorTitles":["Breadcrumb 组件","基础渲染"],"fullName":"Breadcrumb 组件 基础渲染 应该应用自定义类名","status":"passed","title":"应该应用自定义类名","duration":25.75210000000061,"failureMessages":[],"meta":{}},{"ancestorTitles":["Breadcrumb 组件","基础渲染"],"fullName":"Breadcrumb 组件 基础渲染 应该应用默认样式类","status":"passed","title":"应该应用默认样式类","duration":25.794600000000173,"failureMessages":[],"meta":{}},{"ancestorTitles":["Breadcrumb 组件","BreadcrumbItem 组件"],"fullName":"Breadcrumb 组件 BreadcrumbItem 组件 应该渲染面包屑项","status":"passed","title":"应该渲染面包屑项","duration":80.76299999999992,"failureMessages":[],"meta":{}},{"ancestorTitles":["Breadcrumb 组件","BreadcrumbItem 组件"],"fullName":"Breadcrumb 组件 BreadcrumbItem 组件 应该渲染为列表项","status":"passed","title":"应该渲染为列表项","duration":16.16529999999966,"failureMessages":[],"meta":{}},{"ancestorTitles":["Breadcrumb 组件","BreadcrumbItem 组件"],"fullName":"Breadcrumb 组件 BreadcrumbItem 组件 应该应用自定义类名","status":"passed","title":"应该应用自定义类名","duration":42.72010000000046,"failureMessages":[],"meta":{}},{"ancestorTitles":["Breadcrumb 组件","BreadcrumbItem 组件"],"fullName":"Breadcrumb 组件 BreadcrumbItem 组件 应该在点击时触发事件","status":"passed","title":"应该在点击时触发事件","duration":80.44729999999981,"failureMessages":[],"meta":{}},{"ancestorTitles":["Breadcrumb 组件","BreadcrumbItem 组件"],"fullName":"Breadcrumb 组件 BreadcrumbItem 组件 应该在不可点击时不触发事件","status":"passed","title":"应该在不可点击时不触发事件","duration":30.9984000000004,"failureMessages":[],"meta":{}},{"ancestorTitles":["Breadcrumb 组件","BreadcrumbItem 组件"],"fullName":"Breadcrumb 组件 BreadcrumbItem 组件 应该支持clickable属性","status":"passed","title":"应该支持clickable属性","duration":20.61790000000019,"failureMessages":[],"meta":{}},{"ancestorTitles":["Breadcrumb 组件","BreadcrumbItem 组件"],"fullName":"Breadcrumb 组件 BreadcrumbItem 组件 应该支持replace属性","status":"passed","title":"应该支持replace属性","duration":14.02350000000024,"failureMessages":[],"meta":{}},{"ancestorTitles":["Breadcrumb 组件","路由导航"],"fullName":"Breadcrumb 组件 路由导航 应该支持to属性用于路由链接","status":"passed","title":"应该支持to属性用于路由链接","duration":52.874399999999696,"failureMessages":[],"meta":{}},{"ancestorTitles":["Breadcrumb 组件","路由导航"],"fullName":"Breadcrumb 组件 路由导航 应该支持replace属性","status":"passed","title":"应该支持replace属性","duration":20.063000000000102,"failureMessages":[],"meta":{}},{"ancestorTitles":["Breadcrumb 组件","路由导航"],"fullName":"Breadcrumb 组件 路由导航 应该支持对象形式的路由","status":"passed","title":"应该支持对象形式的路由","duration":13.958399999999529,"failureMessages":[],"meta":{}},{"ancestorTitles":["Breadcrumb 组件","分隔符"],"fullName":"Breadcrumb 组件 分隔符 应该使用默认分隔符","status":"passed","title":"应该使用默认分隔符","duration":18.92819999999938,"failureMessages":[],"meta":{}},{"ancestorTitles":["Breadcrumb 组件","分隔符"],"fullName":"Breadcrumb 组件 分隔符 应该使用自定义分隔符","status":"passed","title":"应该使用自定义分隔符","duration":21.820199999999204,"failureMessages":[],"meta":{}},{"ancestorTitles":["Breadcrumb 组件","分隔符"],"fullName":"Breadcrumb 组件 分隔符 应该应用分隔符自定义类名","status":"passed","title":"应该应用分隔符自定义类名","duration":21.062299999999595,"failureMessages":[],"meta":{}},{"ancestorTitles":["Breadcrumb 组件","BreadcrumbSeparator 组件"],"fullName":"Breadcrumb 组件 BreadcrumbSeparator 组件 应该渲染自定义分隔符","status":"passed","title":"应该渲染自定义分隔符","duration":10.214899999999943,"failureMessages":[],"meta":{}},{"ancestorTitles":["Breadcrumb 组件","BreadcrumbSeparator 组件"],"fullName":"Breadcrumb 组件 BreadcrumbSeparator 组件 应该应用自定义类名","status":"passed","title":"应该应用自定义类名","duration":8.277499999999236,"failureMessages":[],"meta":{}},{"ancestorTitles":["Breadcrumb 组件","BreadcrumbSeparator 组件"],"fullName":"Breadcrumb 组件 BreadcrumbSeparator 组件 应该渲染 SVG 图标作为分隔符","status":"passed","title":"应该渲染 SVG 图标作为分隔符","duration":22.687200000000303,"failureMessages":[],"meta":{}},{"ancestorTitles":["Breadcrumb 组件","BreadcrumbSeparator 组件"],"fullName":"Breadcrumb 组件 BreadcrumbSeparator 组件 应该应用基础样式类","status":"passed","title":"应该应用基础样式类","duration":12.227399999999761,"failureMessages":[],"meta":{}},{"ancestorTitles":["Breadcrumb 组件","组合使用"],"fullName":"Breadcrumb 组件 组合使用 应该渲染完整的面包屑导航","status":"passed","title":"应该渲染完整的面包屑导航","duration":22.562700000000405,"failureMessages":[],"meta":{}},{"ancestorTitles":["Breadcrumb 组件","组合使用"],"fullName":"Breadcrumb 组件 组合使用 应该正确区分最后一项","status":"passed","title":"应该正确区分最后一项","duration":20.70510000000013,"failureMessages":[],"meta":{}},{"ancestorTitles":["Breadcrumb 组件","组合使用"],"fullName":"Breadcrumb 组件 组合使用 应该支持嵌套插槽","status":"passed","title":"应该支持嵌套插槽","duration":44.441499999999905,"failureMessages":[],"meta":{}},{"ancestorTitles":["Breadcrumb 组件","样式和类名"],"fullName":"Breadcrumb 组件 样式和类名 应该为可点击项应用悬停样式","status":"passed","title":"应该为可点击项应用悬停样式","duration":13.09439999999995,"failureMessages":[],"meta":{}},{"ancestorTitles":["Breadcrumb 组件","样式和类名"],"fullName":"Breadcrumb 组件 样式和类名 应该为不可点击项应用普通样式","status":"passed","title":"应该为不可点击项应用普通样式","duration":14.808200000000397,"failureMessages":[],"meta":{}},{"ancestorTitles":["Breadcrumb 组件","样式和类名"],"fullName":"Breadcrumb 组件 样式和类名 应该支持响应式类名","status":"passed","title":"应该支持响应式类名","duration":8.708999999999833,"failureMessages":[],"meta":{}},{"ancestorTitles":["Breadcrumb 组件","可访问性"],"fullName":"Breadcrumb 组件 可访问性 应该设置正确的 ARIA 标签","status":"passed","title":"应该设置正确的 ARIA 标签","duration":5.7447000000001935,"failureMessages":[],"meta":{}},{"ancestorTitles":["Breadcrumb 组件","可访问性"],"fullName":"Breadcrumb 组件 可访问性 应该为不可点击项设置正确的按钮类型","status":"passed","title":"应该为不可点击项设置正确的按钮类型","duration":7.411000000000058,"failureMessages":[],"meta":{}},{"ancestorTitles":["Breadcrumb 组件","边界情况"],"fullName":"Breadcrumb 组件 边界情况 应该处理空内容","status":"passed","title":"应该处理空内容","duration":11.432399999999689,"failureMessages":[],"meta":{}},{"ancestorTitles":["Breadcrumb 组件","边界情况"],"fullName":"Breadcrumb 组件 边界情况 应该处理单个面包屑项","status":"passed","title":"应该处理单个面包屑项","duration":12.315899999999601,"failureMessages":[],"meta":{}},{"ancestorTitles":["Breadcrumb 组件","边界情况"],"fullName":"Breadcrumb 组件 边界情况 应该处理多个面包屑项","status":"passed","title":"应该处理多个面包屑项","duration":29.666799999999967,"failureMessages":[],"meta":{}}],"startTime":1769254079658,"endTime":1769254080587.6667,"status":"passed","message":"","name":"E:/Github/Qingyu/Qingyu_fronted/src/design-system/navigation/Breadcrumb/__tests__/Breadcrumb.test.ts"},{"assertionResults":[{"ancestorTitles":["Carousel 组件","组件渲染"],"fullName":"Carousel 组件 组件渲染 应该正确渲染轮播容器","status":"passed","title":"应该正确渲染轮播容器","duration":189.72869999999966,"failureMessages":[],"meta":{}},{"ancestorTitles":["Carousel 组件","组件渲染"],"fullName":"Carousel 组件 组件渲染 应该应用正确的高度样式","status":"passed","title":"应该应用正确的高度样式","duration":15.20759999999973,"failureMessages":[],"meta":{}},{"ancestorTitles":["Carousel 组件","组件渲染"],"fullName":"Carousel 组件 组件渲染 应该渲染轮播内容区域","status":"passed","title":"应该渲染轮播内容区域","duration":11.489199999999983,"failureMessages":[],"meta":{}},{"ancestorTitles":["Carousel 组件","Props"],"fullName":"Carousel 组件 Props 应该接受 height 属性","status":"passed","title":"应该接受 height 属性","duration":14.886399999999412,"failureMessages":[],"meta":{}},{"ancestorTitles":["Carousel 组件","Props"],"fullName":"Carousel 组件 Props 应该接受 initialIndex 属性","status":"passed","title":"应该接受 initialIndex 属性","duration":12.389899999999216,"failureMessages":[],"meta":{}},{"ancestorTitles":["Carousel 组件","Props"],"fullName":"Carousel 组件 Props 应该接受 trigger 属性","status":"passed","title":"应该接受 trigger 属性","duration":4.794100000000071,"failureMessages":[],"meta":{}},{"ancestorTitles":["Carousel 组件","Props"],"fullName":"Carousel 组件 Props 应该接受 autoplay 属性","status":"passed","title":"应该接受 autoplay 属性","duration":9.850300000000061,"failureMessages":[],"meta":{}},{"ancestorTitles":["Carousel 组件","Props"],"fullName":"Carousel 组件 Props 应该接受 interval 属性","status":"passed","title":"应该接受 interval 属性","duration":7.246499999999287,"failureMessages":[],"meta":{}},{"ancestorTitles":["Carousel 组件","Props"],"fullName":"Carousel 组件 Props 应该接受 loop 属性","status":"passed","title":"应该接受 loop 属性","duration":7.801300000000083,"failureMessages":[],"meta":{}},{"ancestorTitles":["Carousel 组件","Props"],"fullName":"Carousel 组件 Props 应该接受 direction 属性","status":"passed","title":"应该接受 direction 属性","duration":11.557099999999991,"failureMessages":[],"meta":{}},{"ancestorTitles":["Carousel 组件","Props"],"fullName":"Carousel 组件 Props 应该接受 indicatorPosition 属性","status":"passed","title":"应该接受 indicatorPosition 属性","duration":5.807800000000498,"failureMessages":[],"meta":{}},{"ancestorTitles":["Carousel 组件","Props"],"fullName":"Carousel 组件 Props 应该接受 arrow 属性","status":"passed","title":"应该接受 arrow 属性","duration":5.421299999999974,"failureMessages":[],"meta":{}},{"ancestorTitles":["Carousel 组件","Props"],"fullName":"Carousel 组件 Props 应该接受 pauseOnHover 属性","status":"passed","title":"应该接受 pauseOnHover 属性","duration":6.250600000000304,"failureMessages":[],"meta":{}},{"ancestorTitles":["Carousel 组件","Events"],"fullName":"Carousel 组件 Events 应该定义 change 事件","status":"passed","title":"应该定义 change 事件","duration":9.14219999999932,"failureMessages":[],"meta":{}},{"ancestorTitles":["Carousel 组件","Slots"],"fullName":"Carousel 组件 Slots 应该渲染默认插槽内容","status":"passed","title":"应该渲染默认插槽内容","duration":71.26430000000073,"failureMessages":[],"meta":{}},{"ancestorTitles":["Carousel 组件","Slots"],"fullName":"Carousel 组件 Slots 应该支持 prev 插槽","status":"passed","title":"应该支持 prev 插槽","duration":8.390999999999622,"failureMessages":[],"meta":{}},{"ancestorTitles":["Carousel 组件","Slots"],"fullName":"Carousel 组件 Slots 应该支持 next 插槽","status":"passed","title":"应该支持 next 插槽","duration":6.302599999999984,"failureMessages":[],"meta":{}},{"ancestorTitles":["Carousel 组件","自动播放"],"fullName":"Carousel 组件 自动播放 应该在启用 autoplay 时启动定时器","status":"passed","title":"应该在启用 autoplay 时启动定时器","duration":7.320700000000215,"failureMessages":[],"meta":{}},{"ancestorTitles":["Carousel 组件","自动播放"],"fullName":"Carousel 组件 自动播放 应该在禁用 autoplay 时不启动定时器","status":"passed","title":"应该在禁用 autoplay 时不启动定时器","duration":6.652599999999438,"failureMessages":[],"meta":{}},{"ancestorTitles":["Carousel 组件","方向控制"],"fullName":"Carousel 组件 方向控制 应该支持水平方向","status":"passed","title":"应该支持水平方向","duration":10.162199999999757,"failureMessages":[],"meta":{}},{"ancestorTitles":["Carousel 组件","方向控制"],"fullName":"Carousel 组件 方向控制 应该支持垂直方向","status":"passed","title":"应该支持垂直方向","duration":9.955699999999524,"failureMessages":[],"meta":{}},{"ancestorTitles":["Carousel 组件","方法"],"fullName":"Carousel 组件 方法 next 方法应该存在","status":"passed","title":"next 方法应该存在","duration":9.500300000000607,"failureMessages":[],"meta":{}},{"ancestorTitles":["Carousel 组件","方法"],"fullName":"Carousel 组件 方法 prev 方法应该存在","status":"passed","title":"prev 方法应该存在","duration":11.841800000000148,"failureMessages":[],"meta":{}},{"ancestorTitles":["Carousel 组件","方法"],"fullName":"Carousel 组件 方法 goTo 方法应该存在","status":"passed","title":"goTo 方法应该存在","duration":6.942000000000007,"failureMessages":[],"meta":{}},{"ancestorTitles":["Carousel 组件","边界情况"],"fullName":"Carousel 组件 边界情况 应该处理空轮播的情况","status":"passed","title":"应该处理空轮播的情况","duration":8.229999999999563,"failureMessages":[],"meta":{}},{"ancestorTitles":["Carousel 组件","边界情况"],"fullName":"Carousel 组件 边界情况 应该处理默认属性值","status":"passed","title":"应该处理默认属性值","duration":5.806599999999889,"failureMessages":[],"meta":{}},{"ancestorTitles":["Carousel 组件","样式"],"fullName":"Carousel 组件 样式 应该应用正确的类名","status":"passed","title":"应该应用正确的类名","duration":11.043700000000172,"failureMessages":[],"meta":{}},{"ancestorTitles":["Carousel 组件","样式"],"fullName":"Carousel 组件 样式 应该支持自定义类名","status":"passed","title":"应该支持自定义类名","duration":6.730100000000675,"failureMessages":[],"meta":{}},{"ancestorTitles":["Carousel 组件","鼠标事件"],"fullName":"Carousel 组件 鼠标事件 应该支持鼠标悬停事件","status":"passed","title":"应该支持鼠标悬停事件","duration":5.8729000000003,"failureMessages":[],"meta":{}},{"ancestorTitles":["Carousel 组件","鼠标事件"],"fullName":"Carousel 组件 鼠标事件 应该支持鼠标离开事件","status":"passed","title":"应该支持鼠标离开事件","duration":6.281999999999243,"failureMessages":[],"meta":{}},{"ancestorTitles":["Carousel 组件","响应式"],"fullName":"Carousel 组件 响应式 应该正确计算箭头显示状态","status":"passed","title":"应该正确计算箭头显示状态","duration":4.210000000000036,"failureMessages":[],"meta":{}},{"ancestorTitles":["Carousel 组件","响应式"],"fullName":"Carousel 组件 响应式 应该正确计算指示器显示状态","status":"passed","title":"应该正确计算指示器显示状态","duration":6.240000000000691,"failureMessages":[],"meta":{}},{"ancestorTitles":["Carousel 组件","清理"],"fullName":"Carousel 组件 清理 应该在组件卸载时清理定时器","status":"passed","title":"应该在组件卸载时清理定时器","duration":13.391300000000228,"failureMessages":[],"meta":{}}],"startTime":1769254085059,"endTime":1769254085593.3914,"status":"passed","message":"","name":"E:/Github/Qingyu/Qingyu_fronted/src/design-system/other/Carousel/__tests__/Carousel.test.ts"},{"assertionResults":[{"ancestorTitles":["ConfigProvider 组件","基础渲染"],"fullName":"ConfigProvider 组件 基础渲染 应该正确渲染组件","status":"passed","title":"应该正确渲染组件","duration":45.64180000000033,"failureMessages":[],"meta":{}},{"ancestorTitles":["ConfigProvider 组件","基础渲染"],"fullName":"ConfigProvider 组件 基础渲染 应该渲染默认插槽内容","status":"passed","title":"应该渲染默认插槽内容","duration":59.100499999999556,"failureMessages":[],"meta":{}},{"ancestorTitles":["ConfigProvider 组件","基础渲染"],"fullName":"ConfigProvider 组件 基础渲染 应该渲染子组件","status":"passed","title":"应该渲染子组件","duration":19.88469999999961,"failureMessages":[],"meta":{}},{"ancestorTitles":["ConfigProvider 组件","Props - size"],"fullName":"ConfigProvider 组件 Props - size 应该正确设置 size 为 small","status":"passed","title":"应该正确设置 size 为 small","duration":7.855399999999463,"failureMessages":[],"meta":{}},{"ancestorTitles":["ConfigProvider 组件","Props - size"],"fullName":"ConfigProvider 组件 Props - size 应该正确设置 size 为 medium","status":"passed","title":"应该正确设置 size 为 medium","duration":5.066799999999603,"failureMessages":[],"meta":{}},{"ancestorTitles":["ConfigProvider 组件","Props - size"],"fullName":"ConfigProvider 组件 Props - size 应该正确设置 size 为 large","status":"passed","title":"应该正确设置 size 为 large","duration":3.2442000000000917,"failureMessages":[],"meta":{}},{"ancestorTitles":["ConfigProvider 组件","Props - size"],"fullName":"ConfigProvider 组件 Props - size 应该使用默认 size 值 medium","status":"passed","title":"应该使用默认 size 值 medium","duration":5.040799999999763,"failureMessages":[],"meta":{}},{"ancestorTitles":["ConfigProvider 组件","Props - namespace"],"fullName":"ConfigProvider 组件 Props - namespace 应该正确设置 namespace","status":"passed","title":"应该正确设置 namespace","duration":3.918499999999767,"failureMessages":[],"meta":{}},{"ancestorTitles":["ConfigProvider 组件","Props - namespace"],"fullName":"ConfigProvider 组件 Props - namespace 应该使用默认 namespace 值 qy","status":"passed","title":"应该使用默认 namespace 值 qy","duration":9.094500000000153,"failureMessages":[],"meta":{}},{"ancestorTitles":["ConfigProvider 组件","Props - locale"],"fullName":"ConfigProvider 组件 Props - locale 应该正确设置 locale","status":"passed","title":"应该正确设置 locale","duration":6.118199999999888,"failureMessages":[],"meta":{}},{"ancestorTitles":["ConfigProvider 组件","Props - locale"],"fullName":"ConfigProvider 组件 Props - locale locale 默认值应该为 undefined","status":"passed","title":"locale 默认值应该为 undefined","duration":2.7163000000000466,"failureMessages":[],"meta":{}},{"ancestorTitles":["ConfigProvider 组件","Props - direction"],"fullName":"ConfigProvider 组件 Props - direction 应该正确设置 direction 为 ltr","status":"passed","title":"应该正确设置 direction 为 ltr","duration":2.9841999999998734,"failureMessages":[],"meta":{}},{"ancestorTitles":["ConfigProvider 组件","Props - direction"],"fullName":"ConfigProvider 组件 Props - direction 应该正确设置 direction 为 rtl","status":"passed","title":"应该正确设置 direction 为 rtl","duration":2.908100000000559,"failureMessages":[],"meta":{}},{"ancestorTitles":["ConfigProvider 组件","Props - direction"],"fullName":"ConfigProvider 组件 Props - direction 应该使用默认 direction 值 ltr","status":"passed","title":"应该使用默认 direction 值 ltr","duration":4.658999999999651,"failureMessages":[],"meta":{}},{"ancestorTitles":["ConfigProvider 组件","Props - button"],"fullName":"ConfigProvider 组件 Props - button 应该正确设置 button 配置","status":"passed","title":"应该正确设置 button 配置","duration":4.527100000000246,"failureMessages":[],"meta":{}},{"ancestorTitles":["ConfigProvider 组件","Props - button"],"fullName":"ConfigProvider 组件 Props - button 应该使用默认 button 配置","status":"passed","title":"应该使用默认 button 配置","duration":4.531099999999242,"failureMessages":[],"meta":{}},{"ancestorTitles":["ConfigProvider 组件","Props - zIndex"],"fullName":"ConfigProvider 组件 Props - zIndex 应该正确设置 zIndex 配置","status":"passed","title":"应该正确设置 zIndex 配置","duration":6.5715000000000146,"failureMessages":[],"meta":{}},{"ancestorTitles":["ConfigProvider 组件","Props - zIndex"],"fullName":"ConfigProvider 组件 Props - zIndex 应该使用默认 zIndex 配置","status":"passed","title":"应该使用默认 zIndex 配置","duration":4.705300000000534,"failureMessages":[],"meta":{}},{"ancestorTitles":["ConfigProvider 组件","Provide/Inject"],"fullName":"ConfigProvider 组件 Provide/Inject 应该向子组件提供配置上下文","status":"failed","title":"应该向子组件提供配置上下文","duration":42.356299999999464,"failureMessages":["AssertionError: expected undefined to be 'large' // Object.is equality\n    at E:\\Github\\Qingyu\\Qingyu_fronted\\src\\design-system\\other\\ConfigProvider\\__tests__\\ConfigProvider.test.ts:222:36\n    at file:///E:/Github/Qingyu/Qingyu_fronted/node_modules/@vitest/runner/dist/index.js:146:14\n    at file:///E:/Github/Qingyu/Qingyu_fronted/node_modules/@vitest/runner/dist/index.js:533:11\n    at runWithTimeout (file:///E:/Github/Qingyu/Qingyu_fronted/node_modules/@vitest/runner/dist/index.js:39:7)\n    at runTest (file:///E:/Github/Qingyu/Qingyu_fronted/node_modules/@vitest/runner/dist/index.js:1056:17)\n    at processTicksAndRejections (node:internal/process/task_queues:105:5)\n    at runSuite (file:///E:/Github/Qingyu/Qingyu_fronted/node_modules/@vitest/runner/dist/index.js:1205:15)\n    at runSuite (file:///E:/Github/Qingyu/Qingyu_fronted/node_modules/@vitest/runner/dist/index.js:1205:15)\n    at runSuite (file:///E:/Github/Qingyu/Qingyu_fronted/node_modules/@vitest/runner/dist/index.js:1205:15)\n    at runFiles (file:///E:/Github/Qingyu/Qingyu_fronted/node_modules/@vitest/runner/dist/index.js:1262:5)"],"meta":{}},{"ancestorTitles":["ConfigProvider 组件","Provide/Inject"],"fullName":"ConfigProvider 组件 Provide/Inject 子组件应该能够注入配置","status":"passed","title":"子组件应该能够注入配置","duration":9.030400000000554,"failureMessages":[],"meta":{}},{"ancestorTitles":["ConfigProvider 组件","Provide/Inject"],"fullName":"ConfigProvider 组件 Provide/Inject 应该提供完整的配置上下文","status":"failed","title":"应该提供完整的配置上下文","duration":9.382399999999507,"failureMessages":["AssertionError: expected { Object (fn, setter, ...) } to have property \"size\" with value 'large'\n    at E:\\Github\\Qingyu\\Qingyu_fronted\\src\\design-system\\other\\ConfigProvider\\__tests__\\ConfigProvider.test.ts:269:22\n    at file:///E:/Github/Qingyu/Qingyu_fronted/node_modules/@vitest/runner/dist/index.js:146:14\n    at file:///E:/Github/Qingyu/Qingyu_fronted/node_modules/@vitest/runner/dist/index.js:533:11\n    at runWithTimeout (file:///E:/Github/Qingyu/Qingyu_fronted/node_modules/@vitest/runner/dist/index.js:39:7)\n    at runTest (file:///E:/Github/Qingyu/Qingyu_fronted/node_modules/@vitest/runner/dist/index.js:1056:17)\n    at processTicksAndRejections (node:internal/process/task_queues:105:5)\n    at runSuite (file:///E:/Github/Qingyu/Qingyu_fronted/node_modules/@vitest/runner/dist/index.js:1205:15)\n    at runSuite (file:///E:/Github/Qingyu/Qingyu_fronted/node_modules/@vitest/runner/dist/index.js:1205:15)\n    at runSuite (file:///E:/Github/Qingyu/Qingyu_fronted/node_modules/@vitest/runner/dist/index.js:1205:15)\n    at runFiles (file:///E:/Github/Qingyu/Qingyu_fronted/node_modules/@vitest/runner/dist/index.js:1262:5)"],"meta":{}},{"ancestorTitles":["ConfigProvider 组件","Provide/Inject"],"fullName":"ConfigProvider 组件 Provide/Inject 配置上下文应该包含所有 props","status":"failed","title":"配置上下文应该包含所有 props","duration":8.316499999999905,"failureMessages":["AssertionError: expected undefined to be 'small' // Object.is equality\n    at E:\\Github\\Qingyu\\Qingyu_fronted\\src\\design-system\\other\\ConfigProvider\\__tests__\\ConfigProvider.test.ts:304:36\n    at file:///E:/Github/Qingyu/Qingyu_fronted/node_modules/@vitest/runner/dist/index.js:146:14\n    at file:///E:/Github/Qingyu/Qingyu_fronted/node_modules/@vitest/runner/dist/index.js:533:11\n    at runWithTimeout (file:///E:/Github/Qingyu/Qingyu_fronted/node_modules/@vitest/runner/dist/index.js:39:7)\n    at runTest (file:///E:/Github/Qingyu/Qingyu_fronted/node_modules/@vitest/runner/dist/index.js:1056:17)\n    at processTicksAndRejections (node:internal/process/task_queues:105:5)\n    at runSuite (file:///E:/Github/Qingyu/Qingyu_fronted/node_modules/@vitest/runner/dist/index.js:1205:15)\n    at runSuite (file:///E:/Github/Qingyu/Qingyu_fronted/node_modules/@vitest/runner/dist/index.js:1205:15)\n    at runSuite (file:///E:/Github/Qingyu/Qingyu_fronted/node_modules/@vitest/runner/dist/index.js:1205:15)\n    at runFiles (file:///E:/Github/Qingyu/Qingyu_fronted/node_modules/@vitest/runner/dist/index.js:1262:5)"],"meta":{}},{"ancestorTitles":["ConfigProvider 组件","嵌套配置"],"fullName":"ConfigProvider 组件 嵌套配置 应该支持嵌套使用","status":"passed","title":"应该支持嵌套使用","duration":19.351299999999355,"failureMessages":[],"meta":{}},{"ancestorTitles":["ConfigProvider 组件","嵌套配置"],"fullName":"ConfigProvider 组件 嵌套配置 嵌套配置应该正确工作","status":"passed","title":"嵌套配置应该正确工作","duration":22.39049999999952,"failureMessages":[],"meta":{}},{"ancestorTitles":["ConfigProvider 组件","嵌套配置"],"fullName":"ConfigProvider 组件 嵌套配置 多层嵌套应该正确渲染","status":"passed","title":"多层嵌套应该正确渲染","duration":45.00540000000001,"failureMessages":[],"meta":{}},{"ancestorTitles":["ConfigProvider 组件","插槽"],"fullName":"ConfigProvider 组件 插槽 应该正确渲染默认插槽","status":"passed","title":"应该正确渲染默认插槽","duration":20.887900000000627,"failureMessages":[],"meta":{}},{"ancestorTitles":["ConfigProvider 组件","插槽"],"fullName":"ConfigProvider 组件 插槽 应该支持多个子组件","status":"passed","title":"应该支持多个子组件","duration":17.8762999999999,"failureMessages":[],"meta":{}},{"ancestorTitles":["ConfigProvider 组件","插槽"],"fullName":"ConfigProvider 组件 插槽 应该支持嵌套组件","status":"passed","title":"应该支持嵌套组件","duration":12.115300000000389,"failureMessages":[],"meta":{}},{"ancestorTitles":["ConfigProvider 组件","Props 响应式更新"],"fullName":"ConfigProvider 组件 Props 响应式更新 更新 size prop 应该成功","status":"passed","title":"更新 size prop 应该成功","duration":7.944000000000415,"failureMessages":[],"meta":{}},{"ancestorTitles":["ConfigProvider 组件","Props 响应式更新"],"fullName":"ConfigProvider 组件 Props 响应式更新 更新 namespace prop 应该成功","status":"passed","title":"更新 namespace prop 应该成功","duration":3.5469999999995707,"failureMessages":[],"meta":{}},{"ancestorTitles":["ConfigProvider 组件","Props 响应式更新"],"fullName":"ConfigProvider 组件 Props 响应式更新 更新 direction prop 应该成功","status":"passed","title":"更新 direction prop 应该成功","duration":3.900900000000547,"failureMessages":[],"meta":{}},{"ancestorTitles":["ConfigProvider 组件","Props 响应式更新"],"fullName":"ConfigProvider 组件 Props 响应式更新 更新 locale prop 应该成功","status":"passed","title":"更新 locale prop 应该成功","duration":4.526700000000346,"failureMessages":[],"meta":{}},{"ancestorTitles":["ConfigProvider 组件","Props 响应式更新"],"fullName":"ConfigProvider 组件 Props 响应式更新 更新 button prop 应该成功","status":"passed","title":"更新 button prop 应该成功","duration":7.148600000000442,"failureMessages":[],"meta":{}},{"ancestorTitles":["ConfigProvider 组件","Props 响应式更新"],"fullName":"ConfigProvider 组件 Props 响应式更新 更新 zIndex prop 应该成功","status":"passed","title":"更新 zIndex prop 应该成功","duration":5.641299999999319,"failureMessages":[],"meta":{}},{"ancestorTitles":["ConfigProvider 组件","边缘情况"],"fullName":"ConfigProvider 组件 边缘情况 空 locale 对象应该正常工作","status":"passed","title":"空 locale 对象应该正常工作","duration":2.880000000000109,"failureMessages":[],"meta":{}},{"ancestorTitles":["ConfigProvider 组件","边缘情况"],"fullName":"ConfigProvider 组件 边缘情况 undefined props 应该使用默认值","status":"passed","title":"undefined props 应该使用默认值","duration":3.0328999999992448,"failureMessages":[],"meta":{}},{"ancestorTitles":["ConfigProvider 组件","边缘情况"],"fullName":"ConfigProvider 组件 边缘情况 没有插槽内容应该正常渲染","status":"passed","title":"没有插槽内容应该正常渲染","duration":4.41820000000007,"failureMessages":[],"meta":{}},{"ancestorTitles":["ConfigProvider 组件","边缘情况"],"fullName":"ConfigProvider 组件 边缘情况 空插槽应该正常工作","status":"passed","title":"空插槽应该正常工作","duration":7.78899999999976,"failureMessages":[],"meta":{}},{"ancestorTitles":["ConfigProvider 组件","Props 类型验证"],"fullName":"ConfigProvider 组件 Props 类型验证 size 应该只接受有效值","status":"passed","title":"size 应该只接受有效值","duration":13.500800000000709,"failureMessages":[],"meta":{}},{"ancestorTitles":["ConfigProvider 组件","Props 类型验证"],"fullName":"ConfigProvider 组件 Props 类型验证 direction 应该只接受有效值","status":"passed","title":"direction 应该只接受有效值","duration":6.531600000000253,"failureMessages":[],"meta":{}},{"ancestorTitles":["ConfigProvider 组件","Props 类型验证"],"fullName":"ConfigProvider 组件 Props 类型验证 namespace 应该接受字符串值","status":"passed","title":"namespace 应该接受字符串值","duration":3.2723000000005413,"failureMessages":[],"meta":{}}],"startTime":1769254077660,"endTime":1769254078147.2722,"status":"failed","message":"","name":"E:/Github/Qingyu/Qingyu_fronted/src/design-system/other/ConfigProvider/__tests__/ConfigProvider.test.ts"},{"assertionResults":[{"ancestorTitles":["Transfer 组件","组件渲染"],"fullName":"Transfer 组件 组件渲染 应该正确渲染 Transfer 组件","status":"passed","title":"应该正确渲染 Transfer 组件","duration":198.83889999999974,"failureMessages":[],"meta":{}},{"ancestorTitles":["Transfer 组件","组件渲染"],"fullName":"Transfer 组件 组件渲染 应该渲染左右两个面板","status":"passed","title":"应该渲染左右两个面板","duration":65.02180000000044,"failureMessages":[],"meta":{}},{"ancestorTitles":["Transfer 组件","组件渲染"],"fullName":"Transfer 组件 组件渲染 应该渲染操作按钮","status":"passed","title":"应该渲染操作按钮","duration":78.39550000000054,"failureMessages":[],"meta":{}},{"ancestorTitles":["Transfer 组件","组件渲染"],"fullName":"Transfer 组件 组件渲染 应该应用自定义类名","status":"passed","title":"应该应用自定义类名","duration":68.60850000000028,"failureMessages":[],"meta":{}},{"ancestorTitles":["Transfer 组件","Props"],"fullName":"Transfer 组件 Props 应该接受 data 属性","status":"passed","title":"应该接受 data 属性","duration":75.21840000000066,"failureMessages":[],"meta":{}},{"ancestorTitles":["Transfer 组件","Props"],"fullName":"Transfer 组件 Props 应该接受 modelValue 属性","status":"passed","title":"应该接受 modelValue 属性","duration":63.344600000000355,"failureMessages":[],"meta":{}},{"ancestorTitles":["Transfer 组件","Props"],"fullName":"Transfer 组件 Props 应该接受 filterable 属性","status":"passed","title":"应该接受 filterable 属性","duration":110.1197000000002,"failureMessages":[],"meta":{}},{"ancestorTitles":["Transfer 组件","Props"],"fullName":"Transfer 组件 Props 应该接受 filterPlaceholder 属性","status":"passed","title":"应该接受 filterPlaceholder 属性","duration":101.34699999999975,"failureMessages":[],"meta":{}},{"ancestorTitles":["Transfer 组件","Props"],"fullName":"Transfer 组件 Props 应该接受 titles 属性","status":"passed","title":"应该接受 titles 属性","duration":79.622800000001,"failureMessages":[],"meta":{}},{"ancestorTitles":["Transfer 组件","Props"],"fullName":"Transfer 组件 Props 应该接受 buttonTexts 属性","status":"passed","title":"应该接受 buttonTexts 属性","duration":133.0661,"failureMessages":[],"meta":{}},{"ancestorTitles":["Transfer 组件","Props"],"fullName":"Transfer 组件 Props 应该接受 format 属性","status":"passed","title":"应该接受 format 属性","duration":46.56029999999919,"failureMessages":[],"meta":{}},{"ancestorTitles":["Transfer 组件","Props"],"fullName":"Transfer 组件 Props 应该接受 props 属性（自定义字段名）","status":"passed","title":"应该接受 props 属性（自定义字段名）","duration":12.660499999999956,"failureMessages":[],"meta":{}},{"ancestorTitles":["Transfer 组件","Props"],"fullName":"Transfer 组件 Props 应该接受 targetOrder 属性","status":"passed","title":"应该接受 targetOrder 属性","duration":28.126900000001115,"failureMessages":[],"meta":{}},{"ancestorTitles":["Transfer 组件","Props"],"fullName":"Transfer 组件 Props 应该接受 leftDefaultChecked 属性","status":"passed","title":"应该接受 leftDefaultChecked 属性","duration":72.83619999999974,"failureMessages":[],"meta":{}},{"ancestorTitles":["Transfer 组件","Props"],"fullName":"Transfer 组件 Props 应该接受 rightDefaultChecked 属性","status":"passed","title":"应该接受 rightDefaultChecked 属性","duration":47.34779999999955,"failureMessages":[],"meta":{}},{"ancestorTitles":["Transfer 组件","数据穿梭功能"],"fullName":"Transfer 组件 数据穿梭功能 应该能够将数据从左侧移动到右侧","status":"passed","title":"应该能够将数据从左侧移动到右侧","duration":125.46409999999923,"failureMessages":[],"meta":{}},{"ancestorTitles":["Transfer 组件","数据穿梭功能"],"fullName":"Transfer 组件 数据穿梭功能 应该能够将数据从右侧移动到左侧","status":"passed","title":"应该能够将数据从右侧移动到左侧","duration":142.8671000000013,"failureMessages":[],"meta":{}},{"ancestorTitles":["Transfer 组件","数据穿梭功能"],"fullName":"Transfer 组件 数据穿梭功能 应该在未选中时禁用移动按钮","status":"passed","title":"应该在未选中时禁用移动按钮","duration":90.33019999999851,"failureMessages":[],"meta":{}},{"ancestorTitles":["Transfer 组件","数据穿梭功能"],"fullName":"Transfer 组件 数据穿梭功能 应该在选中时启用移动按钮","status":"passed","title":"应该在选中时启用移动按钮","duration":89.51770000000033,"failureMessages":[],"meta":{}},{"ancestorTitles":["Transfer 组件","事件"],"fullName":"Transfer 组件 事件 应该在移动时触发 change 事件","status":"passed","title":"应该在移动时触发 change 事件","duration":76.65119999999843,"failureMessages":[],"meta":{}},{"ancestorTitles":["Transfer 组件","事件"],"fullName":"Transfer 组件 事件 应该在左侧选中变化时触发 left-check-change 事件","status":"passed","title":"应该在左侧选中变化时触发 left-check-change 事件","duration":43.02000000000044,"failureMessages":[],"meta":{}},{"ancestorTitles":["Transfer 组件","事件"],"fullName":"Transfer 组件 事件 应该在右侧选中变化时触发 right-check-change 事件","status":"passed","title":"应该在右侧选中变化时触发 right-check-change 事件","duration":67.98120000000017,"failureMessages":[],"meta":{}},{"ancestorTitles":["Transfer 组件","事件"],"fullName":"Transfer 组件 事件 应该在值变化时触发 update:modelValue 事件","status":"passed","title":"应该在值变化时触发 update:modelValue 事件","duration":55.10620000000017,"failureMessages":[],"meta":{}},{"ancestorTitles":["Transfer 组件","数据计算"],"fullName":"Transfer 组件 数据计算 应该正确计算源数据（左侧）","status":"passed","title":"应该正确计算源数据（左侧）","duration":27.726000000000568,"failureMessages":[],"meta":{}},{"ancestorTitles":["Transfer 组件","数据计算"],"fullName":"Transfer 组件 数据计算 应该正确计算目标数据（右侧）","status":"passed","title":"应该正确计算目标数据（右侧）","duration":53.10349999999926,"failureMessages":[],"meta":{}},{"ancestorTitles":["Transfer 组件","数据计算"],"fullName":"Transfer 组件 数据计算 应该根据 targetOrder 正确排序目标数据 - original","status":"passed","title":"应该根据 targetOrder 正确排序目标数据 - original","duration":22.204999999999927,"failureMessages":[],"meta":{}},{"ancestorTitles":["Transfer 组件","数据计算"],"fullName":"Transfer 组件 数据计算 应该根据 targetOrder 正确排序目标数据 - push","status":"passed","title":"应该根据 targetOrder 正确排序目标数据 - push","duration":15.267800000001444,"failureMessages":[],"meta":{}},{"ancestorTitles":["Transfer 组件","数据计算"],"fullName":"Transfer 组件 数据计算 应该根据 targetOrder 正确排序目标数据 - unshift","status":"passed","title":"应该根据 targetOrder 正确排序目标数据 - unshift","duration":23.44709999999941,"failureMessages":[],"meta":{}},{"ancestorTitles":["Transfer 组件","禁用项"],"fullName":"Transfer 组件 禁用项 应该正确标记禁用项","status":"passed","title":"应该正确标记禁用项","duration":32.22619999999915,"failureMessages":[],"meta":{}},{"ancestorTitles":["Transfer 组件","禁用项"],"fullName":"Transfer 组件 禁用项 禁用项不应该影响数据移动","status":"passed","title":"禁用项不应该影响数据移动","duration":14.01089999999931,"failureMessages":[],"meta":{}},{"ancestorTitles":["Transfer 组件","响应式"],"fullName":"Transfer 组件 响应式 应该响应 modelValue 的变化","status":"passed","title":"应该响应 modelValue 的变化","duration":33.64990000000034,"failureMessages":[],"meta":{}},{"ancestorTitles":["Transfer 组件","响应式"],"fullName":"Transfer 组件 响应式 应该响应 data 的变化","status":"passed","title":"应该响应 data 的变化","duration":110.43709999999919,"failureMessages":[],"meta":{}},{"ancestorTitles":["Transfer 组件","边界情况"],"fullName":"Transfer 组件 边界情况 应该处理空数据","status":"passed","title":"应该处理空数据","duration":12.806499999998778,"failureMessages":[],"meta":{}},{"ancestorTitles":["Transfer 组件","边界情况"],"fullName":"Transfer 组件 边界情况 应该处理空 modelValue","status":"passed","title":"应该处理空 modelValue","duration":28.730900000000474,"failureMessages":[],"meta":{}},{"ancestorTitles":["Transfer 组件","边界情况"],"fullName":"Transfer 组件 边界情况 应该处理所有数据都在右侧的情况","status":"passed","title":"应该处理所有数据都在右侧的情况","duration":18.1278999999995,"failureMessages":[],"meta":{}},{"ancestorTitles":["Transfer 组件","边界情况"],"fullName":"Transfer 组件 边界情况 应该处理所有数据都在左侧的情况","status":"passed","title":"应该处理所有数据都在左侧的情况","duration":20.730899999998655,"failureMessages":[],"meta":{}},{"ancestorTitles":["TransferPanel 组件","组件渲染"],"fullName":"TransferPanel 组件 组件渲染 应该正确渲染 TransferPanel 组件","status":"passed","title":"应该正确渲染 TransferPanel 组件","duration":51.3744999999999,"failureMessages":[],"meta":{}},{"ancestorTitles":["TransferPanel 组件","组件渲染"],"fullName":"TransferPanel 组件 组件渲染 应该渲染标题","status":"passed","title":"应该渲染标题","duration":28.63889999999992,"failureMessages":[],"meta":{}},{"ancestorTitles":["TransferPanel 组件","组件渲染"],"fullName":"TransferPanel 组件 组件渲染 应该在 filterable 时渲染搜索框","status":"passed","title":"应该在 filterable 时渲染搜索框","duration":35.298500000000786,"failureMessages":[],"meta":{}},{"ancestorTitles":["TransferPanel 组件","搜索功能"],"fullName":"TransferPanel 组件 搜索功能 应该根据关键词过滤数据","status":"passed","title":"应该根据关键词过滤数据","duration":29.813900000001013,"failureMessages":[],"meta":{}},{"ancestorTitles":["TransferPanel 组件","全选功能"],"fullName":"TransferPanel 组件 全选功能 应该支持全选","status":"passed","title":"应该支持全选","duration":14.161599999999453,"failureMessages":[],"meta":{}},{"ancestorTitles":["TransferPanel 组件","全选功能"],"fullName":"TransferPanel 组件 全选功能 应该支持取消全选","status":"passed","title":"应该支持取消全选","duration":24.15480000000025,"failureMessages":[],"meta":{}},{"ancestorTitles":["TransferItem 组件","组件渲染"],"fullName":"TransferItem 组件 组件渲染 应该正确渲染 TransferItem 组件","status":"passed","title":"应该正确渲染 TransferItem 组件","duration":4.72860000000037,"failureMessages":[],"meta":{}},{"ancestorTitles":["TransferItem 组件","组件渲染"],"fullName":"TransferItem 组件 组件渲染 应该显示正确的标签","status":"passed","title":"应该显示正确的标签","duration":4.828900000000431,"failureMessages":[],"meta":{}},{"ancestorTitles":["TransferItem 组件","选中状态"],"fullName":"TransferItem 组件 选中状态 应该在选中时显示选中样式","status":"passed","title":"应该在选中时显示选中样式","duration":5.15519999999924,"failureMessages":[],"meta":{}},{"ancestorTitles":["TransferItem 组件","选中状态"],"fullName":"TransferItem 组件 选中状态 应该在未选中时不显示选中样式","status":"passed","title":"应该在未选中时不显示选中样式","duration":4.97899999999936,"failureMessages":[],"meta":{}},{"ancestorTitles":["TransferItem 组件","点击事件"],"fullName":"TransferItem 组件 点击事件 应该在点击时切换选中状态","status":"passed","title":"应该在点击时切换选中状态","duration":9.427700000000186,"failureMessages":[],"meta":{}},{"ancestorTitles":["TransferItem 组件","点击事件"],"fullName":"TransferItem 组件 点击事件 应该在禁用时不触发点击事件","status":"passed","title":"应该在禁用时不触发点击事件","duration":9.260200000000623,"failureMessages":[],"meta":{}},{"ancestorTitles":["TransferItem 组件","格式化显示"],"fullName":"TransferItem 组件 格式化显示 应该使用 format 格式化显示","status":"passed","title":"应该使用 format 格式化显示","duration":4.502300000000105,"failureMessages":[],"meta":{}}],"startTime":1769254070766,"endTime":1769254073304.5022,"status":"passed","message":"","name":"E:/Github/Qingyu/Qingyu_fronted/src/design-system/other/Transfer/__tests__/Transfer.test.ts"}]}
